<?xml version="1.0" encoding="UTF-8"?>
<testsuites name="jest tests" tests="2627" failures="0" errors="0" time="23.115">
  <testsuite name="root replacement with applyOperation" errors="0" failures="0" skipped="0" timestamp="2026-04-22T21:13:57" time="13.551" tests="34">
    <testcase classname="root replacement with applyOperation add operation should `add` an object (on a json document of type object)) - in place" name="root replacement with applyOperation add operation should `add` an object (on a json document of type object)) - in place" time="0.04">
    </testcase>
    <testcase classname="root replacement with applyOperation add operation should `add` an object (on a json document of type object) - and return" name="root replacement with applyOperation add operation should `add` an object (on a json document of type object) - and return" time="0.018">
    </testcase>
    <testcase classname="root replacement with applyOperation add operation should `add` an object (on a json document of type array) - and return" name="root replacement with applyOperation add operation should `add` an object (on a json document of type array) - and return" time="0.001">
    </testcase>
    <testcase classname="root replacement with applyOperation add operation should `add` an array (on a json document of type array) - in place" name="root replacement with applyOperation add operation should `add` an array (on a json document of type array) - in place" time="0.006">
    </testcase>
    <testcase classname="root replacement with applyOperation add operation should `add` an array (on a json document of type array) - and return" name="root replacement with applyOperation add operation should `add` an array (on a json document of type array) - and return" time="0.004">
    </testcase>
    <testcase classname="root replacement with applyOperation add operation should `add` an array (on a json document of type object) - and return" name="root replacement with applyOperation add operation should `add` an array (on a json document of type object) - and return" time="0.005">
    </testcase>
    <testcase classname="root replacement with applyOperation add operation should `add` a primitive (on a json document of type object) - and return" name="root replacement with applyOperation add operation should `add` a primitive (on a json document of type object) - and return" time="0.006">
    </testcase>
    <testcase classname="root replacement with applyOperation add operation should `add` with a primitive (on a json document of type array) - and return" name="root replacement with applyOperation add operation should `add` with a primitive (on a json document of type array) - and return" time="0.001">
    </testcase>
    <testcase classname="root replacement with applyOperation replace operation should `replace` with an object (on a json document of type object)" name="root replacement with applyOperation replace operation should `replace` with an object (on a json document of type object)" time="0.004">
    </testcase>
    <testcase classname="root replacement with applyOperation replace operation should `replace` with an object (on a json document of type array)" name="root replacement with applyOperation replace operation should `replace` with an object (on a json document of type array)" time="0.004">
    </testcase>
    <testcase classname="root replacement with applyOperation replace operation should `replace` with an array (on a json document of type array)" name="root replacement with applyOperation replace operation should `replace` with an array (on a json document of type array)" time="0.005">
    </testcase>
    <testcase classname="root replacement with applyOperation replace operation should `replace` with an array (on a json document of type object)" name="root replacement with applyOperation replace operation should `replace` with an array (on a json document of type object)" time="0.004">
    </testcase>
    <testcase classname="root replacement with applyOperation replace operation should `replace` with a primitive (on a json document of type object)" name="root replacement with applyOperation replace operation should `replace` with a primitive (on a json document of type object)" time="0.001">
    </testcase>
    <testcase classname="root replacement with applyOperation replace operation should `replace` with a primitive (on a json document of type array)" name="root replacement with applyOperation replace operation should `replace` with a primitive (on a json document of type array)" time="0.004">
    </testcase>
    <testcase classname="core - using applyOperation should apply add" name="core - using applyOperation should apply add" time="0.016">
    </testcase>
    <testcase classname="core - using applyOperation should apply add on root" name="core - using applyOperation should apply add on root" time="0.001">
    </testcase>
    <testcase classname="core - using applyOperation should apply remove" name="core - using applyOperation should apply remove" time="0.002">
    </testcase>
    <testcase classname="core - using applyOperation should apply replace" name="core - using applyOperation should apply replace" time="0.003">
    </testcase>
    <testcase classname="core - using applyOperation should apply replace on root" name="core - using applyOperation should apply replace on root" time="0">
    </testcase>
    <testcase classname="core shouldn&apos;t touch original tree" name="core shouldn&apos;t touch original tree" time="0.001">
    </testcase>
    <testcase classname="core should apply add" name="core should apply add" time="0.003">
    </testcase>
    <testcase classname="core should apply add on root" name="core should apply add on root" time="0.001">
    </testcase>
    <testcase classname="core should apply remove" name="core should apply remove" time="0.02">
    </testcase>
    <testcase classname="core should apply replace" name="core should apply replace" time="0.013">
    </testcase>
    <testcase classname="core should apply replace on root" name="core should apply replace on root" time="0.001">
    </testcase>
    <testcase classname="core should use value object as a reference" name="core should use value object as a reference" time="0.001">
    </testcase>
    <testcase classname="undefined - JS to JSON projection / JSON to JS extension jsonpatch should apply add for properties already set to `undefined` in target JS document" name="undefined - JS to JSON projection / JSON to JS extension jsonpatch should apply add for properties already set to `undefined` in target JS document" time="0.001">
    </testcase>
    <testcase classname="undefined - JS to JSON projection / JSON to JS extension jsonpatch should apply add for properties with value set to `undefined` (extension)" name="undefined - JS to JSON projection / JSON to JS extension jsonpatch should apply add for properties with value set to `undefined` (extension)" time="0.001">
    </testcase>
    <testcase classname="undefined - JS to JSON projection / JSON to JS extension jsonpatch should apply remove on element already set to `undefined`, and remove it completely" name="undefined - JS to JSON projection / JSON to JS extension jsonpatch should apply remove on element already set to `undefined`, and remove it completely" time="0">
    </testcase>
    <testcase classname="undefined - JS to JSON projection / JSON to JS extension jsonpatch should apply remove on array element set to `undefined`" name="undefined - JS to JSON projection / JSON to JS extension jsonpatch should apply remove on array element set to `undefined`" time="0.005">
    </testcase>
    <testcase classname="undefined - JS to JSON projection / JSON to JS extension jsonpatch should apply replace on element set to `undefined`" name="undefined - JS to JSON projection / JSON to JS extension jsonpatch should apply replace on element set to `undefined`" time="0.006">
    </testcase>
    <testcase classname="undefined - JS to JSON projection / JSON to JS extension jsonpatch should apply replace on array element set to `undefined`" name="undefined - JS to JSON projection / JSON to JS extension jsonpatch should apply replace on array element set to `undefined`" time="0.001">
    </testcase>
    <testcase classname="undefined - JS to JSON projection / JSON to JS extension jsonpatch should apply replace element with `undefined` (extension)" name="undefined - JS to JSON projection / JSON to JS extension jsonpatch should apply replace element with `undefined` (extension)" time="0.001">
    </testcase>
    <testcase classname="undefined - JS to JSON projection / JSON to JS extension jsonpatch should apply replace array element with `undefined` (extension)" name="undefined - JS to JSON projection / JSON to JS extension jsonpatch should apply replace array element with `undefined` (extension)" time="0.004">
    </testcase>
  </testsuite>
  <testsuite name="duplex" errors="0" failures="0" skipped="0" timestamp="2026-04-22T21:13:57" time="13.555" tests="26">
    <testcase classname="duplex base should replace" name="duplex base should replace" time="0.076">
    </testcase>
    <testcase classname="duplex base should generate replace (escaped chars)" name="duplex base should generate replace (escaped chars)" time="0.004">
    </testcase>
    <testcase classname="duplex base should generate replace (changes in new array cell, primitive values)" name="duplex base should generate replace (changes in new array cell, primitive values)" time="0.003">
    </testcase>
    <testcase classname="duplex base should generate replace (changes in new array cell, complex values)" name="duplex base should generate replace (changes in new array cell, complex values)" time="0.004">
    </testcase>
    <testcase classname="duplex base should not mutate the document (object to array substitution)" name="duplex base should not mutate the document (object to array substitution)" time="0.002">
    </testcase>
    <testcase classname="duplex base should generate replace (object to array substitution)" name="duplex base should generate replace (object to array substitution)" time="0.001">
    </testcase>
    <testcase classname="duplex base should generate replace (empty object to empty array substitution)" name="duplex base should generate replace (empty object to empty array substitution)" time="0.001">
    </testcase>
    <testcase classname="duplex base should generate add" name="duplex base should generate add" time="0.003">
    </testcase>
    <testcase classname="duplex base should generate remove" name="duplex base should generate remove" time="0.002">
    </testcase>
    <testcase classname="duplex base should not generate the same patch twice (replace)" name="duplex base should not generate the same patch twice (replace)" time="0.163">
    </testcase>
    <testcase classname="duplex base should not generate the same patch twice (add)" name="duplex base should not generate the same patch twice (add)" time="0.003">
    </testcase>
    <testcase classname="duplex base should not generate the same patch twice (remove)" name="duplex base should not generate the same patch twice (remove)" time="0.003">
    </testcase>
    <testcase classname="duplex base should throw error with change array properties" name="duplex base should throw error with change array properties" time="0.002">
    </testcase>
    <testcase classname="duplex base should respect toJSON" name="duplex base should respect toJSON" time="0">
    </testcase>
    <testcase classname="duplex base undefined - JS to JSON projection when value is set to `undefined`, should generate remove (undefined is JSON.stringified to no value)" name="duplex base undefined - JS to JSON projection when value is set to `undefined`, should generate remove (undefined is JSON.stringified to no value)" time="0.001">
    </testcase>
    <testcase classname="duplex base undefined - JS to JSON projection when new property is added, and set to `undefined`, nothing should be generated (undefined is JSON.stringified to no value)" name="duplex base undefined - JS to JSON projection when new property is added, and set to `undefined`, nothing should be generated (undefined is JSON.stringified to no value)" time="0.001">
    </testcase>
    <testcase classname="duplex base undefined - JS to JSON projection when array element is set to `undefined`, should generate replace to `null` (undefined array elements are JSON.stringified to `null`)" name="duplex base undefined - JS to JSON projection when array element is set to `undefined`, should generate replace to `null` (undefined array elements are JSON.stringified to `null`)" time="0.001">
    </testcase>
    <testcase classname="duplex base undefined - JS to JSON projection when `undefined` property is set to something, should generate add (undefined is JSON.stringified to no value)" name="duplex base undefined - JS to JSON projection when `undefined` property is set to something, should generate add (undefined is JSON.stringified to no value)" time="0.001">
    </testcase>
    <testcase classname="duplex base undefined - JS to JSON projection when `undefined` array element is set to something, should generate replace (undefined array elements are JSON.stringified to `null`)" name="duplex base undefined - JS to JSON projection when `undefined` array element is set to something, should generate replace (undefined array elements are JSON.stringified to `null`)" time="0.002">
    </testcase>
    <testcase classname="duplex base undefined - JSON to JS extension should generate empty patch, when when new property is set to `undefined`" name="duplex base undefined - JSON to JS extension should generate empty patch, when when new property is set to `undefined`" time="0.001">
    </testcase>
    <testcase classname="duplex base undefined - JSON to JS extension should generate empty patch, when when an `undefined` property is deleted" name="duplex base undefined - JSON to JS extension should generate empty patch, when when an `undefined` property is deleted" time="0.001">
    </testcase>
    <testcase classname="duplex base undefined - JSON to JS extension should generate add, when `undefined` property is set to something" name="duplex base undefined - JSON to JS extension should generate add, when `undefined` property is set to something" time="0.001">
    </testcase>
    <testcase classname="duplex base undefined - JSON to JS extension should generate remove, when value is set to `undefined`" name="duplex base undefined - JSON to JS extension should generate remove, when value is set to `undefined`" time="0.001">
    </testcase>
    <testcase classname="duplex base undefined - JSON to JS extension should generate replace, when array element is set to `undefined`" name="duplex base undefined - JSON to JS extension should generate replace, when array element is set to `undefined`" time="0.002">
    </testcase>
    <testcase classname="duplex base undefined - JSON to JS extension should generate replace, when `undefined` array element is set to something" name="duplex base undefined - JSON to JS extension should generate replace, when `undefined` array element is set to something" time="0.001">
    </testcase>
    <testcase classname="duplex apply should add an Array Value" name="duplex apply should add an Array Value" time="0.001">
    </testcase>
  </testsuite>
  <testsuite name="applyPatches" errors="0" failures="0" skipped="0" timestamp="2026-04-22T21:13:57" time="14.182" tests="140">
    <testcase classname="applyPatches mutates the base state when it is a draft" name="applyPatches mutates the base state when it is a draft" time="0.016">
    </testcase>
    <testcase classname="applyPatches produces a copy of the base state when not a draft" name="applyPatches produces a copy of the base state when not a draft" time="0.002">
    </testcase>
    <testcase classname="applyPatches throws when `op` is not &quot;add&quot;, &quot;replace&quot;, nor &quot;remove&quot;" name="applyPatches throws when `op` is not &quot;add&quot;, &quot;replace&quot;, nor &quot;remove&quot;" time="0.027">
    </testcase>
    <testcase classname="applyPatches throws when `path` cannot be resolved" name="applyPatches throws when `path` cannot be resolved" time="0.009">
    </testcase>
    <testcase classname="applyPatches applied patches cannot be modified" name="applyPatches applied patches cannot be modified" time="0.006">
    </testcase>
    <testcase classname="simple assignment - 1 proxy patches are replayable" name="simple assignment - 1 proxy patches are replayable" time="0.001">
    </testcase>
    <testcase classname="simple assignment - 1 proxy patches can be reversed" name="simple assignment - 1 proxy patches can be reversed" time="0.002">
    </testcase>
    <testcase classname="simple assignment - 2 proxy patches are replayable" name="simple assignment - 2 proxy patches are replayable" time="0.005">
    </testcase>
    <testcase classname="simple assignment - 2 proxy patches can be reversed" name="simple assignment - 2 proxy patches can be reversed" time="0.003">
    </testcase>
    <testcase classname="simple assignment - 3 proxy patches are replayable" name="simple assignment - 3 proxy patches are replayable" time="0.005">
    </testcase>
    <testcase classname="simple assignment - 3 proxy patches can be reversed" name="simple assignment - 3 proxy patches can be reversed" time="0.001">
    </testcase>
    <testcase classname="simple assignment - 4 proxy patches are replayable" name="simple assignment - 4 proxy patches are replayable" time="0.004">
    </testcase>
    <testcase classname="simple assignment - 4 proxy patches can be reversed" name="simple assignment - 4 proxy patches can be reversed" time="0.001">
    </testcase>
    <testcase classname="simple assignment - 5 proxy patches are replayable" name="simple assignment - 5 proxy patches are replayable" time="0.001">
    </testcase>
    <testcase classname="simple assignment - 5 proxy patches can be reversed" name="simple assignment - 5 proxy patches can be reversed" time="0.002">
    </testcase>
    <testcase classname="simple assignment - 6 proxy patches are replayable" name="simple assignment - 6 proxy patches are replayable" time="0.001">
    </testcase>
    <testcase classname="simple assignment - 6 proxy patches can be reversed" name="simple assignment - 6 proxy patches can be reversed" time="0.005">
    </testcase>
    <testcase classname="simple assignment - 7 proxy patches are replayable" name="simple assignment - 7 proxy patches are replayable" time="0.001">
    </testcase>
    <testcase classname="simple assignment - 7 proxy patches can be reversed" name="simple assignment - 7 proxy patches can be reversed" time="0">
    </testcase>
    <testcase classname="simple assignment - 8 proxy patches are replayable" name="simple assignment - 8 proxy patches are replayable" time="0.005">
    </testcase>
    <testcase classname="simple assignment - 8 proxy patches can be reversed" name="simple assignment - 8 proxy patches can be reversed" time="0">
    </testcase>
    <testcase classname="delete 1 proxy patches are replayable" name="delete 1 proxy patches are replayable" time="0">
    </testcase>
    <testcase classname="delete 1 proxy patches can be reversed" name="delete 1 proxy patches can be reversed" time="0.001">
    </testcase>
    <testcase classname="delete 2 proxy patches are replayable" name="delete 2 proxy patches are replayable" time="0.001">
    </testcase>
    <testcase classname="delete 2 proxy patches can be reversed" name="delete 2 proxy patches can be reversed" time="0.001">
    </testcase>
    <testcase classname="delete 3 proxy patches are replayable" name="delete 3 proxy patches are replayable" time="0">
    </testcase>
    <testcase classname="delete 3 proxy patches can be reversed" name="delete 3 proxy patches can be reversed" time="0.006">
    </testcase>
    <testcase classname="delete 5 proxy patches are replayable" name="delete 5 proxy patches are replayable" time="0.004">
    </testcase>
    <testcase classname="delete 5 proxy patches can be reversed" name="delete 5 proxy patches can be reversed" time="0.001">
    </testcase>
    <testcase classname="delete 6 proxy patches are replayable" name="delete 6 proxy patches are replayable" time="0.003">
    </testcase>
    <testcase classname="delete 6 proxy patches can be reversed" name="delete 6 proxy patches can be reversed" time="0">
    </testcase>
    <testcase classname="delete 7 proxy patches are replayable" name="delete 7 proxy patches are replayable" time="0.001">
    </testcase>
    <testcase classname="delete 7 proxy patches can be reversed" name="delete 7 proxy patches can be reversed" time="0.001">
    </testcase>
    <testcase classname="renaming properties nested object (no changes) proxy patches are replayable" name="renaming properties nested object (no changes) proxy patches are replayable" time="0">
    </testcase>
    <testcase classname="renaming properties nested object (no changes) proxy patches can be reversed" name="renaming properties nested object (no changes) proxy patches can be reversed" time="0.001">
    </testcase>
    <testcase classname="renaming properties nested change in object proxy patches are replayable" name="renaming properties nested change in object proxy patches are replayable" time="0.001">
    </testcase>
    <testcase classname="renaming properties nested change in object proxy patches can be reversed" name="renaming properties nested change in object proxy patches can be reversed" time="0.001">
    </testcase>
    <testcase classname="renaming properties nested change in map proxy patches are replayable" name="renaming properties nested change in map proxy patches are replayable" time="0.004">
    </testcase>
    <testcase classname="renaming properties nested change in map proxy patches can be reversed" name="renaming properties nested change in map proxy patches can be reversed" time="0">
    </testcase>
    <testcase classname="renaming properties nested change in array proxy patches are replayable" name="renaming properties nested change in array proxy patches are replayable" time="0.001">
    </testcase>
    <testcase classname="renaming properties nested change in array proxy patches can be reversed" name="renaming properties nested change in array proxy patches can be reversed" time="0.001">
    </testcase>
    <testcase classname="renaming properties nested map (no changes) proxy patches are replayable" name="renaming properties nested map (no changes) proxy patches are replayable" time="0.001">
    </testcase>
    <testcase classname="renaming properties nested map (no changes) proxy patches can be reversed" name="renaming properties nested map (no changes) proxy patches can be reversed" time="0.001">
    </testcase>
    <testcase classname="renaming properties nested object (with changes) proxy patches are replayable" name="renaming properties nested object (with changes) proxy patches are replayable" time="0.001">
    </testcase>
    <testcase classname="renaming properties nested object (with changes) proxy patches can be reversed" name="renaming properties nested object (with changes) proxy patches can be reversed" time="0.001">
    </testcase>
    <testcase classname="renaming properties nested map (with changes) proxy patches are replayable" name="renaming properties nested map (with changes) proxy patches are replayable" time="0.001">
    </testcase>
    <testcase classname="renaming properties nested map (with changes) proxy patches can be reversed" name="renaming properties nested map (with changes) proxy patches can be reversed" time="0.001">
    </testcase>
    <testcase classname="renaming properties deeply nested object (with changes) proxy patches are replayable" name="renaming properties deeply nested object (with changes) proxy patches are replayable" time="0.001">
    </testcase>
    <testcase classname="renaming properties deeply nested object (with changes) proxy patches can be reversed" name="renaming properties deeply nested object (with changes) proxy patches can be reversed" time="0.001">
    </testcase>
    <testcase classname="renaming properties deeply nested map (with changes) proxy patches are replayable" name="renaming properties deeply nested map (with changes) proxy patches are replayable" time="0.001">
    </testcase>
    <testcase classname="renaming properties deeply nested map (with changes) proxy patches can be reversed" name="renaming properties deeply nested map (with changes) proxy patches can be reversed" time="0.001">
    </testcase>
    <testcase classname="minimum amount of changes proxy patches are replayable" name="minimum amount of changes proxy patches are replayable" time="0.001">
    </testcase>
    <testcase classname="minimum amount of changes proxy patches can be reversed" name="minimum amount of changes proxy patches can be reversed" time="0">
    </testcase>
    <testcase classname="arrays - prepend proxy patches are replayable" name="arrays - prepend proxy patches are replayable" time="0">
    </testcase>
    <testcase classname="arrays - prepend proxy patches can be reversed" name="arrays - prepend proxy patches can be reversed" time="0.001">
    </testcase>
    <testcase classname="arrays - multiple prepend proxy patches are replayable" name="arrays - multiple prepend proxy patches are replayable" time="0.002">
    </testcase>
    <testcase classname="arrays - multiple prepend proxy patches can be reversed" name="arrays - multiple prepend proxy patches can be reversed" time="0.001">
    </testcase>
    <testcase classname="arrays - splice middle proxy patches are replayable" name="arrays - splice middle proxy patches are replayable" time="0.001">
    </testcase>
    <testcase classname="arrays - splice middle proxy patches can be reversed" name="arrays - splice middle proxy patches can be reversed" time="0.001">
    </testcase>
    <testcase classname="arrays - multiple splice proxy patches are replayable" name="arrays - multiple splice proxy patches are replayable" time="0">
    </testcase>
    <testcase classname="arrays - multiple splice proxy patches can be reversed" name="arrays - multiple splice proxy patches can be reversed" time="0">
    </testcase>
    <testcase classname="arrays - modify and shrink proxy patches are replayable" name="arrays - modify and shrink proxy patches are replayable" time="0">
    </testcase>
    <testcase classname="arrays - modify and shrink proxy patches can be reversed" name="arrays - modify and shrink proxy patches can be reversed" time="0">
    </testcase>
    <testcase classname="arrays - prepend then splice middle proxy patches are replayable" name="arrays - prepend then splice middle proxy patches are replayable" time="0.002">
    </testcase>
    <testcase classname="arrays - prepend then splice middle proxy patches can be reversed" name="arrays - prepend then splice middle proxy patches can be reversed" time="0.001">
    </testcase>
    <testcase classname="arrays - splice middle then prepend proxy patches are replayable" name="arrays - splice middle then prepend proxy patches are replayable" time="0.001">
    </testcase>
    <testcase classname="arrays - splice middle then prepend proxy patches can be reversed" name="arrays - splice middle then prepend proxy patches can be reversed" time="0.001">
    </testcase>
    <testcase classname="arrays - truncate proxy patches are replayable" name="arrays - truncate proxy patches are replayable" time="0.001">
    </testcase>
    <testcase classname="arrays - truncate proxy patches can be reversed" name="arrays - truncate proxy patches can be reversed" time="0.002">
    </testcase>
    <testcase classname="arrays - pop twice proxy patches are replayable" name="arrays - pop twice proxy patches are replayable" time="0.001">
    </testcase>
    <testcase classname="arrays - pop twice proxy patches can be reversed" name="arrays - pop twice proxy patches can be reversed" time="0.001">
    </testcase>
    <testcase classname="arrays - push multiple proxy patches are replayable" name="arrays - push multiple proxy patches are replayable" time="0.001">
    </testcase>
    <testcase classname="arrays - push multiple proxy patches can be reversed" name="arrays - push multiple proxy patches can be reversed" time="0.001">
    </testcase>
    <testcase classname="arrays - splice (expand) proxy patches are replayable" name="arrays - splice (expand) proxy patches are replayable" time="0.001">
    </testcase>
    <testcase classname="arrays - splice (expand) proxy patches can be reversed" name="arrays - splice (expand) proxy patches can be reversed" time="0.002">
    </testcase>
    <testcase classname="arrays - splice (shrink) proxy patches are replayable" name="arrays - splice (shrink) proxy patches are replayable" time="0.002">
    </testcase>
    <testcase classname="arrays - splice (shrink) proxy patches can be reversed" name="arrays - splice (shrink) proxy patches can be reversed" time="0.002">
    </testcase>
    <testcase classname="arrays - delete proxy patches are replayable" name="arrays - delete proxy patches are replayable" time="0.001">
    </testcase>
    <testcase classname="arrays - delete proxy patches can be reversed" name="arrays - delete proxy patches can be reversed" time="0.001">
    </testcase>
    <testcase classname="arrays - append appends to array when last part of path is &apos;-&apos;" name="arrays - append appends to array when last part of path is &apos;-&apos;" time="0.001">
    </testcase>
    <testcase classname="sets - add - 1 proxy patches are replayable" name="sets - add - 1 proxy patches are replayable" time="0.001">
    </testcase>
    <testcase classname="sets - add - 1 proxy patches can be reversed" name="sets - add - 1 proxy patches can be reversed" time="0.001">
    </testcase>
    <testcase classname="sets - add, delete, add - 1 proxy patches are replayable" name="sets - add, delete, add - 1 proxy patches are replayable" time="0.001">
    </testcase>
    <testcase classname="sets - add, delete, add - 1 proxy patches can be reversed" name="sets - add, delete, add - 1 proxy patches can be reversed" time="0.002">
    </testcase>
    <testcase classname="sets - add, delete, add - 2 proxy patches are replayable" name="sets - add, delete, add - 2 proxy patches are replayable" time="0.001">
    </testcase>
    <testcase classname="sets - add, delete, add - 2 proxy patches can be reversed" name="sets - add, delete, add - 2 proxy patches can be reversed" time="0.001">
    </testcase>
    <testcase classname="sets - mutate - 1 proxy patches are replayable" name="sets - mutate - 1 proxy patches are replayable" time="0.003">
    </testcase>
    <testcase classname="sets - mutate - 1 proxy patches can be reversed" name="sets - mutate - 1 proxy patches can be reversed" time="0.002">
    </testcase>
    <testcase classname="arrays - splice should should result in remove op. proxy patches are replayable" name="arrays - splice should should result in remove op. proxy patches are replayable" time="0.001">
    </testcase>
    <testcase classname="arrays - splice should should result in remove op. proxy patches can be reversed" name="arrays - splice should should result in remove op. proxy patches can be reversed" time="0.001">
    </testcase>
    <testcase classname="arrays - NESTED splice should should result in remove op. proxy patches are replayable" name="arrays - NESTED splice should should result in remove op. proxy patches are replayable" time="0.001">
    </testcase>
    <testcase classname="arrays - NESTED splice should should result in remove op. proxy patches can be reversed" name="arrays - NESTED splice should should result in remove op. proxy patches can be reversed" time="0.003">
    </testcase>
    <testcase classname="simple replacement proxy patches are replayable" name="simple replacement proxy patches are replayable" time="0.001">
    </testcase>
    <testcase classname="simple replacement proxy patches can be reversed" name="simple replacement proxy patches can be reversed" time="0">
    </testcase>
    <testcase classname="same value replacement - 1 proxy patches are replayable" name="same value replacement - 1 proxy patches are replayable" time="0">
    </testcase>
    <testcase classname="same value replacement - 1 proxy patches can be reversed" name="same value replacement - 1 proxy patches can be reversed" time="0.001">
    </testcase>
    <testcase classname="same value replacement - 2 proxy patches are replayable" name="same value replacement - 2 proxy patches are replayable" time="0.001">
    </testcase>
    <testcase classname="same value replacement - 2 proxy patches can be reversed" name="same value replacement - 2 proxy patches can be reversed" time="0.001">
    </testcase>
    <testcase classname="same value replacement - 3 proxy patches are replayable" name="same value replacement - 3 proxy patches are replayable" time="0.001">
    </testcase>
    <testcase classname="same value replacement - 3 proxy patches can be reversed" name="same value replacement - 3 proxy patches can be reversed" time="0.001">
    </testcase>
    <testcase classname="same value replacement - 4 proxy patches are replayable" name="same value replacement - 4 proxy patches are replayable" time="0.001">
    </testcase>
    <testcase classname="same value replacement - 4 proxy patches can be reversed" name="same value replacement - 4 proxy patches can be reversed" time="0.001">
    </testcase>
    <testcase classname="same value replacement - 5 proxy patches are replayable" name="same value replacement - 5 proxy patches are replayable" time="0.002">
    </testcase>
    <testcase classname="same value replacement - 5 proxy patches can be reversed" name="same value replacement - 5 proxy patches can be reversed" time="0.001">
    </testcase>
    <testcase classname="same value replacement - 6 proxy patches are replayable" name="same value replacement - 6 proxy patches are replayable" time="0.001">
    </testcase>
    <testcase classname="same value replacement - 6 proxy patches can be reversed" name="same value replacement - 6 proxy patches can be reversed" time="0.001">
    </testcase>
    <testcase classname="simple delete proxy patches are replayable" name="simple delete proxy patches are replayable" time="0.001">
    </testcase>
    <testcase classname="simple delete proxy patches can be reversed" name="simple delete proxy patches can be reversed" time="0.001">
    </testcase>
    <testcase classname="patch compressions yields correct results proxy patches are replayable" name="patch compressions yields correct results proxy patches are replayable" time="0.001">
    </testcase>
    <testcase classname="patch compressions yields correct results proxy patches can be reversed" name="patch compressions yields correct results proxy patches can be reversed" time="0.001">
    </testcase>
    <testcase classname="patch compressions yields correct results proxy patches are replayable" name="patch compressions yields correct results proxy patches are replayable" time="0.001">
    </testcase>
    <testcase classname="patch compressions yields correct results proxy patches can be reversed" name="patch compressions yields correct results proxy patches can be reversed" time="0.001">
    </testcase>
    <testcase classname="patch compressions yields correct results proxy patches are replayable" name="patch compressions yields correct results proxy patches are replayable" time="0.001">
    </testcase>
    <testcase classname="patch compressions yields correct results proxy patches can be reversed" name="patch compressions yields correct results proxy patches can be reversed" time="0.001">
    </testcase>
    <testcase classname="change then delete property proxy patches are replayable" name="change then delete property proxy patches are replayable" time="0.001">
    </testcase>
    <testcase classname="change then delete property proxy patches can be reversed" name="change then delete property proxy patches can be reversed" time="0.001">
    </testcase>
    <testcase classname="change then delete property valid result" name="change then delete property valid result" time="0.002">
    </testcase>
    <testcase classname=" replaying patches with interweaved replacements should work correctly" name=" replaying patches with interweaved replacements should work correctly" time="0.161">
    </testcase>
    <testcase classname="#468 proxy" name="#468 proxy" time="0.002">
    </testcase>
    <testcase classname=" #521" name=" #521" time="0.003">
    </testcase>
    <testcase classname=" #559 patches works in a nested reducer with proxies" name=" #559 patches works in a nested reducer with proxies" time="0.005">
    </testcase>
    <testcase classname=" #676 patching Date objects" name=" #676 patching Date objects" time="0.004">
    </testcase>
    <testcase classname=" do not allow __proto__ polution - 738" name=" do not allow __proto__ polution - 738" time="0.188">
    </testcase>
    <testcase classname=" do not allow __proto__ polution using arrays - 738" name=" do not allow __proto__ polution using arrays - 738" time="0.003">
    </testcase>
    <testcase classname=" do not allow prototype polution - 738" name=" do not allow prototype polution - 738" time="0.002">
    </testcase>
    <testcase classname=" do not allow constructor polution - 738" name=" do not allow constructor polution - 738" time="0.001">
    </testcase>
    <testcase classname=" do not allow constructor.prototype polution - 738" name=" do not allow constructor.prototype polution - 738" time="0.003">
    </testcase>
    <testcase classname=" maps can store __proto__, prototype and constructor props" name=" maps can store __proto__, prototype and constructor props" time="0.002">
    </testcase>
    <testcase classname=" CVE-2020-28477 (https://snyk.io/vuln/SNYK-JS-IMMER-1019369) follow up" name=" CVE-2020-28477 (https://snyk.io/vuln/SNYK-JS-IMMER-1019369) follow up" time="0.002">
    </testcase>
    <testcase classname=" #648 assigning object to itself should not change patches" name=" #648 assigning object to itself should not change patches" time="0.003">
    </testcase>
    <testcase classname=" #791 patch for  nothing is stored as undefined" name=" #791 patch for  nothing is stored as undefined" time="0.001">
    </testcase>
    <testcase classname=" #876 Ensure empty patch set for atomic set+delete on Map" name=" #876 Ensure empty patch set for atomic set+delete on Map" time="0.001">
    </testcase>
    <testcase classname=" #888 patch to a primitive produces the primitive" name=" #888 patch to a primitive produces the primitive" time="0.005">
    </testcase>
    <testcase classname="#879 delete item from array proxy produced the correct result" name="#879 delete item from array proxy produced the correct result" time="0.001">
    </testcase>
    <testcase classname="#879 delete item from array proxy patches are replayable" name="#879 delete item from array proxy patches are replayable" time="0.001">
    </testcase>
    <testcase classname="#879 delete item from array proxy patches can be reversed" name="#879 delete item from array proxy patches can be reversed" time="0.001">
    </testcase>
    <testcase classname="#879 delete item from array - 2 proxy produced the correct result" name="#879 delete item from array - 2 proxy produced the correct result" time="0.001">
    </testcase>
    <testcase classname="#879 delete item from array - 2 proxy patches are replayable" name="#879 delete item from array - 2 proxy patches are replayable" time="0.001">
    </testcase>
    <testcase classname="#879 delete item from array - 2 proxy patches can be reversed" name="#879 delete item from array - 2 proxy patches can be reversed" time="0">
    </testcase>
    <testcase classname=" #897 appendPatch" name=" #897 appendPatch" time="0.001">
    </testcase>
  </testsuite>
  <testsuite name="base" errors="0" failures="0" skipped="0" timestamp="2026-04-22T21:13:57" time="14.242" tests="98">
    <testcase classname="base object" name="base object" time="0.022">
    </testcase>
    <testcase classname="base delete key in object" name="base delete key in object" time="0.004">
    </testcase>
    <testcase classname="base object set a plain object" name="base object set a plain object" time="0.003">
    </testcase>
    <testcase classname="base object with Symbol key" name="base object with Symbol key" time="0.002">
    </testcase>
    <testcase classname="base array with push" name="base array with push" time="0.004">
    </testcase>
    <testcase classname="base array with setter" name="base array with setter" time="0.003">
    </testcase>
    <testcase classname="base base array set with object" name="base base array set with object" time="0.002">
    </testcase>
    <testcase classname="base array with pop" name="base array with pop" time="0.002">
    </testcase>
    <testcase classname="base array with reverse" name="base array with reverse" time="0.013">
    </testcase>
    <testcase classname="base array with shift" name="base array with shift" time="0.002">
    </testcase>
    <testcase classname="base array with unshift" name="base array with unshift" time="0.008">
    </testcase>
    <testcase classname="base array with splice" name="base array with splice" time="0.005">
    </testcase>
    <testcase classname="base array with sort" name="base array with sort" time="0.004">
    </testcase>
    <testcase classname="base array with fill" name="base array with fill" time="0.004">
    </testcase>
    <testcase classname="base case1 for array with copyWithin" name="base case1 for array with copyWithin" time="0.005">
    </testcase>
    <testcase classname="base case2 for array with copyWithin" name="base case2 for array with copyWithin" time="0.002">
    </testcase>
    <testcase classname="base case3 for array with copyWithin" name="base case3 for array with copyWithin" time="0.001">
    </testcase>
    <testcase classname="base case4 for array with copyWithin" name="base case4 for array with copyWithin" time="0.006">
    </testcase>
    <testcase classname="base case5 for array with copyWithin" name="base case5 for array with copyWithin" time="0.006">
    </testcase>
    <testcase classname="base set with add operation" name="base set with add operation" time="0.004">
    </testcase>
    <testcase classname="base set clear" name="base set clear" time="0.005">
    </testcase>
    <testcase classname="base base set delete" name="base base set delete" time="0.001">
    </testcase>
    <testcase classname="base set with add undefined" name="base set with add undefined" time="0.008">
    </testcase>
    <testcase classname="base map with set operation" name="base map with set operation" time="0.006">
    </testcase>
    <testcase classname="base map clear" name="base map clear" time="0.006">
    </testcase>
    <testcase classname="base map delete" name="base map delete" time="0.009">
    </testcase>
    <testcase classname="base map with set undefined" name="base map with set undefined" time="0.001">
    </testcase>
    <testcase classname="base map with deep object" name="base map with deep object" time="0.009">
    </testcase>
    <testcase classname="base set with deep object" name="base set with deep object" time="0.008">
    </testcase>
    <testcase classname="no updates object" name="no updates object" time="0.001">
    </testcase>
    <testcase classname="no updates assign the original value to a draft" name="no updates assign the original value to a draft" time="0.001">
    </testcase>
    <testcase classname="no updates object delete" name="no updates object delete" time="0.004">
    </testcase>
    <testcase classname="no updates array with setter" name="no updates array with setter" time="0">
    </testcase>
    <testcase classname="no updates array set length" name="no updates array set length" time="0">
    </testcase>
    <testcase classname="no updates set about new value operations" name="no updates set about new value operations" time="0.001">
    </testcase>
    <testcase classname="no updates map with new value operations" name="no updates map with new value operations" time="0.005">
    </testcase>
    <testcase classname="no updates map with old value operations" name="no updates map with old value operations" time="0.001">
    </testcase>
    <testcase classname="shared ref object" name="shared ref object" time="0.007">
    </testcase>
    <testcase classname="shared ref base object set ref object" name="shared ref base object set ref object" time="0.017">
    </testcase>
    <testcase classname="shared ref base object set ref object" name="shared ref base object set ref object" time="0.007">
    </testcase>
    <testcase classname="shared ref base array set ref array" name="shared ref base array set ref array" time="0.002">
    </testcase>
    <testcase classname="shared ref base array push ref" name="shared ref base array push ref" time="0.001">
    </testcase>
    <testcase classname="shared ref base array unshift ref" name="shared ref base array unshift ref" time="0.001">
    </testcase>
    <testcase classname="shared ref base array splice ref" name="shared ref base array splice ref" time="0.001">
    </testcase>
    <testcase classname="shared ref base array set ref and reverse" name="shared ref base array set ref and reverse" time="0.003">
    </testcase>
    <testcase classname="shared ref base object set ref object1" name="shared ref base object set ref object1" time="0.001">
    </testcase>
    <testcase classname="shared ref base object set ref object2" name="shared ref base object set ref object2" time="0.001">
    </testcase>
    <testcase classname="shared ref set" name="shared ref set" time="0.001">
    </testcase>
    <testcase classname="shared ref map" name="shared ref map" time="0.002">
    </testcase>
    <testcase classname="async mutation object" name="async mutation object" time="0.022">
    </testcase>
    <testcase classname="freeze object and array" name="freeze object and array" time="0.236">
    </testcase>
    <testcase classname="freeze set" name="freeze set" time="0.032">
    </testcase>
    <testcase classname="freeze map" name="freeze map" time="0.033">
    </testcase>
    <testcase classname="hook in options custom shallow copy" name="hook in options custom shallow copy" time="0.006">
    </testcase>
    <testcase classname="hook in options Unexpected mark function 0" name="hook in options Unexpected mark function 0" time="0.063">
    </testcase>
    <testcase classname="hook in options Unexpected mark function 1" name="hook in options Unexpected mark function 1" time="0.011">
    </testcase>
    <testcase classname="hook in options Unexpected mark function null" name="hook in options Unexpected mark function null" time="0.009">
    </testcase>
    <testcase classname="hook in options Unexpected mark function true" name="hook in options Unexpected mark function true" time="0.01">
    </testcase>
    <testcase classname="hook in options Unexpected mark function false" name="hook in options Unexpected mark function false" time="0.006">
    </testcase>
    <testcase classname="hook in options Unexpected mark function {}" name="hook in options Unexpected mark function {}" time="0.007">
    </testcase>
    <testcase classname="hook in options Unexpected mark function []" name="hook in options Unexpected mark function []" time="0.001">
    </testcase>
    <testcase classname="hook in options Unexpected mark function {}" name="hook in options Unexpected mark function {}" time="0.002">
    </testcase>
    <testcase classname="hook in options only mutable object" name="hook in options only mutable object" time="0.002">
    </testcase>
    <testcase classname="hook in options object with mutable" name="hook in options object with mutable" time="0.001">
    </testcase>
    <testcase classname="hook in options object with root value mutable" name="hook in options object with root value mutable" time="0.005">
    </testcase>
    <testcase classname="hook in options object with deep value mutable" name="hook in options object with deep value mutable" time="0.002">
    </testcase>
    <testcase classname="hook in options array with mutable" name="hook in options array with mutable" time="0.004">
    </testcase>
    <testcase classname="hook in options map with mutable" name="hook in options map with mutable" time="0.005">
    </testcase>
    <testcase classname="hook in options set with mutable" name="hook in options set with mutable" time="0.002">
    </testcase>
    <testcase classname="changes with mutable data object" name="changes with mutable data object" time="0.004">
    </testcase>
    <testcase classname="changes with mutable data array" name="changes with mutable data array" time="0.01">
    </testcase>
    <testcase classname="changes with mutable data set" name="changes with mutable data set" time="0.009">
    </testcase>
    <testcase classname="changes with mutable data map" name="changes with mutable data map" time="0.006">
    </testcase>
    <testcase classname="class instance  base" name="class instance  base" time="0.003">
    </testcase>
    <testcase classname="class instance  hook" name="class instance  hook" time="0.005">
    </testcase>
    <testcase classname="class instance  class with getters - should use a method to assing a field using a getter that return a non primitive object" name="class instance  class with getters - should use a method to assing a field using a getter that return a non primitive object" time="0.007">
    </testcase>
    <testcase classname="class instance  super class with getters - should use a method to assing a field using a getter that return a non primitive object" name="class instance  super class with getters - should use a method to assing a field using a getter that return a non primitive object" time="0.003">
    </testcase>
    <testcase classname="class instance  class with setters - should define a field with a setter" name="class instance  class with setters - should define a field with a setter" time="0.003">
    </testcase>
    <testcase classname="class instance  object with setters - should define a field with a setter" name="class instance  object with setters - should define a field with a setter" time="0.008">
    </testcase>
    <testcase classname="class instance  setter only" name="class instance  setter only" time="0.004">
    </testcase>
    <testcase classname="class instance  getter only" name="class instance  getter only" time="0.006">
    </testcase>
    <testcase classname="class instance  own setter only" name="class instance  own setter only" time="0.004">
    </testcase>
    <testcase classname="class instance  own getter only" name="class instance  own getter only" time="0.004">
    </testcase>
    <testcase classname="class instance  can work with class with computed props" name="class instance  can work with class with computed props" time="0.002">
    </testcase>
    <testcase classname="class instance  array about getOwnPropertyDescriptor" name="class instance  array about getOwnPropertyDescriptor" time="0.001">
    </testcase>
    <testcase classname=" object case2" name=" object case2" time="0.001">
    </testcase>
    <testcase classname=" cross case1" name=" cross case1" time="0.004">
    </testcase>
    <testcase classname=" cross case2" name=" cross case2" time="0.001">
    </testcase>
    <testcase classname="error not support: defineProperty" name="error not support: defineProperty" time="0.005">
    </testcase>
    <testcase classname="error not support: setPrototypeOf" name="error not support: setPrototypeOf" time="0.01">
    </testcase>
    <testcase classname=" can work with own computed props with enableAutoFreeze" name=" can work with own computed props with enableAutoFreeze" time="0.002">
    </testcase>
    <testcase classname=" can work with own computed props" name=" can work with own computed props" time="0.007">
    </testcase>
    <testcase classname=" set a Set value" name=" set a Set value" time="0.008">
    </testcase>
    <testcase classname=" Set with enable patches in root" name=" Set with enable patches in root" time="0.01">
    </testcase>
    <testcase classname=" copy error: check stable mark()" name=" copy error: check stable mark()" time="0.005">
    </testcase>
    <testcase classname=" enablePatches and changes" name=" enablePatches and changes" time="0.002">
    </testcase>
    <testcase classname=" Don&apos;t auto freeze non-enumerable or symbolic properties" name=" Don&apos;t auto freeze non-enumerable or symbolic properties" time="0.002">
    </testcase>
    <testcase classname=" create options" name=" create options" time="0.001">
    </testcase>
  </testsuite>
  <testsuite name="undefined" errors="0" failures="0" skipped="0" timestamp="2026-04-22T21:14:10" time="0.851" tests="15">
    <testcase classname=" shift" name=" shift" time="0.108">
    </testcase>
    <testcase classname=" unshift - 1" name=" unshift - 1" time="0.005">
    </testcase>
    <testcase classname=" shift" name=" shift" time="0.016">
    </testcase>
    <testcase classname=" unshift" name=" unshift" time="0.035">
    </testcase>
    <testcase classname=" splice" name=" splice" time="0.023">
    </testcase>
    <testcase classname=" splice - 1" name=" splice - 1" time="0.026">
    </testcase>
    <testcase classname=" reverse" name=" reverse" time="0.035">
    </testcase>
    <testcase classname=" sort" name=" sort" time="0.023">
    </testcase>
    <testcase classname=" shift - 1" name=" shift - 1" time="0.019">
    </testcase>
    <testcase classname=" unshift - 1" name=" unshift - 1" time="0.012">
    </testcase>
    <testcase classname=" splice - 1" name=" splice - 1" time="0.019">
    </testcase>
    <testcase classname=" reverse - 1" name=" reverse - 1" time="0.015">
    </testcase>
    <testcase classname=" sort - 1" name=" sort - 1" time="0.024">
    </testcase>
    <testcase classname=" copyWithin - 1" name=" copyWithin - 1" time="0.035">
    </testcase>
    <testcase classname=" copyWithin - 2" name=" copyWithin - 2" time="0.028">
    </testcase>
  </testsuite>
  <testsuite name="jsdoc" errors="0" failures="0" skipped="0" timestamp="2026-04-22T21:14:10" time="1.051" tests="7">
    <testcase classname="jsdoc create()" name="jsdoc create()" time="0.396">
    </testcase>
    <testcase classname="jsdoc apply()" name="jsdoc apply()" time="0.097">
    </testcase>
    <testcase classname="jsdoc current()" name="jsdoc current()" time="0.05">
    </testcase>
    <testcase classname="jsdoc original()" name="jsdoc original()" time="0.014">
    </testcase>
    <testcase classname="jsdoc unsafe()" name="jsdoc unsafe()" time="0.018">
    </testcase>
    <testcase classname="jsdoc rawReturn()" name="jsdoc rawReturn()" time="0.02">
    </testcase>
    <testcase classname="jsdoc makeCreator()" name="jsdoc makeCreator()" time="0.083">
    </testcase>
  </testsuite>
  <testsuite name="undefined" errors="0" failures="0" skipped="0" timestamp="2026-04-22T21:14:11" time="0.805" tests="23">
    <testcase classname=" Set draft constructor is not equal to Set" name=" Set draft constructor is not equal to Set" time="0.006">
    </testcase>
    <testcase classname=" Map draft constructor is not equal to Map" name=" Map draft constructor is not equal to Map" time="0.002">
    </testcase>
    <testcase classname=" Unexpected operation check of Set draft" name=" Unexpected operation check of Set draft" time="0.194">
    </testcase>
    <testcase classname=" Unexpected operation check of Map draft" name=" Unexpected operation check of Map draft" time="0.005">
    </testcase>
    <testcase classname=" immer failed case - freeze Map key" name=" immer failed case - freeze Map key" time="0.003">
    </testcase>
    <testcase classname=" immer failed case - escaped draft" name=" immer failed case - escaped draft" time="0.009">
    </testcase>
    <testcase classname=" Unexpected access to getter property in irrelevant plain objects" name=" Unexpected access to getter property in irrelevant plain objects" time="0.06">
    </testcase>
    <testcase classname=" circular reference" name=" circular reference" time="0.003">
    </testcase>
    <testcase classname=" #18 - set: assigning a non-draft with the same key - 1" name=" #18 - set: assigning a non-draft with the same key - 1" time="0.104">
    </testcase>
    <testcase classname=" #18 - set: assigning a non-draft with the same key - 2" name=" #18 - set: assigning a non-draft with the same key - 2" time="0.028">
    </testcase>
    <testcase classname=" enablePatches and assign with ref array" name=" enablePatches and assign with ref array" time="0.019">
    </testcase>
    <testcase classname=" produce leaks proxy objects when symbols are present" name=" produce leaks proxy objects when symbols are present" time="0.054">
    </testcase>
    <testcase classname=" error key setting in array" name=" error key setting in array" time="0.017">
    </testcase>
    <testcase classname=" #47 Avoid deep copies" name=" #47 Avoid deep copies" time="0.006">
    </testcase>
    <testcase classname=" #61 - type issue: current of Draft&lt;T&gt; type should return T type" name=" #61 - type issue: current of Draft&lt;T&gt; type should return T type" time="0.004">
    </testcase>
    <testcase classname=" set - new Set API" name=" set - new Set API" time="0.002">
    </testcase>
    <testcase classname=" CustomSet" name=" CustomSet" time="0.005">
    </testcase>
    <testcase classname=" CustomMap" name=" CustomMap" time="0.004">
    </testcase>
    <testcase classname=" Unexpected undefined not assigned" name=" Unexpected undefined not assigned" time="0.005">
    </testcase>
    <testcase classname=" apply - map with object key" name=" apply - map with object key" time="0.01">
    </testcase>
    <testcase classname=" apply - symbol key on object" name=" apply - symbol key on object" time="0.011">
    </testcase>
    <testcase classname=" #70 - deep copy patches with Custom Set/Map" name=" #70 - deep copy patches with Custom Set/Map" time="0.008">
    </testcase>
    <testcase classname=" enablePatches and assign with ref array" name=" enablePatches and assign with ref array" time="0.013">
    </testcase>
  </testsuite>
  <testsuite name="undefined" errors="0" failures="0" skipped="0" timestamp="2026-04-22T21:14:11" time="0.814" tests="27">
    <testcase classname=" base" name=" base" time="0.011">
    </testcase>
    <testcase classname=" base enableAutoFreeze: true" name=" base enableAutoFreeze: true" time="0.002">
    </testcase>
    <testcase classname=" base enableAutoFreeze: true - with rawReturn()" name=" base enableAutoFreeze: true - with rawReturn()" time="0.185">
    </testcase>
    <testcase classname="check Primitive type true useRawReturn true: check Primitive type with returning" name="check Primitive type true useRawReturn true: check Primitive type with returning" time="0.014">
    </testcase>
    <testcase classname="check Primitive type true useRawReturn true: check Primitive type with returning and patches" name="check Primitive type true useRawReturn true: check Primitive type with returning and patches" time="0.018">
    </testcase>
    <testcase classname="check Primitive type true useRawReturn true: check Primitive type with returning, patches and freeze" name="check Primitive type true useRawReturn true: check Primitive type with returning, patches and freeze" time="0.016">
    </testcase>
    <testcase classname="check Primitive type true useRawReturn true: check Primitive type with returning, patches, freeze and async" name="check Primitive type true useRawReturn true: check Primitive type with returning, patches, freeze and async" time="0.018">
    </testcase>
    <testcase classname="check Primitive type false useRawReturn false: check Primitive type with returning" name="check Primitive type false useRawReturn false: check Primitive type with returning" time="0.013">
    </testcase>
    <testcase classname="check Primitive type false useRawReturn false: check Primitive type with returning and patches" name="check Primitive type false useRawReturn false: check Primitive type with returning and patches" time="0.014">
    </testcase>
    <testcase classname="check Primitive type false useRawReturn false: check Primitive type with returning, patches and freeze" name="check Primitive type false useRawReturn false: check Primitive type with returning, patches and freeze" time="0.02">
    </testcase>
    <testcase classname="check Primitive type false useRawReturn false: check Primitive type with returning, patches, freeze and async" name="check Primitive type false useRawReturn false: check Primitive type with returning, patches, freeze and async" time="0.013">
    </testcase>
    <testcase classname=" error args" name=" error args" time="0.022">
    </testcase>
    <testcase classname=" check warning rawReturn() in strict mode" name=" check warning rawReturn() in strict mode" time="0.011">
    </testcase>
    <testcase classname=" return parent draft" name=" return parent draft" time="0.002">
    </testcase>
    <testcase classname=" mix more type draft with rawReturn() and enable strict mode" name=" mix more type draft with rawReturn() and enable strict mode" time="0.009">
    </testcase>
    <testcase classname=" mix more type draft without rawReturn()" name=" mix more type draft without rawReturn()" time="0.007">
    </testcase>
    <testcase classname=" mix more type operated draft without rawReturn()" name=" mix more type operated draft without rawReturn()" time="0.007">
    </testcase>
    <testcase classname=" mix more type draft with rawReturn()" name=" mix more type draft with rawReturn()" time="0.028">
    </testcase>
    <testcase classname=" safe returning with non-enumerable or symbolic properties" name=" safe returning with non-enumerable or symbolic properties" time="0.002">
    </testcase>
    <testcase classname=" works with interweaved Immer instances with disable Freeze" name=" works with interweaved Immer instances with disable Freeze" time="0.001">
    </testcase>
    <testcase classname=" deep draft" name=" deep draft" time="0.002">
    </testcase>
    <testcase classname=" case" name=" case" time="0.001">
    </testcase>
    <testcase classname=" does not finalize upvalue drafts" name=" does not finalize upvalue drafts" time="0.1">
    </testcase>
    <testcase classname=" mixed draft" name=" mixed draft" time="0.013">
    </testcase>
    <testcase classname=" mixed draft with rawReturn()" name=" mixed draft with rawReturn()" time="0.03">
    </testcase>
    <testcase classname=" mixed draft with rawReturn() and strict mode" name=" mixed draft with rawReturn() and strict mode" time="0.002">
    </testcase>
    <testcase classname=" no mixed draft with strict mode" name=" no mixed draft with strict mode" time="0.019">
    </testcase>
  </testsuite>
  <testsuite name="undefined" errors="0" failures="0" skipped="0" timestamp="2026-04-22T21:13:57" time="15.214" tests="107">
    <testcase classname=" classic case" name=" classic case" time="0.022">
    </testcase>
    <testcase classname=" array" name=" array" time="0.009">
    </testcase>
    <testcase classname=" object" name=" object" time="0.006">
    </testcase>
    <testcase classname=" object - assign ref" name=" object - assign ref" time="0.012">
    </testcase>
    <testcase classname=" object delete key" name=" object delete key" time="0.006">
    </testcase>
    <testcase classname=" object assign ref" name=" object assign ref" time="0.006">
    </testcase>
    <testcase classname=" patches mutate" name=" patches mutate" time="0.007">
    </testcase>
    <testcase classname=" array" name=" array" time="0.072">
    </testcase>
    <testcase classname=" enablePatches and assign/delete with ref object" name=" enablePatches and assign/delete with ref object" time="0.013">
    </testcase>
    <testcase classname=" enablePatches and assign with ref object" name=" enablePatches and assign with ref object" time="0.019">
    </testcase>
    <testcase classname=" enablePatches and assign with ref array" name=" enablePatches and assign with ref array" time="0.022">
    </testcase>
    <testcase classname=" simple array" name=" simple array" time="0.007">
    </testcase>
    <testcase classname=" array" name=" array" time="0.014">
    </testcase>
    <testcase classname=" simple map" name=" simple map" time="0.009">
    </testcase>
    <testcase classname=" map" name=" map" time="0.012">
    </testcase>
    <testcase classname=" simple set" name=" simple set" time="0.015">
    </testcase>
    <testcase classname=" set" name=" set" time="0.017">
    </testcase>
    <testcase classname=" object with delete" name=" object with delete" time="0.004">
    </testcase>
    <testcase classname=" object with class" name=" object with class" time="0.004">
    </testcase>
    <testcase classname=" object with ref" name=" object with ref" time="0.007">
    </testcase>
    <testcase classname=" array with ref" name=" array with ref" time="0.007">
    </testcase>
    <testcase classname=" array with ref" name=" array with ref" time="0.005">
    </testcase>
    <testcase classname=" array pop with ref" name=" array pop with ref" time="0.004">
    </testcase>
    <testcase classname=" array shift with ref" name=" array shift with ref" time="0.005">
    </testcase>
    <testcase classname=" array splice with ref" name=" array splice with ref" time="0.006">
    </testcase>
    <testcase classname=" array length with ref" name=" array length with ref" time="0.006">
    </testcase>
    <testcase classname=" array setter with ref" name=" array setter with ref" time="0.008">
    </testcase>
    <testcase classname=" object setter with ref" name=" object setter with ref" time="0.011">
    </testcase>
    <testcase classname=" set with ref" name=" set with ref" time="0.01">
    </testcase>
    <testcase classname=" map with ref" name=" map with ref" time="0.007">
    </testcase>
    <testcase classname=" simple assignment - 1" name=" simple assignment - 1" time="0.006">
    </testcase>
    <testcase classname=" simple assignment - 2" name=" simple assignment - 2" time="0.006">
    </testcase>
    <testcase classname=" simple assignment - 3" name=" simple assignment - 3" time="0.007">
    </testcase>
    <testcase classname=" simple assignment - 4" name=" simple assignment - 4" time="0.007">
    </testcase>
    <testcase classname=" simple assignment - 5" name=" simple assignment - 5" time="0.012">
    </testcase>
    <testcase classname=" simple assignment - 6" name=" simple assignment - 6" time="0.007">
    </testcase>
    <testcase classname=" simple assignment - 7" name=" simple assignment - 7" time="0.014">
    </testcase>
    <testcase classname=" delete 1" name=" delete 1" time="0.005">
    </testcase>
    <testcase classname=" delete 2" name=" delete 2" time="0.009">
    </testcase>
    <testcase classname=" delete 3" name=" delete 3" time="0.009">
    </testcase>
    <testcase classname=" delete 5" name=" delete 5" time="0.029">
    </testcase>
    <testcase classname=" delete 6" name=" delete 6" time="0.016">
    </testcase>
    <testcase classname=" delete 7" name=" delete 7" time="0.021">
    </testcase>
    <testcase classname=" nested object (no changes)" name=" nested object (no changes)" time="0.004">
    </testcase>
    <testcase classname=" nested change in object" name=" nested change in object" time="0.005">
    </testcase>
    <testcase classname=" nested change in map" name=" nested change in map" time="0.003">
    </testcase>
    <testcase classname=" nested change in array" name=" nested change in array" time="0.004">
    </testcase>
    <testcase classname=" nested map (no changes)" name=" nested map (no changes)" time="0.004">
    </testcase>
    <testcase classname=" nested object (with changes)" name=" nested object (with changes)" time="0.005">
    </testcase>
    <testcase classname=" nested map (with changes)" name=" nested map (with changes)" time="0.003">
    </testcase>
    <testcase classname=" deeply nested object (with changes)" name=" deeply nested object (with changes)" time="0.005">
    </testcase>
    <testcase classname=" deeply nested map (with changes)" name=" deeply nested map (with changes)" time="0.004">
    </testcase>
    <testcase classname=" minimum amount of changes" name=" minimum amount of changes" time="0.004">
    </testcase>
    <testcase classname=" arrays - prepend" name=" arrays - prepend" time="0.004">
    </testcase>
    <testcase classname=" arrays - multiple prepend" name=" arrays - multiple prepend" time="0.003">
    </testcase>
    <testcase classname=" arrays - splice middle" name=" arrays - splice middle" time="0.006">
    </testcase>
    <testcase classname=" arrays - multiple splice" name=" arrays - multiple splice" time="0.004">
    </testcase>
    <testcase classname=" arrays - modify and shrink" name=" arrays - modify and shrink" time="0.003">
    </testcase>
    <testcase classname=" arrays - prepend then splice middle" name=" arrays - prepend then splice middle" time="0.004">
    </testcase>
    <testcase classname=" arrays - splice middle then prepend" name=" arrays - splice middle then prepend" time="0.005">
    </testcase>
    <testcase classname=" arrays - truncate" name=" arrays - truncate" time="0.007">
    </testcase>
    <testcase classname=" arrays - pop twice" name=" arrays - pop twice" time="0.007">
    </testcase>
    <testcase classname=" arrays - push multiple" name=" arrays - push multiple" time="0.006">
    </testcase>
    <testcase classname=" arrays - splice (expand)" name=" arrays - splice (expand)" time="0.007">
    </testcase>
    <testcase classname=" arrays - splice (shrink)" name=" arrays - splice (shrink)" time="0.019">
    </testcase>
    <testcase classname=" arrays - delete" name=" arrays - delete" time="0.004">
    </testcase>
    <testcase classname=" sets - add - 1" name=" sets - add - 1" time="0.002">
    </testcase>
    <testcase classname=" sets - add, delete, add - 1" name=" sets - add, delete, add - 1" time="0.002">
    </testcase>
    <testcase classname=" sets - add, delete, add - 2" name=" sets - add, delete, add - 2" time="0.002">
    </testcase>
    <testcase classname=" sets - mutate - 1" name=" sets - mutate - 1" time="0.009">
    </testcase>
    <testcase classname=" arrays - splice should should result in remove op." name=" arrays - splice should should result in remove op." time="0.003">
    </testcase>
    <testcase classname=" arrays - NESTED splice should should result in remove op." name=" arrays - NESTED splice should should result in remove op." time="0.005">
    </testcase>
    <testcase classname=" same value replacement - 1" name=" same value replacement - 1" time="0.002">
    </testcase>
    <testcase classname=" same value replacement - 2" name=" same value replacement - 2" time="0.003">
    </testcase>
    <testcase classname=" set value and pop the value (array) - 2" name=" set value and pop the value (array) - 2" time="0.003">
    </testcase>
    <testcase classname=" same value replacement(array) - 2" name=" same value replacement(array) - 2" time="0.002">
    </testcase>
    <testcase classname=" same value replacement(array) - 2" name=" same value replacement(array) - 2" time="0.003">
    </testcase>
    <testcase classname=" same value replacement(set) - 2" name=" same value replacement(set) - 2" time="0.003">
    </testcase>
    <testcase classname=" same value replacement(map) - 2" name=" same value replacement(map) - 2" time="0.003">
    </testcase>
    <testcase classname=" same value replacement - 3" name=" same value replacement - 3" time="0.003">
    </testcase>
    <testcase classname=" same value replacement - 4" name=" same value replacement - 4" time="0.002">
    </testcase>
    <testcase classname=" same value replacement - 4" name=" same value replacement - 4" time="0.002">
    </testcase>
    <testcase classname=" same value replacement - 5" name=" same value replacement - 5" time="0.002">
    </testcase>
    <testcase classname=" same value replacement - 6" name=" same value replacement - 6" time="0.002">
    </testcase>
    <testcase classname=" simple delete" name=" simple delete" time="0.003">
    </testcase>
    <testcase classname=" change then delete property" name=" change then delete property" time="0.004">
    </testcase>
    <testcase classname=" #468" name=" #468" time="0.005">
    </testcase>
    <testcase classname=" #648 assigning object to itself should not change patches" name=" #648 assigning object to itself should not change patches" time="0.003">
    </testcase>
    <testcase classname=" #876 Ensure empty patch set for atomic set+delete on Map" name=" #876 Ensure empty patch set for atomic set+delete on Map" time="0.01">
    </testcase>
    <testcase classname=" #879 delete item from array" name=" #879 delete item from array" time="0.011">
    </testcase>
    <testcase classname=" #879 delete item from array - 2" name=" #879 delete item from array - 2" time="0.016">
    </testcase>
    <testcase classname=" #466 mapChangeBug" name=" #466 mapChangeBug" time="0.012">
    </testcase>
    <testcase classname=" undefined as a map key" name=" undefined as a map key" time="0.001">
    </testcase>
    <testcase classname=" patches issue" name=" patches issue" time="0.005">
    </testcase>
    <testcase classname=" different options - apply patches" name=" different options - apply patches" time="0.166">
    </testcase>
    <testcase classname=" set - patches" name=" set - patches" time="0.004">
    </testcase>
    <testcase classname=" array - patches" name=" array - patches" time="0.001">
    </testcase>
    <testcase classname=" unexpected - patches" name=" unexpected - patches" time="0.004">
    </testcase>
    <testcase classname=" type check" name=" type check" time="0.001">
    </testcase>
    <testcase classname=" merge multiple patches" name=" merge multiple patches" time="0.003">
    </testcase>
    <testcase classname=" #64 - Invalid inversePatches when array length changes" name=" #64 - Invalid inversePatches when array length changes" time="0.006">
    </testcase>
    <testcase classname=" modify deep object" name=" modify deep object" time="0.023">
    </testcase>
    <testcase classname=" #70 - deep copy patches with Custom Set/Map" name=" #70 - deep copy patches with Custom Set/Map" time="0.006">
    </testcase>
    <testcase classname=" array - update" name=" array - update" time="0.314">
    </testcase>
    <testcase classname=" array - update with prototype" name=" array - update with prototype" time="0.234">
    </testcase>
    <testcase classname=" array - update primitive" name=" array - update primitive" time="0.213">
    </testcase>
    <testcase classname=" base - mutate" name=" base - mutate" time="0.004">
    </testcase>
  </testsuite>
  <testsuite name="undefined" errors="0" failures="0" skipped="0" timestamp="2026-04-22T21:14:11" time="0.696" tests="32">
    <testcase classname=" can update readonly state via standard api" name=" can update readonly state via standard api" time="0.002">
    </testcase>
    <testcase classname=" can infer state type from default state" name=" can infer state type from default state" time="0.001">
    </testcase>
    <testcase classname=" can infer state type from recipe function" name=" can infer state type from recipe function" time="0.065">
    </testcase>
    <testcase classname=" can infer state type from recipe function with arguments" name=" can infer state type from recipe function with arguments" time="0.001">
    </testcase>
    <testcase classname=" can infer state type from recipe function with arguments and initial state" name=" can infer state type from recipe function with arguments and initial state" time="0">
    </testcase>
    <testcase classname=" cannot infer state type when the function type and default state are missing" name=" cannot infer state type when the function type and default state are missing" time="0.001">
    </testcase>
    <testcase classname=" can update readonly state via curried api" name=" can update readonly state via curried api" time="0.011">
    </testcase>
    <testcase classname=" can update use the non-default export" name=" can update use the non-default export" time="0.004">
    </testcase>
    <testcase classname=" can apply patches" name=" can apply patches" time="0.004">
    </testcase>
    <testcase classname="curried producer supports rest parameters" name="curried producer supports rest parameters" time="0.003">
    </testcase>
    <testcase classname="curried producer can be passed a readonly array" name="curried producer can be passed a readonly array" time="0.001">
    </testcase>
    <testcase classname=" works with return type of: number" name=" works with return type of: number" time="0.001">
    </testcase>
    <testcase classname=" can return an object type that is identical to the base type" name=" can return an object type that is identical to the base type" time="0.002">
    </testcase>
    <testcase classname=" can NOT return an object type that is _not_ assignable to the base type" name=" can NOT return an object type that is _not_ assignable to the base type" time="0">
    </testcase>
    <testcase classname=" does not enforce immutability at the type level" name=" does not enforce immutability at the type level" time="0.001">
    </testcase>
    <testcase classname=" can produce an undefined value" name=" can produce an undefined value" time="0.001">
    </testcase>
    <testcase classname=" can return the draft itself" name=" can return the draft itself" time="0.002">
    </testcase>
    <testcase classname=" works with `void` hack" name=" works with `void` hack" time="0">
    </testcase>
    <testcase classname=" works with generic parameters" name=" works with generic parameters" time="0.007">
    </testcase>
    <testcase classname=" can work with non-readonly base types" name=" can work with non-readonly base types" time="0.003">
    </testcase>
    <testcase classname=" can work with readonly base types" name=" can work with readonly base types" time="0.001">
    </testcase>
    <testcase classname=" works with generic array" name=" works with generic array" time="0.004">
    </testcase>
    <testcase classname=" works with Map and Set" name=" works with Map and Set" time="0.002">
    </testcase>
    <testcase classname=" works with readonly Map and Set" name=" works with readonly Map and Set" time="0.002">
    </testcase>
    <testcase classname=" works with ReadonlyMap and ReadonlySet" name=" works with ReadonlyMap and ReadonlySet" time="0.001">
    </testcase>
    <testcase classname=" shows error in production if called incorrectly" name=" shows error in production if called incorrectly" time="0.204">
    </testcase>
    <testcase classname=" #749 types Immer" name=" #749 types Immer" time="0.003">
    </testcase>
    <testcase classname=" infers draft, #720" name=" infers draft, #720" time="0.001">
    </testcase>
    <testcase classname=" infers draft, #720 - 2" name=" infers draft, #720 - 2" time="0.001">
    </testcase>
    <testcase classname=" infers draft, #720 - 3" name=" infers draft, #720 - 3" time="0">
    </testcase>
    <testcase classname=" infers curried" name=" infers curried" time="0.001">
    </testcase>
    <testcase classname=" allows for mixed property value types" name=" allows for mixed property value types" time="0">
    </testcase>
  </testsuite>
  <testsuite name="undefined" errors="0" failures="0" skipped="0" timestamp="2026-04-22T21:13:57" time="15.251" tests="195">
    <testcase classname=" check object type" name=" check object type" time="0.072">
    </testcase>
    <testcase classname=" check array type" name=" check array type" time="0.001">
    </testcase>
    <testcase classname=" no update object with NaN" name=" no update object with NaN" time="0.004">
    </testcase>
    <testcase classname=" no update object with NaN" name=" no update object with NaN" time="0.001">
    </testcase>
    <testcase classname=" check array options error" name=" check array options error" time="0.029">
    </testcase>
    <testcase classname=" object" name=" object" time="0.031">
    </testcase>
    <testcase classname=" object delete" name=" object delete" time="0.006">
    </testcase>
    <testcase classname=" nothing change object with ref" name=" nothing change object with ref" time="0.003">
    </testcase>
    <testcase classname=" enablePatches, no update" name=" enablePatches, no update" time="0.002">
    </testcase>
    <testcase classname=" object with share ref" name=" object with share ref" time="0.002">
    </testcase>
    <testcase classname=" object with HOF" name=" object with HOF" time="0.008">
    </testcase>
    <testcase classname=" object with original" name=" object with original" time="0.005">
    </testcase>
    <testcase classname=" object with async mutation" name=" object with async mutation" time="0.008">
    </testcase>
    <testcase classname=" create with object" name=" create with object" time="0.006">
    </testcase>
    <testcase classname=" no updates for object" name=" no updates for object" time="0.002">
    </testcase>
    <testcase classname=" no update for array" name=" no update for array" time="0.015">
    </testcase>
    <testcase classname=" no update for array with push and pop" name=" no update for array with push and pop" time="0.002">
    </testcase>
    <testcase classname=" no update 2 items for array with push and pop" name=" no update 2 items for array with push and pop" time="0.007">
    </testcase>
    <testcase classname=" no update for array with splice" name=" no update for array with splice" time="0.002">
    </testcase>
    <testcase classname=" no update for array with splice" name=" no update for array with splice" time="0.002">
    </testcase>
    <testcase classname=" no update for array with reverse" name=" no update for array with reverse" time="0.006">
    </testcase>
    <testcase classname=" no update for array with shift and unshift" name=" no update for array with shift and unshift" time="0.001">
    </testcase>
    <testcase classname=" no update 2 items for array with shift and unshift" name=" no update 2 items for array with shift and unshift" time="0.004">
    </testcase>
    <testcase classname=" base root set" name=" base root set" time="0.006">
    </testcase>
    <testcase classname=" base set" name=" base set" time="0.004">
    </testcase>
    <testcase classname=" update for set" name=" update for set" time="0.008">
    </testcase>
    <testcase classname=" delete for set" name=" delete for set" time="0.005">
    </testcase>
    <testcase classname=" delete for set" name=" delete for set" time="0.001">
    </testcase>
    <testcase classname=" update for map" name=" update for map" time="0.003">
    </testcase>
    <testcase classname=" no update for map" name=" no update for map" time="0.008">
    </testcase>
    <testcase classname=" update for map" name=" update for map" time="0.001">
    </testcase>
    <testcase classname=" update for set" name=" update for set" time="0">
    </testcase>
    <testcase classname=" update for set" name=" update for set" time="0.001">
    </testcase>
    <testcase classname=" delete key in object" name=" delete key in object" time="0.003">
    </testcase>
    <testcase classname=" object case1" name=" object case1" time="0.002">
    </testcase>
    <testcase classname=" object case2" name=" object case2" time="0.001">
    </testcase>
    <testcase classname=" object case3" name=" object case3" time="0.001">
    </testcase>
    <testcase classname=" performance" name=" performance" time="0.333">
    </testcase>
    <testcase classname=" performance 100k" name=" performance 100k" time="0.206">
    </testcase>
    <testcase classname=" base array" name=" base array" time="0.002">
    </testcase>
    <testcase classname=" base array set" name=" base array set" time="0.002">
    </testcase>
    <testcase classname=" base array set with object" name=" base array set with object" time="0.002">
    </testcase>
    <testcase classname=" base object set ref object" name=" base object set ref object" time="0.001">
    </testcase>
    <testcase classname=" base object set ref object" name=" base object set ref object" time="0.002">
    </testcase>
    <testcase classname=" base array set ref array" name=" base array set ref array" time="0.001">
    </testcase>
    <testcase classname=" base array push ref" name=" base array push ref" time="0.002">
    </testcase>
    <testcase classname=" base array unshift ref" name=" base array unshift ref" time="0.001">
    </testcase>
    <testcase classname=" base array splice ref" name=" base array splice ref" time="0.002">
    </testcase>
    <testcase classname=" base array set ref and reverse" name=" base array set ref and reverse" time="0.022">
    </testcase>
    <testcase classname=" base object set ref object1" name=" base object set ref object1" time="0.008">
    </testcase>
    <testcase classname=" base object set ref object2" name=" base object set ref object2" time="0.006">
    </testcase>
    <testcase classname=" base set add ref" name=" base set add ref" time="0.01">
    </testcase>
    <testcase classname=" base map set ref" name=" base map set ref" time="0.008">
    </testcase>
    <testcase classname=" base array push" name=" base array push" time="0.002">
    </testcase>
    <testcase classname=" base array pop" name=" base array pop" time="0.001">
    </testcase>
    <testcase classname=" base array reverse" name=" base array reverse" time="0.002">
    </testcase>
    <testcase classname=" base array shift" name=" base array shift" time="0.001">
    </testcase>
    <testcase classname=" base array shift" name=" base array shift" time="0.002">
    </testcase>
    <testcase classname=" base array splice" name=" base array splice" time="0.002">
    </testcase>
    <testcase classname=" base array sort" name=" base array sort" time="0.002">
    </testcase>
    <testcase classname=" base array fill" name=" base array fill" time="0.003">
    </testcase>
    <testcase classname=" base array copyWithin 0" name=" base array copyWithin 0" time="0.003">
    </testcase>
    <testcase classname=" base array copyWithin 1" name=" base array copyWithin 1" time="0.003">
    </testcase>
    <testcase classname=" base array copyWithin 2" name=" base array copyWithin 2" time="0.002">
    </testcase>
    <testcase classname=" base array copyWithin 3" name=" base array copyWithin 3" time="0.001">
    </testcase>
    <testcase classname=" base array copyWithin 4" name=" base array copyWithin 4" time="0.002">
    </testcase>
    <testcase classname=" base set add" name=" base set add" time="0.001">
    </testcase>
    <testcase classname=" base set clear" name=" base set clear" time="0.002">
    </testcase>
    <testcase classname=" base set delete" name=" base set delete" time="0.001">
    </testcase>
    <testcase classname=" base map set" name=" base map set" time="0.001">
    </testcase>
    <testcase classname=" base map clear" name=" base map clear" time="0.001">
    </testcase>
    <testcase classname=" base map delete" name=" base map delete" time="0.001">
    </testcase>
    <testcase classname=" base freeze" name=" base freeze" time="0.341">
    </testcase>
    <testcase classname=" base set freeze" name=" base set freeze" time="0.02">
    </testcase>
    <testcase classname=" base map freeze" name=" base map freeze" time="0.006">
    </testcase>
    <testcase classname=" base map with deep object" name=" base map with deep object" time="0.003">
    </testcase>
    <testcase classname=" base set deep object" name=" base set deep object" time="0.003">
    </testcase>
    <testcase classname=" only mutable object" name=" only mutable object" time="0.002">
    </testcase>
    <testcase classname=" object with mutable" name=" object with mutable" time="0.002">
    </testcase>
    <testcase classname=" object with root value mutable" name=" object with root value mutable" time="0.001">
    </testcase>
    <testcase classname=" object with deep value mutable" name=" object with deep value mutable" time="0.002">
    </testcase>
    <testcase classname=" array with mutable" name=" array with mutable" time="0.001">
    </testcase>
    <testcase classname=" map with mutable" name=" map with mutable" time="0.002">
    </testcase>
    <testcase classname=" set with mutable" name=" set with mutable" time="0.002">
    </testcase>
    <testcase classname=" object changes with mutable data" name=" object changes with mutable data" time="0.002">
    </testcase>
    <testcase classname=" object changes with mutable data" name=" object changes with mutable data" time="0.003">
    </testcase>
    <testcase classname=" array changes with mutable data" name=" array changes with mutable data" time="0.002">
    </testcase>
    <testcase classname=" set changes with mutable data" name=" set changes with mutable data" time="0.001">
    </testcase>
    <testcase classname=" map changes with mutable data" name=" map changes with mutable data" time="0.002">
    </testcase>
    <testcase classname=" object changes with class instance" name=" object changes with class instance" time="0.002">
    </testcase>
    <testcase classname=" current" name=" current" time="0.005">
    </testcase>
    <testcase classname=" multiple drafts with create" name=" multiple drafts with create" time="0.003">
    </testcase>
    <testcase classname=" class instance" name=" class instance" time="0.002">
    </testcase>
    <testcase classname=" class instance with mark" name=" class instance with mark" time="0.004">
    </testcase>
    <testcase classname=" should handle equality correctly about NaN" name=" should handle equality correctly about NaN" time="0.002">
    </testcase>
    <testcase classname=" check Primitive type with returning" name=" check Primitive type with returning" time="0.003">
    </testcase>
    <testcase classname=" check Primitive type with returning and patches" name=" check Primitive type with returning and patches" time="0.009">
    </testcase>
    <testcase classname=" check Primitive type with returning, patches and freeze" name=" check Primitive type with returning, patches and freeze" time="0.016">
    </testcase>
    <testcase classname=" check Primitive type with returning, patches, freeze and async" name=" check Primitive type with returning, patches, freeze and async" time="0.014">
    </testcase>
    <testcase classname=" base isDraft()" name=" base isDraft()" time="0.001">
    </testcase>
    <testcase classname=" base isDraftable()" name=" base isDraftable()" time="0.001">
    </testcase>
    <testcase classname=" base isDraftable() with option" name=" base isDraftable() with option" time="0.001">
    </testcase>
    <testcase classname=" Nested and chained produce usage results in error: Cannot perform &apos;get&apos; on a proxy that has been revoked" name=" Nested and chained produce usage results in error: Cannot perform &apos;get&apos; on a proxy that has been revoked" time="0.003">
    </testcase>
    <testcase classname=" when nesting patches and changing the level of tree structure data" name=" when nesting patches and changing the level of tree structure data" time="0.004">
    </testcase>
    <testcase classname=" Set assignment should not have an additional key" name=" Set assignment should not have an additional key" time="0.018">
    </testcase>
    <testcase classname=" circular reference - object - 1" name=" circular reference - object - 1" time="0.01">
    </testcase>
    <testcase classname=" circular reference - object - 1 - 1" name=" circular reference - object - 1 - 1" time="0.004">
    </testcase>
    <testcase classname=" circular reference - object - 2" name=" circular reference - object - 2" time="0.007">
    </testcase>
    <testcase classname=" circular reference - object - 2 - 1" name=" circular reference - object - 2 - 1" time="0.003">
    </testcase>
    <testcase classname=" circular reference - object - 3" name=" circular reference - object - 3" time="0.002">
    </testcase>
    <testcase classname=" circular reference - object - 3 - 1" name=" circular reference - object - 3 - 1" time="0.007">
    </testcase>
    <testcase classname=" circular reference - object - 4" name=" circular reference - object - 4" time="0.001">
    </testcase>
    <testcase classname=" circular reference - object - 4 - 1" name=" circular reference - object - 4 - 1" time="0.003">
    </testcase>
    <testcase classname=" circular reference - array - 1" name=" circular reference - array - 1" time="0.002">
    </testcase>
    <testcase classname=" circular reference - array - 1 - 1" name=" circular reference - array - 1 - 1" time="0.007">
    </testcase>
    <testcase classname=" circular reference - array - 2" name=" circular reference - array - 2" time="0.004">
    </testcase>
    <testcase classname=" circular reference - array - 2 - 1" name=" circular reference - array - 2 - 1" time="0.004">
    </testcase>
    <testcase classname=" circular reference - set - 1" name=" circular reference - set - 1" time="0.002">
    </testcase>
    <testcase classname=" circular reference - set - 1 - 1" name=" circular reference - set - 1 - 1" time="0.001">
    </testcase>
    <testcase classname=" circular reference - set - 2" name=" circular reference - set - 2" time="0.002">
    </testcase>
    <testcase classname=" circular reference - set - 2 - 1" name=" circular reference - set - 2 - 1" time="0.003">
    </testcase>
    <testcase classname=" circular reference - map - 1" name=" circular reference - map - 1" time="0.004">
    </testcase>
    <testcase classname=" circular reference - map - 1 - 1" name=" circular reference - map - 1 - 1" time="0.001">
    </testcase>
    <testcase classname=" circular reference - map - 2" name=" circular reference - map - 2" time="0.002">
    </testcase>
    <testcase classname=" circular reference - map - 2 - 1" name=" circular reference - map - 2 - 1" time="0.006">
    </testcase>
    <testcase classname=" circular reference - map - 3" name=" circular reference - map - 3" time="0.002">
    </testcase>
    <testcase classname=" circular reference - map - 3 - 1" name=" circular reference - map - 3 - 1" time="0.001">
    </testcase>
    <testcase classname=" can return an object that references itself" name=" can return an object that references itself" time="0.035">
    </testcase>
    <testcase classname=" #18 - array: assigning a non-draft with the same key" name=" #18 - array: assigning a non-draft with the same key" time="0.001">
    </testcase>
    <testcase classname=" #18 - object: assigning a non-draft with the same key" name=" #18 - object: assigning a non-draft with the same key" time="0.003">
    </testcase>
    <testcase classname=" #18 - array: assigning a non-draft with the same key - deep1" name=" #18 - array: assigning a non-draft with the same key - deep1" time="0.001">
    </testcase>
    <testcase classname=" #18 - array: assigning a non-draft with the same key - deep2" name=" #18 - array: assigning a non-draft with the same key - deep2" time="0.001">
    </testcase>
    <testcase classname=" #18 - array: assigning a non-draft with the same key - deep3" name=" #18 - array: assigning a non-draft with the same key - deep3" time="0.001">
    </testcase>
    <testcase classname=" #18 - array: assigning a non-draft with the same key - deep5" name=" #18 - array: assigning a non-draft with the same key - deep5" time="0.004">
    </testcase>
    <testcase classname=" #18 - object: assigning a non-draft with the same key - deep5" name=" #18 - object: assigning a non-draft with the same key - deep5" time="0.006">
    </testcase>
    <testcase classname=" #18 - set: assigning a non-draft with the same key - deep5" name=" #18 - set: assigning a non-draft with the same key - deep5" time="0.005">
    </testcase>
    <testcase classname=" #18 - map: assigning a non-draft with the same key - deep5" name=" #18 - map: assigning a non-draft with the same key - deep5" time="0.004">
    </testcase>
    <testcase classname=" #18 - set: assigning a non-draft with the same key - deep6" name=" #18 - set: assigning a non-draft with the same key - deep6" time="0.011">
    </testcase>
    <testcase classname=" #18 - set: assigning a non-draft with the same key - deep3" name=" #18 - set: assigning a non-draft with the same key - deep3" time="0.002">
    </testcase>
    <testcase classname=" #18 - set: assigning a non-draft with the same key - deep7" name=" #18 - set: assigning a non-draft with the same key - deep7" time="0.002">
    </testcase>
    <testcase classname=" #18 - array: assigning a non-draft with the same key - deep4" name=" #18 - array: assigning a non-draft with the same key - deep4" time="0.001">
    </testcase>
    <testcase classname=" #18 - map: assigning a non-draft with the same key" name=" #18 - map: assigning a non-draft with the same key" time="0.001">
    </testcase>
    <testcase classname=" #18 - map: assigning a non-draft with the same key - enablePatches" name=" #18 - map: assigning a non-draft with the same key - enablePatches" time="0.002">
    </testcase>
    <testcase classname=" #18 - set: assigning a non-draft with the same key" name=" #18 - set: assigning a non-draft with the same key" time="0.001">
    </testcase>
    <testcase classname=" #18 - set: assigning a non-draft with the same key - enablePatches" name=" #18 - set: assigning a non-draft with the same key - enablePatches" time="0.002">
    </testcase>
    <testcase classname=" #18 - array: assigning a non-draft with the same key - enablePatches" name=" #18 - array: assigning a non-draft with the same key - enablePatches" time="0.005">
    </testcase>
    <testcase classname=" #18: assigning a non-draft with the different key - enablePatches" name=" #18: assigning a non-draft with the different key - enablePatches" time="0.005">
    </testcase>
    <testcase classname=" array: assigning a non-draft array" name=" array: assigning a non-draft array" time="0.001">
    </testcase>
    <testcase classname=" object: assigning a non-draft array" name=" object: assigning a non-draft array" time="0.001">
    </testcase>
    <testcase classname=" set: assigning a non-draft array" name=" set: assigning a non-draft array" time="0.001">
    </testcase>
    <testcase classname=" map: assigning a non-draft array" name=" map: assigning a non-draft array" time="0.002">
    </testcase>
    <testcase classname=" #20 - Filter does not work correctly when array contains objects" name=" #20 - Filter does not work correctly when array contains objects" time="0.001">
    </testcase>
    <testcase classname=" base - map" name=" base - map" time="0.001">
    </testcase>
    <testcase classname=" base - set" name=" base - set" time="0.001">
    </testcase>
    <testcase classname=" base - array" name=" base - array" time="0.003">
    </testcase>
    <testcase classname=" base - object" name=" base - object" time="0.002">
    </testcase>
    <testcase classname=" base - class" name=" base - class" time="0.002">
    </testcase>
    <testcase classname=" works with interweaved Immer instances" name=" works with interweaved Immer instances" time="0.003">
    </testcase>
    <testcase classname=" can return an object with two references to another object" name=" can return an object with two references to another object" time="0.017">
    </testcase>
    <testcase classname=" async throw error" name=" async throw error" time="0.004">
    </testcase>
    <testcase classname=" mix nested create()" name=" mix nested create()" time="0.002">
    </testcase>
    <testcase classname=" preserves non-enumerable properties - useStrictShallowCopy:true" name=" preserves non-enumerable properties - useStrictShallowCopy:true" time="0.004">
    </testcase>
    <testcase classname=" preserves non-enumerable properties - useStrictShallowCopy:false" name=" preserves non-enumerable properties - useStrictShallowCopy:false" time="0.001">
    </testcase>
    <testcase classname=" base - Multiple mark config" name=" base - Multiple mark config" time="0.003">
    </testcase>
    <testcase classname=" base check mark function - Multiple mark config" name=" base check mark function - Multiple mark config" time="0.04">
    </testcase>
    <testcase classname=" &apos;markSimpleObject&apos; add null check" name=" &apos;markSimpleObject&apos; add null check" time="0.002">
    </testcase>
    <testcase classname=" object with Symbol key at root - 0" name=" object with Symbol key at root - 0" time="0.002">
    </testcase>
    <testcase classname=" object with Symbol key at root - 1" name=" object with Symbol key at root - 1" time="0.001">
    </testcase>
    <testcase classname=" object with non-enumerable Symbol key at root - 0" name=" object with non-enumerable Symbol key at root - 0" time="0.001">
    </testcase>
    <testcase classname=" object with non-enumerable Symbol key at root - 1" name=" object with non-enumerable Symbol key at root - 1" time="0.001">
    </testcase>
    <testcase classname=" #37 - Proxy revoked error with `mark` option when performing chai deep equality" name=" #37 - Proxy revoked error with `mark` option when performing chai deep equality" time="0.004">
    </testcase>
    <testcase classname=" #51 doesn&apos;t assign values to frozen object" name=" #51 doesn&apos;t assign values to frozen object" time="0.002">
    </testcase>
    <testcase classname=" #51-1 nested drafts work after current" name=" #51-1 nested drafts work after current" time="0.011">
    </testcase>
    <testcase classname=" #51-2 nested drafts work after current" name=" #51-2 nested drafts work after current" time="0.002">
    </testcase>
    <testcase classname=" #57 - curried create returns object of wrong type" name=" #57 - curried create returns object of wrong type" time="0.001">
    </testcase>
    <testcase classname=" #59 - Failure to apply inverse patchset" name=" #59 - Failure to apply inverse patchset" time="0.016">
    </testcase>
    <testcase classname=" #59 - Failure to apply inverse patchset(Set)" name=" #59 - Failure to apply inverse patchset(Set)" time="0.016">
    </testcase>
    <testcase classname=" #59 - Failure to apply inverse patchset(Map)" name=" #59 - Failure to apply inverse patchset(Map)" time="0.009">
    </testcase>
    <testcase classname=" apply - map with object key" name=" apply - map with object key" time="0.007">
    </testcase>
    <testcase classname=" apply - symbol key on object" name=" apply - symbol key on object" time="0.008">
    </testcase>
    <testcase classname=" apply - coerces non-primitive intermediate key for object" name=" apply - coerces non-primitive intermediate key for object" time="0.003">
    </testcase>
    <testcase classname=" #61 - type issue: current of Draft&lt;T&gt; type should return T type" name=" #61 - type issue: current of Draft&lt;T&gt; type should return T type" time="0.003">
    </testcase>
    <testcase classname="set - new API set - without Set.prototype.difference" name="set - new API set - without Set.prototype.difference" time="0.002">
    </testcase>
    <testcase classname="set - new API set - Set.prototype.intersection" name="set - new API set - Set.prototype.intersection" time="0.006">
    </testcase>
    <testcase classname="set - new API set - Set.prototype.union" name="set - new API set - Set.prototype.union" time="0.002">
    </testcase>
    <testcase classname="set - new API set - Set.prototype.difference" name="set - new API set - Set.prototype.difference" time="0.001">
    </testcase>
    <testcase classname="set - new API set - Set.prototype.symmetricDifference" name="set - new API set - Set.prototype.symmetricDifference" time="0.002">
    </testcase>
    <testcase classname="set - new API set - Set.prototype.isSubsetOf" name="set - new API set - Set.prototype.isSubsetOf" time="0.002">
    </testcase>
    <testcase classname="set - new API set - Set.prototype.isSupersetOf" name="set - new API set - Set.prototype.isSupersetOf" time="0.002">
    </testcase>
    <testcase classname="set - new API set - Set.prototype.isDisjointFrom" name="set - new API set - Set.prototype.isDisjointFrom" time="0.005">
    </testcase>
    <testcase classname=" CustomSet" name=" CustomSet" time="0.004">
    </testcase>
    <testcase classname=" CustomMap" name=" CustomMap" time="0.004">
    </testcase>
    <testcase classname=" Set.prototype[Symbol.iterator]" name=" Set.prototype[Symbol.iterator]" time="0.004">
    </testcase>
    <testcase classname=" Map.prototype[Symbol.iterator]" name=" Map.prototype[Symbol.iterator]" time="0.003">
    </testcase>
    <testcase classname=" object with writable false" name=" object with writable false" time="0.001">
    </testcase>
  </testsuite>
  <testsuite name="undefined" errors="0" failures="0" skipped="0" timestamp="2026-04-22T21:14:11" time="0.789" tests="11">
    <testcase classname=" base with strict mode" name=" base with strict mode" time="0.072">
    </testcase>
    <testcase classname=" base without strict mode" name=" base without strict mode" time="0.004">
    </testcase>
    <testcase classname=" access primitive type and immutable object" name=" access primitive type and immutable object" time="0.009">
    </testcase>
    <testcase classname=" access mutable type" name=" access mutable type" time="0.216">
    </testcase>
    <testcase classname=" base with immutable mark in strict mode" name=" base with immutable mark in strict mode" time="0.025">
    </testcase>
    <testcase classname=" object with mutable mark in strict mode" name=" object with mutable mark in strict mode" time="0.041">
    </testcase>
    <testcase classname=" array with mutable mark in strict mode" name=" array with mutable mark in strict mode" time="0.006">
    </testcase>
    <testcase classname=" set with mutable mark in strict mode" name=" set with mutable mark in strict mode" time="0.004">
    </testcase>
    <testcase classname=" map with mutable mark in strict mode" name=" map with mutable mark in strict mode" time="0.003">
    </testcase>
    <testcase classname=" change Date instance - custom shallow copy" name=" change Date instance - custom shallow copy" time="0.004">
    </testcase>
    <testcase classname=" change Date instance" name=" change Date instance" time="0.001">
    </testcase>
  </testsuite>
  <testsuite name="regressions proxy (no freeze)" errors="0" failures="0" skipped="8" timestamp="2026-04-22T21:14:12" time="0.567" tests="60">
    <testcase classname="regressions proxy (no freeze) #604 freeze inside class" name="regressions proxy (no freeze) #604 freeze inside class" time="0.006">
    </testcase>
    <testcase classname="regressions proxy (no freeze) #646 setting undefined field to undefined should not create new result" name="regressions proxy (no freeze) #646 setting undefined field to undefined should not create new result" time="0.001">
    </testcase>
    <testcase classname="regressions proxy (no freeze) #646 - 2 setting undefined field to undefined should not create new result" name="regressions proxy (no freeze) #646 - 2 setting undefined field to undefined should not create new result" time="0.003">
    </testcase>
    <testcase classname="regressions proxy (no freeze) #638 - out of range assignments" name="regressions proxy (no freeze) #638 - out of range assignments" time="0.003">
    </testcase>
    <testcase classname="regressions proxy (no freeze) #628 set removal hangs" name="regressions proxy (no freeze) #628 set removal hangs" time="0.002">
    </testcase>
    <testcase classname="regressions proxy (no freeze) #628 - 2 set removal hangs" name="regressions proxy (no freeze) #628 - 2 set removal hangs" time="0.001">
    </testcase>
    <testcase classname="regressions proxy (no freeze) #650 - changes with overridden arr.slice() fail" name="regressions proxy (no freeze) #650 - changes with overridden arr.slice() fail" time="0.002">
    </testcase>
    <testcase classname="regressions proxy (no freeze) #659 no reconciliation after read" name="regressions proxy (no freeze) #659 no reconciliation after read" time="0.002">
    </testcase>
    <testcase classname="regressions proxy (no freeze) #659 no reconciliation after read - 2" name="regressions proxy (no freeze) #659 no reconciliation after read - 2" time="0.001">
    </testcase>
    <testcase classname="regressions proxy (no freeze) #659 no reconciliation after read - 3" name="regressions proxy (no freeze) #659 no reconciliation after read - 3" time="0.001">
    </testcase>
    <testcase classname="regressions proxy (no freeze) #659 no reconciliation after read - 4" name="regressions proxy (no freeze) #659 no reconciliation after read - 4" time="0">
      <skipped/>
    </testcase>
    <testcase classname="regressions proxy (no freeze) #659 no reconciliation after read - 5" name="regressions proxy (no freeze) #659 no reconciliation after read - 5" time="0">
      <skipped/>
    </testcase>
    <testcase classname="regressions proxy (no freeze) #659 no reconciliation after read - 6" name="regressions proxy (no freeze) #659 no reconciliation after read - 6" time="0.002">
    </testcase>
    <testcase classname="regressions proxy (no freeze) #807 new undefined member not stored" name="regressions proxy (no freeze) #807 new undefined member not stored" time="0.002">
    </testcase>
    <testcase classname="regressions proxy (no freeze) Nested and chained produce calls throw &apos;Cannot perform &apos;get&apos; on a proxy that has been revoked&apos; error" name="regressions proxy (no freeze) Nested and chained produce calls throw &apos;Cannot perform &apos;get&apos; on a proxy that has been revoked&apos; error" time="0.003">
    </testcase>
    <testcase classname="regressions proxy (autofreeze) #604 freeze inside class" name="regressions proxy (autofreeze) #604 freeze inside class" time="0.002">
    </testcase>
    <testcase classname="regressions proxy (autofreeze) #646 setting undefined field to undefined should not create new result" name="regressions proxy (autofreeze) #646 setting undefined field to undefined should not create new result" time="0.001">
    </testcase>
    <testcase classname="regressions proxy (autofreeze) #646 - 2 setting undefined field to undefined should not create new result" name="regressions proxy (autofreeze) #646 - 2 setting undefined field to undefined should not create new result" time="0.002">
    </testcase>
    <testcase classname="regressions proxy (autofreeze) #638 - out of range assignments" name="regressions proxy (autofreeze) #638 - out of range assignments" time="0.003">
    </testcase>
    <testcase classname="regressions proxy (autofreeze) #628 set removal hangs" name="regressions proxy (autofreeze) #628 set removal hangs" time="0.001">
    </testcase>
    <testcase classname="regressions proxy (autofreeze) #628 - 2 set removal hangs" name="regressions proxy (autofreeze) #628 - 2 set removal hangs" time="0.001">
    </testcase>
    <testcase classname="regressions proxy (autofreeze) #650 - changes with overridden arr.slice() fail" name="regressions proxy (autofreeze) #650 - changes with overridden arr.slice() fail" time="0.001">
    </testcase>
    <testcase classname="regressions proxy (autofreeze) #659 no reconciliation after read" name="regressions proxy (autofreeze) #659 no reconciliation after read" time="0.003">
    </testcase>
    <testcase classname="regressions proxy (autofreeze) #659 no reconciliation after read - 2" name="regressions proxy (autofreeze) #659 no reconciliation after read - 2" time="0.002">
    </testcase>
    <testcase classname="regressions proxy (autofreeze) #659 no reconciliation after read - 3" name="regressions proxy (autofreeze) #659 no reconciliation after read - 3" time="0">
    </testcase>
    <testcase classname="regressions proxy (autofreeze) #659 no reconciliation after read - 4" name="regressions proxy (autofreeze) #659 no reconciliation after read - 4" time="0">
      <skipped/>
    </testcase>
    <testcase classname="regressions proxy (autofreeze) #659 no reconciliation after read - 5" name="regressions proxy (autofreeze) #659 no reconciliation after read - 5" time="0">
      <skipped/>
    </testcase>
    <testcase classname="regressions proxy (autofreeze) #659 no reconciliation after read - 6" name="regressions proxy (autofreeze) #659 no reconciliation after read - 6" time="0.004">
    </testcase>
    <testcase classname="regressions proxy (autofreeze) #807 new undefined member not stored" name="regressions proxy (autofreeze) #807 new undefined member not stored" time="0.002">
    </testcase>
    <testcase classname="regressions proxy (autofreeze) Nested and chained produce calls throw &apos;Cannot perform &apos;get&apos; on a proxy that has been revoked&apos; error" name="regressions proxy (autofreeze) Nested and chained produce calls throw &apos;Cannot perform &apos;get&apos; on a proxy that has been revoked&apos; error" time="0.005">
    </testcase>
    <testcase classname="regressions es5 (no freeze) #604 freeze inside class" name="regressions es5 (no freeze) #604 freeze inside class" time="0.003">
    </testcase>
    <testcase classname="regressions es5 (no freeze) #646 setting undefined field to undefined should not create new result" name="regressions es5 (no freeze) #646 setting undefined field to undefined should not create new result" time="0.003">
    </testcase>
    <testcase classname="regressions es5 (no freeze) #646 - 2 setting undefined field to undefined should not create new result" name="regressions es5 (no freeze) #646 - 2 setting undefined field to undefined should not create new result" time="0.006">
    </testcase>
    <testcase classname="regressions es5 (no freeze) #638 - out of range assignments" name="regressions es5 (no freeze) #638 - out of range assignments" time="0.004">
    </testcase>
    <testcase classname="regressions es5 (no freeze) #628 set removal hangs" name="regressions es5 (no freeze) #628 set removal hangs" time="0.002">
    </testcase>
    <testcase classname="regressions es5 (no freeze) #628 - 2 set removal hangs" name="regressions es5 (no freeze) #628 - 2 set removal hangs" time="0.004">
    </testcase>
    <testcase classname="regressions es5 (no freeze) #650 - changes with overridden arr.slice() fail" name="regressions es5 (no freeze) #650 - changes with overridden arr.slice() fail" time="0.006">
    </testcase>
    <testcase classname="regressions es5 (no freeze) #659 no reconciliation after read" name="regressions es5 (no freeze) #659 no reconciliation after read" time="0.002">
    </testcase>
    <testcase classname="regressions es5 (no freeze) #659 no reconciliation after read - 2" name="regressions es5 (no freeze) #659 no reconciliation after read - 2" time="0">
    </testcase>
    <testcase classname="regressions es5 (no freeze) #659 no reconciliation after read - 3" name="regressions es5 (no freeze) #659 no reconciliation after read - 3" time="0.007">
    </testcase>
    <testcase classname="regressions es5 (no freeze) #659 no reconciliation after read - 4" name="regressions es5 (no freeze) #659 no reconciliation after read - 4" time="0">
      <skipped/>
    </testcase>
    <testcase classname="regressions es5 (no freeze) #659 no reconciliation after read - 5" name="regressions es5 (no freeze) #659 no reconciliation after read - 5" time="0">
      <skipped/>
    </testcase>
    <testcase classname="regressions es5 (no freeze) #659 no reconciliation after read - 6" name="regressions es5 (no freeze) #659 no reconciliation after read - 6" time="0.004">
    </testcase>
    <testcase classname="regressions es5 (no freeze) #807 new undefined member not stored" name="regressions es5 (no freeze) #807 new undefined member not stored" time="0.005">
    </testcase>
    <testcase classname="regressions es5 (no freeze) Nested and chained produce calls throw &apos;Cannot perform &apos;get&apos; on a proxy that has been revoked&apos; error" name="regressions es5 (no freeze) Nested and chained produce calls throw &apos;Cannot perform &apos;get&apos; on a proxy that has been revoked&apos; error" time="0.001">
    </testcase>
    <testcase classname="regressions es5 (autofreeze) #604 freeze inside class" name="regressions es5 (autofreeze) #604 freeze inside class" time="0.002">
    </testcase>
    <testcase classname="regressions es5 (autofreeze) #646 setting undefined field to undefined should not create new result" name="regressions es5 (autofreeze) #646 setting undefined field to undefined should not create new result" time="0.001">
    </testcase>
    <testcase classname="regressions es5 (autofreeze) #646 - 2 setting undefined field to undefined should not create new result" name="regressions es5 (autofreeze) #646 - 2 setting undefined field to undefined should not create new result" time="0.002">
    </testcase>
    <testcase classname="regressions es5 (autofreeze) #638 - out of range assignments" name="regressions es5 (autofreeze) #638 - out of range assignments" time="0.022">
    </testcase>
    <testcase classname="regressions es5 (autofreeze) #628 set removal hangs" name="regressions es5 (autofreeze) #628 set removal hangs" time="0.004">
    </testcase>
    <testcase classname="regressions es5 (autofreeze) #628 - 2 set removal hangs" name="regressions es5 (autofreeze) #628 - 2 set removal hangs" time="0.001">
    </testcase>
    <testcase classname="regressions es5 (autofreeze) #650 - changes with overridden arr.slice() fail" name="regressions es5 (autofreeze) #650 - changes with overridden arr.slice() fail" time="0.002">
    </testcase>
    <testcase classname="regressions es5 (autofreeze) #659 no reconciliation after read" name="regressions es5 (autofreeze) #659 no reconciliation after read" time="0.001">
    </testcase>
    <testcase classname="regressions es5 (autofreeze) #659 no reconciliation after read - 2" name="regressions es5 (autofreeze) #659 no reconciliation after read - 2" time="0.004">
    </testcase>
    <testcase classname="regressions es5 (autofreeze) #659 no reconciliation after read - 3" name="regressions es5 (autofreeze) #659 no reconciliation after read - 3" time="0.001">
    </testcase>
    <testcase classname="regressions es5 (autofreeze) #659 no reconciliation after read - 4" name="regressions es5 (autofreeze) #659 no reconciliation after read - 4" time="0">
      <skipped/>
    </testcase>
    <testcase classname="regressions es5 (autofreeze) #659 no reconciliation after read - 5" name="regressions es5 (autofreeze) #659 no reconciliation after read - 5" time="0">
      <skipped/>
    </testcase>
    <testcase classname="regressions es5 (autofreeze) #659 no reconciliation after read - 6" name="regressions es5 (autofreeze) #659 no reconciliation after read - 6" time="0.001">
    </testcase>
    <testcase classname="regressions es5 (autofreeze) #807 new undefined member not stored" name="regressions es5 (autofreeze) #807 new undefined member not stored" time="0.004">
    </testcase>
    <testcase classname="regressions es5 (autofreeze) Nested and chained produce calls throw &apos;Cannot perform &apos;get&apos; on a proxy that has been revoked&apos; error" name="regressions es5 (autofreeze) Nested and chained produce calls throw &apos;Cannot perform &apos;get&apos; on a proxy that has been revoked&apos; error" time="0.006">
    </testcase>
  </testsuite>
  <testsuite name="auto freeze - proxy" errors="0" failures="0" skipped="0" timestamp="2026-04-22T21:14:12" time="0.574" tests="20">
    <testcase classname="auto freeze - proxy never freezes the base state" name="auto freeze - proxy never freezes the base state" time="0.011">
    </testcase>
    <testcase classname="auto freeze - proxy freezes reused base state" name="auto freeze - proxy freezes reused base state" time="0.003">
    </testcase>
    <testcase classname="auto freeze - proxy the result is always auto-frozen when the root draft is mutated (and no error is thrown)" name="auto freeze - proxy the result is always auto-frozen when the root draft is mutated (and no error is thrown)" time="0.005">
    </testcase>
    <testcase classname="auto freeze - proxy the result is always auto-frozen when a nested draft is mutated (and no error is thrown)" name="auto freeze - proxy the result is always auto-frozen when a nested draft is mutated (and no error is thrown)" time="0.002">
    </testcase>
    <testcase classname="auto freeze - proxy the result is always auto-frozen when a new object replaces the entire draft" name="auto freeze - proxy the result is always auto-frozen when a new object replaces the entire draft" time="0.052">
    </testcase>
    <testcase classname="auto freeze - proxy the result is always auto-frozen when a new object is added to the root draft" name="auto freeze - proxy the result is always auto-frozen when a new object is added to the root draft" time="0.003">
    </testcase>
    <testcase classname="auto freeze - proxy the result is always auto-frozen when a new object is added to a nested draft" name="auto freeze - proxy the result is always auto-frozen when a new object is added to a nested draft" time="0.003">
    </testcase>
    <testcase classname="auto freeze - proxy the result is always auto-frozen when a nested draft is returned" name="auto freeze - proxy the result is always auto-frozen when a nested draft is returned" time="0.013">
    </testcase>
    <testcase classname="auto freeze - proxy the result is always auto-frozen when the base state is returned" name="auto freeze - proxy the result is always auto-frozen when the base state is returned" time="0.008">
    </testcase>
    <testcase classname="auto freeze - proxy the result is always auto-frozen when the producer is a no-op" name="auto freeze - proxy the result is always auto-frozen when the producer is a no-op" time="0.002">
    </testcase>
    <testcase classname="auto freeze - proxy the result is always auto-frozen when the root draft is returned" name="auto freeze - proxy the result is always auto-frozen when the root draft is returned" time="0.001">
    </testcase>
    <testcase classname="auto freeze - proxy the result is always auto-frozen when a new object replaces a primitive base" name="auto freeze - proxy the result is always auto-frozen when a new object replaces a primitive base" time="0.011">
    </testcase>
    <testcase classname="auto freeze - proxy can handle already frozen trees" name="auto freeze - proxy can handle already frozen trees" time="0.004">
    </testcase>
    <testcase classname="auto freeze - proxy will freeze maps" name="auto freeze - proxy will freeze maps" time="0.008">
    </testcase>
    <testcase classname="auto freeze - proxy will freeze sets" name="auto freeze - proxy will freeze sets" time="0.005">
    </testcase>
    <testcase classname="auto freeze - proxy Map#get() of frozen object will became draftable" name="auto freeze - proxy Map#get() of frozen object will became draftable" time="0.002">
    </testcase>
    <testcase classname="auto freeze - proxy never freezes non-enumerable fields #590" name="auto freeze - proxy never freezes non-enumerable fields #590" time="0.002">
    </testcase>
    <testcase classname="auto freeze - proxy never freezes symbolic fields #590" name="auto freeze - proxy never freezes symbolic fields #590" time="0.007">
    </testcase>
    <testcase classname=" freeze - shallow" name=" freeze - shallow" time="0.001">
    </testcase>
    <testcase classname=" freeze - deep" name=" freeze - deep" time="0.005">
    </testcase>
  </testsuite>
  <testsuite name="current" errors="0" failures="0" skipped="0" timestamp="2026-04-22T21:14:12" time="0.638" tests="9">
    <testcase classname="current base" name="current base" time="0.01">
    </testcase>
    <testcase classname="current should return the current value" name="current should return the current value" time="0.019">
    </testcase>
    <testcase classname=" nested draft" name=" nested draft" time="0.013">
    </testcase>
    <testcase classname=" #47 current creates new copies of the objects where unnecessary" name=" #47 current creates new copies of the objects where unnecessary" time="0.008">
    </testcase>
    <testcase classname=" current() for changed Set/Map draft" name=" current() for changed Set/Map draft" time="0.006">
    </testcase>
    <testcase classname=" Avoid deep copies" name=" Avoid deep copies" time="0.003">
    </testcase>
    <testcase classname=" nested create() - Avoid deep copies" name=" nested create() - Avoid deep copies" time="0.003">
    </testcase>
    <testcase classname=" #61 - type issue: current of Draft&lt;T&gt; type should return T type" name=" #61 - type issue: current of Draft&lt;T&gt; type should return T type" time="0.002">
    </testcase>
    <testcase classname=" current() for Custom Set/Map draft" name=" current() for Custom Set/Map draft" time="0.015">
    </testcase>
  </testsuite>
  <testsuite name="current - proxy" errors="0" failures="0" skipped="0" timestamp="2026-04-22T21:14:12" time="0.634" tests="14">
    <testcase classname="current - proxy must be called on draft" name="current - proxy must be called on draft" time="0.097">
    </testcase>
    <testcase classname="current - proxy can handle simple arrays" name="current - proxy can handle simple arrays" time="0.014">
    </testcase>
    <testcase classname="current - proxy won&apos;t freeze" name="current - proxy won&apos;t freeze" time="0.001">
    </testcase>
    <testcase classname="current - proxy returns original without changes" name="current - proxy returns original without changes" time="0.003">
    </testcase>
    <testcase classname="current - proxy can handle property additions" name="current - proxy can handle property additions" time="0.002">
    </testcase>
    <testcase classname="current - proxy can handle property deletions" name="current - proxy can handle property deletions" time="0.011">
    </testcase>
    <testcase classname="current - proxy won&apos;t reflect changes over time" name="current - proxy won&apos;t reflect changes over time" time="0.002">
    </testcase>
    <testcase classname="current - proxy will find drafts inside objects" name="current - proxy will find drafts inside objects" time="0.01">
    </testcase>
    <testcase classname="current - proxy will find drafts inside objects - 2" name="current - proxy will find drafts inside objects - 2" time="0.004">
    </testcase>
    <testcase classname="current - proxy handles map - 1" name="current - proxy handles map - 1" time="0.012">
    </testcase>
    <testcase classname="current - proxy handles map - 2" name="current - proxy handles map - 2" time="0.003">
    </testcase>
    <testcase classname="current - proxy handles set" name="current - proxy handles set" time="0.005">
    </testcase>
    <testcase classname="current - proxy handles simple class" name="current - proxy handles simple class" time="0.006">
    </testcase>
    <testcase classname="current - proxy won&apos;t deep copy unchanged values unnecessarily" name="current - proxy won&apos;t deep copy unchanged values unnecessarily" time="0.002">
    </testcase>
  </testsuite>
  <testsuite name="Currying" errors="0" failures="0" skipped="0" timestamp="2026-04-22T21:14:12" time="0.807" tests="21">
    <testcase classname="Currying base Currying" name="Currying base Currying" time="0.009">
    </testcase>
    <testcase classname="Currying Currying with enableAutoFreeze" name="Currying Currying with enableAutoFreeze" time="0.084">
    </testcase>
    <testcase classname="Currying Currying with enablePatches" name="Currying Currying with enablePatches" time="0.003">
    </testcase>
    <testcase classname="Currying Currying with enableAutoFreeze and enablePatches" name="Currying Currying with enableAutoFreeze and enablePatches" time="0.011">
    </testcase>
    <testcase classname="Currying Currying with undraftable state" name="Currying Currying with undraftable state" time="0.003">
    </testcase>
    <testcase classname="Currying Currying with draftable state and hook" name="Currying Currying with draftable state and hook" time="0.003">
    </testcase>
    <testcase classname="Currying Currying with hook" name="Currying Currying with hook" time="0">
    </testcase>
    <testcase classname="Currying multiple drafts with Currying" name="Currying multiple drafts with Currying" time="0.003">
    </testcase>
    <testcase classname="Currying Currying a draft" name="Currying Currying a draft" time="0.005">
    </testcase>
    <testcase classname="Currying Currying with mutable" name="Currying Currying with mutable" time="0.003">
    </testcase>
    <testcase classname="Currying Currying with mutable and enablePatches" name="Currying Currying with mutable and enablePatches" time="0.002">
    </testcase>
    <testcase classname="Currying async create with mutable" name="Currying async create with mutable" time="0.002">
    </testcase>
    <testcase classname="Currying async create with mutable and enablePatches" name="Currying async create with mutable and enablePatches" time="0.002">
    </testcase>
    <testcase classname="Currying base producer" name="Currying base producer" time="0.002">
    </testcase>
    <testcase classname="Currying async producer with &apos;enableAutoFreeze&apos; option" name="Currying async producer with &apos;enableAutoFreeze&apos; option" time="0.003">
    </testcase>
    <testcase classname="Currying producer with &apos;enablePatches&apos; option" name="Currying producer with &apos;enablePatches&apos; option" time="0.008">
    </testcase>
    <testcase classname="Currying base create(baseState" name="Currying base create(baseState" time="0.002">
    </testcase>
    <testcase classname="Currying base create(baseState with options enableAutoFreeze" name="Currying base create(baseState with options enableAutoFreeze" time="0.002">
    </testcase>
    <testcase classname="Currying base create(baseState with options enablePatches" name="Currying base create(baseState with options enablePatches" time="0.008">
    </testcase>
    <testcase classname=" check Primitive type" name=" check Primitive type" time="0.051">
    </testcase>
    <testcase classname=" check Primitive type with patches" name=" check Primitive type with patches" time="0.029">
    </testcase>
  </testsuite>
  <testsuite name="undefined" errors="0" failures="0" skipped="0" timestamp="2026-04-22T21:14:12" time="0.529" tests="9">
    <testcase classname=" check makeCreator options" name=" check makeCreator options" time="0.092">
    </testcase>
    <testcase classname=" check enableAutoFreeze" name=" check enableAutoFreeze" time="0.007">
    </testcase>
    <testcase classname=" check enableAutoFreeze - override" name=" check enableAutoFreeze - override" time="0.001">
    </testcase>
    <testcase classname=" check enablePatches" name=" check enablePatches" time="0.002">
    </testcase>
    <testcase classname=" check enablePatches - override" name=" check enablePatches - override" time="0.001">
    </testcase>
    <testcase classname=" check strict" name=" check strict" time="0.036">
    </testcase>
    <testcase classname=" check strict - override" name=" check strict - override" time="0.001">
    </testcase>
    <testcase classname=" check mark" name=" check mark" time="0.011">
    </testcase>
    <testcase classname=" check mark - override" name=" check mark - override" time="0.003">
    </testcase>
  </testsuite>
  <testsuite name="original" errors="0" failures="0" skipped="0" timestamp="2026-04-22T21:14:12" time="0.486" tests="2">
    <testcase classname="original should return the original value" name="original should return the original value" time="0.128">
    </testcase>
    <testcase classname="original should return undefined for an object that is not proxied" name="original should return undefined for an object that is not proxied" time="0.007">
    </testcase>
  </testsuite>
  <testsuite name="undefined" errors="0" failures="0" skipped="0" timestamp="2026-04-22T21:14:13" time="0.428" tests="4">
    <testcase classname=" #470 works with Redux combine reducers" name=" #470 works with Redux combine reducers" time="0.002">
    </testcase>
    <testcase classname=" #470 works with Redux combine readonly reducers" name=" #470 works with Redux combine readonly reducers" time="0">
    </testcase>
    <testcase classname=" works with inferred curried reducer" name=" works with inferred curried reducer" time="0.002">
    </testcase>
    <testcase classname=" works with inferred curried reducer - readonly" name=" works with inferred curried reducer - readonly" time="0.001">
    </testcase>
  </testsuite>
  <testsuite name="setUseStrictShallowCopy(true)" errors="0" failures="0" skipped="0" timestamp="2026-04-22T21:14:13" time="0.351" tests="2">
    <testcase classname="setUseStrictShallowCopy(true) keep descriptors" name="setUseStrictShallowCopy(true) keep descriptors" time="0.005">
    </testcase>
    <testcase classname="setUseStrictShallowCopy(false) ignore descriptors" name="setUseStrictShallowCopy(false) ignore descriptors" time="0.002">
    </testcase>
  </testsuite>
  <testsuite name="original" errors="0" failures="0" skipped="0" timestamp="2026-04-22T21:14:13" time="0.458" tests="4">
    <testcase classname="original should return the original from the draft" name="original should return the original from the draft" time="0.004">
    </testcase>
    <testcase classname="original should return the original from the proxy" name="original should return the original from the proxy" time="0.001">
    </testcase>
    <testcase classname="original should throw undefined for new values on the draft" name="original should throw undefined for new values on the draft" time="0.126">
    </testcase>
    <testcase classname="original should return undefined for an object that is not proxied" name="original should return undefined for an object that is not proxied" time="0.004">
    </testcase>
  </testsuite>
  <testsuite name="map issues proxy (no freeze)" errors="0" failures="0" skipped="0" timestamp="2026-04-22T21:14:13" time="0.573" tests="39">
    <testcase classname="map issues proxy (no freeze) #472 " name="map issues proxy (no freeze) #472 " time="0.011">
    </testcase>
    <testcase classname="map issues proxy (no freeze) #466 - setNoPatches" name="map issues proxy (no freeze) #466 - setNoPatches" time="0.007">
    </testcase>
    <testcase classname="map issues proxy (no freeze) #466 - mapChangeBug " name="map issues proxy (no freeze) #466 - mapChangeBug " time="0.006">
    </testcase>
    <testcase classname="map issues proxy (no freeze) #466 - mapChangeBug2 " name="map issues proxy (no freeze) #466 - mapChangeBug2 " time="0.009">
    </testcase>
    <testcase classname="map issues proxy (no freeze) #586" name="map issues proxy (no freeze) #586" time="0.004">
    </testcase>
    <testcase classname="map issues proxy (no freeze) #627 - new map key with value=undefined" name="map issues proxy (no freeze) #627 - new map key with value=undefined" time="0.003">
    </testcase>
    <testcase classname="map issues proxy (no freeze) #663 - clear map" name="map issues proxy (no freeze) #663 - clear map" time="0.002">
    </testcase>
    <testcase classname="map issues proxy (no freeze) #680 - Clearing empty Set&amp;Map should be noop" name="map issues proxy (no freeze) #680 - Clearing empty Set&amp;Map should be noop" time="0.007">
    </testcase>
    <testcase classname="map issues proxy (no freeze) #692 - idempotent plugin loading" name="map issues proxy (no freeze) #692 - idempotent plugin loading" time="0.001">
    </testcase>
    <testcase classname="map issues proxy (no freeze) #819 - Set with object maintains order when adding object" name="map issues proxy (no freeze) #819 - Set with object maintains order when adding object" time="0.001">
    </testcase>
    <testcase classname="map issues proxy (no freeze) #819 - Set with object maintains order when adding string" name="map issues proxy (no freeze) #819 - Set with object maintains order when adding string" time="0.002">
    </testcase>
    <testcase classname="set issues proxy (no freeze) #819.A - maintains order when adding" name="set issues proxy (no freeze) #819.A - maintains order when adding" time="0.002">
    </testcase>
    <testcase classname="set issues proxy (no freeze) #819.B - maintains order when adding" name="set issues proxy (no freeze) #819.B - maintains order when adding" time="0.001">
    </testcase>
    <testcase classname="map issues proxy (autofreeze) #472 " name="map issues proxy (autofreeze) #472 " time="0.003">
    </testcase>
    <testcase classname="map issues proxy (autofreeze) #466 - setNoPatches" name="map issues proxy (autofreeze) #466 - setNoPatches" time="0.002">
    </testcase>
    <testcase classname="map issues proxy (autofreeze) #466 - mapChangeBug " name="map issues proxy (autofreeze) #466 - mapChangeBug " time="0.004">
    </testcase>
    <testcase classname="map issues proxy (autofreeze) #466 - mapChangeBug2 " name="map issues proxy (autofreeze) #466 - mapChangeBug2 " time="0.007">
    </testcase>
    <testcase classname="map issues proxy (autofreeze) #586" name="map issues proxy (autofreeze) #586" time="0.001">
    </testcase>
    <testcase classname="map issues proxy (autofreeze) #627 - new map key with value=undefined" name="map issues proxy (autofreeze) #627 - new map key with value=undefined" time="0.001">
    </testcase>
    <testcase classname="map issues proxy (autofreeze) #663 - clear map" name="map issues proxy (autofreeze) #663 - clear map" time="0.003">
    </testcase>
    <testcase classname="map issues proxy (autofreeze) #680 - Clearing empty Set&amp;Map should be noop" name="map issues proxy (autofreeze) #680 - Clearing empty Set&amp;Map should be noop" time="0.001">
    </testcase>
    <testcase classname="map issues proxy (autofreeze) #692 - idempotent plugin loading" name="map issues proxy (autofreeze) #692 - idempotent plugin loading" time="0.006">
    </testcase>
    <testcase classname="map issues proxy (autofreeze) #819 - Set with object maintains order when adding object" name="map issues proxy (autofreeze) #819 - Set with object maintains order when adding object" time="0.001">
    </testcase>
    <testcase classname="map issues proxy (autofreeze) #819 - Set with object maintains order when adding string" name="map issues proxy (autofreeze) #819 - Set with object maintains order when adding string" time="0.003">
    </testcase>
    <testcase classname="set issues proxy (autofreeze) #819.A - maintains order when adding" name="set issues proxy (autofreeze) #819.A - maintains order when adding" time="0.002">
    </testcase>
    <testcase classname="set issues proxy (autofreeze) #819.B - maintains order when adding" name="set issues proxy (autofreeze) #819.B - maintains order when adding" time="0.001">
    </testcase>
    <testcase classname="map issues proxy (autofreeze)(patch listener) #472 " name="map issues proxy (autofreeze)(patch listener) #472 " time="0.002">
    </testcase>
    <testcase classname="map issues proxy (autofreeze)(patch listener) #466 - setNoPatches" name="map issues proxy (autofreeze)(patch listener) #466 - setNoPatches" time="0.004">
    </testcase>
    <testcase classname="map issues proxy (autofreeze)(patch listener) #466 - mapChangeBug " name="map issues proxy (autofreeze)(patch listener) #466 - mapChangeBug " time="0.007">
    </testcase>
    <testcase classname="map issues proxy (autofreeze)(patch listener) #466 - mapChangeBug2 " name="map issues proxy (autofreeze)(patch listener) #466 - mapChangeBug2 " time="0.009">
    </testcase>
    <testcase classname="map issues proxy (autofreeze)(patch listener) #586" name="map issues proxy (autofreeze)(patch listener) #586" time="0.003">
    </testcase>
    <testcase classname="map issues proxy (autofreeze)(patch listener) #627 - new map key with value=undefined" name="map issues proxy (autofreeze)(patch listener) #627 - new map key with value=undefined" time="0.002">
    </testcase>
    <testcase classname="map issues proxy (autofreeze)(patch listener) #663 - clear map" name="map issues proxy (autofreeze)(patch listener) #663 - clear map" time="0.001">
    </testcase>
    <testcase classname="map issues proxy (autofreeze)(patch listener) #680 - Clearing empty Set&amp;Map should be noop" name="map issues proxy (autofreeze)(patch listener) #680 - Clearing empty Set&amp;Map should be noop" time="0.001">
    </testcase>
    <testcase classname="map issues proxy (autofreeze)(patch listener) #692 - idempotent plugin loading" name="map issues proxy (autofreeze)(patch listener) #692 - idempotent plugin loading" time="0.001">
    </testcase>
    <testcase classname="map issues proxy (autofreeze)(patch listener) #819 - Set with object maintains order when adding object" name="map issues proxy (autofreeze)(patch listener) #819 - Set with object maintains order when adding object" time="0.004">
    </testcase>
    <testcase classname="map issues proxy (autofreeze)(patch listener) #819 - Set with object maintains order when adding string" name="map issues proxy (autofreeze)(patch listener) #819 - Set with object maintains order when adding string" time="0.001">
    </testcase>
    <testcase classname="set issues proxy (autofreeze)(patch listener) #819.A - maintains order when adding" name="set issues proxy (autofreeze)(patch listener) #819.A - maintains order when adding" time="0.001">
    </testcase>
    <testcase classname="set issues proxy (autofreeze)(patch listener) #819.B - maintains order when adding" name="set issues proxy (autofreeze)(patch listener) #819.B - maintains order when adding" time="0.001">
    </testcase>
  </testsuite>
  <testsuite name="manual - proxy" errors="0" failures="0" skipped="0" timestamp="2026-04-22T21:14:13" time="0.527" tests="10">
    <testcase classname="manual - proxy should check arguments" name="manual - proxy should check arguments" time="0.017">
    </testcase>
    <testcase classname="manual - proxy should support manual drafts" name="manual - proxy should support manual drafts" time="0.007">
    </testcase>
    <testcase classname="manual - proxy cannot modify after finish" name="manual - proxy cannot modify after finish" time="0.004">
    </testcase>
    <testcase classname="manual - proxy cannot finishDraft twice" name="manual - proxy cannot finishDraft twice" time="0.002">
    </testcase>
    <testcase classname="manual - proxy should support patches drafts" name="manual - proxy should support patches drafts" time="0.013">
    </testcase>
    <testcase classname="manual - proxy should handle multiple create draft calls" name="manual - proxy should handle multiple create draft calls" time="0.003">
    </testcase>
    <testcase classname="manual - proxy combines with produce - 1" name="manual - proxy combines with produce - 1" time="0.003">
    </testcase>
    <testcase classname="manual - proxy combines with produce - 2" name="manual - proxy combines with produce - 2" time="0.008">
    </testcase>
    <testcase classname="manual - proxy should not finish drafts from produce" name="manual - proxy should not finish drafts from produce" time="0.002">
    </testcase>
    <testcase classname="manual - proxy should not finish twice" name="manual - proxy should not finish twice" time="0.003">
    </testcase>
  </testsuite>
  <testsuite name="undefined" errors="0" failures="0" skipped="0" timestamp="2026-04-22T21:14:13" time="0.394" tests="3">
    <testcase classname=" types are ok" name=" types are ok" time="0.002">
    </testcase>
    <testcase classname=" #381 produce immutable state" name=" #381 produce immutable state" time="0.004">
    </testcase>
    <testcase classname=" castImmutable preserves a value" name=" castImmutable preserves a value" time="0.001">
    </testcase>
  </testsuite>
  <testsuite name="undefined" errors="0" failures="0" skipped="0" timestamp="2026-04-22T21:14:13" time="0.49" tests="6">
    <testcase classname=" base apply with string path" name=" base apply with string path" time="0.01">
    </testcase>
    <testcase classname=" patches should not contain `array.length` - arrayLengthAssignment: false, pathAsArray: true" name=" patches should not contain `array.length` - arrayLengthAssignment: false, pathAsArray: true" time="0.01">
    </testcase>
    <testcase classname=" patches should contain `array.length` - arrayLengthAssignment: true, pathAsArray: true" name=" patches should contain `array.length` - arrayLengthAssignment: true, pathAsArray: true" time="0.011">
    </testcase>
    <testcase classname=" patches should contain `array.length` - arrayLengthAssignment: true, pathAsArray: false" name=" patches should contain `array.length` - arrayLengthAssignment: true, pathAsArray: false" time="0.012">
    </testcase>
    <testcase classname=" patches should not contain `array.length` - arrayLengthAssignment: false, pathAsArray: false" name=" patches should not contain `array.length` - arrayLengthAssignment: false, pathAsArray: false" time="0.012">
    </testcase>
    <testcase classname=" edge key - apply with string path" name=" edge key - apply with string path" time="0.013">
    </testcase>
  </testsuite>
  <testsuite name="undefined" errors="0" failures="0" skipped="0" timestamp="2026-04-22T21:14:13" time="0.478" tests="4">
    <testcase classname=" shift" name=" shift" time="0.025">
    </testcase>
    <testcase classname=" splice" name=" splice" time="0.011">
    </testcase>
    <testcase classname=" shift with mark" name=" shift with mark" time="0.006">
    </testcase>
    <testcase classname=" splice with mark" name=" splice with mark" time="0.01">
    </testcase>
  </testsuite>
  <testsuite name="curry - proxy" errors="0" failures="0" skipped="0" timestamp="2026-04-22T21:14:13" time="0.56" tests="6">
    <testcase classname="curry - proxy should check arguments" name="curry - proxy should check arguments" time="0.009">
    </testcase>
    <testcase classname="curry - proxy should support currying" name="curry - proxy should support currying" time="0.004">
    </testcase>
    <testcase classname="curry - proxy should support returning new states from curring" name="curry - proxy should support returning new states from curring" time="0.013">
    </testcase>
    <testcase classname="curry - proxy should support passing an initial state as second argument" name="curry - proxy should support passing an initial state as second argument" time="0.004">
    </testcase>
    <testcase classname="curry - proxy can has fun with change detection" name="curry - proxy can has fun with change detection" time="0.016">
    </testcase>
    <testcase classname=" support currying for produceWithPatches" name=" support currying for produceWithPatches" time="0.003">
    </testcase>
  </testsuite>
  <testsuite name="readme example" errors="0" failures="0" skipped="0" timestamp="2026-04-22T21:14:13" time="0.5" tests="8">
    <testcase classname="readme example works" name="readme example works" time="0.01">
    </testcase>
    <testcase classname="readme example patches" name="readme example patches" time="0.005">
    </testcase>
    <testcase classname="readme example can update set" name="readme example can update set" time="0.003">
    </testcase>
    <testcase classname="readme example can deep update map" name="readme example can deep update map" time="0.007">
    </testcase>
    <testcase classname="readme example supports immerable" name="readme example supports immerable" time="0.008">
    </testcase>
    <testcase classname="readme example produceWithPatches" name="readme example produceWithPatches" time="0.007">
    </testcase>
    <testcase classname=" Producers can update Maps" name=" Producers can update Maps" time="0.008">
    </testcase>
    <testcase classname=" clock class" name=" clock class" time="0.005">
    </testcase>
  </testsuite>
  <testsuite name="undefined" errors="0" failures="0" skipped="0" timestamp="2026-04-22T21:14:13" time="0.431" tests="1">
    <testcase classname=" works with interweaved Immer instances with strict mode and disable Freeze" name=" works with interweaved Immer instances with strict mode and disable Freeze" time="0.018">
    </testcase>
  </testsuite>
  <testsuite name="undefined" errors="0" failures="0" skipped="0" timestamp="2026-04-22T21:14:13" time="0.533" tests="8">
    <testcase classname=" empty stub test" name=" empty stub test" time="0.003">
    </testcase>
    <testcase classname="map set - proxy can assign set value" name="map set - proxy can assign set value" time="0.003">
    </testcase>
    <testcase classname="map set - proxy can assign by key" name="map set - proxy can assign by key" time="0.006">
    </testcase>
    <testcase classname="map set - proxy deep change bubbles up" name="map set - proxy deep change bubbles up" time="0.005">
    </testcase>
    <testcase classname="map set - proxy can assign by key" name="map set - proxy can assign by key" time="0.002">
    </testcase>
    <testcase classname="map set - proxy can use &apos;delete&apos; to remove items" name="map set - proxy can use &apos;delete&apos; to remove items" time="0.017">
    </testcase>
    <testcase classname="map set - proxy support &apos;has&apos;" name="map set - proxy support &apos;has&apos;" time="0.005">
    </testcase>
    <testcase classname="#768 bla" name="#768 bla" time="0.009">
    </testcase>
  </testsuite>
  <testsuite name="undefined" errors="0" failures="0" skipped="0" timestamp="2026-04-22T21:14:14" time="0.462" tests="3">
    <testcase classname=" check not warn when apply patches with other options in prod mode" name=" check not warn when apply patches with other options in prod mode" time="0.015">
    </testcase>
    <testcase classname=" custom shallow copy without checking in prod mode" name=" custom shallow copy without checking in prod mode" time="0.007">
    </testcase>
    <testcase classname=" wraps unowned draft with its own draft" name=" wraps unowned draft with its own draft" time="0.002">
    </testcase>
  </testsuite>
  <testsuite name="undefined" errors="0" failures="0" skipped="0" timestamp="2026-04-22T21:14:14" time="0.504" tests="1">
    <testcase classname=" set - Set.prototype.difference is not supported" name=" set - Set.prototype.difference is not supported" time="0.051">
    </testcase>
  </testsuite>
  <testsuite name="undefined" errors="0" failures="0" skipped="0" timestamp="2026-04-22T21:14:14" time="0.472" tests="4">
    <testcase classname=" error when using Maps" name=" error when using Maps" time="0.007">
    </testcase>
    <testcase classname=" error when using patches - 1" name=" error when using patches - 1" time="0.003">
    </testcase>
    <testcase classname=" error when using patches - 2" name=" error when using patches - 2" time="0.001">
    </testcase>
    <testcase classname=" error when using patches - 3" name=" error when using patches - 3" time="0.001">
    </testcase>
  </testsuite>
  <testsuite name="undefined" errors="0" failures="0" skipped="0" timestamp="2026-04-22T21:14:14" time="0.34" tests="5">
    <testcase classname=" draft.ts" name=" draft.ts" time="0.004">
    </testcase>
    <testcase classname=" castDraft" name=" castDraft" time="0.001">
    </testcase>
    <testcase classname=" #505 original" name=" #505 original" time="0.002">
    </testcase>
    <testcase classname=" castDraft preserves a value" name=" castDraft preserves a value" time="0.002">
    </testcase>
    <testcase classname=" #512 createDraft creates a draft" name=" #512 createDraft creates a draft" time="0.001">
    </testcase>
  </testsuite>
  <testsuite name="undefined" errors="0" failures="0" skipped="0" timestamp="2026-04-22T21:14:14" time="0.47" tests="2">
    <testcase classname=" custom shallow copy with checking in dev mode" name=" custom shallow copy with checking in dev mode" time="0.007">
    </testcase>
    <testcase classname=" check warn when apply patches with other options" name=" check warn when apply patches with other options" time="0.011">
    </testcase>
  </testsuite>
  <testsuite name="undefined" errors="0" failures="0" skipped="0" timestamp="2026-04-22T21:14:14" time="0.315" tests="1">
    <testcase classname=" non-plain object with undefined constructor doesn&apos;t error" name=" non-plain object with undefined constructor doesn&apos;t error" time="0.003">
    </testcase>
  </testsuite>
  <testsuite name="null functionality" errors="0" failures="0" skipped="0" timestamp="2026-04-22T21:14:14" time="0.299" tests="1">
    <testcase classname="null functionality should return the original without modifications" name="null functionality should return the original without modifications" time="0.003">
    </testcase>
  </testsuite>
  <testsuite name="undefined" errors="0" failures="0" skipped="0" timestamp="2026-04-22T21:13:57" time="21.021" tests="1665">
    <testcase classname=" immer should have no dependencies" name=" immer should have no dependencies" time="0.025">
    </testcase>
    <testcase classname="base functionality - auto-freeze=true:shallow-copy=true:use-listener=true returns the original state when no changes are made" name="base functionality - auto-freeze=true:shallow-copy=true:use-listener=true returns the original state when no changes are made" time="0.017">
    </testcase>
    <testcase classname="base functionality - auto-freeze=true:shallow-copy=true:use-listener=true does structural sharing" name="base functionality - auto-freeze=true:shallow-copy=true:use-listener=true does structural sharing" time="0.008">
    </testcase>
    <testcase classname="base functionality - auto-freeze=true:shallow-copy=true:use-listener=true deep change bubbles up" name="base functionality - auto-freeze=true:shallow-copy=true:use-listener=true deep change bubbles up" time="0.004">
    </testcase>
    <testcase classname="base functionality - auto-freeze=true:shallow-copy=true:use-listener=true can add props" name="base functionality - auto-freeze=true:shallow-copy=true:use-listener=true can add props" time="0.004">
    </testcase>
    <testcase classname="base functionality - auto-freeze=true:shallow-copy=true:use-listener=true can delete props" name="base functionality - auto-freeze=true:shallow-copy=true:use-listener=true can delete props" time="0.004">
    </testcase>
    <testcase classname="base functionality - auto-freeze=true:shallow-copy=true:use-listener=true can delete props - 2" name="base functionality - auto-freeze=true:shallow-copy=true:use-listener=true can delete props - 2" time="0.002">
    </testcase>
    <testcase classname="base functionality - auto-freeze=true:shallow-copy=true:use-listener=true can delete props added in the producer" name="base functionality - auto-freeze=true:shallow-copy=true:use-listener=true can delete props added in the producer" time="0.003">
    </testcase>
    <testcase classname="base functionality - auto-freeze=true:shallow-copy=true:use-listener=true can set a property that was just deleted" name="base functionality - auto-freeze=true:shallow-copy=true:use-listener=true can set a property that was just deleted" time="0.002">
    </testcase>
    <testcase classname="base functionality - auto-freeze=true:shallow-copy=true:use-listener=true can set a property to its original value after deleting it" name="base functionality - auto-freeze=true:shallow-copy=true:use-listener=true can set a property to its original value after deleting it" time="0.002">
    </testcase>
    <testcase classname="base functionality - auto-freeze=true:shallow-copy=true:use-listener=true can get property descriptors" name="base functionality - auto-freeze=true:shallow-copy=true:use-listener=true can get property descriptors" time="0.005">
    </testcase>
    <testcase classname="base functionality - auto-freeze=true:shallow-copy=true:use-listener=true array drafts supports Array.isArray()" name="base functionality - auto-freeze=true:shallow-copy=true:use-listener=true array drafts supports Array.isArray()" time="0.002">
    </testcase>
    <testcase classname="base functionality - auto-freeze=true:shallow-copy=true:use-listener=true array drafts supports index access" name="base functionality - auto-freeze=true:shallow-copy=true:use-listener=true array drafts supports index access" time="0.002">
    </testcase>
    <testcase classname="base functionality - auto-freeze=true:shallow-copy=true:use-listener=true array drafts supports iteration" name="base functionality - auto-freeze=true:shallow-copy=true:use-listener=true array drafts supports iteration" time="0.003">
    </testcase>
    <testcase classname="base functionality - auto-freeze=true:shallow-copy=true:use-listener=true array drafts can assign an index via bracket notation" name="base functionality - auto-freeze=true:shallow-copy=true:use-listener=true array drafts can assign an index via bracket notation" time="0.004">
    </testcase>
    <testcase classname="base functionality - auto-freeze=true:shallow-copy=true:use-listener=true array drafts can use splice() to both add and remove items" name="base functionality - auto-freeze=true:shallow-copy=true:use-listener=true array drafts can use splice() to both add and remove items" time="0.003">
    </testcase>
    <testcase classname="base functionality - auto-freeze=true:shallow-copy=true:use-listener=true array drafts can truncate via the length property" name="base functionality - auto-freeze=true:shallow-copy=true:use-listener=true array drafts can truncate via the length property" time="0.002">
    </testcase>
    <testcase classname="base functionality - auto-freeze=true:shallow-copy=true:use-listener=true array drafts can extend via the length property" name="base functionality - auto-freeze=true:shallow-copy=true:use-listener=true array drafts can extend via the length property" time="0.002">
    </testcase>
    <testcase classname="base functionality - auto-freeze=true:shallow-copy=true:use-listener=true array drafts can pop then push" name="base functionality - auto-freeze=true:shallow-copy=true:use-listener=true array drafts can pop then push" time="0.003">
    </testcase>
    <testcase classname="base functionality - auto-freeze=true:shallow-copy=true:use-listener=true array drafts can be sorted" name="base functionality - auto-freeze=true:shallow-copy=true:use-listener=true array drafts can be sorted" time="0.002">
    </testcase>
    <testcase classname="base functionality - auto-freeze=true:shallow-copy=true:use-listener=true array drafts supports modifying nested objects" name="base functionality - auto-freeze=true:shallow-copy=true:use-listener=true array drafts supports modifying nested objects" time="0.003">
    </testcase>
    <testcase classname="base functionality - auto-freeze=true:shallow-copy=true:use-listener=true array drafts never preserves non-numeric properties" name="base functionality - auto-freeze=true:shallow-copy=true:use-listener=true array drafts never preserves non-numeric properties" time="0.002">
    </testcase>
    <testcase classname="base functionality - auto-freeze=true:shallow-copy=true:use-listener=true array drafts throws when a non-numeric property is added" name="base functionality - auto-freeze=true:shallow-copy=true:use-listener=true array drafts throws when a non-numeric property is added" time="0.006">
    </testcase>
    <testcase classname="base functionality - auto-freeze=true:shallow-copy=true:use-listener=true array drafts throws when a non-numeric property is deleted" name="base functionality - auto-freeze=true:shallow-copy=true:use-listener=true array drafts throws when a non-numeric property is deleted" time="0.003">
    </testcase>
    <testcase classname="base functionality - auto-freeze=true:shallow-copy=true:use-listener=true map drafts supports key access" name="base functionality - auto-freeze=true:shallow-copy=true:use-listener=true map drafts supports key access" time="0.004">
    </testcase>
    <testcase classname="base functionality - auto-freeze=true:shallow-copy=true:use-listener=true map drafts supports key access for non-primitive keys" name="base functionality - auto-freeze=true:shallow-copy=true:use-listener=true map drafts supports key access for non-primitive keys" time="0.003">
    </testcase>
    <testcase classname="base functionality - auto-freeze=true:shallow-copy=true:use-listener=true map drafts supports iteration" name="base functionality - auto-freeze=true:shallow-copy=true:use-listener=true map drafts supports iteration" time="0.004">
    </testcase>
    <testcase classname="base functionality - auto-freeze=true:shallow-copy=true:use-listener=true map drafts supports &apos;entries&apos;" name="base functionality - auto-freeze=true:shallow-copy=true:use-listener=true map drafts supports &apos;entries&apos;" time="0.004">
    </testcase>
    <testcase classname="base functionality - auto-freeze=true:shallow-copy=true:use-listener=true map drafts supports &apos;values&apos;" name="base functionality - auto-freeze=true:shallow-copy=true:use-listener=true map drafts supports &apos;values&apos;" time="0.005">
    </testcase>
    <testcase classname="base functionality - auto-freeze=true:shallow-copy=true:use-listener=true map drafts supports &apos;keys" name="base functionality - auto-freeze=true:shallow-copy=true:use-listener=true map drafts supports &apos;keys" time="0.01">
    </testcase>
    <testcase classname="base functionality - auto-freeze=true:shallow-copy=true:use-listener=true map drafts supports forEach" name="base functionality - auto-freeze=true:shallow-copy=true:use-listener=true map drafts supports forEach" time="0.026">
    </testcase>
    <testcase classname="base functionality - auto-freeze=true:shallow-copy=true:use-listener=true map drafts supports forEach mutation" name="base functionality - auto-freeze=true:shallow-copy=true:use-listener=true map drafts supports forEach mutation" time="0.01">
    </testcase>
    <testcase classname="base functionality - auto-freeze=true:shallow-copy=true:use-listener=true map drafts can assign by key" name="base functionality - auto-freeze=true:shallow-copy=true:use-listener=true map drafts can assign by key" time="0.007">
    </testcase>
    <testcase classname="base functionality - auto-freeze=true:shallow-copy=true:use-listener=true map drafts can assign by a non-primitive key" name="base functionality - auto-freeze=true:shallow-copy=true:use-listener=true map drafts can assign by a non-primitive key" time="0.002">
    </testcase>
    <testcase classname="base functionality - auto-freeze=true:shallow-copy=true:use-listener=true map drafts state stays the same if the the same item is assigned by key" name="base functionality - auto-freeze=true:shallow-copy=true:use-listener=true map drafts state stays the same if the the same item is assigned by key" time="0.005">
    </testcase>
    <testcase classname="base functionality - auto-freeze=true:shallow-copy=true:use-listener=true map drafts returns &apos;size&apos;" name="base functionality - auto-freeze=true:shallow-copy=true:use-listener=true map drafts returns &apos;size&apos;" time="0.006">
    </testcase>
    <testcase classname="base functionality - auto-freeze=true:shallow-copy=true:use-listener=true map drafts can use &apos;delete&apos; to remove items" name="base functionality - auto-freeze=true:shallow-copy=true:use-listener=true map drafts can use &apos;delete&apos; to remove items" time="0.005">
    </testcase>
    <testcase classname="base functionality - auto-freeze=true:shallow-copy=true:use-listener=true map drafts can use &apos;clear&apos; to remove items" name="base functionality - auto-freeze=true:shallow-copy=true:use-listener=true map drafts can use &apos;clear&apos; to remove items" time="0.007">
    </testcase>
    <testcase classname="base functionality - auto-freeze=true:shallow-copy=true:use-listener=true map drafts support &apos;has&apos;" name="base functionality - auto-freeze=true:shallow-copy=true:use-listener=true map drafts support &apos;has&apos;" time="0.007">
    </testcase>
    <testcase classname="base functionality - auto-freeze=true:shallow-copy=true:use-listener=true map drafts supports nested maps" name="base functionality - auto-freeze=true:shallow-copy=true:use-listener=true map drafts supports nested maps" time="0.007">
    </testcase>
    <testcase classname="base functionality - auto-freeze=true:shallow-copy=true:use-listener=true map drafts treats void deletes as no-op" name="base functionality - auto-freeze=true:shallow-copy=true:use-listener=true map drafts treats void deletes as no-op" time="0.001">
    </testcase>
    <testcase classname="base functionality - auto-freeze=true:shallow-copy=true:use-listener=true map drafts revokes map proxies" name="base functionality - auto-freeze=true:shallow-copy=true:use-listener=true map drafts revokes map proxies" time="0.007">
    </testcase>
    <testcase classname="base functionality - auto-freeze=true:shallow-copy=true:use-listener=true map drafts does not draft map keys" name="base functionality - auto-freeze=true:shallow-copy=true:use-listener=true map drafts does not draft map keys" time="0.009">
    </testcase>
    <testcase classname="base functionality - auto-freeze=true:shallow-copy=true:use-listener=true map drafts does support instanceof Map" name="base functionality - auto-freeze=true:shallow-copy=true:use-listener=true map drafts does support instanceof Map" time="0.003">
    </testcase>
    <testcase classname="base functionality - auto-freeze=true:shallow-copy=true:use-listener=true map drafts handles clear correctly" name="base functionality - auto-freeze=true:shallow-copy=true:use-listener=true map drafts handles clear correctly" time="0.002">
    </testcase>
    <testcase classname="base functionality - auto-freeze=true:shallow-copy=true:use-listener=true set drafts supports iteration" name="base functionality - auto-freeze=true:shallow-copy=true:use-listener=true set drafts supports iteration" time="0.003">
    </testcase>
    <testcase classname="base functionality - auto-freeze=true:shallow-copy=true:use-listener=true set drafts supports &apos;entries&apos;" name="base functionality - auto-freeze=true:shallow-copy=true:use-listener=true set drafts supports &apos;entries&apos;" time="0.004">
    </testcase>
    <testcase classname="base functionality - auto-freeze=true:shallow-copy=true:use-listener=true set drafts supports &apos;values&apos;" name="base functionality - auto-freeze=true:shallow-copy=true:use-listener=true set drafts supports &apos;values&apos;" time="0.004">
    </testcase>
    <testcase classname="base functionality - auto-freeze=true:shallow-copy=true:use-listener=true set drafts supports &apos;keys&apos;" name="base functionality - auto-freeze=true:shallow-copy=true:use-listener=true set drafts supports &apos;keys&apos;" time="0.003">
    </testcase>
    <testcase classname="base functionality - auto-freeze=true:shallow-copy=true:use-listener=true set drafts supports forEach with mutation after reads" name="base functionality - auto-freeze=true:shallow-copy=true:use-listener=true set drafts supports forEach with mutation after reads" time="0.005">
    </testcase>
    <testcase classname="base functionality - auto-freeze=true:shallow-copy=true:use-listener=true set drafts state stays the same if the same item is added" name="base functionality - auto-freeze=true:shallow-copy=true:use-listener=true set drafts state stays the same if the same item is added" time="0.007">
    </testcase>
    <testcase classname="base functionality - auto-freeze=true:shallow-copy=true:use-listener=true set drafts can add new items" name="base functionality - auto-freeze=true:shallow-copy=true:use-listener=true set drafts can add new items" time="0.007">
    </testcase>
    <testcase classname="base functionality - auto-freeze=true:shallow-copy=true:use-listener=true set drafts returns &apos;size&apos;" name="base functionality - auto-freeze=true:shallow-copy=true:use-listener=true set drafts returns &apos;size&apos;" time="0.005">
    </testcase>
    <testcase classname="base functionality - auto-freeze=true:shallow-copy=true:use-listener=true set drafts can use &apos;delete&apos; to remove items" name="base functionality - auto-freeze=true:shallow-copy=true:use-listener=true set drafts can use &apos;delete&apos; to remove items" time="0.008">
    </testcase>
    <testcase classname="base functionality - auto-freeze=true:shallow-copy=true:use-listener=true set drafts can use &apos;clear&apos; to remove items" name="base functionality - auto-freeze=true:shallow-copy=true:use-listener=true set drafts can use &apos;clear&apos; to remove items" time="0.004">
    </testcase>
    <testcase classname="base functionality - auto-freeze=true:shallow-copy=true:use-listener=true set drafts supports &apos;has&apos;" name="base functionality - auto-freeze=true:shallow-copy=true:use-listener=true set drafts supports &apos;has&apos;" time="0.003">
    </testcase>
    <testcase classname="base functionality - auto-freeze=true:shallow-copy=true:use-listener=true set drafts supports nested sets" name="base functionality - auto-freeze=true:shallow-copy=true:use-listener=true set drafts supports nested sets" time="0.008">
    </testcase>
    <testcase classname="base functionality - auto-freeze=true:shallow-copy=true:use-listener=true set drafts supports has / delete on elements from the original" name="base functionality - auto-freeze=true:shallow-copy=true:use-listener=true set drafts supports has / delete on elements from the original" time="0.005">
    </testcase>
    <testcase classname="base functionality - auto-freeze=true:shallow-copy=true:use-listener=true set drafts revokes sets" name="base functionality - auto-freeze=true:shallow-copy=true:use-listener=true set drafts revokes sets" time="0.006">
    </testcase>
    <testcase classname="base functionality - auto-freeze=true:shallow-copy=true:use-listener=true set drafts does support instanceof Set" name="base functionality - auto-freeze=true:shallow-copy=true:use-listener=true set drafts does support instanceof Set" time="0.004">
    </testcase>
    <testcase classname="base functionality - auto-freeze=true:shallow-copy=true:use-listener=true supports `immerable` symbol on constructor" name="base functionality - auto-freeze=true:shallow-copy=true:use-listener=true supports `immerable` symbol on constructor" time="0.004">
    </testcase>
    <testcase classname="base functionality - auto-freeze=true:shallow-copy=true:use-listener=true preserves symbol properties" name="base functionality - auto-freeze=true:shallow-copy=true:use-listener=true preserves symbol properties" time="0.005">
    </testcase>
    <testcase classname="base functionality - auto-freeze=true:shallow-copy=true:use-listener=true preserves non-enumerable properties" name="base functionality - auto-freeze=true:shallow-copy=true:use-listener=true preserves non-enumerable properties" time="0.004">
    </testcase>
    <testcase classname="base functionality - auto-freeze=true:shallow-copy=true:use-listener=true can work with own computed props" name="base functionality - auto-freeze=true:shallow-copy=true:use-listener=true can work with own computed props" time="0.004">
    </testcase>
    <testcase classname="base functionality - auto-freeze=true:shallow-copy=true:use-listener=true can work with class with computed props" name="base functionality - auto-freeze=true:shallow-copy=true:use-listener=true can work with class with computed props" time="0.003">
    </testcase>
    <testcase classname="base functionality - auto-freeze=true:shallow-copy=true:use-listener=true allows inherited computed properties" name="base functionality - auto-freeze=true:shallow-copy=true:use-listener=true allows inherited computed properties" time="0.004">
    </testcase>
    <testcase classname="base functionality - auto-freeze=true:shallow-copy=true:use-listener=true optimization: does not visit properties of new data structures if autofreeze is disabled and no drafts are unfinalized" name="base functionality - auto-freeze=true:shallow-copy=true:use-listener=true optimization: does not visit properties of new data structures if autofreeze is disabled and no drafts are unfinalized" time="0.015">
    </testcase>
    <testcase classname="base functionality - auto-freeze=true:shallow-copy=true:use-listener=true same optimization doesn&apos;t cause draft from nested producers to be unfinished" name="base functionality - auto-freeze=true:shallow-copy=true:use-listener=true same optimization doesn&apos;t cause draft from nested producers to be unfinished" time="0.008">
    </testcase>
    <testcase classname="base functionality - auto-freeze=true:shallow-copy=true:use-listener=true supports a base state with multiple references to an object" name="base functionality - auto-freeze=true:shallow-copy=true:use-listener=true supports a base state with multiple references to an object" time="0.004">
    </testcase>
    <testcase classname="base functionality - auto-freeze=true:shallow-copy=true:use-listener=true supports multiple references to any modified draft" name="base functionality - auto-freeze=true:shallow-copy=true:use-listener=true supports multiple references to any modified draft" time="0.007">
    </testcase>
    <testcase classname="base functionality - auto-freeze=true:shallow-copy=true:use-listener=true can rename nested objects (no changes)" name="base functionality - auto-freeze=true:shallow-copy=true:use-listener=true can rename nested objects (no changes)" time="0.008">
    </testcase>
    <testcase classname="base functionality - auto-freeze=true:shallow-copy=true:use-listener=true can rename nested objects (with changes)" name="base functionality - auto-freeze=true:shallow-copy=true:use-listener=true can rename nested objects (with changes)" time="0.007">
    </testcase>
    <testcase classname="base functionality - auto-freeze=true:shallow-copy=true:use-listener=true can nest a draft in a new object (no changes)" name="base functionality - auto-freeze=true:shallow-copy=true:use-listener=true can nest a draft in a new object (no changes)" time="0.004">
    </testcase>
    <testcase classname="base functionality - auto-freeze=true:shallow-copy=true:use-listener=true can nest a modified draft in a new object" name="base functionality - auto-freeze=true:shallow-copy=true:use-listener=true can nest a modified draft in a new object" time="0.003">
    </testcase>
    <testcase classname="base functionality - auto-freeze=true:shallow-copy=true:use-listener=true supports assigning undefined to an existing property" name="base functionality - auto-freeze=true:shallow-copy=true:use-listener=true supports assigning undefined to an existing property" time="0.01">
    </testcase>
    <testcase classname="base functionality - auto-freeze=true:shallow-copy=true:use-listener=true supports assigning undefined to a new property" name="base functionality - auto-freeze=true:shallow-copy=true:use-listener=true supports assigning undefined to a new property" time="0.003">
    </testcase>
    <testcase classname="base functionality - auto-freeze=true:shallow-copy=true:use-listener=true revokes the draft once produce returns" name="base functionality - auto-freeze=true:shallow-copy=true:use-listener=true revokes the draft once produce returns" time="0.011">
    </testcase>
    <testcase classname="base functionality - auto-freeze=true:shallow-copy=true:use-listener=true can access a child draft that was created before the draft was modified" name="base functionality - auto-freeze=true:shallow-copy=true:use-listener=true can access a child draft that was created before the draft was modified" time="0.003">
    </testcase>
    <testcase classname="base functionality - auto-freeze=true:shallow-copy=true:use-listener=true should reflect all changes made in the draft immediately" name="base functionality - auto-freeze=true:shallow-copy=true:use-listener=true should reflect all changes made in the draft immediately" time="0.004">
    </testcase>
    <testcase classname="base functionality - auto-freeze=true:shallow-copy=true:use-listener=true throws when Object.defineProperty() is used on drafts" name="base functionality - auto-freeze=true:shallow-copy=true:use-listener=true throws when Object.defineProperty() is used on drafts" time="0.003">
    </testcase>
    <testcase classname="base functionality - auto-freeze=true:shallow-copy=true:use-listener=true should handle constructor correctly" name="base functionality - auto-freeze=true:shallow-copy=true:use-listener=true should handle constructor correctly" time="0.005">
    </testcase>
    <testcase classname="base functionality - auto-freeze=true:shallow-copy=true:use-listener=true should handle equality correctly - 1" name="base functionality - auto-freeze=true:shallow-copy=true:use-listener=true should handle equality correctly - 1" time="0.002">
    </testcase>
    <testcase classname="base functionality - auto-freeze=true:shallow-copy=true:use-listener=true should handle equality correctly - 2" name="base functionality - auto-freeze=true:shallow-copy=true:use-listener=true should handle equality correctly - 2" time="0.004">
    </testcase>
    <testcase classname="base functionality - auto-freeze=true:shallow-copy=true:use-listener=true should handle equality correctly - 3" name="base functionality - auto-freeze=true:shallow-copy=true:use-listener=true should handle equality correctly - 3" time="0.002">
    </testcase>
    <testcase classname="base functionality - auto-freeze=true:shallow-copy=true:use-listener=true nested producers when base state is not a draft never affects its parent producer implicitly" name="base functionality - auto-freeze=true:shallow-copy=true:use-listener=true nested producers when base state is not a draft never affects its parent producer implicitly" time="0.003">
    </testcase>
    <testcase classname="base functionality - auto-freeze=true:shallow-copy=true:use-listener=true nested producers when base state is a draft always wraps the draft in a new draft" name="base functionality - auto-freeze=true:shallow-copy=true:use-listener=true nested producers when base state is a draft always wraps the draft in a new draft" time="0.007">
    </testcase>
    <testcase classname="base functionality - auto-freeze=true:shallow-copy=true:use-listener=true nested producers when base state is a draft ensures each property is drafted" name="base functionality - auto-freeze=true:shallow-copy=true:use-listener=true nested producers when base state is a draft ensures each property is drafted" time="0.008">
    </testcase>
    <testcase classname="base functionality - auto-freeze=true:shallow-copy=true:use-listener=true nested producers when base state is a draft preserves any pending changes" name="base functionality - auto-freeze=true:shallow-copy=true:use-listener=true nested producers when base state is a draft preserves any pending changes" time="0.006">
    </testcase>
    <testcase classname="base functionality - auto-freeze=true:shallow-copy=true:use-listener=true nested producers when base state contains a draft wraps unowned draft with its own draft" name="base functionality - auto-freeze=true:shallow-copy=true:use-listener=true nested producers when base state contains a draft wraps unowned draft with its own draft" time="0.002">
    </testcase>
    <testcase classname="base functionality - auto-freeze=true:shallow-copy=true:use-listener=true nested producers when base state contains a draft returns unowned draft if no changes were made" name="base functionality - auto-freeze=true:shallow-copy=true:use-listener=true nested producers when base state contains a draft returns unowned draft if no changes were made" time="0.003">
    </testcase>
    <testcase classname="base functionality - auto-freeze=true:shallow-copy=true:use-listener=true nested producers when base state contains a draft clones the unowned draft when changes are made" name="base functionality - auto-freeze=true:shallow-copy=true:use-listener=true nested producers when base state contains a draft clones the unowned draft when changes are made" time="0.003">
    </testcase>
    <testcase classname="base functionality - auto-freeze=true:shallow-copy=true:use-listener=true nested producers when base state contains a draft never auto-freezes the result" name="base functionality - auto-freeze=true:shallow-copy=true:use-listener=true nested producers when base state contains a draft never auto-freezes the result" time="0.003">
    </testcase>
    <testcase classname="base functionality - auto-freeze=true:shallow-copy=true:use-listener=true nested producers does not finalize upvalue drafts" name="base functionality - auto-freeze=true:shallow-copy=true:use-listener=true nested producers does not finalize upvalue drafts" time="0.129">
    </testcase>
    <testcase classname="base functionality - auto-freeze=true:shallow-copy=true:use-listener=true nested producers works with interweaved Immer instances" name="base functionality - auto-freeze=true:shallow-copy=true:use-listener=true nested producers works with interweaved Immer instances" time="0.001">
    </testcase>
    <testcase classname="base functionality - auto-freeze=true:shallow-copy=true:use-listener=true throws when Object.setPrototypeOf() is used on a draft" name="base functionality - auto-freeze=true:shallow-copy=true:use-listener=true throws when Object.setPrototypeOf() is used on a draft" time="0.003">
    </testcase>
    <testcase classname="base functionality - auto-freeze=true:shallow-copy=true:use-listener=true supports the &apos;in&apos; operator" name="base functionality - auto-freeze=true:shallow-copy=true:use-listener=true supports the &apos;in&apos; operator" time="0.009">
    </testcase>
    <testcase classname="base functionality - auto-freeze=true:shallow-copy=true:use-listener=true &apos;this&apos; should not be bound anymore - 1" name="base functionality - auto-freeze=true:shallow-copy=true:use-listener=true &apos;this&apos; should not be bound anymore - 1" time="0.002">
    </testcase>
    <testcase classname="base functionality - auto-freeze=true:shallow-copy=true:use-listener=true &apos;this&apos; should not be bound anymore - 2" name="base functionality - auto-freeze=true:shallow-copy=true:use-listener=true &apos;this&apos; should not be bound anymore - 2" time="0.003">
    </testcase>
    <testcase classname="base functionality - auto-freeze=true:shallow-copy=true:use-listener=true should be possible to use dynamic bound this" name="base functionality - auto-freeze=true:shallow-copy=true:use-listener=true should be possible to use dynamic bound this" time="0.001">
    </testcase>
    <testcase classname="base functionality - auto-freeze=true:shallow-copy=true:use-listener=true doesnt recurse into frozen structures if external data is frozen" name="base functionality - auto-freeze=true:shallow-copy=true:use-listener=true doesnt recurse into frozen structures if external data is frozen" time="0.002">
    </testcase>
    <testcase classname="base functionality - auto-freeze=true:shallow-copy=true:use-listener=true supports the spread operator" name="base functionality - auto-freeze=true:shallow-copy=true:use-listener=true supports the spread operator" time="0.003">
    </testcase>
    <testcase classname="base functionality - auto-freeze=true:shallow-copy=true:use-listener=true processes with lodash.set" name="base functionality - auto-freeze=true:shallow-copy=true:use-listener=true processes with lodash.set" time="0.009">
    </testcase>
    <testcase classname="base functionality - auto-freeze=true:shallow-copy=true:use-listener=true processes with lodash.find" name="base functionality - auto-freeze=true:shallow-copy=true:use-listener=true processes with lodash.find" time="0.008">
    </testcase>
    <testcase classname="base functionality - auto-freeze=true:shallow-copy=true:use-listener=true does not draft external data" name="base functionality - auto-freeze=true:shallow-copy=true:use-listener=true does not draft external data" time="0.006">
    </testcase>
    <testcase classname="base functionality - auto-freeze=true:shallow-copy=true:use-listener=true does not create new state unnecessary, #491" name="base functionality - auto-freeze=true:shallow-copy=true:use-listener=true does not create new state unnecessary, #491" time="0.007">
    </testcase>
    <testcase classname="base functionality - auto-freeze=true:shallow-copy=true:use-listener=true issue #462 - frozen" name="base functionality - auto-freeze=true:shallow-copy=true:use-listener=true issue #462 - frozen" time="0.008">
    </testcase>
    <testcase classname="base functionality - auto-freeze=true:shallow-copy=true:use-listener=true issue #469, state not frozen" name="base functionality - auto-freeze=true:shallow-copy=true:use-listener=true issue #469, state not frozen" time="0.013">
    </testcase>
    <testcase classname="base functionality - auto-freeze=true:shallow-copy=true:use-listener=true recipe functions can return a new object" name="base functionality - auto-freeze=true:shallow-copy=true:use-listener=true recipe functions can return a new object" time="0.009">
    </testcase>
    <testcase classname="base functionality - auto-freeze=true:shallow-copy=true:use-listener=true recipe functions can return the draft" name="base functionality - auto-freeze=true:shallow-copy=true:use-listener=true recipe functions can return the draft" time="0.007">
    </testcase>
    <testcase classname="base functionality - auto-freeze=true:shallow-copy=true:use-listener=true recipe functions can return an unmodified child draft" name="base functionality - auto-freeze=true:shallow-copy=true:use-listener=true recipe functions can return an unmodified child draft" time="0.002">
    </testcase>
    <testcase classname="base functionality - auto-freeze=true:shallow-copy=true:use-listener=true recipe functions cannot return a modified child draft" name="base functionality - auto-freeze=true:shallow-copy=true:use-listener=true recipe functions cannot return a modified child draft" time="0.004">
    </testcase>
    <testcase classname="base functionality - auto-freeze=true:shallow-copy=true:use-listener=true recipe functions can return a frozen object" name="base functionality - auto-freeze=true:shallow-copy=true:use-listener=true recipe functions can return a frozen object" time="0.026">
    </testcase>
    <testcase classname="base functionality - auto-freeze=true:shallow-copy=true:use-listener=true recipe functions can return an object with two references to another object" name="base functionality - auto-freeze=true:shallow-copy=true:use-listener=true recipe functions can return an object with two references to another object" time="0.005">
    </testcase>
    <testcase classname="base functionality - auto-freeze=true:shallow-copy=true:use-listener=true recipe functions can return an object with two references to an unmodified draft" name="base functionality - auto-freeze=true:shallow-copy=true:use-listener=true recipe functions can return an object with two references to an unmodified draft" time="0.006">
    </testcase>
    <testcase classname="base functionality - auto-freeze=true:shallow-copy=true:use-listener=true recipe functions cannot return an object that references itself" name="base functionality - auto-freeze=true:shallow-copy=true:use-listener=true recipe functions cannot return an object that references itself" time="0.058">
    </testcase>
    <testcase classname="base functionality - auto-freeze=true:shallow-copy=true:use-listener=true throws when the draft is modified and another object is returned" name="base functionality - auto-freeze=true:shallow-copy=true:use-listener=true throws when the draft is modified and another object is returned" time="0.007">
    </testcase>
    <testcase classname="base functionality - auto-freeze=true:shallow-copy=true:use-listener=true should fix #117 - 1" name="base functionality - auto-freeze=true:shallow-copy=true:use-listener=true should fix #117 - 1" time="0.016">
    </testcase>
    <testcase classname="base functionality - auto-freeze=true:shallow-copy=true:use-listener=true should fix #117 - 2" name="base functionality - auto-freeze=true:shallow-copy=true:use-listener=true should fix #117 - 2" time="0.011">
    </testcase>
    <testcase classname="base functionality - auto-freeze=true:shallow-copy=true:use-listener=true cannot always detect noop assignments - 0" name="base functionality - auto-freeze=true:shallow-copy=true:use-listener=true cannot always detect noop assignments - 0" time="0.005">
    </testcase>
    <testcase classname="base functionality - auto-freeze=true:shallow-copy=true:use-listener=true cannot always detect noop assignments - 1" name="base functionality - auto-freeze=true:shallow-copy=true:use-listener=true cannot always detect noop assignments - 1" time="0.01">
    </testcase>
    <testcase classname="base functionality - auto-freeze=true:shallow-copy=true:use-listener=true cannot always detect noop assignments - 2" name="base functionality - auto-freeze=true:shallow-copy=true:use-listener=true cannot always detect noop assignments - 2" time="0.004">
    </testcase>
    <testcase classname="base functionality - auto-freeze=true:shallow-copy=true:use-listener=true cannot always detect noop assignments - 3" name="base functionality - auto-freeze=true:shallow-copy=true:use-listener=true cannot always detect noop assignments - 3" time="0.003">
    </testcase>
    <testcase classname="base functionality - auto-freeze=true:shallow-copy=true:use-listener=true cannot always detect noop assignments - 4" name="base functionality - auto-freeze=true:shallow-copy=true:use-listener=true cannot always detect noop assignments - 4" time="0.008">
    </testcase>
    <testcase classname="base functionality - auto-freeze=true:shallow-copy=true:use-listener=true cannot always detect noop assignments - 4" name="base functionality - auto-freeze=true:shallow-copy=true:use-listener=true cannot always detect noop assignments - 4" time="0.009">
    </testcase>
    <testcase classname="base functionality - auto-freeze=true:shallow-copy=true:use-listener=true cannot produce undefined by returning undefined" name="base functionality - auto-freeze=true:shallow-copy=true:use-listener=true cannot produce undefined by returning undefined" time="0.012">
    </testcase>
    <testcase classname="base functionality - auto-freeze=true:shallow-copy=true:use-listener=true base state type empty object creates a draft" name="base functionality - auto-freeze=true:shallow-copy=true:use-listener=true base state type empty object creates a draft" time="0.004">
    </testcase>
    <testcase classname="base functionality - auto-freeze=true:shallow-copy=true:use-listener=true base state type empty object preserves the prototype" name="base functionality - auto-freeze=true:shallow-copy=true:use-listener=true base state type empty object preserves the prototype" time="0.003">
    </testcase>
    <testcase classname="base functionality - auto-freeze=true:shallow-copy=true:use-listener=true base state type empty object returns the base state when no changes are made" name="base functionality - auto-freeze=true:shallow-copy=true:use-listener=true base state type empty object returns the base state when no changes are made" time="0.002">
    </testcase>
    <testcase classname="base functionality - auto-freeze=true:shallow-copy=true:use-listener=true base state type empty object returns a copy when changes are made" name="base functionality - auto-freeze=true:shallow-copy=true:use-listener=true base state type empty object returns a copy when changes are made" time="0.002">
    </testcase>
    <testcase classname="base functionality - auto-freeze=true:shallow-copy=true:use-listener=true base state type empty object (frozen) creates a draft" name="base functionality - auto-freeze=true:shallow-copy=true:use-listener=true base state type empty object (frozen) creates a draft" time="0.003">
    </testcase>
    <testcase classname="base functionality - auto-freeze=true:shallow-copy=true:use-listener=true base state type empty object (frozen) preserves the prototype" name="base functionality - auto-freeze=true:shallow-copy=true:use-listener=true base state type empty object (frozen) preserves the prototype" time="0.002">
    </testcase>
    <testcase classname="base functionality - auto-freeze=true:shallow-copy=true:use-listener=true base state type empty object (frozen) returns the base state when no changes are made" name="base functionality - auto-freeze=true:shallow-copy=true:use-listener=true base state type empty object (frozen) returns the base state when no changes are made" time="0.002">
    </testcase>
    <testcase classname="base functionality - auto-freeze=true:shallow-copy=true:use-listener=true base state type empty object (frozen) returns a copy when changes are made" name="base functionality - auto-freeze=true:shallow-copy=true:use-listener=true base state type empty object (frozen) returns a copy when changes are made" time="0.002">
    </testcase>
    <testcase classname="base functionality - auto-freeze=true:shallow-copy=true:use-listener=true base state type plain object creates a draft" name="base functionality - auto-freeze=true:shallow-copy=true:use-listener=true base state type plain object creates a draft" time="0.002">
    </testcase>
    <testcase classname="base functionality - auto-freeze=true:shallow-copy=true:use-listener=true base state type plain object preserves the prototype" name="base functionality - auto-freeze=true:shallow-copy=true:use-listener=true base state type plain object preserves the prototype" time="0.002">
    </testcase>
    <testcase classname="base functionality - auto-freeze=true:shallow-copy=true:use-listener=true base state type plain object returns the base state when no changes are made" name="base functionality - auto-freeze=true:shallow-copy=true:use-listener=true base state type plain object returns the base state when no changes are made" time="0.001">
    </testcase>
    <testcase classname="base functionality - auto-freeze=true:shallow-copy=true:use-listener=true base state type plain object returns a copy when changes are made" name="base functionality - auto-freeze=true:shallow-copy=true:use-listener=true base state type plain object returns a copy when changes are made" time="0.002">
    </testcase>
    <testcase classname="base functionality - auto-freeze=true:shallow-copy=true:use-listener=true base state type plain object (frozen) creates a draft" name="base functionality - auto-freeze=true:shallow-copy=true:use-listener=true base state type plain object (frozen) creates a draft" time="0.002">
    </testcase>
    <testcase classname="base functionality - auto-freeze=true:shallow-copy=true:use-listener=true base state type plain object (frozen) preserves the prototype" name="base functionality - auto-freeze=true:shallow-copy=true:use-listener=true base state type plain object (frozen) preserves the prototype" time="0.002">
    </testcase>
    <testcase classname="base functionality - auto-freeze=true:shallow-copy=true:use-listener=true base state type plain object (frozen) returns the base state when no changes are made" name="base functionality - auto-freeze=true:shallow-copy=true:use-listener=true base state type plain object (frozen) returns the base state when no changes are made" time="0.001">
    </testcase>
    <testcase classname="base functionality - auto-freeze=true:shallow-copy=true:use-listener=true base state type plain object (frozen) returns a copy when changes are made" name="base functionality - auto-freeze=true:shallow-copy=true:use-listener=true base state type plain object (frozen) returns a copy when changes are made" time="0.002">
    </testcase>
    <testcase classname="base functionality - auto-freeze=true:shallow-copy=true:use-listener=true base state type empty array creates a draft" name="base functionality - auto-freeze=true:shallow-copy=true:use-listener=true base state type empty array creates a draft" time="0.002">
    </testcase>
    <testcase classname="base functionality - auto-freeze=true:shallow-copy=true:use-listener=true base state type empty array preserves the prototype" name="base functionality - auto-freeze=true:shallow-copy=true:use-listener=true base state type empty array preserves the prototype" time="0.002">
    </testcase>
    <testcase classname="base functionality - auto-freeze=true:shallow-copy=true:use-listener=true base state type empty array returns the base state when no changes are made" name="base functionality - auto-freeze=true:shallow-copy=true:use-listener=true base state type empty array returns the base state when no changes are made" time="0.001">
    </testcase>
    <testcase classname="base functionality - auto-freeze=true:shallow-copy=true:use-listener=true base state type empty array returns a copy when changes are made" name="base functionality - auto-freeze=true:shallow-copy=true:use-listener=true base state type empty array returns a copy when changes are made" time="0.003">
    </testcase>
    <testcase classname="base functionality - auto-freeze=true:shallow-copy=true:use-listener=true base state type empty array (frozen) creates a draft" name="base functionality - auto-freeze=true:shallow-copy=true:use-listener=true base state type empty array (frozen) creates a draft" time="0.002">
    </testcase>
    <testcase classname="base functionality - auto-freeze=true:shallow-copy=true:use-listener=true base state type empty array (frozen) preserves the prototype" name="base functionality - auto-freeze=true:shallow-copy=true:use-listener=true base state type empty array (frozen) preserves the prototype" time="0.001">
    </testcase>
    <testcase classname="base functionality - auto-freeze=true:shallow-copy=true:use-listener=true base state type empty array (frozen) returns the base state when no changes are made" name="base functionality - auto-freeze=true:shallow-copy=true:use-listener=true base state type empty array (frozen) returns the base state when no changes are made" time="0.002">
    </testcase>
    <testcase classname="base functionality - auto-freeze=true:shallow-copy=true:use-listener=true base state type empty array (frozen) returns a copy when changes are made" name="base functionality - auto-freeze=true:shallow-copy=true:use-listener=true base state type empty array (frozen) returns a copy when changes are made" time="0.011">
    </testcase>
    <testcase classname="base functionality - auto-freeze=true:shallow-copy=true:use-listener=true base state type plain array creates a draft" name="base functionality - auto-freeze=true:shallow-copy=true:use-listener=true base state type plain array creates a draft" time="0.006">
    </testcase>
    <testcase classname="base functionality - auto-freeze=true:shallow-copy=true:use-listener=true base state type plain array preserves the prototype" name="base functionality - auto-freeze=true:shallow-copy=true:use-listener=true base state type plain array preserves the prototype" time="0.004">
    </testcase>
    <testcase classname="base functionality - auto-freeze=true:shallow-copy=true:use-listener=true base state type plain array returns the base state when no changes are made" name="base functionality - auto-freeze=true:shallow-copy=true:use-listener=true base state type plain array returns the base state when no changes are made" time="0.007">
    </testcase>
    <testcase classname="base functionality - auto-freeze=true:shallow-copy=true:use-listener=true base state type plain array returns a copy when changes are made" name="base functionality - auto-freeze=true:shallow-copy=true:use-listener=true base state type plain array returns a copy when changes are made" time="0.002">
    </testcase>
    <testcase classname="base functionality - auto-freeze=true:shallow-copy=true:use-listener=true base state type plain array (frozen) creates a draft" name="base functionality - auto-freeze=true:shallow-copy=true:use-listener=true base state type plain array (frozen) creates a draft" time="0.002">
    </testcase>
    <testcase classname="base functionality - auto-freeze=true:shallow-copy=true:use-listener=true base state type plain array (frozen) preserves the prototype" name="base functionality - auto-freeze=true:shallow-copy=true:use-listener=true base state type plain array (frozen) preserves the prototype" time="0.004">
    </testcase>
    <testcase classname="base functionality - auto-freeze=true:shallow-copy=true:use-listener=true base state type plain array (frozen) returns the base state when no changes are made" name="base functionality - auto-freeze=true:shallow-copy=true:use-listener=true base state type plain array (frozen) returns the base state when no changes are made" time="0.004">
    </testcase>
    <testcase classname="base functionality - auto-freeze=true:shallow-copy=true:use-listener=true base state type plain array (frozen) returns a copy when changes are made" name="base functionality - auto-freeze=true:shallow-copy=true:use-listener=true base state type plain array (frozen) returns a copy when changes are made" time="0.004">
    </testcase>
    <testcase classname="base functionality - auto-freeze=true:shallow-copy=true:use-listener=true base state type class instance (draftable) creates a draft" name="base functionality - auto-freeze=true:shallow-copy=true:use-listener=true base state type class instance (draftable) creates a draft" time="0.002">
    </testcase>
    <testcase classname="base functionality - auto-freeze=true:shallow-copy=true:use-listener=true base state type class instance (draftable) preserves the prototype" name="base functionality - auto-freeze=true:shallow-copy=true:use-listener=true base state type class instance (draftable) preserves the prototype" time="0.005">
    </testcase>
    <testcase classname="base functionality - auto-freeze=true:shallow-copy=true:use-listener=true base state type class instance (draftable) returns the base state when no changes are made" name="base functionality - auto-freeze=true:shallow-copy=true:use-listener=true base state type class instance (draftable) returns the base state when no changes are made" time="0.006">
    </testcase>
    <testcase classname="base functionality - auto-freeze=true:shallow-copy=true:use-listener=true base state type class instance (draftable) returns a copy when changes are made" name="base functionality - auto-freeze=true:shallow-copy=true:use-listener=true base state type class instance (draftable) returns a copy when changes are made" time="0.005">
    </testcase>
    <testcase classname="base functionality - auto-freeze=true:shallow-copy=true:use-listener=true base state type class instance (draftable) (frozen) creates a draft" name="base functionality - auto-freeze=true:shallow-copy=true:use-listener=true base state type class instance (draftable) (frozen) creates a draft" time="0.002">
    </testcase>
    <testcase classname="base functionality - auto-freeze=true:shallow-copy=true:use-listener=true base state type class instance (draftable) (frozen) preserves the prototype" name="base functionality - auto-freeze=true:shallow-copy=true:use-listener=true base state type class instance (draftable) (frozen) preserves the prototype" time="0.002">
    </testcase>
    <testcase classname="base functionality - auto-freeze=true:shallow-copy=true:use-listener=true base state type class instance (draftable) (frozen) returns the base state when no changes are made" name="base functionality - auto-freeze=true:shallow-copy=true:use-listener=true base state type class instance (draftable) (frozen) returns the base state when no changes are made" time="0.001">
    </testcase>
    <testcase classname="base functionality - auto-freeze=true:shallow-copy=true:use-listener=true base state type class instance (draftable) (frozen) returns a copy when changes are made" name="base functionality - auto-freeze=true:shallow-copy=true:use-listener=true base state type class instance (draftable) (frozen) returns a copy when changes are made" time="0.002">
    </testcase>
    <testcase classname="base functionality - auto-freeze=true:shallow-copy=true:use-listener=true base state type class with getters should use a method to assing a field using a getter that return a non primitive object" name="base functionality - auto-freeze=true:shallow-copy=true:use-listener=true base state type class with getters should use a method to assing a field using a getter that return a non primitive object" time="0.003">
    </testcase>
    <testcase classname="base functionality - auto-freeze=true:shallow-copy=true:use-listener=true base state type super class with getters should use a method to assing a field using a getter that return a non primitive object" name="base functionality - auto-freeze=true:shallow-copy=true:use-listener=true base state type super class with getters should use a method to assing a field using a getter that return a non primitive object" time="0.003">
    </testcase>
    <testcase classname="base functionality - auto-freeze=true:shallow-copy=true:use-listener=true base state type class with setters should define a field with a setter" name="base functionality - auto-freeze=true:shallow-copy=true:use-listener=true base state type class with setters should define a field with a setter" time="0.007">
    </testcase>
    <testcase classname="base functionality - auto-freeze=true:shallow-copy=true:use-listener=true base state type falsy number does not create a draft" name="base functionality - auto-freeze=true:shallow-copy=true:use-listener=true base state type falsy number does not create a draft" time="0.003">
    </testcase>
    <testcase classname="base functionality - auto-freeze=true:shallow-copy=true:use-listener=true base state type falsy number returns the base state when no changes are made" name="base functionality - auto-freeze=true:shallow-copy=true:use-listener=true base state type falsy number returns the base state when no changes are made" time="0.005">
    </testcase>
    <testcase classname="base functionality - auto-freeze=true:shallow-copy=true:use-listener=true base state type truthy number does not create a draft" name="base functionality - auto-freeze=true:shallow-copy=true:use-listener=true base state type truthy number does not create a draft" time="0.002">
    </testcase>
    <testcase classname="base functionality - auto-freeze=true:shallow-copy=true:use-listener=true base state type truthy number returns the base state when no changes are made" name="base functionality - auto-freeze=true:shallow-copy=true:use-listener=true base state type truthy number returns the base state when no changes are made" time="0.002">
    </testcase>
    <testcase classname="base functionality - auto-freeze=true:shallow-copy=true:use-listener=true base state type negative number does not create a draft" name="base functionality - auto-freeze=true:shallow-copy=true:use-listener=true base state type negative number does not create a draft" time="0.002">
    </testcase>
    <testcase classname="base functionality - auto-freeze=true:shallow-copy=true:use-listener=true base state type negative number returns the base state when no changes are made" name="base functionality - auto-freeze=true:shallow-copy=true:use-listener=true base state type negative number returns the base state when no changes are made" time="0.003">
    </testcase>
    <testcase classname="base functionality - auto-freeze=true:shallow-copy=true:use-listener=true base state type NaN does not create a draft" name="base functionality - auto-freeze=true:shallow-copy=true:use-listener=true base state type NaN does not create a draft" time="0.002">
    </testcase>
    <testcase classname="base functionality - auto-freeze=true:shallow-copy=true:use-listener=true base state type NaN returns the base state when no changes are made" name="base functionality - auto-freeze=true:shallow-copy=true:use-listener=true base state type NaN returns the base state when no changes are made" time="0.002">
    </testcase>
    <testcase classname="base functionality - auto-freeze=true:shallow-copy=true:use-listener=true base state type infinity does not create a draft" name="base functionality - auto-freeze=true:shallow-copy=true:use-listener=true base state type infinity does not create a draft" time="0.002">
    </testcase>
    <testcase classname="base functionality - auto-freeze=true:shallow-copy=true:use-listener=true base state type infinity returns the base state when no changes are made" name="base functionality - auto-freeze=true:shallow-copy=true:use-listener=true base state type infinity returns the base state when no changes are made" time="0.002">
    </testcase>
    <testcase classname="base functionality - auto-freeze=true:shallow-copy=true:use-listener=true base state type true does not create a draft" name="base functionality - auto-freeze=true:shallow-copy=true:use-listener=true base state type true does not create a draft" time="0.003">
    </testcase>
    <testcase classname="base functionality - auto-freeze=true:shallow-copy=true:use-listener=true base state type true returns the base state when no changes are made" name="base functionality - auto-freeze=true:shallow-copy=true:use-listener=true base state type true returns the base state when no changes are made" time="0.003">
    </testcase>
    <testcase classname="base functionality - auto-freeze=true:shallow-copy=true:use-listener=true base state type false does not create a draft" name="base functionality - auto-freeze=true:shallow-copy=true:use-listener=true base state type false does not create a draft" time="0.003">
    </testcase>
    <testcase classname="base functionality - auto-freeze=true:shallow-copy=true:use-listener=true base state type false returns the base state when no changes are made" name="base functionality - auto-freeze=true:shallow-copy=true:use-listener=true base state type false returns the base state when no changes are made" time="0.002">
    </testcase>
    <testcase classname="base functionality - auto-freeze=true:shallow-copy=true:use-listener=true base state type empty string does not create a draft" name="base functionality - auto-freeze=true:shallow-copy=true:use-listener=true base state type empty string does not create a draft" time="0.002">
    </testcase>
    <testcase classname="base functionality - auto-freeze=true:shallow-copy=true:use-listener=true base state type empty string returns the base state when no changes are made" name="base functionality - auto-freeze=true:shallow-copy=true:use-listener=true base state type empty string returns the base state when no changes are made" time="0.002">
    </testcase>
    <testcase classname="base functionality - auto-freeze=true:shallow-copy=true:use-listener=true base state type truthy string does not create a draft" name="base functionality - auto-freeze=true:shallow-copy=true:use-listener=true base state type truthy string does not create a draft" time="0.002">
    </testcase>
    <testcase classname="base functionality - auto-freeze=true:shallow-copy=true:use-listener=true base state type truthy string returns the base state when no changes are made" name="base functionality - auto-freeze=true:shallow-copy=true:use-listener=true base state type truthy string returns the base state when no changes are made" time="0.003">
    </testcase>
    <testcase classname="base functionality - auto-freeze=true:shallow-copy=true:use-listener=true base state type null does not create a draft" name="base functionality - auto-freeze=true:shallow-copy=true:use-listener=true base state type null does not create a draft" time="0.001">
    </testcase>
    <testcase classname="base functionality - auto-freeze=true:shallow-copy=true:use-listener=true base state type null returns the base state when no changes are made" name="base functionality - auto-freeze=true:shallow-copy=true:use-listener=true base state type null returns the base state when no changes are made" time="0.002">
    </testcase>
    <testcase classname="base functionality - auto-freeze=true:shallow-copy=true:use-listener=true base state type undefined does not create a draft" name="base functionality - auto-freeze=true:shallow-copy=true:use-listener=true base state type undefined does not create a draft" time="0.002">
    </testcase>
    <testcase classname="base functionality - auto-freeze=true:shallow-copy=true:use-listener=true base state type undefined returns the base state when no changes are made" name="base functionality - auto-freeze=true:shallow-copy=true:use-listener=true base state type undefined returns the base state when no changes are made" time="0.003">
    </testcase>
    <testcase classname="base functionality - auto-freeze=true:shallow-copy=true:use-listener=true base state type function does not create a draft" name="base functionality - auto-freeze=true:shallow-copy=true:use-listener=true base state type function does not create a draft" time="0.002">
    </testcase>
    <testcase classname="base functionality - auto-freeze=true:shallow-copy=true:use-listener=true base state type function returns the base state when no changes are made" name="base functionality - auto-freeze=true:shallow-copy=true:use-listener=true base state type function returns the base state when no changes are made" time="0.002">
    </testcase>
    <testcase classname="base functionality - auto-freeze=true:shallow-copy=true:use-listener=true base state type regexp object does not return a copy when changes are made" name="base functionality - auto-freeze=true:shallow-copy=true:use-listener=true base state type regexp object does not return a copy when changes are made" time="0.005">
    </testcase>
    <testcase classname="base functionality - auto-freeze=true:shallow-copy=true:use-listener=true base state type boxed number does not return a copy when changes are made" name="base functionality - auto-freeze=true:shallow-copy=true:use-listener=true base state type boxed number does not return a copy when changes are made" time="0.003">
    </testcase>
    <testcase classname="base functionality - auto-freeze=true:shallow-copy=true:use-listener=true base state type boxed string does not return a copy when changes are made" name="base functionality - auto-freeze=true:shallow-copy=true:use-listener=true base state type boxed string does not return a copy when changes are made" time="0.003">
    </testcase>
    <testcase classname="base functionality - auto-freeze=true:shallow-copy=true:use-listener=true base state type boxed boolean does not return a copy when changes are made" name="base functionality - auto-freeze=true:shallow-copy=true:use-listener=true base state type boxed boolean does not return a copy when changes are made" time="0.003">
    </testcase>
    <testcase classname="base functionality - auto-freeze=true:shallow-copy=true:use-listener=true base state type date object does not return a copy when changes are made" name="base functionality - auto-freeze=true:shallow-copy=true:use-listener=true base state type date object does not return a copy when changes are made" time="0.005">
    </testcase>
    <testcase classname="base functionality - auto-freeze=true:shallow-copy=true:use-listener=true base state type class instance (not draftable) does not return a copy when changes are made" name="base functionality - auto-freeze=true:shallow-copy=true:use-listener=true base state type class instance (not draftable) does not return a copy when changes are made" time="0.004">
    </testcase>
    <testcase classname=" works with spread #524 - auto-freeze=true:shallow-copy=true:use-listener=true" name=" works with spread #524 - auto-freeze=true:shallow-copy=true:use-listener=true" time="0.017">
    </testcase>
    <testcase classname=" Something with nested producers #522 auto-freeze=true:shallow-copy=true:use-listener=true" name=" Something with nested producers #522 auto-freeze=true:shallow-copy=true:use-listener=true" time="0.015">
    </testcase>
    <testcase classname="isDraft - auto-freeze=true:shallow-copy=true:use-listener=true returns true for object drafts" name="isDraft - auto-freeze=true:shallow-copy=true:use-listener=true returns true for object drafts" time="0.001">
    </testcase>
    <testcase classname="isDraft - auto-freeze=true:shallow-copy=true:use-listener=true returns true for array drafts" name="isDraft - auto-freeze=true:shallow-copy=true:use-listener=true returns true for array drafts" time="0.005">
    </testcase>
    <testcase classname="isDraft - auto-freeze=true:shallow-copy=true:use-listener=true returns true for objects nested in object drafts" name="isDraft - auto-freeze=true:shallow-copy=true:use-listener=true returns true for objects nested in object drafts" time="0.011">
    </testcase>
    <testcase classname="isDraft - auto-freeze=true:shallow-copy=true:use-listener=true returns false for new objects added to a draft" name="isDraft - auto-freeze=true:shallow-copy=true:use-listener=true returns false for new objects added to a draft" time="0.002">
    </testcase>
    <testcase classname="isDraft - auto-freeze=true:shallow-copy=true:use-listener=true returns false for objects returned by the producer" name="isDraft - auto-freeze=true:shallow-copy=true:use-listener=true returns false for objects returned by the producer" time="0.02">
    </testcase>
    <testcase classname="isDraft - auto-freeze=true:shallow-copy=true:use-listener=true returns false for arrays returned by the producer" name="isDraft - auto-freeze=true:shallow-copy=true:use-listener=true returns false for arrays returned by the producer" time="0.044">
    </testcase>
    <testcase classname="isDraft - auto-freeze=true:shallow-copy=true:use-listener=true returns false for object drafts returned by the producer" name="isDraft - auto-freeze=true:shallow-copy=true:use-listener=true returns false for object drafts returned by the producer" time="0.002">
    </testcase>
    <testcase classname="isDraft - auto-freeze=true:shallow-copy=true:use-listener=true returns false for array drafts returned by the producer" name="isDraft - auto-freeze=true:shallow-copy=true:use-listener=true returns false for array drafts returned by the producer" time="0.012">
    </testcase>
    <testcase classname="complex nesting map / set / object modify deep object" name="complex nesting map / set / object modify deep object" time="0.027">
    </testcase>
    <testcase classname="complex nesting map / set / object modify deep object - keep value" name="complex nesting map / set / object modify deep object - keep value" time="0.006">
    </testcase>
    <testcase classname="base functionality - auto-freeze=true:shallow-copy=true:use-listener=false returns the original state when no changes are made" name="base functionality - auto-freeze=true:shallow-copy=true:use-listener=false returns the original state when no changes are made" time="0.003">
    </testcase>
    <testcase classname="base functionality - auto-freeze=true:shallow-copy=true:use-listener=false does structural sharing" name="base functionality - auto-freeze=true:shallow-copy=true:use-listener=false does structural sharing" time="0.004">
    </testcase>
    <testcase classname="base functionality - auto-freeze=true:shallow-copy=true:use-listener=false deep change bubbles up" name="base functionality - auto-freeze=true:shallow-copy=true:use-listener=false deep change bubbles up" time="0.003">
    </testcase>
    <testcase classname="base functionality - auto-freeze=true:shallow-copy=true:use-listener=false can add props" name="base functionality - auto-freeze=true:shallow-copy=true:use-listener=false can add props" time="0.004">
    </testcase>
    <testcase classname="base functionality - auto-freeze=true:shallow-copy=true:use-listener=false can delete props" name="base functionality - auto-freeze=true:shallow-copy=true:use-listener=false can delete props" time="0.003">
    </testcase>
    <testcase classname="base functionality - auto-freeze=true:shallow-copy=true:use-listener=false can delete props - 2" name="base functionality - auto-freeze=true:shallow-copy=true:use-listener=false can delete props - 2" time="0.002">
    </testcase>
    <testcase classname="base functionality - auto-freeze=true:shallow-copy=true:use-listener=false can delete props added in the producer" name="base functionality - auto-freeze=true:shallow-copy=true:use-listener=false can delete props added in the producer" time="0.005">
    </testcase>
    <testcase classname="base functionality - auto-freeze=true:shallow-copy=true:use-listener=false can set a property that was just deleted" name="base functionality - auto-freeze=true:shallow-copy=true:use-listener=false can set a property that was just deleted" time="0.003">
    </testcase>
    <testcase classname="base functionality - auto-freeze=true:shallow-copy=true:use-listener=false can set a property to its original value after deleting it" name="base functionality - auto-freeze=true:shallow-copy=true:use-listener=false can set a property to its original value after deleting it" time="0.005">
    </testcase>
    <testcase classname="base functionality - auto-freeze=true:shallow-copy=true:use-listener=false can get property descriptors" name="base functionality - auto-freeze=true:shallow-copy=true:use-listener=false can get property descriptors" time="0.008">
    </testcase>
    <testcase classname="base functionality - auto-freeze=true:shallow-copy=true:use-listener=false array drafts supports Array.isArray()" name="base functionality - auto-freeze=true:shallow-copy=true:use-listener=false array drafts supports Array.isArray()" time="0.003">
    </testcase>
    <testcase classname="base functionality - auto-freeze=true:shallow-copy=true:use-listener=false array drafts supports index access" name="base functionality - auto-freeze=true:shallow-copy=true:use-listener=false array drafts supports index access" time="0.002">
    </testcase>
    <testcase classname="base functionality - auto-freeze=true:shallow-copy=true:use-listener=false array drafts supports iteration" name="base functionality - auto-freeze=true:shallow-copy=true:use-listener=false array drafts supports iteration" time="0.005">
    </testcase>
    <testcase classname="base functionality - auto-freeze=true:shallow-copy=true:use-listener=false array drafts can assign an index via bracket notation" name="base functionality - auto-freeze=true:shallow-copy=true:use-listener=false array drafts can assign an index via bracket notation" time="0.003">
    </testcase>
    <testcase classname="base functionality - auto-freeze=true:shallow-copy=true:use-listener=false array drafts can use splice() to both add and remove items" name="base functionality - auto-freeze=true:shallow-copy=true:use-listener=false array drafts can use splice() to both add and remove items" time="0.005">
    </testcase>
    <testcase classname="base functionality - auto-freeze=true:shallow-copy=true:use-listener=false array drafts can truncate via the length property" name="base functionality - auto-freeze=true:shallow-copy=true:use-listener=false array drafts can truncate via the length property" time="0.002">
    </testcase>
    <testcase classname="base functionality - auto-freeze=true:shallow-copy=true:use-listener=false array drafts can extend via the length property" name="base functionality - auto-freeze=true:shallow-copy=true:use-listener=false array drafts can extend via the length property" time="0.003">
    </testcase>
    <testcase classname="base functionality - auto-freeze=true:shallow-copy=true:use-listener=false array drafts can pop then push" name="base functionality - auto-freeze=true:shallow-copy=true:use-listener=false array drafts can pop then push" time="0.002">
    </testcase>
    <testcase classname="base functionality - auto-freeze=true:shallow-copy=true:use-listener=false array drafts can be sorted" name="base functionality - auto-freeze=true:shallow-copy=true:use-listener=false array drafts can be sorted" time="0.003">
    </testcase>
    <testcase classname="base functionality - auto-freeze=true:shallow-copy=true:use-listener=false array drafts supports modifying nested objects" name="base functionality - auto-freeze=true:shallow-copy=true:use-listener=false array drafts supports modifying nested objects" time="0.007">
    </testcase>
    <testcase classname="base functionality - auto-freeze=true:shallow-copy=true:use-listener=false array drafts never preserves non-numeric properties" name="base functionality - auto-freeze=true:shallow-copy=true:use-listener=false array drafts never preserves non-numeric properties" time="0.002">
    </testcase>
    <testcase classname="base functionality - auto-freeze=true:shallow-copy=true:use-listener=false array drafts throws when a non-numeric property is added" name="base functionality - auto-freeze=true:shallow-copy=true:use-listener=false array drafts throws when a non-numeric property is added" time="0.003">
    </testcase>
    <testcase classname="base functionality - auto-freeze=true:shallow-copy=true:use-listener=false array drafts throws when a non-numeric property is deleted" name="base functionality - auto-freeze=true:shallow-copy=true:use-listener=false array drafts throws when a non-numeric property is deleted" time="0.007">
    </testcase>
    <testcase classname="base functionality - auto-freeze=true:shallow-copy=true:use-listener=false map drafts supports key access" name="base functionality - auto-freeze=true:shallow-copy=true:use-listener=false map drafts supports key access" time="0.006">
    </testcase>
    <testcase classname="base functionality - auto-freeze=true:shallow-copy=true:use-listener=false map drafts supports key access for non-primitive keys" name="base functionality - auto-freeze=true:shallow-copy=true:use-listener=false map drafts supports key access for non-primitive keys" time="0.004">
    </testcase>
    <testcase classname="base functionality - auto-freeze=true:shallow-copy=true:use-listener=false map drafts supports iteration" name="base functionality - auto-freeze=true:shallow-copy=true:use-listener=false map drafts supports iteration" time="0.006">
    </testcase>
    <testcase classname="base functionality - auto-freeze=true:shallow-copy=true:use-listener=false map drafts supports &apos;entries&apos;" name="base functionality - auto-freeze=true:shallow-copy=true:use-listener=false map drafts supports &apos;entries&apos;" time="0.006">
    </testcase>
    <testcase classname="base functionality - auto-freeze=true:shallow-copy=true:use-listener=false map drafts supports &apos;values&apos;" name="base functionality - auto-freeze=true:shallow-copy=true:use-listener=false map drafts supports &apos;values&apos;" time="0.004">
    </testcase>
    <testcase classname="base functionality - auto-freeze=true:shallow-copy=true:use-listener=false map drafts supports &apos;keys" name="base functionality - auto-freeze=true:shallow-copy=true:use-listener=false map drafts supports &apos;keys" time="0.002">
    </testcase>
    <testcase classname="base functionality - auto-freeze=true:shallow-copy=true:use-listener=false map drafts supports forEach" name="base functionality - auto-freeze=true:shallow-copy=true:use-listener=false map drafts supports forEach" time="0.005">
    </testcase>
    <testcase classname="base functionality - auto-freeze=true:shallow-copy=true:use-listener=false map drafts supports forEach mutation" name="base functionality - auto-freeze=true:shallow-copy=true:use-listener=false map drafts supports forEach mutation" time="0.008">
    </testcase>
    <testcase classname="base functionality - auto-freeze=true:shallow-copy=true:use-listener=false map drafts can assign by key" name="base functionality - auto-freeze=true:shallow-copy=true:use-listener=false map drafts can assign by key" time="0.004">
    </testcase>
    <testcase classname="base functionality - auto-freeze=true:shallow-copy=true:use-listener=false map drafts can assign by a non-primitive key" name="base functionality - auto-freeze=true:shallow-copy=true:use-listener=false map drafts can assign by a non-primitive key" time="0.007">
    </testcase>
    <testcase classname="base functionality - auto-freeze=true:shallow-copy=true:use-listener=false map drafts state stays the same if the the same item is assigned by key" name="base functionality - auto-freeze=true:shallow-copy=true:use-listener=false map drafts state stays the same if the the same item is assigned by key" time="0.005">
    </testcase>
    <testcase classname="base functionality - auto-freeze=true:shallow-copy=true:use-listener=false map drafts returns &apos;size&apos;" name="base functionality - auto-freeze=true:shallow-copy=true:use-listener=false map drafts returns &apos;size&apos;" time="0.005">
    </testcase>
    <testcase classname="base functionality - auto-freeze=true:shallow-copy=true:use-listener=false map drafts can use &apos;delete&apos; to remove items" name="base functionality - auto-freeze=true:shallow-copy=true:use-listener=false map drafts can use &apos;delete&apos; to remove items" time="0.006">
    </testcase>
    <testcase classname="base functionality - auto-freeze=true:shallow-copy=true:use-listener=false map drafts can use &apos;clear&apos; to remove items" name="base functionality - auto-freeze=true:shallow-copy=true:use-listener=false map drafts can use &apos;clear&apos; to remove items" time="0.006">
    </testcase>
    <testcase classname="base functionality - auto-freeze=true:shallow-copy=true:use-listener=false map drafts support &apos;has&apos;" name="base functionality - auto-freeze=true:shallow-copy=true:use-listener=false map drafts support &apos;has&apos;" time="0.004">
    </testcase>
    <testcase classname="base functionality - auto-freeze=true:shallow-copy=true:use-listener=false map drafts supports nested maps" name="base functionality - auto-freeze=true:shallow-copy=true:use-listener=false map drafts supports nested maps" time="0.008">
    </testcase>
    <testcase classname="base functionality - auto-freeze=true:shallow-copy=true:use-listener=false map drafts treats void deletes as no-op" name="base functionality - auto-freeze=true:shallow-copy=true:use-listener=false map drafts treats void deletes as no-op" time="0.006">
    </testcase>
    <testcase classname="base functionality - auto-freeze=true:shallow-copy=true:use-listener=false map drafts revokes map proxies" name="base functionality - auto-freeze=true:shallow-copy=true:use-listener=false map drafts revokes map proxies" time="0.015">
    </testcase>
    <testcase classname="base functionality - auto-freeze=true:shallow-copy=true:use-listener=false map drafts does not draft map keys" name="base functionality - auto-freeze=true:shallow-copy=true:use-listener=false map drafts does not draft map keys" time="0.011">
    </testcase>
    <testcase classname="base functionality - auto-freeze=true:shallow-copy=true:use-listener=false map drafts does support instanceof Map" name="base functionality - auto-freeze=true:shallow-copy=true:use-listener=false map drafts does support instanceof Map" time="0.003">
    </testcase>
    <testcase classname="base functionality - auto-freeze=true:shallow-copy=true:use-listener=false map drafts handles clear correctly" name="base functionality - auto-freeze=true:shallow-copy=true:use-listener=false map drafts handles clear correctly" time="0.002">
    </testcase>
    <testcase classname="base functionality - auto-freeze=true:shallow-copy=true:use-listener=false set drafts supports iteration" name="base functionality - auto-freeze=true:shallow-copy=true:use-listener=false set drafts supports iteration" time="0.01">
    </testcase>
    <testcase classname="base functionality - auto-freeze=true:shallow-copy=true:use-listener=false set drafts supports &apos;entries&apos;" name="base functionality - auto-freeze=true:shallow-copy=true:use-listener=false set drafts supports &apos;entries&apos;" time="0.006">
    </testcase>
    <testcase classname="base functionality - auto-freeze=true:shallow-copy=true:use-listener=false set drafts supports &apos;values&apos;" name="base functionality - auto-freeze=true:shallow-copy=true:use-listener=false set drafts supports &apos;values&apos;" time="0.007">
    </testcase>
    <testcase classname="base functionality - auto-freeze=true:shallow-copy=true:use-listener=false set drafts supports &apos;keys&apos;" name="base functionality - auto-freeze=true:shallow-copy=true:use-listener=false set drafts supports &apos;keys&apos;" time="0.008">
    </testcase>
    <testcase classname="base functionality - auto-freeze=true:shallow-copy=true:use-listener=false set drafts supports forEach with mutation after reads" name="base functionality - auto-freeze=true:shallow-copy=true:use-listener=false set drafts supports forEach with mutation after reads" time="0.007">
    </testcase>
    <testcase classname="base functionality - auto-freeze=true:shallow-copy=true:use-listener=false set drafts state stays the same if the same item is added" name="base functionality - auto-freeze=true:shallow-copy=true:use-listener=false set drafts state stays the same if the same item is added" time="0.002">
    </testcase>
    <testcase classname="base functionality - auto-freeze=true:shallow-copy=true:use-listener=false set drafts can add new items" name="base functionality - auto-freeze=true:shallow-copy=true:use-listener=false set drafts can add new items" time="0.003">
    </testcase>
    <testcase classname="base functionality - auto-freeze=true:shallow-copy=true:use-listener=false set drafts returns &apos;size&apos;" name="base functionality - auto-freeze=true:shallow-copy=true:use-listener=false set drafts returns &apos;size&apos;" time="0.002">
    </testcase>
    <testcase classname="base functionality - auto-freeze=true:shallow-copy=true:use-listener=false set drafts can use &apos;delete&apos; to remove items" name="base functionality - auto-freeze=true:shallow-copy=true:use-listener=false set drafts can use &apos;delete&apos; to remove items" time="0.005">
    </testcase>
    <testcase classname="base functionality - auto-freeze=true:shallow-copy=true:use-listener=false set drafts can use &apos;clear&apos; to remove items" name="base functionality - auto-freeze=true:shallow-copy=true:use-listener=false set drafts can use &apos;clear&apos; to remove items" time="0.003">
    </testcase>
    <testcase classname="base functionality - auto-freeze=true:shallow-copy=true:use-listener=false set drafts supports &apos;has&apos;" name="base functionality - auto-freeze=true:shallow-copy=true:use-listener=false set drafts supports &apos;has&apos;" time="0.004">
    </testcase>
    <testcase classname="base functionality - auto-freeze=true:shallow-copy=true:use-listener=false set drafts supports nested sets" name="base functionality - auto-freeze=true:shallow-copy=true:use-listener=false set drafts supports nested sets" time="0.003">
    </testcase>
    <testcase classname="base functionality - auto-freeze=true:shallow-copy=true:use-listener=false set drafts supports has / delete on elements from the original" name="base functionality - auto-freeze=true:shallow-copy=true:use-listener=false set drafts supports has / delete on elements from the original" time="0.007">
    </testcase>
    <testcase classname="base functionality - auto-freeze=true:shallow-copy=true:use-listener=false set drafts revokes sets" name="base functionality - auto-freeze=true:shallow-copy=true:use-listener=false set drafts revokes sets" time="0.004">
    </testcase>
    <testcase classname="base functionality - auto-freeze=true:shallow-copy=true:use-listener=false set drafts does support instanceof Set" name="base functionality - auto-freeze=true:shallow-copy=true:use-listener=false set drafts does support instanceof Set" time="0.003">
    </testcase>
    <testcase classname="base functionality - auto-freeze=true:shallow-copy=true:use-listener=false supports `immerable` symbol on constructor" name="base functionality - auto-freeze=true:shallow-copy=true:use-listener=false supports `immerable` symbol on constructor" time="0.003">
    </testcase>
    <testcase classname="base functionality - auto-freeze=true:shallow-copy=true:use-listener=false preserves symbol properties" name="base functionality - auto-freeze=true:shallow-copy=true:use-listener=false preserves symbol properties" time="0.004">
    </testcase>
    <testcase classname="base functionality - auto-freeze=true:shallow-copy=true:use-listener=false preserves non-enumerable properties" name="base functionality - auto-freeze=true:shallow-copy=true:use-listener=false preserves non-enumerable properties" time="0.003">
    </testcase>
    <testcase classname="base functionality - auto-freeze=true:shallow-copy=true:use-listener=false can work with own computed props" name="base functionality - auto-freeze=true:shallow-copy=true:use-listener=false can work with own computed props" time="0.004">
    </testcase>
    <testcase classname="base functionality - auto-freeze=true:shallow-copy=true:use-listener=false can work with class with computed props" name="base functionality - auto-freeze=true:shallow-copy=true:use-listener=false can work with class with computed props" time="0.007">
    </testcase>
    <testcase classname="base functionality - auto-freeze=true:shallow-copy=true:use-listener=false allows inherited computed properties" name="base functionality - auto-freeze=true:shallow-copy=true:use-listener=false allows inherited computed properties" time="0.004">
    </testcase>
    <testcase classname="base functionality - auto-freeze=true:shallow-copy=true:use-listener=false optimization: does not visit properties of new data structures if autofreeze is disabled and no drafts are unfinalized" name="base functionality - auto-freeze=true:shallow-copy=true:use-listener=false optimization: does not visit properties of new data structures if autofreeze is disabled and no drafts are unfinalized" time="0.004">
    </testcase>
    <testcase classname="base functionality - auto-freeze=true:shallow-copy=true:use-listener=false same optimization doesn&apos;t cause draft from nested producers to be unfinished" name="base functionality - auto-freeze=true:shallow-copy=true:use-listener=false same optimization doesn&apos;t cause draft from nested producers to be unfinished" time="0.003">
    </testcase>
    <testcase classname="base functionality - auto-freeze=true:shallow-copy=true:use-listener=false supports a base state with multiple references to an object" name="base functionality - auto-freeze=true:shallow-copy=true:use-listener=false supports a base state with multiple references to an object" time="0.005">
    </testcase>
    <testcase classname="base functionality - auto-freeze=true:shallow-copy=true:use-listener=false supports multiple references to any modified draft" name="base functionality - auto-freeze=true:shallow-copy=true:use-listener=false supports multiple references to any modified draft" time="0.003">
    </testcase>
    <testcase classname="base functionality - auto-freeze=true:shallow-copy=true:use-listener=false can rename nested objects (no changes)" name="base functionality - auto-freeze=true:shallow-copy=true:use-listener=false can rename nested objects (no changes)" time="0.002">
    </testcase>
    <testcase classname="base functionality - auto-freeze=true:shallow-copy=true:use-listener=false can rename nested objects (with changes)" name="base functionality - auto-freeze=true:shallow-copy=true:use-listener=false can rename nested objects (with changes)" time="0.003">
    </testcase>
    <testcase classname="base functionality - auto-freeze=true:shallow-copy=true:use-listener=false can nest a draft in a new object (no changes)" name="base functionality - auto-freeze=true:shallow-copy=true:use-listener=false can nest a draft in a new object (no changes)" time="0.006">
    </testcase>
    <testcase classname="base functionality - auto-freeze=true:shallow-copy=true:use-listener=false can nest a modified draft in a new object" name="base functionality - auto-freeze=true:shallow-copy=true:use-listener=false can nest a modified draft in a new object" time="0.003">
    </testcase>
    <testcase classname="base functionality - auto-freeze=true:shallow-copy=true:use-listener=false supports assigning undefined to an existing property" name="base functionality - auto-freeze=true:shallow-copy=true:use-listener=false supports assigning undefined to an existing property" time="0.004">
    </testcase>
    <testcase classname="base functionality - auto-freeze=true:shallow-copy=true:use-listener=false supports assigning undefined to a new property" name="base functionality - auto-freeze=true:shallow-copy=true:use-listener=false supports assigning undefined to a new property" time="0.004">
    </testcase>
    <testcase classname="base functionality - auto-freeze=true:shallow-copy=true:use-listener=false revokes the draft once produce returns" name="base functionality - auto-freeze=true:shallow-copy=true:use-listener=false revokes the draft once produce returns" time="0.009">
    </testcase>
    <testcase classname="base functionality - auto-freeze=true:shallow-copy=true:use-listener=false can access a child draft that was created before the draft was modified" name="base functionality - auto-freeze=true:shallow-copy=true:use-listener=false can access a child draft that was created before the draft was modified" time="0.004">
    </testcase>
    <testcase classname="base functionality - auto-freeze=true:shallow-copy=true:use-listener=false should reflect all changes made in the draft immediately" name="base functionality - auto-freeze=true:shallow-copy=true:use-listener=false should reflect all changes made in the draft immediately" time="0.009">
    </testcase>
    <testcase classname="base functionality - auto-freeze=true:shallow-copy=true:use-listener=false throws when Object.defineProperty() is used on drafts" name="base functionality - auto-freeze=true:shallow-copy=true:use-listener=false throws when Object.defineProperty() is used on drafts" time="0.002">
    </testcase>
    <testcase classname="base functionality - auto-freeze=true:shallow-copy=true:use-listener=false should handle constructor correctly" name="base functionality - auto-freeze=true:shallow-copy=true:use-listener=false should handle constructor correctly" time="0.003">
    </testcase>
    <testcase classname="base functionality - auto-freeze=true:shallow-copy=true:use-listener=false should handle equality correctly - 1" name="base functionality - auto-freeze=true:shallow-copy=true:use-listener=false should handle equality correctly - 1" time="0.002">
    </testcase>
    <testcase classname="base functionality - auto-freeze=true:shallow-copy=true:use-listener=false should handle equality correctly - 2" name="base functionality - auto-freeze=true:shallow-copy=true:use-listener=false should handle equality correctly - 2" time="0.005">
    </testcase>
    <testcase classname="base functionality - auto-freeze=true:shallow-copy=true:use-listener=false should handle equality correctly - 3" name="base functionality - auto-freeze=true:shallow-copy=true:use-listener=false should handle equality correctly - 3" time="0.002">
    </testcase>
    <testcase classname="base functionality - auto-freeze=true:shallow-copy=true:use-listener=false nested producers when base state is not a draft never affects its parent producer implicitly" name="base functionality - auto-freeze=true:shallow-copy=true:use-listener=false nested producers when base state is not a draft never affects its parent producer implicitly" time="0.003">
    </testcase>
    <testcase classname="base functionality - auto-freeze=true:shallow-copy=true:use-listener=false nested producers when base state is a draft always wraps the draft in a new draft" name="base functionality - auto-freeze=true:shallow-copy=true:use-listener=false nested producers when base state is a draft always wraps the draft in a new draft" time="0.006">
    </testcase>
    <testcase classname="base functionality - auto-freeze=true:shallow-copy=true:use-listener=false nested producers when base state is a draft ensures each property is drafted" name="base functionality - auto-freeze=true:shallow-copy=true:use-listener=false nested producers when base state is a draft ensures each property is drafted" time="0.003">
    </testcase>
    <testcase classname="base functionality - auto-freeze=true:shallow-copy=true:use-listener=false nested producers when base state is a draft preserves any pending changes" name="base functionality - auto-freeze=true:shallow-copy=true:use-listener=false nested producers when base state is a draft preserves any pending changes" time="0.004">
    </testcase>
    <testcase classname="base functionality - auto-freeze=true:shallow-copy=true:use-listener=false nested producers when base state contains a draft wraps unowned draft with its own draft" name="base functionality - auto-freeze=true:shallow-copy=true:use-listener=false nested producers when base state contains a draft wraps unowned draft with its own draft" time="0.011">
    </testcase>
    <testcase classname="base functionality - auto-freeze=true:shallow-copy=true:use-listener=false nested producers when base state contains a draft returns unowned draft if no changes were made" name="base functionality - auto-freeze=true:shallow-copy=true:use-listener=false nested producers when base state contains a draft returns unowned draft if no changes were made" time="0.006">
    </testcase>
    <testcase classname="base functionality - auto-freeze=true:shallow-copy=true:use-listener=false nested producers when base state contains a draft clones the unowned draft when changes are made" name="base functionality - auto-freeze=true:shallow-copy=true:use-listener=false nested producers when base state contains a draft clones the unowned draft when changes are made" time="0.012">
    </testcase>
    <testcase classname="base functionality - auto-freeze=true:shallow-copy=true:use-listener=false nested producers when base state contains a draft never auto-freezes the result" name="base functionality - auto-freeze=true:shallow-copy=true:use-listener=false nested producers when base state contains a draft never auto-freezes the result" time="0.002">
    </testcase>
    <testcase classname="base functionality - auto-freeze=true:shallow-copy=true:use-listener=false nested producers does not finalize upvalue drafts" name="base functionality - auto-freeze=true:shallow-copy=true:use-listener=false nested producers does not finalize upvalue drafts" time="0.013">
    </testcase>
    <testcase classname="base functionality - auto-freeze=true:shallow-copy=true:use-listener=false nested producers works with interweaved Immer instances" name="base functionality - auto-freeze=true:shallow-copy=true:use-listener=false nested producers works with interweaved Immer instances" time="0.002">
    </testcase>
    <testcase classname="base functionality - auto-freeze=true:shallow-copy=true:use-listener=false throws when Object.setPrototypeOf() is used on a draft" name="base functionality - auto-freeze=true:shallow-copy=true:use-listener=false throws when Object.setPrototypeOf() is used on a draft" time="0.002">
    </testcase>
    <testcase classname="base functionality - auto-freeze=true:shallow-copy=true:use-listener=false supports the &apos;in&apos; operator" name="base functionality - auto-freeze=true:shallow-copy=true:use-listener=false supports the &apos;in&apos; operator" time="0.013">
    </testcase>
    <testcase classname="base functionality - auto-freeze=true:shallow-copy=true:use-listener=false &apos;this&apos; should not be bound anymore - 1" name="base functionality - auto-freeze=true:shallow-copy=true:use-listener=false &apos;this&apos; should not be bound anymore - 1" time="0.005">
    </testcase>
    <testcase classname="base functionality - auto-freeze=true:shallow-copy=true:use-listener=false &apos;this&apos; should not be bound anymore - 2" name="base functionality - auto-freeze=true:shallow-copy=true:use-listener=false &apos;this&apos; should not be bound anymore - 2" time="0.003">
    </testcase>
    <testcase classname="base functionality - auto-freeze=true:shallow-copy=true:use-listener=false should be possible to use dynamic bound this" name="base functionality - auto-freeze=true:shallow-copy=true:use-listener=false should be possible to use dynamic bound this" time="0.004">
    </testcase>
    <testcase classname="base functionality - auto-freeze=true:shallow-copy=true:use-listener=false doesnt recurse into frozen structures if external data is frozen" name="base functionality - auto-freeze=true:shallow-copy=true:use-listener=false doesnt recurse into frozen structures if external data is frozen" time="0.005">
    </testcase>
    <testcase classname="base functionality - auto-freeze=true:shallow-copy=true:use-listener=false supports the spread operator" name="base functionality - auto-freeze=true:shallow-copy=true:use-listener=false supports the spread operator" time="0.004">
    </testcase>
    <testcase classname="base functionality - auto-freeze=true:shallow-copy=true:use-listener=false processes with lodash.set" name="base functionality - auto-freeze=true:shallow-copy=true:use-listener=false processes with lodash.set" time="0.006">
    </testcase>
    <testcase classname="base functionality - auto-freeze=true:shallow-copy=true:use-listener=false processes with lodash.find" name="base functionality - auto-freeze=true:shallow-copy=true:use-listener=false processes with lodash.find" time="0.007">
    </testcase>
    <testcase classname="base functionality - auto-freeze=true:shallow-copy=true:use-listener=false does not draft external data" name="base functionality - auto-freeze=true:shallow-copy=true:use-listener=false does not draft external data" time="0.004">
    </testcase>
    <testcase classname="base functionality - auto-freeze=true:shallow-copy=true:use-listener=false does not create new state unnecessary, #491" name="base functionality - auto-freeze=true:shallow-copy=true:use-listener=false does not create new state unnecessary, #491" time="0.009">
    </testcase>
    <testcase classname="base functionality - auto-freeze=true:shallow-copy=true:use-listener=false issue #462 - frozen" name="base functionality - auto-freeze=true:shallow-copy=true:use-listener=false issue #462 - frozen" time="0.008">
    </testcase>
    <testcase classname="base functionality - auto-freeze=true:shallow-copy=true:use-listener=false issue #469, state not frozen" name="base functionality - auto-freeze=true:shallow-copy=true:use-listener=false issue #469, state not frozen" time="0.01">
    </testcase>
    <testcase classname="base functionality - auto-freeze=true:shallow-copy=true:use-listener=false recipe functions can return a new object" name="base functionality - auto-freeze=true:shallow-copy=true:use-listener=false recipe functions can return a new object" time="0.004">
    </testcase>
    <testcase classname="base functionality - auto-freeze=true:shallow-copy=true:use-listener=false recipe functions can return the draft" name="base functionality - auto-freeze=true:shallow-copy=true:use-listener=false recipe functions can return the draft" time="0.003">
    </testcase>
    <testcase classname="base functionality - auto-freeze=true:shallow-copy=true:use-listener=false recipe functions can return an unmodified child draft" name="base functionality - auto-freeze=true:shallow-copy=true:use-listener=false recipe functions can return an unmodified child draft" time="0.007">
    </testcase>
    <testcase classname="base functionality - auto-freeze=true:shallow-copy=true:use-listener=false recipe functions cannot return a modified child draft" name="base functionality - auto-freeze=true:shallow-copy=true:use-listener=false recipe functions cannot return a modified child draft" time="0.005">
    </testcase>
    <testcase classname="base functionality - auto-freeze=true:shallow-copy=true:use-listener=false recipe functions can return a frozen object" name="base functionality - auto-freeze=true:shallow-copy=true:use-listener=false recipe functions can return a frozen object" time="0.007">
    </testcase>
    <testcase classname="base functionality - auto-freeze=true:shallow-copy=true:use-listener=false recipe functions can return an object with two references to another object" name="base functionality - auto-freeze=true:shallow-copy=true:use-listener=false recipe functions can return an object with two references to another object" time="0.008">
    </testcase>
    <testcase classname="base functionality - auto-freeze=true:shallow-copy=true:use-listener=false recipe functions can return an object with two references to an unmodified draft" name="base functionality - auto-freeze=true:shallow-copy=true:use-listener=false recipe functions can return an object with two references to an unmodified draft" time="0.003">
    </testcase>
    <testcase classname="base functionality - auto-freeze=true:shallow-copy=true:use-listener=false recipe functions cannot return an object that references itself" name="base functionality - auto-freeze=true:shallow-copy=true:use-listener=false recipe functions cannot return an object that references itself" time="0.025">
    </testcase>
    <testcase classname="base functionality - auto-freeze=true:shallow-copy=true:use-listener=false throws when the draft is modified and another object is returned" name="base functionality - auto-freeze=true:shallow-copy=true:use-listener=false throws when the draft is modified and another object is returned" time="0.003">
    </testcase>
    <testcase classname="base functionality - auto-freeze=true:shallow-copy=true:use-listener=false should fix #117 - 1" name="base functionality - auto-freeze=true:shallow-copy=true:use-listener=false should fix #117 - 1" time="0.004">
    </testcase>
    <testcase classname="base functionality - auto-freeze=true:shallow-copy=true:use-listener=false should fix #117 - 2" name="base functionality - auto-freeze=true:shallow-copy=true:use-listener=false should fix #117 - 2" time="0.008">
    </testcase>
    <testcase classname="base functionality - auto-freeze=true:shallow-copy=true:use-listener=false cannot always detect noop assignments - 0" name="base functionality - auto-freeze=true:shallow-copy=true:use-listener=false cannot always detect noop assignments - 0" time="0.003">
    </testcase>
    <testcase classname="base functionality - auto-freeze=true:shallow-copy=true:use-listener=false cannot always detect noop assignments - 1" name="base functionality - auto-freeze=true:shallow-copy=true:use-listener=false cannot always detect noop assignments - 1" time="0.005">
    </testcase>
    <testcase classname="base functionality - auto-freeze=true:shallow-copy=true:use-listener=false cannot always detect noop assignments - 2" name="base functionality - auto-freeze=true:shallow-copy=true:use-listener=false cannot always detect noop assignments - 2" time="0.008">
    </testcase>
    <testcase classname="base functionality - auto-freeze=true:shallow-copy=true:use-listener=false cannot always detect noop assignments - 3" name="base functionality - auto-freeze=true:shallow-copy=true:use-listener=false cannot always detect noop assignments - 3" time="0.002">
    </testcase>
    <testcase classname="base functionality - auto-freeze=true:shallow-copy=true:use-listener=false cannot always detect noop assignments - 4" name="base functionality - auto-freeze=true:shallow-copy=true:use-listener=false cannot always detect noop assignments - 4" time="0.003">
    </testcase>
    <testcase classname="base functionality - auto-freeze=true:shallow-copy=true:use-listener=false cannot always detect noop assignments - 4" name="base functionality - auto-freeze=true:shallow-copy=true:use-listener=false cannot always detect noop assignments - 4" time="0.006">
    </testcase>
    <testcase classname="base functionality - auto-freeze=true:shallow-copy=true:use-listener=false cannot produce undefined by returning undefined" name="base functionality - auto-freeze=true:shallow-copy=true:use-listener=false cannot produce undefined by returning undefined" time="0.007">
    </testcase>
    <testcase classname="base functionality - auto-freeze=true:shallow-copy=true:use-listener=false base state type empty object creates a draft" name="base functionality - auto-freeze=true:shallow-copy=true:use-listener=false base state type empty object creates a draft" time="0.003">
    </testcase>
    <testcase classname="base functionality - auto-freeze=true:shallow-copy=true:use-listener=false base state type empty object preserves the prototype" name="base functionality - auto-freeze=true:shallow-copy=true:use-listener=false base state type empty object preserves the prototype" time="0.006">
    </testcase>
    <testcase classname="base functionality - auto-freeze=true:shallow-copy=true:use-listener=false base state type empty object returns the base state when no changes are made" name="base functionality - auto-freeze=true:shallow-copy=true:use-listener=false base state type empty object returns the base state when no changes are made" time="0.002">
    </testcase>
    <testcase classname="base functionality - auto-freeze=true:shallow-copy=true:use-listener=false base state type empty object returns a copy when changes are made" name="base functionality - auto-freeze=true:shallow-copy=true:use-listener=false base state type empty object returns a copy when changes are made" time="0.004">
    </testcase>
    <testcase classname="base functionality - auto-freeze=true:shallow-copy=true:use-listener=false base state type empty object (frozen) creates a draft" name="base functionality - auto-freeze=true:shallow-copy=true:use-listener=false base state type empty object (frozen) creates a draft" time="0.005">
    </testcase>
    <testcase classname="base functionality - auto-freeze=true:shallow-copy=true:use-listener=false base state type empty object (frozen) preserves the prototype" name="base functionality - auto-freeze=true:shallow-copy=true:use-listener=false base state type empty object (frozen) preserves the prototype" time="0.006">
    </testcase>
    <testcase classname="base functionality - auto-freeze=true:shallow-copy=true:use-listener=false base state type empty object (frozen) returns the base state when no changes are made" name="base functionality - auto-freeze=true:shallow-copy=true:use-listener=false base state type empty object (frozen) returns the base state when no changes are made" time="0.003">
    </testcase>
    <testcase classname="base functionality - auto-freeze=true:shallow-copy=true:use-listener=false base state type empty object (frozen) returns a copy when changes are made" name="base functionality - auto-freeze=true:shallow-copy=true:use-listener=false base state type empty object (frozen) returns a copy when changes are made" time="0.003">
    </testcase>
    <testcase classname="base functionality - auto-freeze=true:shallow-copy=true:use-listener=false base state type plain object creates a draft" name="base functionality - auto-freeze=true:shallow-copy=true:use-listener=false base state type plain object creates a draft" time="0.008">
    </testcase>
    <testcase classname="base functionality - auto-freeze=true:shallow-copy=true:use-listener=false base state type plain object preserves the prototype" name="base functionality - auto-freeze=true:shallow-copy=true:use-listener=false base state type plain object preserves the prototype" time="0.003">
    </testcase>
    <testcase classname="base functionality - auto-freeze=true:shallow-copy=true:use-listener=false base state type plain object returns the base state when no changes are made" name="base functionality - auto-freeze=true:shallow-copy=true:use-listener=false base state type plain object returns the base state when no changes are made" time="0.002">
    </testcase>
    <testcase classname="base functionality - auto-freeze=true:shallow-copy=true:use-listener=false base state type plain object returns a copy when changes are made" name="base functionality - auto-freeze=true:shallow-copy=true:use-listener=false base state type plain object returns a copy when changes are made" time="0.013">
    </testcase>
    <testcase classname="base functionality - auto-freeze=true:shallow-copy=true:use-listener=false base state type plain object (frozen) creates a draft" name="base functionality - auto-freeze=true:shallow-copy=true:use-listener=false base state type plain object (frozen) creates a draft" time="0.016">
    </testcase>
    <testcase classname="base functionality - auto-freeze=true:shallow-copy=true:use-listener=false base state type plain object (frozen) preserves the prototype" name="base functionality - auto-freeze=true:shallow-copy=true:use-listener=false base state type plain object (frozen) preserves the prototype" time="0.004">
    </testcase>
    <testcase classname="base functionality - auto-freeze=true:shallow-copy=true:use-listener=false base state type plain object (frozen) returns the base state when no changes are made" name="base functionality - auto-freeze=true:shallow-copy=true:use-listener=false base state type plain object (frozen) returns the base state when no changes are made" time="0.01">
    </testcase>
    <testcase classname="base functionality - auto-freeze=true:shallow-copy=true:use-listener=false base state type plain object (frozen) returns a copy when changes are made" name="base functionality - auto-freeze=true:shallow-copy=true:use-listener=false base state type plain object (frozen) returns a copy when changes are made" time="0.011">
    </testcase>
    <testcase classname="base functionality - auto-freeze=true:shallow-copy=true:use-listener=false base state type empty array creates a draft" name="base functionality - auto-freeze=true:shallow-copy=true:use-listener=false base state type empty array creates a draft" time="0.002">
    </testcase>
    <testcase classname="base functionality - auto-freeze=true:shallow-copy=true:use-listener=false base state type empty array preserves the prototype" name="base functionality - auto-freeze=true:shallow-copy=true:use-listener=false base state type empty array preserves the prototype" time="0.003">
    </testcase>
    <testcase classname="base functionality - auto-freeze=true:shallow-copy=true:use-listener=false base state type empty array returns the base state when no changes are made" name="base functionality - auto-freeze=true:shallow-copy=true:use-listener=false base state type empty array returns the base state when no changes are made" time="0.003">
    </testcase>
    <testcase classname="base functionality - auto-freeze=true:shallow-copy=true:use-listener=false base state type empty array returns a copy when changes are made" name="base functionality - auto-freeze=true:shallow-copy=true:use-listener=false base state type empty array returns a copy when changes are made" time="0.005">
    </testcase>
    <testcase classname="base functionality - auto-freeze=true:shallow-copy=true:use-listener=false base state type empty array (frozen) creates a draft" name="base functionality - auto-freeze=true:shallow-copy=true:use-listener=false base state type empty array (frozen) creates a draft" time="0.006">
    </testcase>
    <testcase classname="base functionality - auto-freeze=true:shallow-copy=true:use-listener=false base state type empty array (frozen) preserves the prototype" name="base functionality - auto-freeze=true:shallow-copy=true:use-listener=false base state type empty array (frozen) preserves the prototype" time="0.003">
    </testcase>
    <testcase classname="base functionality - auto-freeze=true:shallow-copy=true:use-listener=false base state type empty array (frozen) returns the base state when no changes are made" name="base functionality - auto-freeze=true:shallow-copy=true:use-listener=false base state type empty array (frozen) returns the base state when no changes are made" time="0.005">
    </testcase>
    <testcase classname="base functionality - auto-freeze=true:shallow-copy=true:use-listener=false base state type empty array (frozen) returns a copy when changes are made" name="base functionality - auto-freeze=true:shallow-copy=true:use-listener=false base state type empty array (frozen) returns a copy when changes are made" time="0.004">
    </testcase>
    <testcase classname="base functionality - auto-freeze=true:shallow-copy=true:use-listener=false base state type plain array creates a draft" name="base functionality - auto-freeze=true:shallow-copy=true:use-listener=false base state type plain array creates a draft" time="0.004">
    </testcase>
    <testcase classname="base functionality - auto-freeze=true:shallow-copy=true:use-listener=false base state type plain array preserves the prototype" name="base functionality - auto-freeze=true:shallow-copy=true:use-listener=false base state type plain array preserves the prototype" time="0.002">
    </testcase>
    <testcase classname="base functionality - auto-freeze=true:shallow-copy=true:use-listener=false base state type plain array returns the base state when no changes are made" name="base functionality - auto-freeze=true:shallow-copy=true:use-listener=false base state type plain array returns the base state when no changes are made" time="0.002">
    </testcase>
    <testcase classname="base functionality - auto-freeze=true:shallow-copy=true:use-listener=false base state type plain array returns a copy when changes are made" name="base functionality - auto-freeze=true:shallow-copy=true:use-listener=false base state type plain array returns a copy when changes are made" time="0.006">
    </testcase>
    <testcase classname="base functionality - auto-freeze=true:shallow-copy=true:use-listener=false base state type plain array (frozen) creates a draft" name="base functionality - auto-freeze=true:shallow-copy=true:use-listener=false base state type plain array (frozen) creates a draft" time="0.002">
    </testcase>
    <testcase classname="base functionality - auto-freeze=true:shallow-copy=true:use-listener=false base state type plain array (frozen) preserves the prototype" name="base functionality - auto-freeze=true:shallow-copy=true:use-listener=false base state type plain array (frozen) preserves the prototype" time="0.002">
    </testcase>
    <testcase classname="base functionality - auto-freeze=true:shallow-copy=true:use-listener=false base state type plain array (frozen) returns the base state when no changes are made" name="base functionality - auto-freeze=true:shallow-copy=true:use-listener=false base state type plain array (frozen) returns the base state when no changes are made" time="0.002">
    </testcase>
    <testcase classname="base functionality - auto-freeze=true:shallow-copy=true:use-listener=false base state type plain array (frozen) returns a copy when changes are made" name="base functionality - auto-freeze=true:shallow-copy=true:use-listener=false base state type plain array (frozen) returns a copy when changes are made" time="0.01">
    </testcase>
    <testcase classname="base functionality - auto-freeze=true:shallow-copy=true:use-listener=false base state type class instance (draftable) creates a draft" name="base functionality - auto-freeze=true:shallow-copy=true:use-listener=false base state type class instance (draftable) creates a draft" time="0.002">
    </testcase>
    <testcase classname="base functionality - auto-freeze=true:shallow-copy=true:use-listener=false base state type class instance (draftable) preserves the prototype" name="base functionality - auto-freeze=true:shallow-copy=true:use-listener=false base state type class instance (draftable) preserves the prototype" time="0.002">
    </testcase>
    <testcase classname="base functionality - auto-freeze=true:shallow-copy=true:use-listener=false base state type class instance (draftable) returns the base state when no changes are made" name="base functionality - auto-freeze=true:shallow-copy=true:use-listener=false base state type class instance (draftable) returns the base state when no changes are made" time="0.005">
    </testcase>
    <testcase classname="base functionality - auto-freeze=true:shallow-copy=true:use-listener=false base state type class instance (draftable) returns a copy when changes are made" name="base functionality - auto-freeze=true:shallow-copy=true:use-listener=false base state type class instance (draftable) returns a copy when changes are made" time="0.006">
    </testcase>
    <testcase classname="base functionality - auto-freeze=true:shallow-copy=true:use-listener=false base state type class instance (draftable) (frozen) creates a draft" name="base functionality - auto-freeze=true:shallow-copy=true:use-listener=false base state type class instance (draftable) (frozen) creates a draft" time="0.004">
    </testcase>
    <testcase classname="base functionality - auto-freeze=true:shallow-copy=true:use-listener=false base state type class instance (draftable) (frozen) preserves the prototype" name="base functionality - auto-freeze=true:shallow-copy=true:use-listener=false base state type class instance (draftable) (frozen) preserves the prototype" time="0.005">
    </testcase>
    <testcase classname="base functionality - auto-freeze=true:shallow-copy=true:use-listener=false base state type class instance (draftable) (frozen) returns the base state when no changes are made" name="base functionality - auto-freeze=true:shallow-copy=true:use-listener=false base state type class instance (draftable) (frozen) returns the base state when no changes are made" time="0.005">
    </testcase>
    <testcase classname="base functionality - auto-freeze=true:shallow-copy=true:use-listener=false base state type class instance (draftable) (frozen) returns a copy when changes are made" name="base functionality - auto-freeze=true:shallow-copy=true:use-listener=false base state type class instance (draftable) (frozen) returns a copy when changes are made" time="0.004">
    </testcase>
    <testcase classname="base functionality - auto-freeze=true:shallow-copy=true:use-listener=false base state type class with getters should use a method to assing a field using a getter that return a non primitive object" name="base functionality - auto-freeze=true:shallow-copy=true:use-listener=false base state type class with getters should use a method to assing a field using a getter that return a non primitive object" time="0.008">
    </testcase>
    <testcase classname="base functionality - auto-freeze=true:shallow-copy=true:use-listener=false base state type super class with getters should use a method to assing a field using a getter that return a non primitive object" name="base functionality - auto-freeze=true:shallow-copy=true:use-listener=false base state type super class with getters should use a method to assing a field using a getter that return a non primitive object" time="0.004">
    </testcase>
    <testcase classname="base functionality - auto-freeze=true:shallow-copy=true:use-listener=false base state type class with setters should define a field with a setter" name="base functionality - auto-freeze=true:shallow-copy=true:use-listener=false base state type class with setters should define a field with a setter" time="0.004">
    </testcase>
    <testcase classname="base functionality - auto-freeze=true:shallow-copy=true:use-listener=false base state type falsy number does not create a draft" name="base functionality - auto-freeze=true:shallow-copy=true:use-listener=false base state type falsy number does not create a draft" time="0.005">
    </testcase>
    <testcase classname="base functionality - auto-freeze=true:shallow-copy=true:use-listener=false base state type falsy number returns the base state when no changes are made" name="base functionality - auto-freeze=true:shallow-copy=true:use-listener=false base state type falsy number returns the base state when no changes are made" time="0.005">
    </testcase>
    <testcase classname="base functionality - auto-freeze=true:shallow-copy=true:use-listener=false base state type truthy number does not create a draft" name="base functionality - auto-freeze=true:shallow-copy=true:use-listener=false base state type truthy number does not create a draft" time="0.003">
    </testcase>
    <testcase classname="base functionality - auto-freeze=true:shallow-copy=true:use-listener=false base state type truthy number returns the base state when no changes are made" name="base functionality - auto-freeze=true:shallow-copy=true:use-listener=false base state type truthy number returns the base state when no changes are made" time="0.002">
    </testcase>
    <testcase classname="base functionality - auto-freeze=true:shallow-copy=true:use-listener=false base state type negative number does not create a draft" name="base functionality - auto-freeze=true:shallow-copy=true:use-listener=false base state type negative number does not create a draft" time="0.006">
    </testcase>
    <testcase classname="base functionality - auto-freeze=true:shallow-copy=true:use-listener=false base state type negative number returns the base state when no changes are made" name="base functionality - auto-freeze=true:shallow-copy=true:use-listener=false base state type negative number returns the base state when no changes are made" time="0.005">
    </testcase>
    <testcase classname="base functionality - auto-freeze=true:shallow-copy=true:use-listener=false base state type NaN does not create a draft" name="base functionality - auto-freeze=true:shallow-copy=true:use-listener=false base state type NaN does not create a draft" time="0.003">
    </testcase>
    <testcase classname="base functionality - auto-freeze=true:shallow-copy=true:use-listener=false base state type NaN returns the base state when no changes are made" name="base functionality - auto-freeze=true:shallow-copy=true:use-listener=false base state type NaN returns the base state when no changes are made" time="0.002">
    </testcase>
    <testcase classname="base functionality - auto-freeze=true:shallow-copy=true:use-listener=false base state type infinity does not create a draft" name="base functionality - auto-freeze=true:shallow-copy=true:use-listener=false base state type infinity does not create a draft" time="0.005">
    </testcase>
    <testcase classname="base functionality - auto-freeze=true:shallow-copy=true:use-listener=false base state type infinity returns the base state when no changes are made" name="base functionality - auto-freeze=true:shallow-copy=true:use-listener=false base state type infinity returns the base state when no changes are made" time="0.004">
    </testcase>
    <testcase classname="base functionality - auto-freeze=true:shallow-copy=true:use-listener=false base state type true does not create a draft" name="base functionality - auto-freeze=true:shallow-copy=true:use-listener=false base state type true does not create a draft" time="0.003">
    </testcase>
    <testcase classname="base functionality - auto-freeze=true:shallow-copy=true:use-listener=false base state type true returns the base state when no changes are made" name="base functionality - auto-freeze=true:shallow-copy=true:use-listener=false base state type true returns the base state when no changes are made" time="0.002">
    </testcase>
    <testcase classname="base functionality - auto-freeze=true:shallow-copy=true:use-listener=false base state type false does not create a draft" name="base functionality - auto-freeze=true:shallow-copy=true:use-listener=false base state type false does not create a draft" time="0.004">
    </testcase>
    <testcase classname="base functionality - auto-freeze=true:shallow-copy=true:use-listener=false base state type false returns the base state when no changes are made" name="base functionality - auto-freeze=true:shallow-copy=true:use-listener=false base state type false returns the base state when no changes are made" time="0.002">
    </testcase>
    <testcase classname="base functionality - auto-freeze=true:shallow-copy=true:use-listener=false base state type empty string does not create a draft" name="base functionality - auto-freeze=true:shallow-copy=true:use-listener=false base state type empty string does not create a draft" time="0.002">
    </testcase>
    <testcase classname="base functionality - auto-freeze=true:shallow-copy=true:use-listener=false base state type empty string returns the base state when no changes are made" name="base functionality - auto-freeze=true:shallow-copy=true:use-listener=false base state type empty string returns the base state when no changes are made" time="0.002">
    </testcase>
    <testcase classname="base functionality - auto-freeze=true:shallow-copy=true:use-listener=false base state type truthy string does not create a draft" name="base functionality - auto-freeze=true:shallow-copy=true:use-listener=false base state type truthy string does not create a draft" time="0.003">
    </testcase>
    <testcase classname="base functionality - auto-freeze=true:shallow-copy=true:use-listener=false base state type truthy string returns the base state when no changes are made" name="base functionality - auto-freeze=true:shallow-copy=true:use-listener=false base state type truthy string returns the base state when no changes are made" time="0.004">
    </testcase>
    <testcase classname="base functionality - auto-freeze=true:shallow-copy=true:use-listener=false base state type null does not create a draft" name="base functionality - auto-freeze=true:shallow-copy=true:use-listener=false base state type null does not create a draft" time="0.002">
    </testcase>
    <testcase classname="base functionality - auto-freeze=true:shallow-copy=true:use-listener=false base state type null returns the base state when no changes are made" name="base functionality - auto-freeze=true:shallow-copy=true:use-listener=false base state type null returns the base state when no changes are made" time="0.003">
    </testcase>
    <testcase classname="base functionality - auto-freeze=true:shallow-copy=true:use-listener=false base state type undefined does not create a draft" name="base functionality - auto-freeze=true:shallow-copy=true:use-listener=false base state type undefined does not create a draft" time="0.002">
    </testcase>
    <testcase classname="base functionality - auto-freeze=true:shallow-copy=true:use-listener=false base state type undefined returns the base state when no changes are made" name="base functionality - auto-freeze=true:shallow-copy=true:use-listener=false base state type undefined returns the base state when no changes are made" time="0.002">
    </testcase>
    <testcase classname="base functionality - auto-freeze=true:shallow-copy=true:use-listener=false base state type function does not create a draft" name="base functionality - auto-freeze=true:shallow-copy=true:use-listener=false base state type function does not create a draft" time="0.008">
    </testcase>
    <testcase classname="base functionality - auto-freeze=true:shallow-copy=true:use-listener=false base state type function returns the base state when no changes are made" name="base functionality - auto-freeze=true:shallow-copy=true:use-listener=false base state type function returns the base state when no changes are made" time="0.004">
    </testcase>
    <testcase classname="base functionality - auto-freeze=true:shallow-copy=true:use-listener=false base state type regexp object does not return a copy when changes are made" name="base functionality - auto-freeze=true:shallow-copy=true:use-listener=false base state type regexp object does not return a copy when changes are made" time="0.011">
    </testcase>
    <testcase classname="base functionality - auto-freeze=true:shallow-copy=true:use-listener=false base state type boxed number does not return a copy when changes are made" name="base functionality - auto-freeze=true:shallow-copy=true:use-listener=false base state type boxed number does not return a copy when changes are made" time="0.006">
    </testcase>
    <testcase classname="base functionality - auto-freeze=true:shallow-copy=true:use-listener=false base state type boxed string does not return a copy when changes are made" name="base functionality - auto-freeze=true:shallow-copy=true:use-listener=false base state type boxed string does not return a copy when changes are made" time="0.016">
    </testcase>
    <testcase classname="base functionality - auto-freeze=true:shallow-copy=true:use-listener=false base state type boxed boolean does not return a copy when changes are made" name="base functionality - auto-freeze=true:shallow-copy=true:use-listener=false base state type boxed boolean does not return a copy when changes are made" time="0.014">
    </testcase>
    <testcase classname="base functionality - auto-freeze=true:shallow-copy=true:use-listener=false base state type date object does not return a copy when changes are made" name="base functionality - auto-freeze=true:shallow-copy=true:use-listener=false base state type date object does not return a copy when changes are made" time="0.013">
    </testcase>
    <testcase classname="base functionality - auto-freeze=true:shallow-copy=true:use-listener=false base state type class instance (not draftable) does not return a copy when changes are made" name="base functionality - auto-freeze=true:shallow-copy=true:use-listener=false base state type class instance (not draftable) does not return a copy when changes are made" time="0.018">
    </testcase>
    <testcase classname=" works with spread #524 - auto-freeze=true:shallow-copy=true:use-listener=false" name=" works with spread #524 - auto-freeze=true:shallow-copy=true:use-listener=false" time="0.018">
    </testcase>
    <testcase classname=" Something with nested producers #522 auto-freeze=true:shallow-copy=true:use-listener=false" name=" Something with nested producers #522 auto-freeze=true:shallow-copy=true:use-listener=false" time="0.016">
    </testcase>
    <testcase classname="isDraft - auto-freeze=true:shallow-copy=true:use-listener=false returns true for object drafts" name="isDraft - auto-freeze=true:shallow-copy=true:use-listener=false returns true for object drafts" time="0.001">
    </testcase>
    <testcase classname="isDraft - auto-freeze=true:shallow-copy=true:use-listener=false returns true for array drafts" name="isDraft - auto-freeze=true:shallow-copy=true:use-listener=false returns true for array drafts" time="0.001">
    </testcase>
    <testcase classname="isDraft - auto-freeze=true:shallow-copy=true:use-listener=false returns true for objects nested in object drafts" name="isDraft - auto-freeze=true:shallow-copy=true:use-listener=false returns true for objects nested in object drafts" time="0.009">
    </testcase>
    <testcase classname="isDraft - auto-freeze=true:shallow-copy=true:use-listener=false returns false for new objects added to a draft" name="isDraft - auto-freeze=true:shallow-copy=true:use-listener=false returns false for new objects added to a draft" time="0.001">
    </testcase>
    <testcase classname="isDraft - auto-freeze=true:shallow-copy=true:use-listener=false returns false for objects returned by the producer" name="isDraft - auto-freeze=true:shallow-copy=true:use-listener=false returns false for objects returned by the producer" time="0.007">
    </testcase>
    <testcase classname="isDraft - auto-freeze=true:shallow-copy=true:use-listener=false returns false for arrays returned by the producer" name="isDraft - auto-freeze=true:shallow-copy=true:use-listener=false returns false for arrays returned by the producer" time="0.01">
    </testcase>
    <testcase classname="isDraft - auto-freeze=true:shallow-copy=true:use-listener=false returns false for object drafts returned by the producer" name="isDraft - auto-freeze=true:shallow-copy=true:use-listener=false returns false for object drafts returned by the producer" time="0.002">
    </testcase>
    <testcase classname="isDraft - auto-freeze=true:shallow-copy=true:use-listener=false returns false for array drafts returned by the producer" name="isDraft - auto-freeze=true:shallow-copy=true:use-listener=false returns false for array drafts returned by the producer" time="0.001">
    </testcase>
    <testcase classname="complex nesting map / set / object modify deep object" name="complex nesting map / set / object modify deep object" time="0.014">
    </testcase>
    <testcase classname="complex nesting map / set / object modify deep object - keep value" name="complex nesting map / set / object modify deep object - keep value" time="0.004">
    </testcase>
    <testcase classname="base functionality - auto-freeze=true:shallow-copy=false:use-listener=true returns the original state when no changes are made" name="base functionality - auto-freeze=true:shallow-copy=false:use-listener=true returns the original state when no changes are made" time="0.009">
    </testcase>
    <testcase classname="base functionality - auto-freeze=true:shallow-copy=false:use-listener=true does structural sharing" name="base functionality - auto-freeze=true:shallow-copy=false:use-listener=true does structural sharing" time="0.004">
    </testcase>
    <testcase classname="base functionality - auto-freeze=true:shallow-copy=false:use-listener=true deep change bubbles up" name="base functionality - auto-freeze=true:shallow-copy=false:use-listener=true deep change bubbles up" time="0.009">
    </testcase>
    <testcase classname="base functionality - auto-freeze=true:shallow-copy=false:use-listener=true can add props" name="base functionality - auto-freeze=true:shallow-copy=false:use-listener=true can add props" time="0.005">
    </testcase>
    <testcase classname="base functionality - auto-freeze=true:shallow-copy=false:use-listener=true can delete props" name="base functionality - auto-freeze=true:shallow-copy=false:use-listener=true can delete props" time="0.002">
    </testcase>
    <testcase classname="base functionality - auto-freeze=true:shallow-copy=false:use-listener=true can delete props - 2" name="base functionality - auto-freeze=true:shallow-copy=false:use-listener=true can delete props - 2" time="0.002">
    </testcase>
    <testcase classname="base functionality - auto-freeze=true:shallow-copy=false:use-listener=true can delete props added in the producer" name="base functionality - auto-freeze=true:shallow-copy=false:use-listener=true can delete props added in the producer" time="0.007">
    </testcase>
    <testcase classname="base functionality - auto-freeze=true:shallow-copy=false:use-listener=true can set a property that was just deleted" name="base functionality - auto-freeze=true:shallow-copy=false:use-listener=true can set a property that was just deleted" time="0.005">
    </testcase>
    <testcase classname="base functionality - auto-freeze=true:shallow-copy=false:use-listener=true can set a property to its original value after deleting it" name="base functionality - auto-freeze=true:shallow-copy=false:use-listener=true can set a property to its original value after deleting it" time="0.002">
    </testcase>
    <testcase classname="base functionality - auto-freeze=true:shallow-copy=false:use-listener=true can get property descriptors" name="base functionality - auto-freeze=true:shallow-copy=false:use-listener=true can get property descriptors" time="0.01">
    </testcase>
    <testcase classname="base functionality - auto-freeze=true:shallow-copy=false:use-listener=true array drafts supports Array.isArray()" name="base functionality - auto-freeze=true:shallow-copy=false:use-listener=true array drafts supports Array.isArray()" time="0.004">
    </testcase>
    <testcase classname="base functionality - auto-freeze=true:shallow-copy=false:use-listener=true array drafts supports index access" name="base functionality - auto-freeze=true:shallow-copy=false:use-listener=true array drafts supports index access" time="0.006">
    </testcase>
    <testcase classname="base functionality - auto-freeze=true:shallow-copy=false:use-listener=true array drafts supports iteration" name="base functionality - auto-freeze=true:shallow-copy=false:use-listener=true array drafts supports iteration" time="0.006">
    </testcase>
    <testcase classname="base functionality - auto-freeze=true:shallow-copy=false:use-listener=true array drafts can assign an index via bracket notation" name="base functionality - auto-freeze=true:shallow-copy=false:use-listener=true array drafts can assign an index via bracket notation" time="0.002">
    </testcase>
    <testcase classname="base functionality - auto-freeze=true:shallow-copy=false:use-listener=true array drafts can use splice() to both add and remove items" name="base functionality - auto-freeze=true:shallow-copy=false:use-listener=true array drafts can use splice() to both add and remove items" time="0.003">
    </testcase>
    <testcase classname="base functionality - auto-freeze=true:shallow-copy=false:use-listener=true array drafts can truncate via the length property" name="base functionality - auto-freeze=true:shallow-copy=false:use-listener=true array drafts can truncate via the length property" time="0.002">
    </testcase>
    <testcase classname="base functionality - auto-freeze=true:shallow-copy=false:use-listener=true array drafts can extend via the length property" name="base functionality - auto-freeze=true:shallow-copy=false:use-listener=true array drafts can extend via the length property" time="0.008">
    </testcase>
    <testcase classname="base functionality - auto-freeze=true:shallow-copy=false:use-listener=true array drafts can pop then push" name="base functionality - auto-freeze=true:shallow-copy=false:use-listener=true array drafts can pop then push" time="0.005">
    </testcase>
    <testcase classname="base functionality - auto-freeze=true:shallow-copy=false:use-listener=true array drafts can be sorted" name="base functionality - auto-freeze=true:shallow-copy=false:use-listener=true array drafts can be sorted" time="0.005">
    </testcase>
    <testcase classname="base functionality - auto-freeze=true:shallow-copy=false:use-listener=true array drafts supports modifying nested objects" name="base functionality - auto-freeze=true:shallow-copy=false:use-listener=true array drafts supports modifying nested objects" time="0.009">
    </testcase>
    <testcase classname="base functionality - auto-freeze=true:shallow-copy=false:use-listener=true array drafts never preserves non-numeric properties" name="base functionality - auto-freeze=true:shallow-copy=false:use-listener=true array drafts never preserves non-numeric properties" time="0.003">
    </testcase>
    <testcase classname="base functionality - auto-freeze=true:shallow-copy=false:use-listener=true array drafts throws when a non-numeric property is added" name="base functionality - auto-freeze=true:shallow-copy=false:use-listener=true array drafts throws when a non-numeric property is added" time="0.013">
    </testcase>
    <testcase classname="base functionality - auto-freeze=true:shallow-copy=false:use-listener=true array drafts throws when a non-numeric property is deleted" name="base functionality - auto-freeze=true:shallow-copy=false:use-listener=true array drafts throws when a non-numeric property is deleted" time="0.003">
    </testcase>
    <testcase classname="base functionality - auto-freeze=true:shallow-copy=false:use-listener=true map drafts supports key access" name="base functionality - auto-freeze=true:shallow-copy=false:use-listener=true map drafts supports key access" time="0.007">
    </testcase>
    <testcase classname="base functionality - auto-freeze=true:shallow-copy=false:use-listener=true map drafts supports key access for non-primitive keys" name="base functionality - auto-freeze=true:shallow-copy=false:use-listener=true map drafts supports key access for non-primitive keys" time="0.004">
    </testcase>
    <testcase classname="base functionality - auto-freeze=true:shallow-copy=false:use-listener=true map drafts supports iteration" name="base functionality - auto-freeze=true:shallow-copy=false:use-listener=true map drafts supports iteration" time="0.003">
    </testcase>
    <testcase classname="base functionality - auto-freeze=true:shallow-copy=false:use-listener=true map drafts supports &apos;entries&apos;" name="base functionality - auto-freeze=true:shallow-copy=false:use-listener=true map drafts supports &apos;entries&apos;" time="0.004">
    </testcase>
    <testcase classname="base functionality - auto-freeze=true:shallow-copy=false:use-listener=true map drafts supports &apos;values&apos;" name="base functionality - auto-freeze=true:shallow-copy=false:use-listener=true map drafts supports &apos;values&apos;" time="0.005">
    </testcase>
    <testcase classname="base functionality - auto-freeze=true:shallow-copy=false:use-listener=true map drafts supports &apos;keys" name="base functionality - auto-freeze=true:shallow-copy=false:use-listener=true map drafts supports &apos;keys" time="0.002">
    </testcase>
    <testcase classname="base functionality - auto-freeze=true:shallow-copy=false:use-listener=true map drafts supports forEach" name="base functionality - auto-freeze=true:shallow-copy=false:use-listener=true map drafts supports forEach" time="0.005">
    </testcase>
    <testcase classname="base functionality - auto-freeze=true:shallow-copy=false:use-listener=true map drafts supports forEach mutation" name="base functionality - auto-freeze=true:shallow-copy=false:use-listener=true map drafts supports forEach mutation" time="0.006">
    </testcase>
    <testcase classname="base functionality - auto-freeze=true:shallow-copy=false:use-listener=true map drafts can assign by key" name="base functionality - auto-freeze=true:shallow-copy=false:use-listener=true map drafts can assign by key" time="0.003">
    </testcase>
    <testcase classname="base functionality - auto-freeze=true:shallow-copy=false:use-listener=true map drafts can assign by a non-primitive key" name="base functionality - auto-freeze=true:shallow-copy=false:use-listener=true map drafts can assign by a non-primitive key" time="0.003">
    </testcase>
    <testcase classname="base functionality - auto-freeze=true:shallow-copy=false:use-listener=true map drafts state stays the same if the the same item is assigned by key" name="base functionality - auto-freeze=true:shallow-copy=false:use-listener=true map drafts state stays the same if the the same item is assigned by key" time="0.003">
    </testcase>
    <testcase classname="base functionality - auto-freeze=true:shallow-copy=false:use-listener=true map drafts returns &apos;size&apos;" name="base functionality - auto-freeze=true:shallow-copy=false:use-listener=true map drafts returns &apos;size&apos;" time="0.015">
    </testcase>
    <testcase classname="base functionality - auto-freeze=true:shallow-copy=false:use-listener=true map drafts can use &apos;delete&apos; to remove items" name="base functionality - auto-freeze=true:shallow-copy=false:use-listener=true map drafts can use &apos;delete&apos; to remove items" time="0.013">
    </testcase>
    <testcase classname="base functionality - auto-freeze=true:shallow-copy=false:use-listener=true map drafts can use &apos;clear&apos; to remove items" name="base functionality - auto-freeze=true:shallow-copy=false:use-listener=true map drafts can use &apos;clear&apos; to remove items" time="0.004">
    </testcase>
    <testcase classname="base functionality - auto-freeze=true:shallow-copy=false:use-listener=true map drafts support &apos;has&apos;" name="base functionality - auto-freeze=true:shallow-copy=false:use-listener=true map drafts support &apos;has&apos;" time="0.008">
    </testcase>
    <testcase classname="base functionality - auto-freeze=true:shallow-copy=false:use-listener=true map drafts supports nested maps" name="base functionality - auto-freeze=true:shallow-copy=false:use-listener=true map drafts supports nested maps" time="0.007">
    </testcase>
    <testcase classname="base functionality - auto-freeze=true:shallow-copy=false:use-listener=true map drafts treats void deletes as no-op" name="base functionality - auto-freeze=true:shallow-copy=false:use-listener=true map drafts treats void deletes as no-op" time="0.003">
    </testcase>
    <testcase classname="base functionality - auto-freeze=true:shallow-copy=false:use-listener=true map drafts revokes map proxies" name="base functionality - auto-freeze=true:shallow-copy=false:use-listener=true map drafts revokes map proxies" time="0.008">
    </testcase>
    <testcase classname="base functionality - auto-freeze=true:shallow-copy=false:use-listener=true map drafts does not draft map keys" name="base functionality - auto-freeze=true:shallow-copy=false:use-listener=true map drafts does not draft map keys" time="0.005">
    </testcase>
    <testcase classname="base functionality - auto-freeze=true:shallow-copy=false:use-listener=true map drafts does support instanceof Map" name="base functionality - auto-freeze=true:shallow-copy=false:use-listener=true map drafts does support instanceof Map" time="0.003">
    </testcase>
    <testcase classname="base functionality - auto-freeze=true:shallow-copy=false:use-listener=true map drafts handles clear correctly" name="base functionality - auto-freeze=true:shallow-copy=false:use-listener=true map drafts handles clear correctly" time="0.005">
    </testcase>
    <testcase classname="base functionality - auto-freeze=true:shallow-copy=false:use-listener=true set drafts supports iteration" name="base functionality - auto-freeze=true:shallow-copy=false:use-listener=true set drafts supports iteration" time="0.008">
    </testcase>
    <testcase classname="base functionality - auto-freeze=true:shallow-copy=false:use-listener=true set drafts supports &apos;entries&apos;" name="base functionality - auto-freeze=true:shallow-copy=false:use-listener=true set drafts supports &apos;entries&apos;" time="0.014">
    </testcase>
    <testcase classname="base functionality - auto-freeze=true:shallow-copy=false:use-listener=true set drafts supports &apos;values&apos;" name="base functionality - auto-freeze=true:shallow-copy=false:use-listener=true set drafts supports &apos;values&apos;" time="0.009">
    </testcase>
    <testcase classname="base functionality - auto-freeze=true:shallow-copy=false:use-listener=true set drafts supports &apos;keys&apos;" name="base functionality - auto-freeze=true:shallow-copy=false:use-listener=true set drafts supports &apos;keys&apos;" time="0.006">
    </testcase>
    <testcase classname="base functionality - auto-freeze=true:shallow-copy=false:use-listener=true set drafts supports forEach with mutation after reads" name="base functionality - auto-freeze=true:shallow-copy=false:use-listener=true set drafts supports forEach with mutation after reads" time="0.005">
    </testcase>
    <testcase classname="base functionality - auto-freeze=true:shallow-copy=false:use-listener=true set drafts state stays the same if the same item is added" name="base functionality - auto-freeze=true:shallow-copy=false:use-listener=true set drafts state stays the same if the same item is added" time="0.005">
    </testcase>
    <testcase classname="base functionality - auto-freeze=true:shallow-copy=false:use-listener=true set drafts can add new items" name="base functionality - auto-freeze=true:shallow-copy=false:use-listener=true set drafts can add new items" time="0.004">
    </testcase>
    <testcase classname="base functionality - auto-freeze=true:shallow-copy=false:use-listener=true set drafts returns &apos;size&apos;" name="base functionality - auto-freeze=true:shallow-copy=false:use-listener=true set drafts returns &apos;size&apos;" time="0.004">
    </testcase>
    <testcase classname="base functionality - auto-freeze=true:shallow-copy=false:use-listener=true set drafts can use &apos;delete&apos; to remove items" name="base functionality - auto-freeze=true:shallow-copy=false:use-listener=true set drafts can use &apos;delete&apos; to remove items" time="0.009">
    </testcase>
    <testcase classname="base functionality - auto-freeze=true:shallow-copy=false:use-listener=true set drafts can use &apos;clear&apos; to remove items" name="base functionality - auto-freeze=true:shallow-copy=false:use-listener=true set drafts can use &apos;clear&apos; to remove items" time="0.007">
    </testcase>
    <testcase classname="base functionality - auto-freeze=true:shallow-copy=false:use-listener=true set drafts supports &apos;has&apos;" name="base functionality - auto-freeze=true:shallow-copy=false:use-listener=true set drafts supports &apos;has&apos;" time="0.094">
    </testcase>
    <testcase classname="base functionality - auto-freeze=true:shallow-copy=false:use-listener=true set drafts supports nested sets" name="base functionality - auto-freeze=true:shallow-copy=false:use-listener=true set drafts supports nested sets" time="0.008">
    </testcase>
    <testcase classname="base functionality - auto-freeze=true:shallow-copy=false:use-listener=true set drafts supports has / delete on elements from the original" name="base functionality - auto-freeze=true:shallow-copy=false:use-listener=true set drafts supports has / delete on elements from the original" time="0.008">
    </testcase>
    <testcase classname="base functionality - auto-freeze=true:shallow-copy=false:use-listener=true set drafts revokes sets" name="base functionality - auto-freeze=true:shallow-copy=false:use-listener=true set drafts revokes sets" time="0.004">
    </testcase>
    <testcase classname="base functionality - auto-freeze=true:shallow-copy=false:use-listener=true set drafts does support instanceof Set" name="base functionality - auto-freeze=true:shallow-copy=false:use-listener=true set drafts does support instanceof Set" time="0.003">
    </testcase>
    <testcase classname="base functionality - auto-freeze=true:shallow-copy=false:use-listener=true supports `immerable` symbol on constructor" name="base functionality - auto-freeze=true:shallow-copy=false:use-listener=true supports `immerable` symbol on constructor" time="0.004">
    </testcase>
    <testcase classname="base functionality - auto-freeze=true:shallow-copy=false:use-listener=true preserves symbol properties" name="base functionality - auto-freeze=true:shallow-copy=false:use-listener=true preserves symbol properties" time="0.02">
    </testcase>
    <testcase classname="base functionality - auto-freeze=true:shallow-copy=false:use-listener=true preserves non-enumerable properties" name="base functionality - auto-freeze=true:shallow-copy=false:use-listener=true preserves non-enumerable properties" time="0.004">
    </testcase>
    <testcase classname="base functionality - auto-freeze=true:shallow-copy=false:use-listener=true can work with own computed props" name="base functionality - auto-freeze=true:shallow-copy=false:use-listener=true can work with own computed props" time="0.006">
    </testcase>
    <testcase classname="base functionality - auto-freeze=true:shallow-copy=false:use-listener=true can work with class with computed props" name="base functionality - auto-freeze=true:shallow-copy=false:use-listener=true can work with class with computed props" time="0.008">
    </testcase>
    <testcase classname="base functionality - auto-freeze=true:shallow-copy=false:use-listener=true allows inherited computed properties" name="base functionality - auto-freeze=true:shallow-copy=false:use-listener=true allows inherited computed properties" time="0.003">
    </testcase>
    <testcase classname="base functionality - auto-freeze=true:shallow-copy=false:use-listener=true optimization: does not visit properties of new data structures if autofreeze is disabled and no drafts are unfinalized" name="base functionality - auto-freeze=true:shallow-copy=false:use-listener=true optimization: does not visit properties of new data structures if autofreeze is disabled and no drafts are unfinalized" time="0.006">
    </testcase>
    <testcase classname="base functionality - auto-freeze=true:shallow-copy=false:use-listener=true same optimization doesn&apos;t cause draft from nested producers to be unfinished" name="base functionality - auto-freeze=true:shallow-copy=false:use-listener=true same optimization doesn&apos;t cause draft from nested producers to be unfinished" time="0.009">
    </testcase>
    <testcase classname="base functionality - auto-freeze=true:shallow-copy=false:use-listener=true supports a base state with multiple references to an object" name="base functionality - auto-freeze=true:shallow-copy=false:use-listener=true supports a base state with multiple references to an object" time="0.004">
    </testcase>
    <testcase classname="base functionality - auto-freeze=true:shallow-copy=false:use-listener=true supports multiple references to any modified draft" name="base functionality - auto-freeze=true:shallow-copy=false:use-listener=true supports multiple references to any modified draft" time="0.003">
    </testcase>
    <testcase classname="base functionality - auto-freeze=true:shallow-copy=false:use-listener=true can rename nested objects (no changes)" name="base functionality - auto-freeze=true:shallow-copy=false:use-listener=true can rename nested objects (no changes)" time="0.008">
    </testcase>
    <testcase classname="base functionality - auto-freeze=true:shallow-copy=false:use-listener=true can rename nested objects (with changes)" name="base functionality - auto-freeze=true:shallow-copy=false:use-listener=true can rename nested objects (with changes)" time="0.005">
    </testcase>
    <testcase classname="base functionality - auto-freeze=true:shallow-copy=false:use-listener=true can nest a draft in a new object (no changes)" name="base functionality - auto-freeze=true:shallow-copy=false:use-listener=true can nest a draft in a new object (no changes)" time="0.006">
    </testcase>
    <testcase classname="base functionality - auto-freeze=true:shallow-copy=false:use-listener=true can nest a modified draft in a new object" name="base functionality - auto-freeze=true:shallow-copy=false:use-listener=true can nest a modified draft in a new object" time="0.003">
    </testcase>
    <testcase classname="base functionality - auto-freeze=true:shallow-copy=false:use-listener=true supports assigning undefined to an existing property" name="base functionality - auto-freeze=true:shallow-copy=false:use-listener=true supports assigning undefined to an existing property" time="0.004">
    </testcase>
    <testcase classname="base functionality - auto-freeze=true:shallow-copy=false:use-listener=true supports assigning undefined to a new property" name="base functionality - auto-freeze=true:shallow-copy=false:use-listener=true supports assigning undefined to a new property" time="0.004">
    </testcase>
    <testcase classname="base functionality - auto-freeze=true:shallow-copy=false:use-listener=true revokes the draft once produce returns" name="base functionality - auto-freeze=true:shallow-copy=false:use-listener=true revokes the draft once produce returns" time="0.015">
    </testcase>
    <testcase classname="base functionality - auto-freeze=true:shallow-copy=false:use-listener=true can access a child draft that was created before the draft was modified" name="base functionality - auto-freeze=true:shallow-copy=false:use-listener=true can access a child draft that was created before the draft was modified" time="0.012">
    </testcase>
    <testcase classname="base functionality - auto-freeze=true:shallow-copy=false:use-listener=true should reflect all changes made in the draft immediately" name="base functionality - auto-freeze=true:shallow-copy=false:use-listener=true should reflect all changes made in the draft immediately" time="0.017">
    </testcase>
    <testcase classname="base functionality - auto-freeze=true:shallow-copy=false:use-listener=true throws when Object.defineProperty() is used on drafts" name="base functionality - auto-freeze=true:shallow-copy=false:use-listener=true throws when Object.defineProperty() is used on drafts" time="0.015">
    </testcase>
    <testcase classname="base functionality - auto-freeze=true:shallow-copy=false:use-listener=true should handle constructor correctly" name="base functionality - auto-freeze=true:shallow-copy=false:use-listener=true should handle constructor correctly" time="0.005">
    </testcase>
    <testcase classname="base functionality - auto-freeze=true:shallow-copy=false:use-listener=true should handle equality correctly - 1" name="base functionality - auto-freeze=true:shallow-copy=false:use-listener=true should handle equality correctly - 1" time="0.012">
    </testcase>
    <testcase classname="base functionality - auto-freeze=true:shallow-copy=false:use-listener=true should handle equality correctly - 2" name="base functionality - auto-freeze=true:shallow-copy=false:use-listener=true should handle equality correctly - 2" time="0.003">
    </testcase>
    <testcase classname="base functionality - auto-freeze=true:shallow-copy=false:use-listener=true should handle equality correctly - 3" name="base functionality - auto-freeze=true:shallow-copy=false:use-listener=true should handle equality correctly - 3" time="0.009">
    </testcase>
    <testcase classname="base functionality - auto-freeze=true:shallow-copy=false:use-listener=true nested producers when base state is not a draft never affects its parent producer implicitly" name="base functionality - auto-freeze=true:shallow-copy=false:use-listener=true nested producers when base state is not a draft never affects its parent producer implicitly" time="0.004">
    </testcase>
    <testcase classname="base functionality - auto-freeze=true:shallow-copy=false:use-listener=true nested producers when base state is a draft always wraps the draft in a new draft" name="base functionality - auto-freeze=true:shallow-copy=false:use-listener=true nested producers when base state is a draft always wraps the draft in a new draft" time="0.009">
    </testcase>
    <testcase classname="base functionality - auto-freeze=true:shallow-copy=false:use-listener=true nested producers when base state is a draft ensures each property is drafted" name="base functionality - auto-freeze=true:shallow-copy=false:use-listener=true nested producers when base state is a draft ensures each property is drafted" time="0.005">
    </testcase>
    <testcase classname="base functionality - auto-freeze=true:shallow-copy=false:use-listener=true nested producers when base state is a draft preserves any pending changes" name="base functionality - auto-freeze=true:shallow-copy=false:use-listener=true nested producers when base state is a draft preserves any pending changes" time="0.004">
    </testcase>
    <testcase classname="base functionality - auto-freeze=true:shallow-copy=false:use-listener=true nested producers when base state contains a draft wraps unowned draft with its own draft" name="base functionality - auto-freeze=true:shallow-copy=false:use-listener=true nested producers when base state contains a draft wraps unowned draft with its own draft" time="0.006">
    </testcase>
    <testcase classname="base functionality - auto-freeze=true:shallow-copy=false:use-listener=true nested producers when base state contains a draft returns unowned draft if no changes were made" name="base functionality - auto-freeze=true:shallow-copy=false:use-listener=true nested producers when base state contains a draft returns unowned draft if no changes were made" time="0.003">
    </testcase>
    <testcase classname="base functionality - auto-freeze=true:shallow-copy=false:use-listener=true nested producers when base state contains a draft clones the unowned draft when changes are made" name="base functionality - auto-freeze=true:shallow-copy=false:use-listener=true nested producers when base state contains a draft clones the unowned draft when changes are made" time="0.004">
    </testcase>
    <testcase classname="base functionality - auto-freeze=true:shallow-copy=false:use-listener=true nested producers when base state contains a draft never auto-freezes the result" name="base functionality - auto-freeze=true:shallow-copy=false:use-listener=true nested producers when base state contains a draft never auto-freezes the result" time="0.003">
    </testcase>
    <testcase classname="base functionality - auto-freeze=true:shallow-copy=false:use-listener=true nested producers does not finalize upvalue drafts" name="base functionality - auto-freeze=true:shallow-copy=false:use-listener=true nested producers does not finalize upvalue drafts" time="0.012">
    </testcase>
    <testcase classname="base functionality - auto-freeze=true:shallow-copy=false:use-listener=true nested producers works with interweaved Immer instances" name="base functionality - auto-freeze=true:shallow-copy=false:use-listener=true nested producers works with interweaved Immer instances" time="0.003">
    </testcase>
    <testcase classname="base functionality - auto-freeze=true:shallow-copy=false:use-listener=true throws when Object.setPrototypeOf() is used on a draft" name="base functionality - auto-freeze=true:shallow-copy=false:use-listener=true throws when Object.setPrototypeOf() is used on a draft" time="0.006">
    </testcase>
    <testcase classname="base functionality - auto-freeze=true:shallow-copy=false:use-listener=true supports the &apos;in&apos; operator" name="base functionality - auto-freeze=true:shallow-copy=false:use-listener=true supports the &apos;in&apos; operator" time="0.006">
    </testcase>
    <testcase classname="base functionality - auto-freeze=true:shallow-copy=false:use-listener=true &apos;this&apos; should not be bound anymore - 1" name="base functionality - auto-freeze=true:shallow-copy=false:use-listener=true &apos;this&apos; should not be bound anymore - 1" time="0.003">
    </testcase>
    <testcase classname="base functionality - auto-freeze=true:shallow-copy=false:use-listener=true &apos;this&apos; should not be bound anymore - 2" name="base functionality - auto-freeze=true:shallow-copy=false:use-listener=true &apos;this&apos; should not be bound anymore - 2" time="0.004">
    </testcase>
    <testcase classname="base functionality - auto-freeze=true:shallow-copy=false:use-listener=true should be possible to use dynamic bound this" name="base functionality - auto-freeze=true:shallow-copy=false:use-listener=true should be possible to use dynamic bound this" time="0.004">
    </testcase>
    <testcase classname="base functionality - auto-freeze=true:shallow-copy=false:use-listener=true doesnt recurse into frozen structures if external data is frozen" name="base functionality - auto-freeze=true:shallow-copy=false:use-listener=true doesnt recurse into frozen structures if external data is frozen" time="0.002">
    </testcase>
    <testcase classname="base functionality - auto-freeze=true:shallow-copy=false:use-listener=true supports the spread operator" name="base functionality - auto-freeze=true:shallow-copy=false:use-listener=true supports the spread operator" time="0.003">
    </testcase>
    <testcase classname="base functionality - auto-freeze=true:shallow-copy=false:use-listener=true processes with lodash.set" name="base functionality - auto-freeze=true:shallow-copy=false:use-listener=true processes with lodash.set" time="0.003">
    </testcase>
    <testcase classname="base functionality - auto-freeze=true:shallow-copy=false:use-listener=true processes with lodash.find" name="base functionality - auto-freeze=true:shallow-copy=false:use-listener=true processes with lodash.find" time="0.006">
    </testcase>
    <testcase classname="base functionality - auto-freeze=true:shallow-copy=false:use-listener=true does not draft external data" name="base functionality - auto-freeze=true:shallow-copy=false:use-listener=true does not draft external data" time="0.004">
    </testcase>
    <testcase classname="base functionality - auto-freeze=true:shallow-copy=false:use-listener=true does not create new state unnecessary, #491" name="base functionality - auto-freeze=true:shallow-copy=false:use-listener=true does not create new state unnecessary, #491" time="0.002">
    </testcase>
    <testcase classname="base functionality - auto-freeze=true:shallow-copy=false:use-listener=true issue #462 - frozen" name="base functionality - auto-freeze=true:shallow-copy=false:use-listener=true issue #462 - frozen" time="0.01">
    </testcase>
    <testcase classname="base functionality - auto-freeze=true:shallow-copy=false:use-listener=true issue #469, state not frozen" name="base functionality - auto-freeze=true:shallow-copy=false:use-listener=true issue #469, state not frozen" time="0.005">
    </testcase>
    <testcase classname="base functionality - auto-freeze=true:shallow-copy=false:use-listener=true recipe functions can return a new object" name="base functionality - auto-freeze=true:shallow-copy=false:use-listener=true recipe functions can return a new object" time="0.009">
    </testcase>
    <testcase classname="base functionality - auto-freeze=true:shallow-copy=false:use-listener=true recipe functions can return the draft" name="base functionality - auto-freeze=true:shallow-copy=false:use-listener=true recipe functions can return the draft" time="0.003">
    </testcase>
    <testcase classname="base functionality - auto-freeze=true:shallow-copy=false:use-listener=true recipe functions can return an unmodified child draft" name="base functionality - auto-freeze=true:shallow-copy=false:use-listener=true recipe functions can return an unmodified child draft" time="0.003">
    </testcase>
    <testcase classname="base functionality - auto-freeze=true:shallow-copy=false:use-listener=true recipe functions cannot return a modified child draft" name="base functionality - auto-freeze=true:shallow-copy=false:use-listener=true recipe functions cannot return a modified child draft" time="0.003">
    </testcase>
    <testcase classname="base functionality - auto-freeze=true:shallow-copy=false:use-listener=true recipe functions can return a frozen object" name="base functionality - auto-freeze=true:shallow-copy=false:use-listener=true recipe functions can return a frozen object" time="0.006">
    </testcase>
    <testcase classname="base functionality - auto-freeze=true:shallow-copy=false:use-listener=true recipe functions can return an object with two references to another object" name="base functionality - auto-freeze=true:shallow-copy=false:use-listener=true recipe functions can return an object with two references to another object" time="0.005">
    </testcase>
    <testcase classname="base functionality - auto-freeze=true:shallow-copy=false:use-listener=true recipe functions can return an object with two references to an unmodified draft" name="base functionality - auto-freeze=true:shallow-copy=false:use-listener=true recipe functions can return an object with two references to an unmodified draft" time="0.004">
    </testcase>
    <testcase classname="base functionality - auto-freeze=true:shallow-copy=false:use-listener=true recipe functions cannot return an object that references itself" name="base functionality - auto-freeze=true:shallow-copy=false:use-listener=true recipe functions cannot return an object that references itself" time="0.022">
    </testcase>
    <testcase classname="base functionality - auto-freeze=true:shallow-copy=false:use-listener=true throws when the draft is modified and another object is returned" name="base functionality - auto-freeze=true:shallow-copy=false:use-listener=true throws when the draft is modified and another object is returned" time="0.008">
    </testcase>
    <testcase classname="base functionality - auto-freeze=true:shallow-copy=false:use-listener=true should fix #117 - 1" name="base functionality - auto-freeze=true:shallow-copy=false:use-listener=true should fix #117 - 1" time="0.004">
    </testcase>
    <testcase classname="base functionality - auto-freeze=true:shallow-copy=false:use-listener=true should fix #117 - 2" name="base functionality - auto-freeze=true:shallow-copy=false:use-listener=true should fix #117 - 2" time="0.006">
    </testcase>
    <testcase classname="base functionality - auto-freeze=true:shallow-copy=false:use-listener=true cannot always detect noop assignments - 0" name="base functionality - auto-freeze=true:shallow-copy=false:use-listener=true cannot always detect noop assignments - 0" time="0.003">
    </testcase>
    <testcase classname="base functionality - auto-freeze=true:shallow-copy=false:use-listener=true cannot always detect noop assignments - 1" name="base functionality - auto-freeze=true:shallow-copy=false:use-listener=true cannot always detect noop assignments - 1" time="0.003">
    </testcase>
    <testcase classname="base functionality - auto-freeze=true:shallow-copy=false:use-listener=true cannot always detect noop assignments - 2" name="base functionality - auto-freeze=true:shallow-copy=false:use-listener=true cannot always detect noop assignments - 2" time="0.003">
    </testcase>
    <testcase classname="base functionality - auto-freeze=true:shallow-copy=false:use-listener=true cannot always detect noop assignments - 3" name="base functionality - auto-freeze=true:shallow-copy=false:use-listener=true cannot always detect noop assignments - 3" time="0.005">
    </testcase>
    <testcase classname="base functionality - auto-freeze=true:shallow-copy=false:use-listener=true cannot always detect noop assignments - 4" name="base functionality - auto-freeze=true:shallow-copy=false:use-listener=true cannot always detect noop assignments - 4" time="0.003">
    </testcase>
    <testcase classname="base functionality - auto-freeze=true:shallow-copy=false:use-listener=true cannot always detect noop assignments - 4" name="base functionality - auto-freeze=true:shallow-copy=false:use-listener=true cannot always detect noop assignments - 4" time="0.003">
    </testcase>
    <testcase classname="base functionality - auto-freeze=true:shallow-copy=false:use-listener=true cannot produce undefined by returning undefined" name="base functionality - auto-freeze=true:shallow-copy=false:use-listener=true cannot produce undefined by returning undefined" time="0.013">
    </testcase>
    <testcase classname="base functionality - auto-freeze=true:shallow-copy=false:use-listener=true base state type empty object creates a draft" name="base functionality - auto-freeze=true:shallow-copy=false:use-listener=true base state type empty object creates a draft" time="0.003">
    </testcase>
    <testcase classname="base functionality - auto-freeze=true:shallow-copy=false:use-listener=true base state type empty object preserves the prototype" name="base functionality - auto-freeze=true:shallow-copy=false:use-listener=true base state type empty object preserves the prototype" time="0.003">
    </testcase>
    <testcase classname="base functionality - auto-freeze=true:shallow-copy=false:use-listener=true base state type empty object returns the base state when no changes are made" name="base functionality - auto-freeze=true:shallow-copy=false:use-listener=true base state type empty object returns the base state when no changes are made" time="0.002">
    </testcase>
    <testcase classname="base functionality - auto-freeze=true:shallow-copy=false:use-listener=true base state type empty object returns a copy when changes are made" name="base functionality - auto-freeze=true:shallow-copy=false:use-listener=true base state type empty object returns a copy when changes are made" time="0.006">
    </testcase>
    <testcase classname="base functionality - auto-freeze=true:shallow-copy=false:use-listener=true base state type empty object (frozen) creates a draft" name="base functionality - auto-freeze=true:shallow-copy=false:use-listener=true base state type empty object (frozen) creates a draft" time="0.003">
    </testcase>
    <testcase classname="base functionality - auto-freeze=true:shallow-copy=false:use-listener=true base state type empty object (frozen) preserves the prototype" name="base functionality - auto-freeze=true:shallow-copy=false:use-listener=true base state type empty object (frozen) preserves the prototype" time="0.003">
    </testcase>
    <testcase classname="base functionality - auto-freeze=true:shallow-copy=false:use-listener=true base state type empty object (frozen) returns the base state when no changes are made" name="base functionality - auto-freeze=true:shallow-copy=false:use-listener=true base state type empty object (frozen) returns the base state when no changes are made" time="0.003">
    </testcase>
    <testcase classname="base functionality - auto-freeze=true:shallow-copy=false:use-listener=true base state type empty object (frozen) returns a copy when changes are made" name="base functionality - auto-freeze=true:shallow-copy=false:use-listener=true base state type empty object (frozen) returns a copy when changes are made" time="0.003">
    </testcase>
    <testcase classname="base functionality - auto-freeze=true:shallow-copy=false:use-listener=true base state type plain object creates a draft" name="base functionality - auto-freeze=true:shallow-copy=false:use-listener=true base state type plain object creates a draft" time="0.004">
    </testcase>
    <testcase classname="base functionality - auto-freeze=true:shallow-copy=false:use-listener=true base state type plain object preserves the prototype" name="base functionality - auto-freeze=true:shallow-copy=false:use-listener=true base state type plain object preserves the prototype" time="0.002">
    </testcase>
    <testcase classname="base functionality - auto-freeze=true:shallow-copy=false:use-listener=true base state type plain object returns the base state when no changes are made" name="base functionality - auto-freeze=true:shallow-copy=false:use-listener=true base state type plain object returns the base state when no changes are made" time="0.003">
    </testcase>
    <testcase classname="base functionality - auto-freeze=true:shallow-copy=false:use-listener=true base state type plain object returns a copy when changes are made" name="base functionality - auto-freeze=true:shallow-copy=false:use-listener=true base state type plain object returns a copy when changes are made" time="0.004">
    </testcase>
    <testcase classname="base functionality - auto-freeze=true:shallow-copy=false:use-listener=true base state type plain object (frozen) creates a draft" name="base functionality - auto-freeze=true:shallow-copy=false:use-listener=true base state type plain object (frozen) creates a draft" time="0.005">
    </testcase>
    <testcase classname="base functionality - auto-freeze=true:shallow-copy=false:use-listener=true base state type plain object (frozen) preserves the prototype" name="base functionality - auto-freeze=true:shallow-copy=false:use-listener=true base state type plain object (frozen) preserves the prototype" time="0.002">
    </testcase>
    <testcase classname="base functionality - auto-freeze=true:shallow-copy=false:use-listener=true base state type plain object (frozen) returns the base state when no changes are made" name="base functionality - auto-freeze=true:shallow-copy=false:use-listener=true base state type plain object (frozen) returns the base state when no changes are made" time="0.003">
    </testcase>
    <testcase classname="base functionality - auto-freeze=true:shallow-copy=false:use-listener=true base state type plain object (frozen) returns a copy when changes are made" name="base functionality - auto-freeze=true:shallow-copy=false:use-listener=true base state type plain object (frozen) returns a copy when changes are made" time="0.003">
    </testcase>
    <testcase classname="base functionality - auto-freeze=true:shallow-copy=false:use-listener=true base state type empty array creates a draft" name="base functionality - auto-freeze=true:shallow-copy=false:use-listener=true base state type empty array creates a draft" time="0.005">
    </testcase>
    <testcase classname="base functionality - auto-freeze=true:shallow-copy=false:use-listener=true base state type empty array preserves the prototype" name="base functionality - auto-freeze=true:shallow-copy=false:use-listener=true base state type empty array preserves the prototype" time="0.003">
    </testcase>
    <testcase classname="base functionality - auto-freeze=true:shallow-copy=false:use-listener=true base state type empty array returns the base state when no changes are made" name="base functionality - auto-freeze=true:shallow-copy=false:use-listener=true base state type empty array returns the base state when no changes are made" time="0.003">
    </testcase>
    <testcase classname="base functionality - auto-freeze=true:shallow-copy=false:use-listener=true base state type empty array returns a copy when changes are made" name="base functionality - auto-freeze=true:shallow-copy=false:use-listener=true base state type empty array returns a copy when changes are made" time="0.002">
    </testcase>
    <testcase classname="base functionality - auto-freeze=true:shallow-copy=false:use-listener=true base state type empty array (frozen) creates a draft" name="base functionality - auto-freeze=true:shallow-copy=false:use-listener=true base state type empty array (frozen) creates a draft" time="0.002">
    </testcase>
    <testcase classname="base functionality - auto-freeze=true:shallow-copy=false:use-listener=true base state type empty array (frozen) preserves the prototype" name="base functionality - auto-freeze=true:shallow-copy=false:use-listener=true base state type empty array (frozen) preserves the prototype" time="0.002">
    </testcase>
    <testcase classname="base functionality - auto-freeze=true:shallow-copy=false:use-listener=true base state type empty array (frozen) returns the base state when no changes are made" name="base functionality - auto-freeze=true:shallow-copy=false:use-listener=true base state type empty array (frozen) returns the base state when no changes are made" time="0.003">
    </testcase>
    <testcase classname="base functionality - auto-freeze=true:shallow-copy=false:use-listener=true base state type empty array (frozen) returns a copy when changes are made" name="base functionality - auto-freeze=true:shallow-copy=false:use-listener=true base state type empty array (frozen) returns a copy when changes are made" time="0.003">
    </testcase>
    <testcase classname="base functionality - auto-freeze=true:shallow-copy=false:use-listener=true base state type plain array creates a draft" name="base functionality - auto-freeze=true:shallow-copy=false:use-listener=true base state type plain array creates a draft" time="0.004">
    </testcase>
    <testcase classname="base functionality - auto-freeze=true:shallow-copy=false:use-listener=true base state type plain array preserves the prototype" name="base functionality - auto-freeze=true:shallow-copy=false:use-listener=true base state type plain array preserves the prototype" time="0.003">
    </testcase>
    <testcase classname="base functionality - auto-freeze=true:shallow-copy=false:use-listener=true base state type plain array returns the base state when no changes are made" name="base functionality - auto-freeze=true:shallow-copy=false:use-listener=true base state type plain array returns the base state when no changes are made" time="0.002">
    </testcase>
    <testcase classname="base functionality - auto-freeze=true:shallow-copy=false:use-listener=true base state type plain array returns a copy when changes are made" name="base functionality - auto-freeze=true:shallow-copy=false:use-listener=true base state type plain array returns a copy when changes are made" time="0.003">
    </testcase>
    <testcase classname="base functionality - auto-freeze=true:shallow-copy=false:use-listener=true base state type plain array (frozen) creates a draft" name="base functionality - auto-freeze=true:shallow-copy=false:use-listener=true base state type plain array (frozen) creates a draft" time="0.003">
    </testcase>
    <testcase classname="base functionality - auto-freeze=true:shallow-copy=false:use-listener=true base state type plain array (frozen) preserves the prototype" name="base functionality - auto-freeze=true:shallow-copy=false:use-listener=true base state type plain array (frozen) preserves the prototype" time="0.003">
    </testcase>
    <testcase classname="base functionality - auto-freeze=true:shallow-copy=false:use-listener=true base state type plain array (frozen) returns the base state when no changes are made" name="base functionality - auto-freeze=true:shallow-copy=false:use-listener=true base state type plain array (frozen) returns the base state when no changes are made" time="0.002">
    </testcase>
    <testcase classname="base functionality - auto-freeze=true:shallow-copy=false:use-listener=true base state type plain array (frozen) returns a copy when changes are made" name="base functionality - auto-freeze=true:shallow-copy=false:use-listener=true base state type plain array (frozen) returns a copy when changes are made" time="0.003">
    </testcase>
    <testcase classname="base functionality - auto-freeze=true:shallow-copy=false:use-listener=true base state type class instance (draftable) creates a draft" name="base functionality - auto-freeze=true:shallow-copy=false:use-listener=true base state type class instance (draftable) creates a draft" time="0.004">
    </testcase>
    <testcase classname="base functionality - auto-freeze=true:shallow-copy=false:use-listener=true base state type class instance (draftable) preserves the prototype" name="base functionality - auto-freeze=true:shallow-copy=false:use-listener=true base state type class instance (draftable) preserves the prototype" time="0.004">
    </testcase>
    <testcase classname="base functionality - auto-freeze=true:shallow-copy=false:use-listener=true base state type class instance (draftable) returns the base state when no changes are made" name="base functionality - auto-freeze=true:shallow-copy=false:use-listener=true base state type class instance (draftable) returns the base state when no changes are made" time="0.002">
    </testcase>
    <testcase classname="base functionality - auto-freeze=true:shallow-copy=false:use-listener=true base state type class instance (draftable) returns a copy when changes are made" name="base functionality - auto-freeze=true:shallow-copy=false:use-listener=true base state type class instance (draftable) returns a copy when changes are made" time="0.002">
    </testcase>
    <testcase classname="base functionality - auto-freeze=true:shallow-copy=false:use-listener=true base state type class instance (draftable) (frozen) creates a draft" name="base functionality - auto-freeze=true:shallow-copy=false:use-listener=true base state type class instance (draftable) (frozen) creates a draft" time="0.002">
    </testcase>
    <testcase classname="base functionality - auto-freeze=true:shallow-copy=false:use-listener=true base state type class instance (draftable) (frozen) preserves the prototype" name="base functionality - auto-freeze=true:shallow-copy=false:use-listener=true base state type class instance (draftable) (frozen) preserves the prototype" time="0.002">
    </testcase>
    <testcase classname="base functionality - auto-freeze=true:shallow-copy=false:use-listener=true base state type class instance (draftable) (frozen) returns the base state when no changes are made" name="base functionality - auto-freeze=true:shallow-copy=false:use-listener=true base state type class instance (draftable) (frozen) returns the base state when no changes are made" time="0.002">
    </testcase>
    <testcase classname="base functionality - auto-freeze=true:shallow-copy=false:use-listener=true base state type class instance (draftable) (frozen) returns a copy when changes are made" name="base functionality - auto-freeze=true:shallow-copy=false:use-listener=true base state type class instance (draftable) (frozen) returns a copy when changes are made" time="0.002">
    </testcase>
    <testcase classname="base functionality - auto-freeze=true:shallow-copy=false:use-listener=true base state type class with getters should use a method to assing a field using a getter that return a non primitive object" name="base functionality - auto-freeze=true:shallow-copy=false:use-listener=true base state type class with getters should use a method to assing a field using a getter that return a non primitive object" time="0.004">
    </testcase>
    <testcase classname="base functionality - auto-freeze=true:shallow-copy=false:use-listener=true base state type super class with getters should use a method to assing a field using a getter that return a non primitive object" name="base functionality - auto-freeze=true:shallow-copy=false:use-listener=true base state type super class with getters should use a method to assing a field using a getter that return a non primitive object" time="0.003">
    </testcase>
    <testcase classname="base functionality - auto-freeze=true:shallow-copy=false:use-listener=true base state type class with setters should define a field with a setter" name="base functionality - auto-freeze=true:shallow-copy=false:use-listener=true base state type class with setters should define a field with a setter" time="0.005">
    </testcase>
    <testcase classname="base functionality - auto-freeze=true:shallow-copy=false:use-listener=true base state type falsy number does not create a draft" name="base functionality - auto-freeze=true:shallow-copy=false:use-listener=true base state type falsy number does not create a draft" time="0.002">
    </testcase>
    <testcase classname="base functionality - auto-freeze=true:shallow-copy=false:use-listener=true base state type falsy number returns the base state when no changes are made" name="base functionality - auto-freeze=true:shallow-copy=false:use-listener=true base state type falsy number returns the base state when no changes are made" time="0.002">
    </testcase>
    <testcase classname="base functionality - auto-freeze=true:shallow-copy=false:use-listener=true base state type truthy number does not create a draft" name="base functionality - auto-freeze=true:shallow-copy=false:use-listener=true base state type truthy number does not create a draft" time="0.002">
    </testcase>
    <testcase classname="base functionality - auto-freeze=true:shallow-copy=false:use-listener=true base state type truthy number returns the base state when no changes are made" name="base functionality - auto-freeze=true:shallow-copy=false:use-listener=true base state type truthy number returns the base state when no changes are made" time="0.002">
    </testcase>
    <testcase classname="base functionality - auto-freeze=true:shallow-copy=false:use-listener=true base state type negative number does not create a draft" name="base functionality - auto-freeze=true:shallow-copy=false:use-listener=true base state type negative number does not create a draft" time="0.003">
    </testcase>
    <testcase classname="base functionality - auto-freeze=true:shallow-copy=false:use-listener=true base state type negative number returns the base state when no changes are made" name="base functionality - auto-freeze=true:shallow-copy=false:use-listener=true base state type negative number returns the base state when no changes are made" time="0.002">
    </testcase>
    <testcase classname="base functionality - auto-freeze=true:shallow-copy=false:use-listener=true base state type NaN does not create a draft" name="base functionality - auto-freeze=true:shallow-copy=false:use-listener=true base state type NaN does not create a draft" time="0.003">
    </testcase>
    <testcase classname="base functionality - auto-freeze=true:shallow-copy=false:use-listener=true base state type NaN returns the base state when no changes are made" name="base functionality - auto-freeze=true:shallow-copy=false:use-listener=true base state type NaN returns the base state when no changes are made" time="0.002">
    </testcase>
    <testcase classname="base functionality - auto-freeze=true:shallow-copy=false:use-listener=true base state type infinity does not create a draft" name="base functionality - auto-freeze=true:shallow-copy=false:use-listener=true base state type infinity does not create a draft" time="0.002">
    </testcase>
    <testcase classname="base functionality - auto-freeze=true:shallow-copy=false:use-listener=true base state type infinity returns the base state when no changes are made" name="base functionality - auto-freeze=true:shallow-copy=false:use-listener=true base state type infinity returns the base state when no changes are made" time="0.003">
    </testcase>
    <testcase classname="base functionality - auto-freeze=true:shallow-copy=false:use-listener=true base state type true does not create a draft" name="base functionality - auto-freeze=true:shallow-copy=false:use-listener=true base state type true does not create a draft" time="0.003">
    </testcase>
    <testcase classname="base functionality - auto-freeze=true:shallow-copy=false:use-listener=true base state type true returns the base state when no changes are made" name="base functionality - auto-freeze=true:shallow-copy=false:use-listener=true base state type true returns the base state when no changes are made" time="0.003">
    </testcase>
    <testcase classname="base functionality - auto-freeze=true:shallow-copy=false:use-listener=true base state type false does not create a draft" name="base functionality - auto-freeze=true:shallow-copy=false:use-listener=true base state type false does not create a draft" time="0.002">
    </testcase>
    <testcase classname="base functionality - auto-freeze=true:shallow-copy=false:use-listener=true base state type false returns the base state when no changes are made" name="base functionality - auto-freeze=true:shallow-copy=false:use-listener=true base state type false returns the base state when no changes are made" time="0.003">
    </testcase>
    <testcase classname="base functionality - auto-freeze=true:shallow-copy=false:use-listener=true base state type empty string does not create a draft" name="base functionality - auto-freeze=true:shallow-copy=false:use-listener=true base state type empty string does not create a draft" time="0.007">
    </testcase>
    <testcase classname="base functionality - auto-freeze=true:shallow-copy=false:use-listener=true base state type empty string returns the base state when no changes are made" name="base functionality - auto-freeze=true:shallow-copy=false:use-listener=true base state type empty string returns the base state when no changes are made" time="0.002">
    </testcase>
    <testcase classname="base functionality - auto-freeze=true:shallow-copy=false:use-listener=true base state type truthy string does not create a draft" name="base functionality - auto-freeze=true:shallow-copy=false:use-listener=true base state type truthy string does not create a draft" time="0.002">
    </testcase>
    <testcase classname="base functionality - auto-freeze=true:shallow-copy=false:use-listener=true base state type truthy string returns the base state when no changes are made" name="base functionality - auto-freeze=true:shallow-copy=false:use-listener=true base state type truthy string returns the base state when no changes are made" time="0.002">
    </testcase>
    <testcase classname="base functionality - auto-freeze=true:shallow-copy=false:use-listener=true base state type null does not create a draft" name="base functionality - auto-freeze=true:shallow-copy=false:use-listener=true base state type null does not create a draft" time="0.002">
    </testcase>
    <testcase classname="base functionality - auto-freeze=true:shallow-copy=false:use-listener=true base state type null returns the base state when no changes are made" name="base functionality - auto-freeze=true:shallow-copy=false:use-listener=true base state type null returns the base state when no changes are made" time="0.002">
    </testcase>
    <testcase classname="base functionality - auto-freeze=true:shallow-copy=false:use-listener=true base state type undefined does not create a draft" name="base functionality - auto-freeze=true:shallow-copy=false:use-listener=true base state type undefined does not create a draft" time="0.003">
    </testcase>
    <testcase classname="base functionality - auto-freeze=true:shallow-copy=false:use-listener=true base state type undefined returns the base state when no changes are made" name="base functionality - auto-freeze=true:shallow-copy=false:use-listener=true base state type undefined returns the base state when no changes are made" time="0.003">
    </testcase>
    <testcase classname="base functionality - auto-freeze=true:shallow-copy=false:use-listener=true base state type function does not create a draft" name="base functionality - auto-freeze=true:shallow-copy=false:use-listener=true base state type function does not create a draft" time="0.002">
    </testcase>
    <testcase classname="base functionality - auto-freeze=true:shallow-copy=false:use-listener=true base state type function returns the base state when no changes are made" name="base functionality - auto-freeze=true:shallow-copy=false:use-listener=true base state type function returns the base state when no changes are made" time="0.003">
    </testcase>
    <testcase classname="base functionality - auto-freeze=true:shallow-copy=false:use-listener=true base state type regexp object does not return a copy when changes are made" name="base functionality - auto-freeze=true:shallow-copy=false:use-listener=true base state type regexp object does not return a copy when changes are made" time="0.003">
    </testcase>
    <testcase classname="base functionality - auto-freeze=true:shallow-copy=false:use-listener=true base state type boxed number does not return a copy when changes are made" name="base functionality - auto-freeze=true:shallow-copy=false:use-listener=true base state type boxed number does not return a copy when changes are made" time="0.003">
    </testcase>
    <testcase classname="base functionality - auto-freeze=true:shallow-copy=false:use-listener=true base state type boxed string does not return a copy when changes are made" name="base functionality - auto-freeze=true:shallow-copy=false:use-listener=true base state type boxed string does not return a copy when changes are made" time="0.004">
    </testcase>
    <testcase classname="base functionality - auto-freeze=true:shallow-copy=false:use-listener=true base state type boxed boolean does not return a copy when changes are made" name="base functionality - auto-freeze=true:shallow-copy=false:use-listener=true base state type boxed boolean does not return a copy when changes are made" time="0.004">
    </testcase>
    <testcase classname="base functionality - auto-freeze=true:shallow-copy=false:use-listener=true base state type date object does not return a copy when changes are made" name="base functionality - auto-freeze=true:shallow-copy=false:use-listener=true base state type date object does not return a copy when changes are made" time="0.004">
    </testcase>
    <testcase classname="base functionality - auto-freeze=true:shallow-copy=false:use-listener=true base state type class instance (not draftable) does not return a copy when changes are made" name="base functionality - auto-freeze=true:shallow-copy=false:use-listener=true base state type class instance (not draftable) does not return a copy when changes are made" time="0.004">
    </testcase>
    <testcase classname=" works with spread #524 - auto-freeze=true:shallow-copy=false:use-listener=true" name=" works with spread #524 - auto-freeze=true:shallow-copy=false:use-listener=true" time="0.004">
    </testcase>
    <testcase classname=" Something with nested producers #522 auto-freeze=true:shallow-copy=false:use-listener=true" name=" Something with nested producers #522 auto-freeze=true:shallow-copy=false:use-listener=true" time="0.006">
    </testcase>
    <testcase classname="isDraft - auto-freeze=true:shallow-copy=false:use-listener=true returns true for object drafts" name="isDraft - auto-freeze=true:shallow-copy=false:use-listener=true returns true for object drafts" time="0.001">
    </testcase>
    <testcase classname="isDraft - auto-freeze=true:shallow-copy=false:use-listener=true returns true for array drafts" name="isDraft - auto-freeze=true:shallow-copy=false:use-listener=true returns true for array drafts" time="0">
    </testcase>
    <testcase classname="isDraft - auto-freeze=true:shallow-copy=false:use-listener=true returns true for objects nested in object drafts" name="isDraft - auto-freeze=true:shallow-copy=false:use-listener=true returns true for objects nested in object drafts" time="0.001">
    </testcase>
    <testcase classname="isDraft - auto-freeze=true:shallow-copy=false:use-listener=true returns false for new objects added to a draft" name="isDraft - auto-freeze=true:shallow-copy=false:use-listener=true returns false for new objects added to a draft" time="0.001">
    </testcase>
    <testcase classname="isDraft - auto-freeze=true:shallow-copy=false:use-listener=true returns false for objects returned by the producer" name="isDraft - auto-freeze=true:shallow-copy=false:use-listener=true returns false for objects returned by the producer" time="0.003">
    </testcase>
    <testcase classname="isDraft - auto-freeze=true:shallow-copy=false:use-listener=true returns false for arrays returned by the producer" name="isDraft - auto-freeze=true:shallow-copy=false:use-listener=true returns false for arrays returned by the producer" time="0.003">
    </testcase>
    <testcase classname="isDraft - auto-freeze=true:shallow-copy=false:use-listener=true returns false for object drafts returned by the producer" name="isDraft - auto-freeze=true:shallow-copy=false:use-listener=true returns false for object drafts returned by the producer" time="0.002">
    </testcase>
    <testcase classname="isDraft - auto-freeze=true:shallow-copy=false:use-listener=true returns false for array drafts returned by the producer" name="isDraft - auto-freeze=true:shallow-copy=false:use-listener=true returns false for array drafts returned by the producer" time="0.001">
    </testcase>
    <testcase classname="complex nesting map / set / object modify deep object" name="complex nesting map / set / object modify deep object" time="0.008">
    </testcase>
    <testcase classname="complex nesting map / set / object modify deep object - keep value" name="complex nesting map / set / object modify deep object - keep value" time="0.004">
    </testcase>
    <testcase classname="base functionality - auto-freeze=true:shallow-copy=false:use-listener=false returns the original state when no changes are made" name="base functionality - auto-freeze=true:shallow-copy=false:use-listener=false returns the original state when no changes are made" time="0.004">
    </testcase>
    <testcase classname="base functionality - auto-freeze=true:shallow-copy=false:use-listener=false does structural sharing" name="base functionality - auto-freeze=true:shallow-copy=false:use-listener=false does structural sharing" time="0.003">
    </testcase>
    <testcase classname="base functionality - auto-freeze=true:shallow-copy=false:use-listener=false deep change bubbles up" name="base functionality - auto-freeze=true:shallow-copy=false:use-listener=false deep change bubbles up" time="0.003">
    </testcase>
    <testcase classname="base functionality - auto-freeze=true:shallow-copy=false:use-listener=false can add props" name="base functionality - auto-freeze=true:shallow-copy=false:use-listener=false can add props" time="0.003">
    </testcase>
    <testcase classname="base functionality - auto-freeze=true:shallow-copy=false:use-listener=false can delete props" name="base functionality - auto-freeze=true:shallow-copy=false:use-listener=false can delete props" time="0.003">
    </testcase>
    <testcase classname="base functionality - auto-freeze=true:shallow-copy=false:use-listener=false can delete props - 2" name="base functionality - auto-freeze=true:shallow-copy=false:use-listener=false can delete props - 2" time="0.002">
    </testcase>
    <testcase classname="base functionality - auto-freeze=true:shallow-copy=false:use-listener=false can delete props added in the producer" name="base functionality - auto-freeze=true:shallow-copy=false:use-listener=false can delete props added in the producer" time="0.002">
    </testcase>
    <testcase classname="base functionality - auto-freeze=true:shallow-copy=false:use-listener=false can set a property that was just deleted" name="base functionality - auto-freeze=true:shallow-copy=false:use-listener=false can set a property that was just deleted" time="0.001">
    </testcase>
    <testcase classname="base functionality - auto-freeze=true:shallow-copy=false:use-listener=false can set a property to its original value after deleting it" name="base functionality - auto-freeze=true:shallow-copy=false:use-listener=false can set a property to its original value after deleting it" time="0.003">
    </testcase>
    <testcase classname="base functionality - auto-freeze=true:shallow-copy=false:use-listener=false can get property descriptors" name="base functionality - auto-freeze=true:shallow-copy=false:use-listener=false can get property descriptors" time="0.006">
    </testcase>
    <testcase classname="base functionality - auto-freeze=true:shallow-copy=false:use-listener=false array drafts supports Array.isArray()" name="base functionality - auto-freeze=true:shallow-copy=false:use-listener=false array drafts supports Array.isArray()" time="0.002">
    </testcase>
    <testcase classname="base functionality - auto-freeze=true:shallow-copy=false:use-listener=false array drafts supports index access" name="base functionality - auto-freeze=true:shallow-copy=false:use-listener=false array drafts supports index access" time="0.002">
    </testcase>
    <testcase classname="base functionality - auto-freeze=true:shallow-copy=false:use-listener=false array drafts supports iteration" name="base functionality - auto-freeze=true:shallow-copy=false:use-listener=false array drafts supports iteration" time="0.002">
    </testcase>
    <testcase classname="base functionality - auto-freeze=true:shallow-copy=false:use-listener=false array drafts can assign an index via bracket notation" name="base functionality - auto-freeze=true:shallow-copy=false:use-listener=false array drafts can assign an index via bracket notation" time="0.002">
    </testcase>
    <testcase classname="base functionality - auto-freeze=true:shallow-copy=false:use-listener=false array drafts can use splice() to both add and remove items" name="base functionality - auto-freeze=true:shallow-copy=false:use-listener=false array drafts can use splice() to both add and remove items" time="0.004">
    </testcase>
    <testcase classname="base functionality - auto-freeze=true:shallow-copy=false:use-listener=false array drafts can truncate via the length property" name="base functionality - auto-freeze=true:shallow-copy=false:use-listener=false array drafts can truncate via the length property" time="0.003">
    </testcase>
    <testcase classname="base functionality - auto-freeze=true:shallow-copy=false:use-listener=false array drafts can extend via the length property" name="base functionality - auto-freeze=true:shallow-copy=false:use-listener=false array drafts can extend via the length property" time="0.003">
    </testcase>
    <testcase classname="base functionality - auto-freeze=true:shallow-copy=false:use-listener=false array drafts can pop then push" name="base functionality - auto-freeze=true:shallow-copy=false:use-listener=false array drafts can pop then push" time="0.003">
    </testcase>
    <testcase classname="base functionality - auto-freeze=true:shallow-copy=false:use-listener=false array drafts can be sorted" name="base functionality - auto-freeze=true:shallow-copy=false:use-listener=false array drafts can be sorted" time="0.003">
    </testcase>
    <testcase classname="base functionality - auto-freeze=true:shallow-copy=false:use-listener=false array drafts supports modifying nested objects" name="base functionality - auto-freeze=true:shallow-copy=false:use-listener=false array drafts supports modifying nested objects" time="0.003">
    </testcase>
    <testcase classname="base functionality - auto-freeze=true:shallow-copy=false:use-listener=false array drafts never preserves non-numeric properties" name="base functionality - auto-freeze=true:shallow-copy=false:use-listener=false array drafts never preserves non-numeric properties" time="0.003">
    </testcase>
    <testcase classname="base functionality - auto-freeze=true:shallow-copy=false:use-listener=false array drafts throws when a non-numeric property is added" name="base functionality - auto-freeze=true:shallow-copy=false:use-listener=false array drafts throws when a non-numeric property is added" time="0.004">
    </testcase>
    <testcase classname="base functionality - auto-freeze=true:shallow-copy=false:use-listener=false array drafts throws when a non-numeric property is deleted" name="base functionality - auto-freeze=true:shallow-copy=false:use-listener=false array drafts throws when a non-numeric property is deleted" time="0.003">
    </testcase>
    <testcase classname="base functionality - auto-freeze=true:shallow-copy=false:use-listener=false map drafts supports key access" name="base functionality - auto-freeze=true:shallow-copy=false:use-listener=false map drafts supports key access" time="0.005">
    </testcase>
    <testcase classname="base functionality - auto-freeze=true:shallow-copy=false:use-listener=false map drafts supports key access for non-primitive keys" name="base functionality - auto-freeze=true:shallow-copy=false:use-listener=false map drafts supports key access for non-primitive keys" time="0.003">
    </testcase>
    <testcase classname="base functionality - auto-freeze=true:shallow-copy=false:use-listener=false map drafts supports iteration" name="base functionality - auto-freeze=true:shallow-copy=false:use-listener=false map drafts supports iteration" time="0.006">
    </testcase>
    <testcase classname="base functionality - auto-freeze=true:shallow-copy=false:use-listener=false map drafts supports &apos;entries&apos;" name="base functionality - auto-freeze=true:shallow-copy=false:use-listener=false map drafts supports &apos;entries&apos;" time="0.006">
    </testcase>
    <testcase classname="base functionality - auto-freeze=true:shallow-copy=false:use-listener=false map drafts supports &apos;values&apos;" name="base functionality - auto-freeze=true:shallow-copy=false:use-listener=false map drafts supports &apos;values&apos;" time="0.006">
    </testcase>
    <testcase classname="base functionality - auto-freeze=true:shallow-copy=false:use-listener=false map drafts supports &apos;keys" name="base functionality - auto-freeze=true:shallow-copy=false:use-listener=false map drafts supports &apos;keys" time="0.002">
    </testcase>
    <testcase classname="base functionality - auto-freeze=true:shallow-copy=false:use-listener=false map drafts supports forEach" name="base functionality - auto-freeze=true:shallow-copy=false:use-listener=false map drafts supports forEach" time="0.004">
    </testcase>
    <testcase classname="base functionality - auto-freeze=true:shallow-copy=false:use-listener=false map drafts supports forEach mutation" name="base functionality - auto-freeze=true:shallow-copy=false:use-listener=false map drafts supports forEach mutation" time="0.003">
    </testcase>
    <testcase classname="base functionality - auto-freeze=true:shallow-copy=false:use-listener=false map drafts can assign by key" name="base functionality - auto-freeze=true:shallow-copy=false:use-listener=false map drafts can assign by key" time="0.003">
    </testcase>
    <testcase classname="base functionality - auto-freeze=true:shallow-copy=false:use-listener=false map drafts can assign by a non-primitive key" name="base functionality - auto-freeze=true:shallow-copy=false:use-listener=false map drafts can assign by a non-primitive key" time="0.002">
    </testcase>
    <testcase classname="base functionality - auto-freeze=true:shallow-copy=false:use-listener=false map drafts state stays the same if the the same item is assigned by key" name="base functionality - auto-freeze=true:shallow-copy=false:use-listener=false map drafts state stays the same if the the same item is assigned by key" time="0.003">
    </testcase>
    <testcase classname="base functionality - auto-freeze=true:shallow-copy=false:use-listener=false map drafts returns &apos;size&apos;" name="base functionality - auto-freeze=true:shallow-copy=false:use-listener=false map drafts returns &apos;size&apos;" time="0.003">
    </testcase>
    <testcase classname="base functionality - auto-freeze=true:shallow-copy=false:use-listener=false map drafts can use &apos;delete&apos; to remove items" name="base functionality - auto-freeze=true:shallow-copy=false:use-listener=false map drafts can use &apos;delete&apos; to remove items" time="0.003">
    </testcase>
    <testcase classname="base functionality - auto-freeze=true:shallow-copy=false:use-listener=false map drafts can use &apos;clear&apos; to remove items" name="base functionality - auto-freeze=true:shallow-copy=false:use-listener=false map drafts can use &apos;clear&apos; to remove items" time="0.003">
    </testcase>
    <testcase classname="base functionality - auto-freeze=true:shallow-copy=false:use-listener=false map drafts support &apos;has&apos;" name="base functionality - auto-freeze=true:shallow-copy=false:use-listener=false map drafts support &apos;has&apos;" time="0.004">
    </testcase>
    <testcase classname="base functionality - auto-freeze=true:shallow-copy=false:use-listener=false map drafts supports nested maps" name="base functionality - auto-freeze=true:shallow-copy=false:use-listener=false map drafts supports nested maps" time="0.003">
    </testcase>
    <testcase classname="base functionality - auto-freeze=true:shallow-copy=false:use-listener=false map drafts treats void deletes as no-op" name="base functionality - auto-freeze=true:shallow-copy=false:use-listener=false map drafts treats void deletes as no-op" time="0.002">
    </testcase>
    <testcase classname="base functionality - auto-freeze=true:shallow-copy=false:use-listener=false map drafts revokes map proxies" name="base functionality - auto-freeze=true:shallow-copy=false:use-listener=false map drafts revokes map proxies" time="0.003">
    </testcase>
    <testcase classname="base functionality - auto-freeze=true:shallow-copy=false:use-listener=false map drafts does not draft map keys" name="base functionality - auto-freeze=true:shallow-copy=false:use-listener=false map drafts does not draft map keys" time="0.003">
    </testcase>
    <testcase classname="base functionality - auto-freeze=true:shallow-copy=false:use-listener=false map drafts does support instanceof Map" name="base functionality - auto-freeze=true:shallow-copy=false:use-listener=false map drafts does support instanceof Map" time="0.002">
    </testcase>
    <testcase classname="base functionality - auto-freeze=true:shallow-copy=false:use-listener=false map drafts handles clear correctly" name="base functionality - auto-freeze=true:shallow-copy=false:use-listener=false map drafts handles clear correctly" time="0.003">
    </testcase>
    <testcase classname="base functionality - auto-freeze=true:shallow-copy=false:use-listener=false set drafts supports iteration" name="base functionality - auto-freeze=true:shallow-copy=false:use-listener=false set drafts supports iteration" time="0.003">
    </testcase>
    <testcase classname="base functionality - auto-freeze=true:shallow-copy=false:use-listener=false set drafts supports &apos;entries&apos;" name="base functionality - auto-freeze=true:shallow-copy=false:use-listener=false set drafts supports &apos;entries&apos;" time="0.005">
    </testcase>
    <testcase classname="base functionality - auto-freeze=true:shallow-copy=false:use-listener=false set drafts supports &apos;values&apos;" name="base functionality - auto-freeze=true:shallow-copy=false:use-listener=false set drafts supports &apos;values&apos;" time="0.005">
    </testcase>
    <testcase classname="base functionality - auto-freeze=true:shallow-copy=false:use-listener=false set drafts supports &apos;keys&apos;" name="base functionality - auto-freeze=true:shallow-copy=false:use-listener=false set drafts supports &apos;keys&apos;" time="0.003">
    </testcase>
    <testcase classname="base functionality - auto-freeze=true:shallow-copy=false:use-listener=false set drafts supports forEach with mutation after reads" name="base functionality - auto-freeze=true:shallow-copy=false:use-listener=false set drafts supports forEach with mutation after reads" time="0.003">
    </testcase>
    <testcase classname="base functionality - auto-freeze=true:shallow-copy=false:use-listener=false set drafts state stays the same if the same item is added" name="base functionality - auto-freeze=true:shallow-copy=false:use-listener=false set drafts state stays the same if the same item is added" time="0.003">
    </testcase>
    <testcase classname="base functionality - auto-freeze=true:shallow-copy=false:use-listener=false set drafts can add new items" name="base functionality - auto-freeze=true:shallow-copy=false:use-listener=false set drafts can add new items" time="0.003">
    </testcase>
    <testcase classname="base functionality - auto-freeze=true:shallow-copy=false:use-listener=false set drafts returns &apos;size&apos;" name="base functionality - auto-freeze=true:shallow-copy=false:use-listener=false set drafts returns &apos;size&apos;" time="0.003">
    </testcase>
    <testcase classname="base functionality - auto-freeze=true:shallow-copy=false:use-listener=false set drafts can use &apos;delete&apos; to remove items" name="base functionality - auto-freeze=true:shallow-copy=false:use-listener=false set drafts can use &apos;delete&apos; to remove items" time="0.004">
    </testcase>
    <testcase classname="base functionality - auto-freeze=true:shallow-copy=false:use-listener=false set drafts can use &apos;clear&apos; to remove items" name="base functionality - auto-freeze=true:shallow-copy=false:use-listener=false set drafts can use &apos;clear&apos; to remove items" time="0.003">
    </testcase>
    <testcase classname="base functionality - auto-freeze=true:shallow-copy=false:use-listener=false set drafts supports &apos;has&apos;" name="base functionality - auto-freeze=true:shallow-copy=false:use-listener=false set drafts supports &apos;has&apos;" time="0.006">
    </testcase>
    <testcase classname="base functionality - auto-freeze=true:shallow-copy=false:use-listener=false set drafts supports nested sets" name="base functionality - auto-freeze=true:shallow-copy=false:use-listener=false set drafts supports nested sets" time="0.003">
    </testcase>
    <testcase classname="base functionality - auto-freeze=true:shallow-copy=false:use-listener=false set drafts supports has / delete on elements from the original" name="base functionality - auto-freeze=true:shallow-copy=false:use-listener=false set drafts supports has / delete on elements from the original" time="0.003">
    </testcase>
    <testcase classname="base functionality - auto-freeze=true:shallow-copy=false:use-listener=false set drafts revokes sets" name="base functionality - auto-freeze=true:shallow-copy=false:use-listener=false set drafts revokes sets" time="0.002">
    </testcase>
    <testcase classname="base functionality - auto-freeze=true:shallow-copy=false:use-listener=false set drafts does support instanceof Set" name="base functionality - auto-freeze=true:shallow-copy=false:use-listener=false set drafts does support instanceof Set" time="0.002">
    </testcase>
    <testcase classname="base functionality - auto-freeze=true:shallow-copy=false:use-listener=false supports `immerable` symbol on constructor" name="base functionality - auto-freeze=true:shallow-copy=false:use-listener=false supports `immerable` symbol on constructor" time="0.003">
    </testcase>
    <testcase classname="base functionality - auto-freeze=true:shallow-copy=false:use-listener=false preserves symbol properties" name="base functionality - auto-freeze=true:shallow-copy=false:use-listener=false preserves symbol properties" time="0.002">
    </testcase>
    <testcase classname="base functionality - auto-freeze=true:shallow-copy=false:use-listener=false preserves non-enumerable properties" name="base functionality - auto-freeze=true:shallow-copy=false:use-listener=false preserves non-enumerable properties" time="0.001">
    </testcase>
    <testcase classname="base functionality - auto-freeze=true:shallow-copy=false:use-listener=false can work with own computed props" name="base functionality - auto-freeze=true:shallow-copy=false:use-listener=false can work with own computed props" time="0.003">
    </testcase>
    <testcase classname="base functionality - auto-freeze=true:shallow-copy=false:use-listener=false can work with class with computed props" name="base functionality - auto-freeze=true:shallow-copy=false:use-listener=false can work with class with computed props" time="0.003">
    </testcase>
    <testcase classname="base functionality - auto-freeze=true:shallow-copy=false:use-listener=false allows inherited computed properties" name="base functionality - auto-freeze=true:shallow-copy=false:use-listener=false allows inherited computed properties" time="0.002">
    </testcase>
    <testcase classname="base functionality - auto-freeze=true:shallow-copy=false:use-listener=false optimization: does not visit properties of new data structures if autofreeze is disabled and no drafts are unfinalized" name="base functionality - auto-freeze=true:shallow-copy=false:use-listener=false optimization: does not visit properties of new data structures if autofreeze is disabled and no drafts are unfinalized" time="0.008">
    </testcase>
    <testcase classname="base functionality - auto-freeze=true:shallow-copy=false:use-listener=false same optimization doesn&apos;t cause draft from nested producers to be unfinished" name="base functionality - auto-freeze=true:shallow-copy=false:use-listener=false same optimization doesn&apos;t cause draft from nested producers to be unfinished" time="0.002">
    </testcase>
    <testcase classname="base functionality - auto-freeze=true:shallow-copy=false:use-listener=false supports a base state with multiple references to an object" name="base functionality - auto-freeze=true:shallow-copy=false:use-listener=false supports a base state with multiple references to an object" time="0.002">
    </testcase>
    <testcase classname="base functionality - auto-freeze=true:shallow-copy=false:use-listener=false supports multiple references to any modified draft" name="base functionality - auto-freeze=true:shallow-copy=false:use-listener=false supports multiple references to any modified draft" time="0.001">
    </testcase>
    <testcase classname="base functionality - auto-freeze=true:shallow-copy=false:use-listener=false can rename nested objects (no changes)" name="base functionality - auto-freeze=true:shallow-copy=false:use-listener=false can rename nested objects (no changes)" time="0.002">
    </testcase>
    <testcase classname="base functionality - auto-freeze=true:shallow-copy=false:use-listener=false can rename nested objects (with changes)" name="base functionality - auto-freeze=true:shallow-copy=false:use-listener=false can rename nested objects (with changes)" time="0.002">
    </testcase>
    <testcase classname="base functionality - auto-freeze=true:shallow-copy=false:use-listener=false can nest a draft in a new object (no changes)" name="base functionality - auto-freeze=true:shallow-copy=false:use-listener=false can nest a draft in a new object (no changes)" time="0.002">
    </testcase>
    <testcase classname="base functionality - auto-freeze=true:shallow-copy=false:use-listener=false can nest a modified draft in a new object" name="base functionality - auto-freeze=true:shallow-copy=false:use-listener=false can nest a modified draft in a new object" time="0.003">
    </testcase>
    <testcase classname="base functionality - auto-freeze=true:shallow-copy=false:use-listener=false supports assigning undefined to an existing property" name="base functionality - auto-freeze=true:shallow-copy=false:use-listener=false supports assigning undefined to an existing property" time="0.002">
    </testcase>
    <testcase classname="base functionality - auto-freeze=true:shallow-copy=false:use-listener=false supports assigning undefined to a new property" name="base functionality - auto-freeze=true:shallow-copy=false:use-listener=false supports assigning undefined to a new property" time="0.002">
    </testcase>
    <testcase classname="base functionality - auto-freeze=true:shallow-copy=false:use-listener=false revokes the draft once produce returns" name="base functionality - auto-freeze=true:shallow-copy=false:use-listener=false revokes the draft once produce returns" time="0.006">
    </testcase>
    <testcase classname="base functionality - auto-freeze=true:shallow-copy=false:use-listener=false can access a child draft that was created before the draft was modified" name="base functionality - auto-freeze=true:shallow-copy=false:use-listener=false can access a child draft that was created before the draft was modified" time="0.003">
    </testcase>
    <testcase classname="base functionality - auto-freeze=true:shallow-copy=false:use-listener=false should reflect all changes made in the draft immediately" name="base functionality - auto-freeze=true:shallow-copy=false:use-listener=false should reflect all changes made in the draft immediately" time="0.003">
    </testcase>
    <testcase classname="base functionality - auto-freeze=true:shallow-copy=false:use-listener=false throws when Object.defineProperty() is used on drafts" name="base functionality - auto-freeze=true:shallow-copy=false:use-listener=false throws when Object.defineProperty() is used on drafts" time="0.003">
    </testcase>
    <testcase classname="base functionality - auto-freeze=true:shallow-copy=false:use-listener=false should handle constructor correctly" name="base functionality - auto-freeze=true:shallow-copy=false:use-listener=false should handle constructor correctly" time="0.002">
    </testcase>
    <testcase classname="base functionality - auto-freeze=true:shallow-copy=false:use-listener=false should handle equality correctly - 1" name="base functionality - auto-freeze=true:shallow-copy=false:use-listener=false should handle equality correctly - 1" time="0.001">
    </testcase>
    <testcase classname="base functionality - auto-freeze=true:shallow-copy=false:use-listener=false should handle equality correctly - 2" name="base functionality - auto-freeze=true:shallow-copy=false:use-listener=false should handle equality correctly - 2" time="0.002">
    </testcase>
    <testcase classname="base functionality - auto-freeze=true:shallow-copy=false:use-listener=false should handle equality correctly - 3" name="base functionality - auto-freeze=true:shallow-copy=false:use-listener=false should handle equality correctly - 3" time="0.002">
    </testcase>
    <testcase classname="base functionality - auto-freeze=true:shallow-copy=false:use-listener=false nested producers when base state is not a draft never affects its parent producer implicitly" name="base functionality - auto-freeze=true:shallow-copy=false:use-listener=false nested producers when base state is not a draft never affects its parent producer implicitly" time="0.002">
    </testcase>
    <testcase classname="base functionality - auto-freeze=true:shallow-copy=false:use-listener=false nested producers when base state is a draft always wraps the draft in a new draft" name="base functionality - auto-freeze=true:shallow-copy=false:use-listener=false nested producers when base state is a draft always wraps the draft in a new draft" time="0.002">
    </testcase>
    <testcase classname="base functionality - auto-freeze=true:shallow-copy=false:use-listener=false nested producers when base state is a draft ensures each property is drafted" name="base functionality - auto-freeze=true:shallow-copy=false:use-listener=false nested producers when base state is a draft ensures each property is drafted" time="0.002">
    </testcase>
    <testcase classname="base functionality - auto-freeze=true:shallow-copy=false:use-listener=false nested producers when base state is a draft preserves any pending changes" name="base functionality - auto-freeze=true:shallow-copy=false:use-listener=false nested producers when base state is a draft preserves any pending changes" time="0.002">
    </testcase>
    <testcase classname="base functionality - auto-freeze=true:shallow-copy=false:use-listener=false nested producers when base state contains a draft wraps unowned draft with its own draft" name="base functionality - auto-freeze=true:shallow-copy=false:use-listener=false nested producers when base state contains a draft wraps unowned draft with its own draft" time="0.002">
    </testcase>
    <testcase classname="base functionality - auto-freeze=true:shallow-copy=false:use-listener=false nested producers when base state contains a draft returns unowned draft if no changes were made" name="base functionality - auto-freeze=true:shallow-copy=false:use-listener=false nested producers when base state contains a draft returns unowned draft if no changes were made" time="0.002">
    </testcase>
    <testcase classname="base functionality - auto-freeze=true:shallow-copy=false:use-listener=false nested producers when base state contains a draft clones the unowned draft when changes are made" name="base functionality - auto-freeze=true:shallow-copy=false:use-listener=false nested producers when base state contains a draft clones the unowned draft when changes are made" time="0.002">
    </testcase>
    <testcase classname="base functionality - auto-freeze=true:shallow-copy=false:use-listener=false nested producers when base state contains a draft never auto-freezes the result" name="base functionality - auto-freeze=true:shallow-copy=false:use-listener=false nested producers when base state contains a draft never auto-freezes the result" time="0.001">
    </testcase>
    <testcase classname="base functionality - auto-freeze=true:shallow-copy=false:use-listener=false nested producers does not finalize upvalue drafts" name="base functionality - auto-freeze=true:shallow-copy=false:use-listener=false nested producers does not finalize upvalue drafts" time="0.005">
    </testcase>
    <testcase classname="base functionality - auto-freeze=true:shallow-copy=false:use-listener=false nested producers works with interweaved Immer instances" name="base functionality - auto-freeze=true:shallow-copy=false:use-listener=false nested producers works with interweaved Immer instances" time="0.001">
    </testcase>
    <testcase classname="base functionality - auto-freeze=true:shallow-copy=false:use-listener=false throws when Object.setPrototypeOf() is used on a draft" name="base functionality - auto-freeze=true:shallow-copy=false:use-listener=false throws when Object.setPrototypeOf() is used on a draft" time="0.002">
    </testcase>
    <testcase classname="base functionality - auto-freeze=true:shallow-copy=false:use-listener=false supports the &apos;in&apos; operator" name="base functionality - auto-freeze=true:shallow-copy=false:use-listener=false supports the &apos;in&apos; operator" time="0.004">
    </testcase>
    <testcase classname="base functionality - auto-freeze=true:shallow-copy=false:use-listener=false &apos;this&apos; should not be bound anymore - 1" name="base functionality - auto-freeze=true:shallow-copy=false:use-listener=false &apos;this&apos; should not be bound anymore - 1" time="0.001">
    </testcase>
    <testcase classname="base functionality - auto-freeze=true:shallow-copy=false:use-listener=false &apos;this&apos; should not be bound anymore - 2" name="base functionality - auto-freeze=true:shallow-copy=false:use-listener=false &apos;this&apos; should not be bound anymore - 2" time="0.001">
    </testcase>
    <testcase classname="base functionality - auto-freeze=true:shallow-copy=false:use-listener=false should be possible to use dynamic bound this" name="base functionality - auto-freeze=true:shallow-copy=false:use-listener=false should be possible to use dynamic bound this" time="0.001">
    </testcase>
    <testcase classname="base functionality - auto-freeze=true:shallow-copy=false:use-listener=false doesnt recurse into frozen structures if external data is frozen" name="base functionality - auto-freeze=true:shallow-copy=false:use-listener=false doesnt recurse into frozen structures if external data is frozen" time="0.001">
    </testcase>
    <testcase classname="base functionality - auto-freeze=true:shallow-copy=false:use-listener=false supports the spread operator" name="base functionality - auto-freeze=true:shallow-copy=false:use-listener=false supports the spread operator" time="0.002">
    </testcase>
    <testcase classname="base functionality - auto-freeze=true:shallow-copy=false:use-listener=false processes with lodash.set" name="base functionality - auto-freeze=true:shallow-copy=false:use-listener=false processes with lodash.set" time="0.001">
    </testcase>
    <testcase classname="base functionality - auto-freeze=true:shallow-copy=false:use-listener=false processes with lodash.find" name="base functionality - auto-freeze=true:shallow-copy=false:use-listener=false processes with lodash.find" time="0.003">
    </testcase>
    <testcase classname="base functionality - auto-freeze=true:shallow-copy=false:use-listener=false does not draft external data" name="base functionality - auto-freeze=true:shallow-copy=false:use-listener=false does not draft external data" time="0.002">
    </testcase>
    <testcase classname="base functionality - auto-freeze=true:shallow-copy=false:use-listener=false does not create new state unnecessary, #491" name="base functionality - auto-freeze=true:shallow-copy=false:use-listener=false does not create new state unnecessary, #491" time="0.001">
    </testcase>
    <testcase classname="base functionality - auto-freeze=true:shallow-copy=false:use-listener=false issue #462 - frozen" name="base functionality - auto-freeze=true:shallow-copy=false:use-listener=false issue #462 - frozen" time="0.003">
    </testcase>
    <testcase classname="base functionality - auto-freeze=true:shallow-copy=false:use-listener=false issue #469, state not frozen" name="base functionality - auto-freeze=true:shallow-copy=false:use-listener=false issue #469, state not frozen" time="0.003">
    </testcase>
    <testcase classname="base functionality - auto-freeze=true:shallow-copy=false:use-listener=false recipe functions can return a new object" name="base functionality - auto-freeze=true:shallow-copy=false:use-listener=false recipe functions can return a new object" time="0.003">
    </testcase>
    <testcase classname="base functionality - auto-freeze=true:shallow-copy=false:use-listener=false recipe functions can return the draft" name="base functionality - auto-freeze=true:shallow-copy=false:use-listener=false recipe functions can return the draft" time="0.002">
    </testcase>
    <testcase classname="base functionality - auto-freeze=true:shallow-copy=false:use-listener=false recipe functions can return an unmodified child draft" name="base functionality - auto-freeze=true:shallow-copy=false:use-listener=false recipe functions can return an unmodified child draft" time="0.002">
    </testcase>
    <testcase classname="base functionality - auto-freeze=true:shallow-copy=false:use-listener=false recipe functions cannot return a modified child draft" name="base functionality - auto-freeze=true:shallow-copy=false:use-listener=false recipe functions cannot return a modified child draft" time="0.001">
    </testcase>
    <testcase classname="base functionality - auto-freeze=true:shallow-copy=false:use-listener=false recipe functions can return a frozen object" name="base functionality - auto-freeze=true:shallow-copy=false:use-listener=false recipe functions can return a frozen object" time="0.002">
    </testcase>
    <testcase classname="base functionality - auto-freeze=true:shallow-copy=false:use-listener=false recipe functions can return an object with two references to another object" name="base functionality - auto-freeze=true:shallow-copy=false:use-listener=false recipe functions can return an object with two references to another object" time="0.003">
    </testcase>
    <testcase classname="base functionality - auto-freeze=true:shallow-copy=false:use-listener=false recipe functions can return an object with two references to an unmodified draft" name="base functionality - auto-freeze=true:shallow-copy=false:use-listener=false recipe functions can return an object with two references to an unmodified draft" time="0.001">
    </testcase>
    <testcase classname="base functionality - auto-freeze=true:shallow-copy=false:use-listener=false recipe functions cannot return an object that references itself" name="base functionality - auto-freeze=true:shallow-copy=false:use-listener=false recipe functions cannot return an object that references itself" time="0.021">
    </testcase>
    <testcase classname="base functionality - auto-freeze=true:shallow-copy=false:use-listener=false throws when the draft is modified and another object is returned" name="base functionality - auto-freeze=true:shallow-copy=false:use-listener=false throws when the draft is modified and another object is returned" time="0.002">
    </testcase>
    <testcase classname="base functionality - auto-freeze=true:shallow-copy=false:use-listener=false should fix #117 - 1" name="base functionality - auto-freeze=true:shallow-copy=false:use-listener=false should fix #117 - 1" time="0.005">
    </testcase>
    <testcase classname="base functionality - auto-freeze=true:shallow-copy=false:use-listener=false should fix #117 - 2" name="base functionality - auto-freeze=true:shallow-copy=false:use-listener=false should fix #117 - 2" time="0.002">
    </testcase>
    <testcase classname="base functionality - auto-freeze=true:shallow-copy=false:use-listener=false cannot always detect noop assignments - 0" name="base functionality - auto-freeze=true:shallow-copy=false:use-listener=false cannot always detect noop assignments - 0" time="0.002">
    </testcase>
    <testcase classname="base functionality - auto-freeze=true:shallow-copy=false:use-listener=false cannot always detect noop assignments - 1" name="base functionality - auto-freeze=true:shallow-copy=false:use-listener=false cannot always detect noop assignments - 1" time="0.001">
    </testcase>
    <testcase classname="base functionality - auto-freeze=true:shallow-copy=false:use-listener=false cannot always detect noop assignments - 2" name="base functionality - auto-freeze=true:shallow-copy=false:use-listener=false cannot always detect noop assignments - 2" time="0.002">
    </testcase>
    <testcase classname="base functionality - auto-freeze=true:shallow-copy=false:use-listener=false cannot always detect noop assignments - 3" name="base functionality - auto-freeze=true:shallow-copy=false:use-listener=false cannot always detect noop assignments - 3" time="0.001">
    </testcase>
    <testcase classname="base functionality - auto-freeze=true:shallow-copy=false:use-listener=false cannot always detect noop assignments - 4" name="base functionality - auto-freeze=true:shallow-copy=false:use-listener=false cannot always detect noop assignments - 4" time="0.001">
    </testcase>
    <testcase classname="base functionality - auto-freeze=true:shallow-copy=false:use-listener=false cannot always detect noop assignments - 4" name="base functionality - auto-freeze=true:shallow-copy=false:use-listener=false cannot always detect noop assignments - 4" time="0.002">
    </testcase>
    <testcase classname="base functionality - auto-freeze=true:shallow-copy=false:use-listener=false cannot produce undefined by returning undefined" name="base functionality - auto-freeze=true:shallow-copy=false:use-listener=false cannot produce undefined by returning undefined" time="0.004">
    </testcase>
    <testcase classname="base functionality - auto-freeze=true:shallow-copy=false:use-listener=false base state type empty object creates a draft" name="base functionality - auto-freeze=true:shallow-copy=false:use-listener=false base state type empty object creates a draft" time="0.002">
    </testcase>
    <testcase classname="base functionality - auto-freeze=true:shallow-copy=false:use-listener=false base state type empty object preserves the prototype" name="base functionality - auto-freeze=true:shallow-copy=false:use-listener=false base state type empty object preserves the prototype" time="0.002">
    </testcase>
    <testcase classname="base functionality - auto-freeze=true:shallow-copy=false:use-listener=false base state type empty object returns the base state when no changes are made" name="base functionality - auto-freeze=true:shallow-copy=false:use-listener=false base state type empty object returns the base state when no changes are made" time="0.003">
    </testcase>
    <testcase classname="base functionality - auto-freeze=true:shallow-copy=false:use-listener=false base state type empty object returns a copy when changes are made" name="base functionality - auto-freeze=true:shallow-copy=false:use-listener=false base state type empty object returns a copy when changes are made" time="0.002">
    </testcase>
    <testcase classname="base functionality - auto-freeze=true:shallow-copy=false:use-listener=false base state type empty object (frozen) creates a draft" name="base functionality - auto-freeze=true:shallow-copy=false:use-listener=false base state type empty object (frozen) creates a draft" time="0.002">
    </testcase>
    <testcase classname="base functionality - auto-freeze=true:shallow-copy=false:use-listener=false base state type empty object (frozen) preserves the prototype" name="base functionality - auto-freeze=true:shallow-copy=false:use-listener=false base state type empty object (frozen) preserves the prototype" time="0.002">
    </testcase>
    <testcase classname="base functionality - auto-freeze=true:shallow-copy=false:use-listener=false base state type empty object (frozen) returns the base state when no changes are made" name="base functionality - auto-freeze=true:shallow-copy=false:use-listener=false base state type empty object (frozen) returns the base state when no changes are made" time="0.001">
    </testcase>
    <testcase classname="base functionality - auto-freeze=true:shallow-copy=false:use-listener=false base state type empty object (frozen) returns a copy when changes are made" name="base functionality - auto-freeze=true:shallow-copy=false:use-listener=false base state type empty object (frozen) returns a copy when changes are made" time="0.002">
    </testcase>
    <testcase classname="base functionality - auto-freeze=true:shallow-copy=false:use-listener=false base state type plain object creates a draft" name="base functionality - auto-freeze=true:shallow-copy=false:use-listener=false base state type plain object creates a draft" time="0.003">
    </testcase>
    <testcase classname="base functionality - auto-freeze=true:shallow-copy=false:use-listener=false base state type plain object preserves the prototype" name="base functionality - auto-freeze=true:shallow-copy=false:use-listener=false base state type plain object preserves the prototype" time="0.002">
    </testcase>
    <testcase classname="base functionality - auto-freeze=true:shallow-copy=false:use-listener=false base state type plain object returns the base state when no changes are made" name="base functionality - auto-freeze=true:shallow-copy=false:use-listener=false base state type plain object returns the base state when no changes are made" time="0.001">
    </testcase>
    <testcase classname="base functionality - auto-freeze=true:shallow-copy=false:use-listener=false base state type plain object returns a copy when changes are made" name="base functionality - auto-freeze=true:shallow-copy=false:use-listener=false base state type plain object returns a copy when changes are made" time="0.002">
    </testcase>
    <testcase classname="base functionality - auto-freeze=true:shallow-copy=false:use-listener=false base state type plain object (frozen) creates a draft" name="base functionality - auto-freeze=true:shallow-copy=false:use-listener=false base state type plain object (frozen) creates a draft" time="0.003">
    </testcase>
    <testcase classname="base functionality - auto-freeze=true:shallow-copy=false:use-listener=false base state type plain object (frozen) preserves the prototype" name="base functionality - auto-freeze=true:shallow-copy=false:use-listener=false base state type plain object (frozen) preserves the prototype" time="0.001">
    </testcase>
    <testcase classname="base functionality - auto-freeze=true:shallow-copy=false:use-listener=false base state type plain object (frozen) returns the base state when no changes are made" name="base functionality - auto-freeze=true:shallow-copy=false:use-listener=false base state type plain object (frozen) returns the base state when no changes are made" time="0.002">
    </testcase>
    <testcase classname="base functionality - auto-freeze=true:shallow-copy=false:use-listener=false base state type plain object (frozen) returns a copy when changes are made" name="base functionality - auto-freeze=true:shallow-copy=false:use-listener=false base state type plain object (frozen) returns a copy when changes are made" time="0.001">
    </testcase>
    <testcase classname="base functionality - auto-freeze=true:shallow-copy=false:use-listener=false base state type empty array creates a draft" name="base functionality - auto-freeze=true:shallow-copy=false:use-listener=false base state type empty array creates a draft" time="0.003">
    </testcase>
    <testcase classname="base functionality - auto-freeze=true:shallow-copy=false:use-listener=false base state type empty array preserves the prototype" name="base functionality - auto-freeze=true:shallow-copy=false:use-listener=false base state type empty array preserves the prototype" time="0.003">
    </testcase>
    <testcase classname="base functionality - auto-freeze=true:shallow-copy=false:use-listener=false base state type empty array returns the base state when no changes are made" name="base functionality - auto-freeze=true:shallow-copy=false:use-listener=false base state type empty array returns the base state when no changes are made" time="0.004">
    </testcase>
    <testcase classname="base functionality - auto-freeze=true:shallow-copy=false:use-listener=false base state type empty array returns a copy when changes are made" name="base functionality - auto-freeze=true:shallow-copy=false:use-listener=false base state type empty array returns a copy when changes are made" time="0.004">
    </testcase>
    <testcase classname="base functionality - auto-freeze=true:shallow-copy=false:use-listener=false base state type empty array (frozen) creates a draft" name="base functionality - auto-freeze=true:shallow-copy=false:use-listener=false base state type empty array (frozen) creates a draft" time="0.003">
    </testcase>
    <testcase classname="base functionality - auto-freeze=true:shallow-copy=false:use-listener=false base state type empty array (frozen) preserves the prototype" name="base functionality - auto-freeze=true:shallow-copy=false:use-listener=false base state type empty array (frozen) preserves the prototype" time="0.003">
    </testcase>
    <testcase classname="base functionality - auto-freeze=true:shallow-copy=false:use-listener=false base state type empty array (frozen) returns the base state when no changes are made" name="base functionality - auto-freeze=true:shallow-copy=false:use-listener=false base state type empty array (frozen) returns the base state when no changes are made" time="0.004">
    </testcase>
    <testcase classname="base functionality - auto-freeze=true:shallow-copy=false:use-listener=false base state type empty array (frozen) returns a copy when changes are made" name="base functionality - auto-freeze=true:shallow-copy=false:use-listener=false base state type empty array (frozen) returns a copy when changes are made" time="0.003">
    </testcase>
    <testcase classname="base functionality - auto-freeze=true:shallow-copy=false:use-listener=false base state type plain array creates a draft" name="base functionality - auto-freeze=true:shallow-copy=false:use-listener=false base state type plain array creates a draft" time="0.002">
    </testcase>
    <testcase classname="base functionality - auto-freeze=true:shallow-copy=false:use-listener=false base state type plain array preserves the prototype" name="base functionality - auto-freeze=true:shallow-copy=false:use-listener=false base state type plain array preserves the prototype" time="0.002">
    </testcase>
    <testcase classname="base functionality - auto-freeze=true:shallow-copy=false:use-listener=false base state type plain array returns the base state when no changes are made" name="base functionality - auto-freeze=true:shallow-copy=false:use-listener=false base state type plain array returns the base state when no changes are made" time="0.002">
    </testcase>
    <testcase classname="base functionality - auto-freeze=true:shallow-copy=false:use-listener=false base state type plain array returns a copy when changes are made" name="base functionality - auto-freeze=true:shallow-copy=false:use-listener=false base state type plain array returns a copy when changes are made" time="0.002">
    </testcase>
    <testcase classname="base functionality - auto-freeze=true:shallow-copy=false:use-listener=false base state type plain array (frozen) creates a draft" name="base functionality - auto-freeze=true:shallow-copy=false:use-listener=false base state type plain array (frozen) creates a draft" time="0.002">
    </testcase>
    <testcase classname="base functionality - auto-freeze=true:shallow-copy=false:use-listener=false base state type plain array (frozen) preserves the prototype" name="base functionality - auto-freeze=true:shallow-copy=false:use-listener=false base state type plain array (frozen) preserves the prototype" time="0.001">
    </testcase>
    <testcase classname="base functionality - auto-freeze=true:shallow-copy=false:use-listener=false base state type plain array (frozen) returns the base state when no changes are made" name="base functionality - auto-freeze=true:shallow-copy=false:use-listener=false base state type plain array (frozen) returns the base state when no changes are made" time="0.002">
    </testcase>
    <testcase classname="base functionality - auto-freeze=true:shallow-copy=false:use-listener=false base state type plain array (frozen) returns a copy when changes are made" name="base functionality - auto-freeze=true:shallow-copy=false:use-listener=false base state type plain array (frozen) returns a copy when changes are made" time="0.002">
    </testcase>
    <testcase classname="base functionality - auto-freeze=true:shallow-copy=false:use-listener=false base state type class instance (draftable) creates a draft" name="base functionality - auto-freeze=true:shallow-copy=false:use-listener=false base state type class instance (draftable) creates a draft" time="0.002">
    </testcase>
    <testcase classname="base functionality - auto-freeze=true:shallow-copy=false:use-listener=false base state type class instance (draftable) preserves the prototype" name="base functionality - auto-freeze=true:shallow-copy=false:use-listener=false base state type class instance (draftable) preserves the prototype" time="0.001">
    </testcase>
    <testcase classname="base functionality - auto-freeze=true:shallow-copy=false:use-listener=false base state type class instance (draftable) returns the base state when no changes are made" name="base functionality - auto-freeze=true:shallow-copy=false:use-listener=false base state type class instance (draftable) returns the base state when no changes are made" time="0.002">
    </testcase>
    <testcase classname="base functionality - auto-freeze=true:shallow-copy=false:use-listener=false base state type class instance (draftable) returns a copy when changes are made" name="base functionality - auto-freeze=true:shallow-copy=false:use-listener=false base state type class instance (draftable) returns a copy when changes are made" time="0.002">
    </testcase>
    <testcase classname="base functionality - auto-freeze=true:shallow-copy=false:use-listener=false base state type class instance (draftable) (frozen) creates a draft" name="base functionality - auto-freeze=true:shallow-copy=false:use-listener=false base state type class instance (draftable) (frozen) creates a draft" time="0.002">
    </testcase>
    <testcase classname="base functionality - auto-freeze=true:shallow-copy=false:use-listener=false base state type class instance (draftable) (frozen) preserves the prototype" name="base functionality - auto-freeze=true:shallow-copy=false:use-listener=false base state type class instance (draftable) (frozen) preserves the prototype" time="0.002">
    </testcase>
    <testcase classname="base functionality - auto-freeze=true:shallow-copy=false:use-listener=false base state type class instance (draftable) (frozen) returns the base state when no changes are made" name="base functionality - auto-freeze=true:shallow-copy=false:use-listener=false base state type class instance (draftable) (frozen) returns the base state when no changes are made" time="0.001">
    </testcase>
    <testcase classname="base functionality - auto-freeze=true:shallow-copy=false:use-listener=false base state type class instance (draftable) (frozen) returns a copy when changes are made" name="base functionality - auto-freeze=true:shallow-copy=false:use-listener=false base state type class instance (draftable) (frozen) returns a copy when changes are made" time="0.002">
    </testcase>
    <testcase classname="base functionality - auto-freeze=true:shallow-copy=false:use-listener=false base state type class with getters should use a method to assing a field using a getter that return a non primitive object" name="base functionality - auto-freeze=true:shallow-copy=false:use-listener=false base state type class with getters should use a method to assing a field using a getter that return a non primitive object" time="0.003">
    </testcase>
    <testcase classname="base functionality - auto-freeze=true:shallow-copy=false:use-listener=false base state type super class with getters should use a method to assing a field using a getter that return a non primitive object" name="base functionality - auto-freeze=true:shallow-copy=false:use-listener=false base state type super class with getters should use a method to assing a field using a getter that return a non primitive object" time="0.002">
    </testcase>
    <testcase classname="base functionality - auto-freeze=true:shallow-copy=false:use-listener=false base state type class with setters should define a field with a setter" name="base functionality - auto-freeze=true:shallow-copy=false:use-listener=false base state type class with setters should define a field with a setter" time="0.004">
    </testcase>
    <testcase classname="base functionality - auto-freeze=true:shallow-copy=false:use-listener=false base state type falsy number does not create a draft" name="base functionality - auto-freeze=true:shallow-copy=false:use-listener=false base state type falsy number does not create a draft" time="0.006">
    </testcase>
    <testcase classname="base functionality - auto-freeze=true:shallow-copy=false:use-listener=false base state type falsy number returns the base state when no changes are made" name="base functionality - auto-freeze=true:shallow-copy=false:use-listener=false base state type falsy number returns the base state when no changes are made" time="0.001">
    </testcase>
    <testcase classname="base functionality - auto-freeze=true:shallow-copy=false:use-listener=false base state type truthy number does not create a draft" name="base functionality - auto-freeze=true:shallow-copy=false:use-listener=false base state type truthy number does not create a draft" time="0.002">
    </testcase>
    <testcase classname="base functionality - auto-freeze=true:shallow-copy=false:use-listener=false base state type truthy number returns the base state when no changes are made" name="base functionality - auto-freeze=true:shallow-copy=false:use-listener=false base state type truthy number returns the base state when no changes are made" time="0.002">
    </testcase>
    <testcase classname="base functionality - auto-freeze=true:shallow-copy=false:use-listener=false base state type negative number does not create a draft" name="base functionality - auto-freeze=true:shallow-copy=false:use-listener=false base state type negative number does not create a draft" time="0.002">
    </testcase>
    <testcase classname="base functionality - auto-freeze=true:shallow-copy=false:use-listener=false base state type negative number returns the base state when no changes are made" name="base functionality - auto-freeze=true:shallow-copy=false:use-listener=false base state type negative number returns the base state when no changes are made" time="0.001">
    </testcase>
    <testcase classname="base functionality - auto-freeze=true:shallow-copy=false:use-listener=false base state type NaN does not create a draft" name="base functionality - auto-freeze=true:shallow-copy=false:use-listener=false base state type NaN does not create a draft" time="0.002">
    </testcase>
    <testcase classname="base functionality - auto-freeze=true:shallow-copy=false:use-listener=false base state type NaN returns the base state when no changes are made" name="base functionality - auto-freeze=true:shallow-copy=false:use-listener=false base state type NaN returns the base state when no changes are made" time="0.002">
    </testcase>
    <testcase classname="base functionality - auto-freeze=true:shallow-copy=false:use-listener=false base state type infinity does not create a draft" name="base functionality - auto-freeze=true:shallow-copy=false:use-listener=false base state type infinity does not create a draft" time="0.001">
    </testcase>
    <testcase classname="base functionality - auto-freeze=true:shallow-copy=false:use-listener=false base state type infinity returns the base state when no changes are made" name="base functionality - auto-freeze=true:shallow-copy=false:use-listener=false base state type infinity returns the base state when no changes are made" time="0.001">
    </testcase>
    <testcase classname="base functionality - auto-freeze=true:shallow-copy=false:use-listener=false base state type true does not create a draft" name="base functionality - auto-freeze=true:shallow-copy=false:use-listener=false base state type true does not create a draft" time="0.001">
    </testcase>
    <testcase classname="base functionality - auto-freeze=true:shallow-copy=false:use-listener=false base state type true returns the base state when no changes are made" name="base functionality - auto-freeze=true:shallow-copy=false:use-listener=false base state type true returns the base state when no changes are made" time="0.002">
    </testcase>
    <testcase classname="base functionality - auto-freeze=true:shallow-copy=false:use-listener=false base state type false does not create a draft" name="base functionality - auto-freeze=true:shallow-copy=false:use-listener=false base state type false does not create a draft" time="0.002">
    </testcase>
    <testcase classname="base functionality - auto-freeze=true:shallow-copy=false:use-listener=false base state type false returns the base state when no changes are made" name="base functionality - auto-freeze=true:shallow-copy=false:use-listener=false base state type false returns the base state when no changes are made" time="0.002">
    </testcase>
    <testcase classname="base functionality - auto-freeze=true:shallow-copy=false:use-listener=false base state type empty string does not create a draft" name="base functionality - auto-freeze=true:shallow-copy=false:use-listener=false base state type empty string does not create a draft" time="0.002">
    </testcase>
    <testcase classname="base functionality - auto-freeze=true:shallow-copy=false:use-listener=false base state type empty string returns the base state when no changes are made" name="base functionality - auto-freeze=true:shallow-copy=false:use-listener=false base state type empty string returns the base state when no changes are made" time="0.002">
    </testcase>
    <testcase classname="base functionality - auto-freeze=true:shallow-copy=false:use-listener=false base state type truthy string does not create a draft" name="base functionality - auto-freeze=true:shallow-copy=false:use-listener=false base state type truthy string does not create a draft" time="0.001">
    </testcase>
    <testcase classname="base functionality - auto-freeze=true:shallow-copy=false:use-listener=false base state type truthy string returns the base state when no changes are made" name="base functionality - auto-freeze=true:shallow-copy=false:use-listener=false base state type truthy string returns the base state when no changes are made" time="0.001">
    </testcase>
    <testcase classname="base functionality - auto-freeze=true:shallow-copy=false:use-listener=false base state type null does not create a draft" name="base functionality - auto-freeze=true:shallow-copy=false:use-listener=false base state type null does not create a draft" time="0.001">
    </testcase>
    <testcase classname="base functionality - auto-freeze=true:shallow-copy=false:use-listener=false base state type null returns the base state when no changes are made" name="base functionality - auto-freeze=true:shallow-copy=false:use-listener=false base state type null returns the base state when no changes are made" time="0.002">
    </testcase>
    <testcase classname="base functionality - auto-freeze=true:shallow-copy=false:use-listener=false base state type undefined does not create a draft" name="base functionality - auto-freeze=true:shallow-copy=false:use-listener=false base state type undefined does not create a draft" time="0.001">
    </testcase>
    <testcase classname="base functionality - auto-freeze=true:shallow-copy=false:use-listener=false base state type undefined returns the base state when no changes are made" name="base functionality - auto-freeze=true:shallow-copy=false:use-listener=false base state type undefined returns the base state when no changes are made" time="0.003">
    </testcase>
    <testcase classname="base functionality - auto-freeze=true:shallow-copy=false:use-listener=false base state type function does not create a draft" name="base functionality - auto-freeze=true:shallow-copy=false:use-listener=false base state type function does not create a draft" time="0.003">
    </testcase>
    <testcase classname="base functionality - auto-freeze=true:shallow-copy=false:use-listener=false base state type function returns the base state when no changes are made" name="base functionality - auto-freeze=true:shallow-copy=false:use-listener=false base state type function returns the base state when no changes are made" time="0.002">
    </testcase>
    <testcase classname="base functionality - auto-freeze=true:shallow-copy=false:use-listener=false base state type regexp object does not return a copy when changes are made" name="base functionality - auto-freeze=true:shallow-copy=false:use-listener=false base state type regexp object does not return a copy when changes are made" time="0.003">
    </testcase>
    <testcase classname="base functionality - auto-freeze=true:shallow-copy=false:use-listener=false base state type boxed number does not return a copy when changes are made" name="base functionality - auto-freeze=true:shallow-copy=false:use-listener=false base state type boxed number does not return a copy when changes are made" time="0.004">
    </testcase>
    <testcase classname="base functionality - auto-freeze=true:shallow-copy=false:use-listener=false base state type boxed string does not return a copy when changes are made" name="base functionality - auto-freeze=true:shallow-copy=false:use-listener=false base state type boxed string does not return a copy when changes are made" time="0.005">
    </testcase>
    <testcase classname="base functionality - auto-freeze=true:shallow-copy=false:use-listener=false base state type boxed boolean does not return a copy when changes are made" name="base functionality - auto-freeze=true:shallow-copy=false:use-listener=false base state type boxed boolean does not return a copy when changes are made" time="0.005">
    </testcase>
    <testcase classname="base functionality - auto-freeze=true:shallow-copy=false:use-listener=false base state type date object does not return a copy when changes are made" name="base functionality - auto-freeze=true:shallow-copy=false:use-listener=false base state type date object does not return a copy when changes are made" time="0.004">
    </testcase>
    <testcase classname="base functionality - auto-freeze=true:shallow-copy=false:use-listener=false base state type class instance (not draftable) does not return a copy when changes are made" name="base functionality - auto-freeze=true:shallow-copy=false:use-listener=false base state type class instance (not draftable) does not return a copy when changes are made" time="0.005">
    </testcase>
    <testcase classname=" works with spread #524 - auto-freeze=true:shallow-copy=false:use-listener=false" name=" works with spread #524 - auto-freeze=true:shallow-copy=false:use-listener=false" time="0.006">
    </testcase>
    <testcase classname=" Something with nested producers #522 auto-freeze=true:shallow-copy=false:use-listener=false" name=" Something with nested producers #522 auto-freeze=true:shallow-copy=false:use-listener=false" time="0.006">
    </testcase>
    <testcase classname="isDraft - auto-freeze=true:shallow-copy=false:use-listener=false returns true for object drafts" name="isDraft - auto-freeze=true:shallow-copy=false:use-listener=false returns true for object drafts" time="0.001">
    </testcase>
    <testcase classname="isDraft - auto-freeze=true:shallow-copy=false:use-listener=false returns true for array drafts" name="isDraft - auto-freeze=true:shallow-copy=false:use-listener=false returns true for array drafts" time="0">
    </testcase>
    <testcase classname="isDraft - auto-freeze=true:shallow-copy=false:use-listener=false returns true for objects nested in object drafts" name="isDraft - auto-freeze=true:shallow-copy=false:use-listener=false returns true for objects nested in object drafts" time="0.002">
    </testcase>
    <testcase classname="isDraft - auto-freeze=true:shallow-copy=false:use-listener=false returns false for new objects added to a draft" name="isDraft - auto-freeze=true:shallow-copy=false:use-listener=false returns false for new objects added to a draft" time="0.001">
    </testcase>
    <testcase classname="isDraft - auto-freeze=true:shallow-copy=false:use-listener=false returns false for objects returned by the producer" name="isDraft - auto-freeze=true:shallow-copy=false:use-listener=false returns false for objects returned by the producer" time="0.003">
    </testcase>
    <testcase classname="isDraft - auto-freeze=true:shallow-copy=false:use-listener=false returns false for arrays returned by the producer" name="isDraft - auto-freeze=true:shallow-copy=false:use-listener=false returns false for arrays returned by the producer" time="0.003">
    </testcase>
    <testcase classname="isDraft - auto-freeze=true:shallow-copy=false:use-listener=false returns false for object drafts returned by the producer" name="isDraft - auto-freeze=true:shallow-copy=false:use-listener=false returns false for object drafts returned by the producer" time="0.001">
    </testcase>
    <testcase classname="isDraft - auto-freeze=true:shallow-copy=false:use-listener=false returns false for array drafts returned by the producer" name="isDraft - auto-freeze=true:shallow-copy=false:use-listener=false returns false for array drafts returned by the producer" time="0.001">
    </testcase>
    <testcase classname="complex nesting map / set / object modify deep object" name="complex nesting map / set / object modify deep object" time="0.007">
    </testcase>
    <testcase classname="complex nesting map / set / object modify deep object - keep value" name="complex nesting map / set / object modify deep object - keep value" time="0.005">
    </testcase>
    <testcase classname="base functionality - auto-freeze=false:shallow-copy=true:use-listener=true returns the original state when no changes are made" name="base functionality - auto-freeze=false:shallow-copy=true:use-listener=true returns the original state when no changes are made" time="0.003">
    </testcase>
    <testcase classname="base functionality - auto-freeze=false:shallow-copy=true:use-listener=true does structural sharing" name="base functionality - auto-freeze=false:shallow-copy=true:use-listener=true does structural sharing" time="0.003">
    </testcase>
    <testcase classname="base functionality - auto-freeze=false:shallow-copy=true:use-listener=true deep change bubbles up" name="base functionality - auto-freeze=false:shallow-copy=true:use-listener=true deep change bubbles up" time="0.005">
    </testcase>
    <testcase classname="base functionality - auto-freeze=false:shallow-copy=true:use-listener=true can add props" name="base functionality - auto-freeze=false:shallow-copy=true:use-listener=true can add props" time="0.004">
    </testcase>
    <testcase classname="base functionality - auto-freeze=false:shallow-copy=true:use-listener=true can delete props" name="base functionality - auto-freeze=false:shallow-copy=true:use-listener=true can delete props" time="0.003">
    </testcase>
    <testcase classname="base functionality - auto-freeze=false:shallow-copy=true:use-listener=true can delete props - 2" name="base functionality - auto-freeze=false:shallow-copy=true:use-listener=true can delete props - 2" time="0.003">
    </testcase>
    <testcase classname="base functionality - auto-freeze=false:shallow-copy=true:use-listener=true can delete props added in the producer" name="base functionality - auto-freeze=false:shallow-copy=true:use-listener=true can delete props added in the producer" time="0.004">
    </testcase>
    <testcase classname="base functionality - auto-freeze=false:shallow-copy=true:use-listener=true can set a property that was just deleted" name="base functionality - auto-freeze=false:shallow-copy=true:use-listener=true can set a property that was just deleted" time="0.003">
    </testcase>
    <testcase classname="base functionality - auto-freeze=false:shallow-copy=true:use-listener=true can set a property to its original value after deleting it" name="base functionality - auto-freeze=false:shallow-copy=true:use-listener=true can set a property to its original value after deleting it" time="0.003">
    </testcase>
    <testcase classname="base functionality - auto-freeze=false:shallow-copy=true:use-listener=true can get property descriptors" name="base functionality - auto-freeze=false:shallow-copy=true:use-listener=true can get property descriptors" time="0.005">
    </testcase>
    <testcase classname="base functionality - auto-freeze=false:shallow-copy=true:use-listener=true array drafts supports Array.isArray()" name="base functionality - auto-freeze=false:shallow-copy=true:use-listener=true array drafts supports Array.isArray()" time="0.004">
    </testcase>
    <testcase classname="base functionality - auto-freeze=false:shallow-copy=true:use-listener=true array drafts supports index access" name="base functionality - auto-freeze=false:shallow-copy=true:use-listener=true array drafts supports index access" time="0.003">
    </testcase>
    <testcase classname="base functionality - auto-freeze=false:shallow-copy=true:use-listener=true array drafts supports iteration" name="base functionality - auto-freeze=false:shallow-copy=true:use-listener=true array drafts supports iteration" time="0.003">
    </testcase>
    <testcase classname="base functionality - auto-freeze=false:shallow-copy=true:use-listener=true array drafts can assign an index via bracket notation" name="base functionality - auto-freeze=false:shallow-copy=true:use-listener=true array drafts can assign an index via bracket notation" time="0.003">
    </testcase>
    <testcase classname="base functionality - auto-freeze=false:shallow-copy=true:use-listener=true array drafts can use splice() to both add and remove items" name="base functionality - auto-freeze=false:shallow-copy=true:use-listener=true array drafts can use splice() to both add and remove items" time="0.012">
    </testcase>
    <testcase classname="base functionality - auto-freeze=false:shallow-copy=true:use-listener=true array drafts can truncate via the length property" name="base functionality - auto-freeze=false:shallow-copy=true:use-listener=true array drafts can truncate via the length property" time="0.003">
    </testcase>
    <testcase classname="base functionality - auto-freeze=false:shallow-copy=true:use-listener=true array drafts can extend via the length property" name="base functionality - auto-freeze=false:shallow-copy=true:use-listener=true array drafts can extend via the length property" time="0.002">
    </testcase>
    <testcase classname="base functionality - auto-freeze=false:shallow-copy=true:use-listener=true array drafts can pop then push" name="base functionality - auto-freeze=false:shallow-copy=true:use-listener=true array drafts can pop then push" time="0.005">
    </testcase>
    <testcase classname="base functionality - auto-freeze=false:shallow-copy=true:use-listener=true array drafts can be sorted" name="base functionality - auto-freeze=false:shallow-copy=true:use-listener=true array drafts can be sorted" time="0.003">
    </testcase>
    <testcase classname="base functionality - auto-freeze=false:shallow-copy=true:use-listener=true array drafts supports modifying nested objects" name="base functionality - auto-freeze=false:shallow-copy=true:use-listener=true array drafts supports modifying nested objects" time="0.002">
    </testcase>
    <testcase classname="base functionality - auto-freeze=false:shallow-copy=true:use-listener=true array drafts never preserves non-numeric properties" name="base functionality - auto-freeze=false:shallow-copy=true:use-listener=true array drafts never preserves non-numeric properties" time="0.001">
    </testcase>
    <testcase classname="base functionality - auto-freeze=false:shallow-copy=true:use-listener=true array drafts throws when a non-numeric property is added" name="base functionality - auto-freeze=false:shallow-copy=true:use-listener=true array drafts throws when a non-numeric property is added" time="0.002">
    </testcase>
    <testcase classname="base functionality - auto-freeze=false:shallow-copy=true:use-listener=true array drafts throws when a non-numeric property is deleted" name="base functionality - auto-freeze=false:shallow-copy=true:use-listener=true array drafts throws when a non-numeric property is deleted" time="0.004">
    </testcase>
    <testcase classname="base functionality - auto-freeze=false:shallow-copy=true:use-listener=true map drafts supports key access" name="base functionality - auto-freeze=false:shallow-copy=true:use-listener=true map drafts supports key access" time="0.002">
    </testcase>
    <testcase classname="base functionality - auto-freeze=false:shallow-copy=true:use-listener=true map drafts supports key access for non-primitive keys" name="base functionality - auto-freeze=false:shallow-copy=true:use-listener=true map drafts supports key access for non-primitive keys" time="0.002">
    </testcase>
    <testcase classname="base functionality - auto-freeze=false:shallow-copy=true:use-listener=true map drafts supports iteration" name="base functionality - auto-freeze=false:shallow-copy=true:use-listener=true map drafts supports iteration" time="0.002">
    </testcase>
    <testcase classname="base functionality - auto-freeze=false:shallow-copy=true:use-listener=true map drafts supports &apos;entries&apos;" name="base functionality - auto-freeze=false:shallow-copy=true:use-listener=true map drafts supports &apos;entries&apos;" time="0.001">
    </testcase>
    <testcase classname="base functionality - auto-freeze=false:shallow-copy=true:use-listener=true map drafts supports &apos;values&apos;" name="base functionality - auto-freeze=false:shallow-copy=true:use-listener=true map drafts supports &apos;values&apos;" time="0.002">
    </testcase>
    <testcase classname="base functionality - auto-freeze=false:shallow-copy=true:use-listener=true map drafts supports &apos;keys" name="base functionality - auto-freeze=false:shallow-copy=true:use-listener=true map drafts supports &apos;keys" time="0.001">
    </testcase>
    <testcase classname="base functionality - auto-freeze=false:shallow-copy=true:use-listener=true map drafts supports forEach" name="base functionality - auto-freeze=false:shallow-copy=true:use-listener=true map drafts supports forEach" time="0.004">
    </testcase>
    <testcase classname="base functionality - auto-freeze=false:shallow-copy=true:use-listener=true map drafts supports forEach mutation" name="base functionality - auto-freeze=false:shallow-copy=true:use-listener=true map drafts supports forEach mutation" time="0.004">
    </testcase>
    <testcase classname="base functionality - auto-freeze=false:shallow-copy=true:use-listener=true map drafts can assign by key" name="base functionality - auto-freeze=false:shallow-copy=true:use-listener=true map drafts can assign by key" time="0.003">
    </testcase>
    <testcase classname="base functionality - auto-freeze=false:shallow-copy=true:use-listener=true map drafts can assign by a non-primitive key" name="base functionality - auto-freeze=false:shallow-copy=true:use-listener=true map drafts can assign by a non-primitive key" time="0.002">
    </testcase>
    <testcase classname="base functionality - auto-freeze=false:shallow-copy=true:use-listener=true map drafts state stays the same if the the same item is assigned by key" name="base functionality - auto-freeze=false:shallow-copy=true:use-listener=true map drafts state stays the same if the the same item is assigned by key" time="0.002">
    </testcase>
    <testcase classname="base functionality - auto-freeze=false:shallow-copy=true:use-listener=true map drafts returns &apos;size&apos;" name="base functionality - auto-freeze=false:shallow-copy=true:use-listener=true map drafts returns &apos;size&apos;" time="0.003">
    </testcase>
    <testcase classname="base functionality - auto-freeze=false:shallow-copy=true:use-listener=true map drafts can use &apos;delete&apos; to remove items" name="base functionality - auto-freeze=false:shallow-copy=true:use-listener=true map drafts can use &apos;delete&apos; to remove items" time="0.007">
    </testcase>
    <testcase classname="base functionality - auto-freeze=false:shallow-copy=true:use-listener=true map drafts can use &apos;clear&apos; to remove items" name="base functionality - auto-freeze=false:shallow-copy=true:use-listener=true map drafts can use &apos;clear&apos; to remove items" time="0.003">
    </testcase>
    <testcase classname="base functionality - auto-freeze=false:shallow-copy=true:use-listener=true map drafts support &apos;has&apos;" name="base functionality - auto-freeze=false:shallow-copy=true:use-listener=true map drafts support &apos;has&apos;" time="0.003">
    </testcase>
    <testcase classname="base functionality - auto-freeze=false:shallow-copy=true:use-listener=true map drafts supports nested maps" name="base functionality - auto-freeze=false:shallow-copy=true:use-listener=true map drafts supports nested maps" time="0.002">
    </testcase>
    <testcase classname="base functionality - auto-freeze=false:shallow-copy=true:use-listener=true map drafts treats void deletes as no-op" name="base functionality - auto-freeze=false:shallow-copy=true:use-listener=true map drafts treats void deletes as no-op" time="0.001">
    </testcase>
    <testcase classname="base functionality - auto-freeze=false:shallow-copy=true:use-listener=true map drafts revokes map proxies" name="base functionality - auto-freeze=false:shallow-copy=true:use-listener=true map drafts revokes map proxies" time="0.005">
    </testcase>
    <testcase classname="base functionality - auto-freeze=false:shallow-copy=true:use-listener=true map drafts does not draft map keys" name="base functionality - auto-freeze=false:shallow-copy=true:use-listener=true map drafts does not draft map keys" time="0.003">
    </testcase>
    <testcase classname="base functionality - auto-freeze=false:shallow-copy=true:use-listener=true map drafts does support instanceof Map" name="base functionality - auto-freeze=false:shallow-copy=true:use-listener=true map drafts does support instanceof Map" time="0.002">
    </testcase>
    <testcase classname="base functionality - auto-freeze=false:shallow-copy=true:use-listener=true map drafts handles clear correctly" name="base functionality - auto-freeze=false:shallow-copy=true:use-listener=true map drafts handles clear correctly" time="0.002">
    </testcase>
    <testcase classname="base functionality - auto-freeze=false:shallow-copy=true:use-listener=true set drafts supports iteration" name="base functionality - auto-freeze=false:shallow-copy=true:use-listener=true set drafts supports iteration" time="0.003">
    </testcase>
    <testcase classname="base functionality - auto-freeze=false:shallow-copy=true:use-listener=true set drafts supports &apos;entries&apos;" name="base functionality - auto-freeze=false:shallow-copy=true:use-listener=true set drafts supports &apos;entries&apos;" time="0.005">
    </testcase>
    <testcase classname="base functionality - auto-freeze=false:shallow-copy=true:use-listener=true set drafts supports &apos;values&apos;" name="base functionality - auto-freeze=false:shallow-copy=true:use-listener=true set drafts supports &apos;values&apos;" time="0.005">
    </testcase>
    <testcase classname="base functionality - auto-freeze=false:shallow-copy=true:use-listener=true set drafts supports &apos;keys&apos;" name="base functionality - auto-freeze=false:shallow-copy=true:use-listener=true set drafts supports &apos;keys&apos;" time="0.002">
    </testcase>
    <testcase classname="base functionality - auto-freeze=false:shallow-copy=true:use-listener=true set drafts supports forEach with mutation after reads" name="base functionality - auto-freeze=false:shallow-copy=true:use-listener=true set drafts supports forEach with mutation after reads" time="0.002">
    </testcase>
    <testcase classname="base functionality - auto-freeze=false:shallow-copy=true:use-listener=true set drafts state stays the same if the same item is added" name="base functionality - auto-freeze=false:shallow-copy=true:use-listener=true set drafts state stays the same if the same item is added" time="0.001">
    </testcase>
    <testcase classname="base functionality - auto-freeze=false:shallow-copy=true:use-listener=true set drafts can add new items" name="base functionality - auto-freeze=false:shallow-copy=true:use-listener=true set drafts can add new items" time="0.002">
    </testcase>
    <testcase classname="base functionality - auto-freeze=false:shallow-copy=true:use-listener=true set drafts returns &apos;size&apos;" name="base functionality - auto-freeze=false:shallow-copy=true:use-listener=true set drafts returns &apos;size&apos;" time="0.002">
    </testcase>
    <testcase classname="base functionality - auto-freeze=false:shallow-copy=true:use-listener=true set drafts can use &apos;delete&apos; to remove items" name="base functionality - auto-freeze=false:shallow-copy=true:use-listener=true set drafts can use &apos;delete&apos; to remove items" time="0.005">
    </testcase>
    <testcase classname="base functionality - auto-freeze=false:shallow-copy=true:use-listener=true set drafts can use &apos;clear&apos; to remove items" name="base functionality - auto-freeze=false:shallow-copy=true:use-listener=true set drafts can use &apos;clear&apos; to remove items" time="0.004">
    </testcase>
    <testcase classname="base functionality - auto-freeze=false:shallow-copy=true:use-listener=true set drafts supports &apos;has&apos;" name="base functionality - auto-freeze=false:shallow-copy=true:use-listener=true set drafts supports &apos;has&apos;" time="0.004">
    </testcase>
    <testcase classname="base functionality - auto-freeze=false:shallow-copy=true:use-listener=true set drafts supports nested sets" name="base functionality - auto-freeze=false:shallow-copy=true:use-listener=true set drafts supports nested sets" time="0.002">
    </testcase>
    <testcase classname="base functionality - auto-freeze=false:shallow-copy=true:use-listener=true set drafts supports has / delete on elements from the original" name="base functionality - auto-freeze=false:shallow-copy=true:use-listener=true set drafts supports has / delete on elements from the original" time="0.002">
    </testcase>
    <testcase classname="base functionality - auto-freeze=false:shallow-copy=true:use-listener=true set drafts revokes sets" name="base functionality - auto-freeze=false:shallow-copy=true:use-listener=true set drafts revokes sets" time="0.011">
    </testcase>
    <testcase classname="base functionality - auto-freeze=false:shallow-copy=true:use-listener=true set drafts does support instanceof Set" name="base functionality - auto-freeze=false:shallow-copy=true:use-listener=true set drafts does support instanceof Set" time="0.002">
    </testcase>
    <testcase classname="base functionality - auto-freeze=false:shallow-copy=true:use-listener=true supports `immerable` symbol on constructor" name="base functionality - auto-freeze=false:shallow-copy=true:use-listener=true supports `immerable` symbol on constructor" time="0.003">
    </testcase>
    <testcase classname="base functionality - auto-freeze=false:shallow-copy=true:use-listener=true preserves symbol properties" name="base functionality - auto-freeze=false:shallow-copy=true:use-listener=true preserves symbol properties" time="0.004">
    </testcase>
    <testcase classname="base functionality - auto-freeze=false:shallow-copy=true:use-listener=true preserves non-enumerable properties" name="base functionality - auto-freeze=false:shallow-copy=true:use-listener=true preserves non-enumerable properties" time="0.003">
    </testcase>
    <testcase classname="base functionality - auto-freeze=false:shallow-copy=true:use-listener=true can work with own computed props" name="base functionality - auto-freeze=false:shallow-copy=true:use-listener=true can work with own computed props" time="0.004">
    </testcase>
    <testcase classname="base functionality - auto-freeze=false:shallow-copy=true:use-listener=true can work with class with computed props" name="base functionality - auto-freeze=false:shallow-copy=true:use-listener=true can work with class with computed props" time="0.003">
    </testcase>
    <testcase classname="base functionality - auto-freeze=false:shallow-copy=true:use-listener=true allows inherited computed properties" name="base functionality - auto-freeze=false:shallow-copy=true:use-listener=true allows inherited computed properties" time="0.002">
    </testcase>
    <testcase classname="base functionality - auto-freeze=false:shallow-copy=true:use-listener=true optimization: does not visit properties of new data structures if autofreeze is disabled and no drafts are unfinalized" name="base functionality - auto-freeze=false:shallow-copy=true:use-listener=true optimization: does not visit properties of new data structures if autofreeze is disabled and no drafts are unfinalized" time="0.001">
    </testcase>
    <testcase classname="base functionality - auto-freeze=false:shallow-copy=true:use-listener=true same optimization doesn&apos;t cause draft from nested producers to be unfinished" name="base functionality - auto-freeze=false:shallow-copy=true:use-listener=true same optimization doesn&apos;t cause draft from nested producers to be unfinished" time="0.005">
    </testcase>
    <testcase classname="base functionality - auto-freeze=false:shallow-copy=true:use-listener=true supports a base state with multiple references to an object" name="base functionality - auto-freeze=false:shallow-copy=true:use-listener=true supports a base state with multiple references to an object" time="0.004">
    </testcase>
    <testcase classname="base functionality - auto-freeze=false:shallow-copy=true:use-listener=true supports multiple references to any modified draft" name="base functionality - auto-freeze=false:shallow-copy=true:use-listener=true supports multiple references to any modified draft" time="0.002">
    </testcase>
    <testcase classname="base functionality - auto-freeze=false:shallow-copy=true:use-listener=true can rename nested objects (no changes)" name="base functionality - auto-freeze=false:shallow-copy=true:use-listener=true can rename nested objects (no changes)" time="0.001">
    </testcase>
    <testcase classname="base functionality - auto-freeze=false:shallow-copy=true:use-listener=true can rename nested objects (with changes)" name="base functionality - auto-freeze=false:shallow-copy=true:use-listener=true can rename nested objects (with changes)" time="0.002">
    </testcase>
    <testcase classname="base functionality - auto-freeze=false:shallow-copy=true:use-listener=true can nest a draft in a new object (no changes)" name="base functionality - auto-freeze=false:shallow-copy=true:use-listener=true can nest a draft in a new object (no changes)" time="0.002">
    </testcase>
    <testcase classname="base functionality - auto-freeze=false:shallow-copy=true:use-listener=true can nest a modified draft in a new object" name="base functionality - auto-freeze=false:shallow-copy=true:use-listener=true can nest a modified draft in a new object" time="0.003">
    </testcase>
    <testcase classname="base functionality - auto-freeze=false:shallow-copy=true:use-listener=true supports assigning undefined to an existing property" name="base functionality - auto-freeze=false:shallow-copy=true:use-listener=true supports assigning undefined to an existing property" time="0.002">
    </testcase>
    <testcase classname="base functionality - auto-freeze=false:shallow-copy=true:use-listener=true supports assigning undefined to a new property" name="base functionality - auto-freeze=false:shallow-copy=true:use-listener=true supports assigning undefined to a new property" time="0.002">
    </testcase>
    <testcase classname="base functionality - auto-freeze=false:shallow-copy=true:use-listener=true revokes the draft once produce returns" name="base functionality - auto-freeze=false:shallow-copy=true:use-listener=true revokes the draft once produce returns" time="0.006">
    </testcase>
    <testcase classname="base functionality - auto-freeze=false:shallow-copy=true:use-listener=true can access a child draft that was created before the draft was modified" name="base functionality - auto-freeze=false:shallow-copy=true:use-listener=true can access a child draft that was created before the draft was modified" time="0.001">
    </testcase>
    <testcase classname="base functionality - auto-freeze=false:shallow-copy=true:use-listener=true should reflect all changes made in the draft immediately" name="base functionality - auto-freeze=false:shallow-copy=true:use-listener=true should reflect all changes made in the draft immediately" time="0.002">
    </testcase>
    <testcase classname="base functionality - auto-freeze=false:shallow-copy=true:use-listener=true throws when Object.defineProperty() is used on drafts" name="base functionality - auto-freeze=false:shallow-copy=true:use-listener=true throws when Object.defineProperty() is used on drafts" time="0.004">
    </testcase>
    <testcase classname="base functionality - auto-freeze=false:shallow-copy=true:use-listener=true should handle constructor correctly" name="base functionality - auto-freeze=false:shallow-copy=true:use-listener=true should handle constructor correctly" time="0.003">
    </testcase>
    <testcase classname="base functionality - auto-freeze=false:shallow-copy=true:use-listener=true should handle equality correctly - 1" name="base functionality - auto-freeze=false:shallow-copy=true:use-listener=true should handle equality correctly - 1" time="0.002">
    </testcase>
    <testcase classname="base functionality - auto-freeze=false:shallow-copy=true:use-listener=true should handle equality correctly - 2" name="base functionality - auto-freeze=false:shallow-copy=true:use-listener=true should handle equality correctly - 2" time="0.001">
    </testcase>
    <testcase classname="base functionality - auto-freeze=false:shallow-copy=true:use-listener=true should handle equality correctly - 3" name="base functionality - auto-freeze=false:shallow-copy=true:use-listener=true should handle equality correctly - 3" time="0.002">
    </testcase>
    <testcase classname="base functionality - auto-freeze=false:shallow-copy=true:use-listener=true nested producers when base state is not a draft never affects its parent producer implicitly" name="base functionality - auto-freeze=false:shallow-copy=true:use-listener=true nested producers when base state is not a draft never affects its parent producer implicitly" time="0.002">
    </testcase>
    <testcase classname="base functionality - auto-freeze=false:shallow-copy=true:use-listener=true nested producers when base state is a draft always wraps the draft in a new draft" name="base functionality - auto-freeze=false:shallow-copy=true:use-listener=true nested producers when base state is a draft always wraps the draft in a new draft" time="0.001">
    </testcase>
    <testcase classname="base functionality - auto-freeze=false:shallow-copy=true:use-listener=true nested producers when base state is a draft ensures each property is drafted" name="base functionality - auto-freeze=false:shallow-copy=true:use-listener=true nested producers when base state is a draft ensures each property is drafted" time="0.002">
    </testcase>
    <testcase classname="base functionality - auto-freeze=false:shallow-copy=true:use-listener=true nested producers when base state is a draft preserves any pending changes" name="base functionality - auto-freeze=false:shallow-copy=true:use-listener=true nested producers when base state is a draft preserves any pending changes" time="0.004">
    </testcase>
    <testcase classname="base functionality - auto-freeze=false:shallow-copy=true:use-listener=true nested producers when base state contains a draft wraps unowned draft with its own draft" name="base functionality - auto-freeze=false:shallow-copy=true:use-listener=true nested producers when base state contains a draft wraps unowned draft with its own draft" time="0.002">
    </testcase>
    <testcase classname="base functionality - auto-freeze=false:shallow-copy=true:use-listener=true nested producers when base state contains a draft returns unowned draft if no changes were made" name="base functionality - auto-freeze=false:shallow-copy=true:use-listener=true nested producers when base state contains a draft returns unowned draft if no changes were made" time="0.001">
    </testcase>
    <testcase classname="base functionality - auto-freeze=false:shallow-copy=true:use-listener=true nested producers when base state contains a draft clones the unowned draft when changes are made" name="base functionality - auto-freeze=false:shallow-copy=true:use-listener=true nested producers when base state contains a draft clones the unowned draft when changes are made" time="0.002">
    </testcase>
    <testcase classname="base functionality - auto-freeze=false:shallow-copy=true:use-listener=true nested producers when base state contains a draft never auto-freezes the result" name="base functionality - auto-freeze=false:shallow-copy=true:use-listener=true nested producers when base state contains a draft never auto-freezes the result" time="0">
    </testcase>
    <testcase classname="base functionality - auto-freeze=false:shallow-copy=true:use-listener=true nested producers does not finalize upvalue drafts" name="base functionality - auto-freeze=false:shallow-copy=true:use-listener=true nested producers does not finalize upvalue drafts" time="0.003">
    </testcase>
    <testcase classname="base functionality - auto-freeze=false:shallow-copy=true:use-listener=true nested producers works with interweaved Immer instances" name="base functionality - auto-freeze=false:shallow-copy=true:use-listener=true nested producers works with interweaved Immer instances" time="0.003">
    </testcase>
    <testcase classname="base functionality - auto-freeze=false:shallow-copy=true:use-listener=true throws when Object.setPrototypeOf() is used on a draft" name="base functionality - auto-freeze=false:shallow-copy=true:use-listener=true throws when Object.setPrototypeOf() is used on a draft" time="0.004">
    </testcase>
    <testcase classname="base functionality - auto-freeze=false:shallow-copy=true:use-listener=true supports the &apos;in&apos; operator" name="base functionality - auto-freeze=false:shallow-copy=true:use-listener=true supports the &apos;in&apos; operator" time="0.002">
    </testcase>
    <testcase classname="base functionality - auto-freeze=false:shallow-copy=true:use-listener=true &apos;this&apos; should not be bound anymore - 1" name="base functionality - auto-freeze=false:shallow-copy=true:use-listener=true &apos;this&apos; should not be bound anymore - 1" time="0.001">
    </testcase>
    <testcase classname="base functionality - auto-freeze=false:shallow-copy=true:use-listener=true &apos;this&apos; should not be bound anymore - 2" name="base functionality - auto-freeze=false:shallow-copy=true:use-listener=true &apos;this&apos; should not be bound anymore - 2" time="0.001">
    </testcase>
    <testcase classname="base functionality - auto-freeze=false:shallow-copy=true:use-listener=true should be possible to use dynamic bound this" name="base functionality - auto-freeze=false:shallow-copy=true:use-listener=true should be possible to use dynamic bound this" time="0.002">
    </testcase>
    <testcase classname="base functionality - auto-freeze=false:shallow-copy=true:use-listener=true doesnt recurse into frozen structures if external data is frozen" name="base functionality - auto-freeze=false:shallow-copy=true:use-listener=true doesnt recurse into frozen structures if external data is frozen" time="0.001">
    </testcase>
    <testcase classname="base functionality - auto-freeze=false:shallow-copy=true:use-listener=true supports the spread operator" name="base functionality - auto-freeze=false:shallow-copy=true:use-listener=true supports the spread operator" time="0.002">
    </testcase>
    <testcase classname="base functionality - auto-freeze=false:shallow-copy=true:use-listener=true processes with lodash.set" name="base functionality - auto-freeze=false:shallow-copy=true:use-listener=true processes with lodash.set" time="0.002">
    </testcase>
    <testcase classname="base functionality - auto-freeze=false:shallow-copy=true:use-listener=true processes with lodash.find" name="base functionality - auto-freeze=false:shallow-copy=true:use-listener=true processes with lodash.find" time="0.002">
    </testcase>
    <testcase classname="base functionality - auto-freeze=false:shallow-copy=true:use-listener=true does not draft external data" name="base functionality - auto-freeze=false:shallow-copy=true:use-listener=true does not draft external data" time="0.002">
    </testcase>
    <testcase classname="base functionality - auto-freeze=false:shallow-copy=true:use-listener=true does not create new state unnecessary, #491" name="base functionality - auto-freeze=false:shallow-copy=true:use-listener=true does not create new state unnecessary, #491" time="0.001">
    </testcase>
    <testcase classname="base functionality - auto-freeze=false:shallow-copy=true:use-listener=true recipe functions can return a new object" name="base functionality - auto-freeze=false:shallow-copy=true:use-listener=true recipe functions can return a new object" time="0.003">
    </testcase>
    <testcase classname="base functionality - auto-freeze=false:shallow-copy=true:use-listener=true recipe functions can return the draft" name="base functionality - auto-freeze=false:shallow-copy=true:use-listener=true recipe functions can return the draft" time="0.001">
    </testcase>
    <testcase classname="base functionality - auto-freeze=false:shallow-copy=true:use-listener=true recipe functions can return an unmodified child draft" name="base functionality - auto-freeze=false:shallow-copy=true:use-listener=true recipe functions can return an unmodified child draft" time="0.001">
    </testcase>
    <testcase classname="base functionality - auto-freeze=false:shallow-copy=true:use-listener=true recipe functions cannot return a modified child draft" name="base functionality - auto-freeze=false:shallow-copy=true:use-listener=true recipe functions cannot return a modified child draft" time="0.001">
    </testcase>
    <testcase classname="base functionality - auto-freeze=false:shallow-copy=true:use-listener=true recipe functions can return a frozen object" name="base functionality - auto-freeze=false:shallow-copy=true:use-listener=true recipe functions can return a frozen object" time="0.003">
    </testcase>
    <testcase classname="base functionality - auto-freeze=false:shallow-copy=true:use-listener=true recipe functions can return an object with two references to another object" name="base functionality - auto-freeze=false:shallow-copy=true:use-listener=true recipe functions can return an object with two references to another object" time="0.004">
    </testcase>
    <testcase classname="base functionality - auto-freeze=false:shallow-copy=true:use-listener=true recipe functions can return an object with two references to an unmodified draft" name="base functionality - auto-freeze=false:shallow-copy=true:use-listener=true recipe functions can return an object with two references to an unmodified draft" time="0.002">
    </testcase>
    <testcase classname="base functionality - auto-freeze=false:shallow-copy=true:use-listener=true recipe functions cannot return an object that references itself" name="base functionality - auto-freeze=false:shallow-copy=true:use-listener=true recipe functions cannot return an object that references itself" time="0.009">
    </testcase>
    <testcase classname="base functionality - auto-freeze=false:shallow-copy=true:use-listener=true throws when the draft is modified and another object is returned" name="base functionality - auto-freeze=false:shallow-copy=true:use-listener=true throws when the draft is modified and another object is returned" time="0.001">
    </testcase>
    <testcase classname="base functionality - auto-freeze=false:shallow-copy=true:use-listener=true should fix #117 - 1" name="base functionality - auto-freeze=false:shallow-copy=true:use-listener=true should fix #117 - 1" time="0.004">
    </testcase>
    <testcase classname="base functionality - auto-freeze=false:shallow-copy=true:use-listener=true should fix #117 - 2" name="base functionality - auto-freeze=false:shallow-copy=true:use-listener=true should fix #117 - 2" time="0.001">
    </testcase>
    <testcase classname="base functionality - auto-freeze=false:shallow-copy=true:use-listener=true cannot always detect noop assignments - 0" name="base functionality - auto-freeze=false:shallow-copy=true:use-listener=true cannot always detect noop assignments - 0" time="0">
    </testcase>
    <testcase classname="base functionality - auto-freeze=false:shallow-copy=true:use-listener=true cannot always detect noop assignments - 1" name="base functionality - auto-freeze=false:shallow-copy=true:use-listener=true cannot always detect noop assignments - 1" time="0.002">
    </testcase>
    <testcase classname="base functionality - auto-freeze=false:shallow-copy=true:use-listener=true cannot always detect noop assignments - 2" name="base functionality - auto-freeze=false:shallow-copy=true:use-listener=true cannot always detect noop assignments - 2" time="0.001">
    </testcase>
    <testcase classname="base functionality - auto-freeze=false:shallow-copy=true:use-listener=true cannot always detect noop assignments - 3" name="base functionality - auto-freeze=false:shallow-copy=true:use-listener=true cannot always detect noop assignments - 3" time="0.001">
    </testcase>
    <testcase classname="base functionality - auto-freeze=false:shallow-copy=true:use-listener=true cannot always detect noop assignments - 4" name="base functionality - auto-freeze=false:shallow-copy=true:use-listener=true cannot always detect noop assignments - 4" time="0.001">
    </testcase>
    <testcase classname="base functionality - auto-freeze=false:shallow-copy=true:use-listener=true cannot always detect noop assignments - 4" name="base functionality - auto-freeze=false:shallow-copy=true:use-listener=true cannot always detect noop assignments - 4" time="0.001">
    </testcase>
    <testcase classname="base functionality - auto-freeze=false:shallow-copy=true:use-listener=true cannot produce undefined by returning undefined" name="base functionality - auto-freeze=false:shallow-copy=true:use-listener=true cannot produce undefined by returning undefined" time="0.003">
    </testcase>
    <testcase classname="base functionality - auto-freeze=false:shallow-copy=true:use-listener=true base state type empty object creates a draft" name="base functionality - auto-freeze=false:shallow-copy=true:use-listener=true base state type empty object creates a draft" time="0.002">
    </testcase>
    <testcase classname="base functionality - auto-freeze=false:shallow-copy=true:use-listener=true base state type empty object preserves the prototype" name="base functionality - auto-freeze=false:shallow-copy=true:use-listener=true base state type empty object preserves the prototype" time="0.004">
    </testcase>
    <testcase classname="base functionality - auto-freeze=false:shallow-copy=true:use-listener=true base state type empty object returns the base state when no changes are made" name="base functionality - auto-freeze=false:shallow-copy=true:use-listener=true base state type empty object returns the base state when no changes are made" time="0.003">
    </testcase>
    <testcase classname="base functionality - auto-freeze=false:shallow-copy=true:use-listener=true base state type empty object returns a copy when changes are made" name="base functionality - auto-freeze=false:shallow-copy=true:use-listener=true base state type empty object returns a copy when changes are made" time="0.002">
    </testcase>
    <testcase classname="base functionality - auto-freeze=false:shallow-copy=true:use-listener=true base state type empty object (frozen) creates a draft" name="base functionality - auto-freeze=false:shallow-copy=true:use-listener=true base state type empty object (frozen) creates a draft" time="0.002">
    </testcase>
    <testcase classname="base functionality - auto-freeze=false:shallow-copy=true:use-listener=true base state type empty object (frozen) preserves the prototype" name="base functionality - auto-freeze=false:shallow-copy=true:use-listener=true base state type empty object (frozen) preserves the prototype" time="0.005">
    </testcase>
    <testcase classname="base functionality - auto-freeze=false:shallow-copy=true:use-listener=true base state type empty object (frozen) returns the base state when no changes are made" name="base functionality - auto-freeze=false:shallow-copy=true:use-listener=true base state type empty object (frozen) returns the base state when no changes are made" time="0.004">
    </testcase>
    <testcase classname="base functionality - auto-freeze=false:shallow-copy=true:use-listener=true base state type empty object (frozen) returns a copy when changes are made" name="base functionality - auto-freeze=false:shallow-copy=true:use-listener=true base state type empty object (frozen) returns a copy when changes are made" time="0.003">
    </testcase>
    <testcase classname="base functionality - auto-freeze=false:shallow-copy=true:use-listener=true base state type plain object creates a draft" name="base functionality - auto-freeze=false:shallow-copy=true:use-listener=true base state type plain object creates a draft" time="0.002">
    </testcase>
    <testcase classname="base functionality - auto-freeze=false:shallow-copy=true:use-listener=true base state type plain object preserves the prototype" name="base functionality - auto-freeze=false:shallow-copy=true:use-listener=true base state type plain object preserves the prototype" time="0.003">
    </testcase>
    <testcase classname="base functionality - auto-freeze=false:shallow-copy=true:use-listener=true base state type plain object returns the base state when no changes are made" name="base functionality - auto-freeze=false:shallow-copy=true:use-listener=true base state type plain object returns the base state when no changes are made" time="0.003">
    </testcase>
    <testcase classname="base functionality - auto-freeze=false:shallow-copy=true:use-listener=true base state type plain object returns a copy when changes are made" name="base functionality - auto-freeze=false:shallow-copy=true:use-listener=true base state type plain object returns a copy when changes are made" time="0.003">
    </testcase>
    <testcase classname="base functionality - auto-freeze=false:shallow-copy=true:use-listener=true base state type plain object (frozen) creates a draft" name="base functionality - auto-freeze=false:shallow-copy=true:use-listener=true base state type plain object (frozen) creates a draft" time="0.003">
    </testcase>
    <testcase classname="base functionality - auto-freeze=false:shallow-copy=true:use-listener=true base state type plain object (frozen) preserves the prototype" name="base functionality - auto-freeze=false:shallow-copy=true:use-listener=true base state type plain object (frozen) preserves the prototype" time="0.002">
    </testcase>
    <testcase classname="base functionality - auto-freeze=false:shallow-copy=true:use-listener=true base state type plain object (frozen) returns the base state when no changes are made" name="base functionality - auto-freeze=false:shallow-copy=true:use-listener=true base state type plain object (frozen) returns the base state when no changes are made" time="0.002">
    </testcase>
    <testcase classname="base functionality - auto-freeze=false:shallow-copy=true:use-listener=true base state type plain object (frozen) returns a copy when changes are made" name="base functionality - auto-freeze=false:shallow-copy=true:use-listener=true base state type plain object (frozen) returns a copy when changes are made" time="0.005">
    </testcase>
    <testcase classname="base functionality - auto-freeze=false:shallow-copy=true:use-listener=true base state type empty array creates a draft" name="base functionality - auto-freeze=false:shallow-copy=true:use-listener=true base state type empty array creates a draft" time="0.003">
    </testcase>
    <testcase classname="base functionality - auto-freeze=false:shallow-copy=true:use-listener=true base state type empty array preserves the prototype" name="base functionality - auto-freeze=false:shallow-copy=true:use-listener=true base state type empty array preserves the prototype" time="0.002">
    </testcase>
    <testcase classname="base functionality - auto-freeze=false:shallow-copy=true:use-listener=true base state type empty array returns the base state when no changes are made" name="base functionality - auto-freeze=false:shallow-copy=true:use-listener=true base state type empty array returns the base state when no changes are made" time="0.003">
    </testcase>
    <testcase classname="base functionality - auto-freeze=false:shallow-copy=true:use-listener=true base state type empty array returns a copy when changes are made" name="base functionality - auto-freeze=false:shallow-copy=true:use-listener=true base state type empty array returns a copy when changes are made" time="0.008">
    </testcase>
    <testcase classname="base functionality - auto-freeze=false:shallow-copy=true:use-listener=true base state type empty array (frozen) creates a draft" name="base functionality - auto-freeze=false:shallow-copy=true:use-listener=true base state type empty array (frozen) creates a draft" time="0.004">
    </testcase>
    <testcase classname="base functionality - auto-freeze=false:shallow-copy=true:use-listener=true base state type empty array (frozen) preserves the prototype" name="base functionality - auto-freeze=false:shallow-copy=true:use-listener=true base state type empty array (frozen) preserves the prototype" time="0.003">
    </testcase>
    <testcase classname="base functionality - auto-freeze=false:shallow-copy=true:use-listener=true base state type empty array (frozen) returns the base state when no changes are made" name="base functionality - auto-freeze=false:shallow-copy=true:use-listener=true base state type empty array (frozen) returns the base state when no changes are made" time="0.006">
    </testcase>
    <testcase classname="base functionality - auto-freeze=false:shallow-copy=true:use-listener=true base state type empty array (frozen) returns a copy when changes are made" name="base functionality - auto-freeze=false:shallow-copy=true:use-listener=true base state type empty array (frozen) returns a copy when changes are made" time="0.005">
    </testcase>
    <testcase classname="base functionality - auto-freeze=false:shallow-copy=true:use-listener=true base state type plain array creates a draft" name="base functionality - auto-freeze=false:shallow-copy=true:use-listener=true base state type plain array creates a draft" time="0.003">
    </testcase>
    <testcase classname="base functionality - auto-freeze=false:shallow-copy=true:use-listener=true base state type plain array preserves the prototype" name="base functionality - auto-freeze=false:shallow-copy=true:use-listener=true base state type plain array preserves the prototype" time="0.001">
    </testcase>
    <testcase classname="base functionality - auto-freeze=false:shallow-copy=true:use-listener=true base state type plain array returns the base state when no changes are made" name="base functionality - auto-freeze=false:shallow-copy=true:use-listener=true base state type plain array returns the base state when no changes are made" time="0.002">
    </testcase>
    <testcase classname="base functionality - auto-freeze=false:shallow-copy=true:use-listener=true base state type plain array returns a copy when changes are made" name="base functionality - auto-freeze=false:shallow-copy=true:use-listener=true base state type plain array returns a copy when changes are made" time="0.003">
    </testcase>
    <testcase classname="base functionality - auto-freeze=false:shallow-copy=true:use-listener=true base state type plain array (frozen) creates a draft" name="base functionality - auto-freeze=false:shallow-copy=true:use-listener=true base state type plain array (frozen) creates a draft" time="0.003">
    </testcase>
    <testcase classname="base functionality - auto-freeze=false:shallow-copy=true:use-listener=true base state type plain array (frozen) preserves the prototype" name="base functionality - auto-freeze=false:shallow-copy=true:use-listener=true base state type plain array (frozen) preserves the prototype" time="0.003">
    </testcase>
    <testcase classname="base functionality - auto-freeze=false:shallow-copy=true:use-listener=true base state type plain array (frozen) returns the base state when no changes are made" name="base functionality - auto-freeze=false:shallow-copy=true:use-listener=true base state type plain array (frozen) returns the base state when no changes are made" time="0.002">
    </testcase>
    <testcase classname="base functionality - auto-freeze=false:shallow-copy=true:use-listener=true base state type plain array (frozen) returns a copy when changes are made" name="base functionality - auto-freeze=false:shallow-copy=true:use-listener=true base state type plain array (frozen) returns a copy when changes are made" time="0.003">
    </testcase>
    <testcase classname="base functionality - auto-freeze=false:shallow-copy=true:use-listener=true base state type class instance (draftable) creates a draft" name="base functionality - auto-freeze=false:shallow-copy=true:use-listener=true base state type class instance (draftable) creates a draft" time="0.005">
    </testcase>
    <testcase classname="base functionality - auto-freeze=false:shallow-copy=true:use-listener=true base state type class instance (draftable) preserves the prototype" name="base functionality - auto-freeze=false:shallow-copy=true:use-listener=true base state type class instance (draftable) preserves the prototype" time="0.002">
    </testcase>
    <testcase classname="base functionality - auto-freeze=false:shallow-copy=true:use-listener=true base state type class instance (draftable) returns the base state when no changes are made" name="base functionality - auto-freeze=false:shallow-copy=true:use-listener=true base state type class instance (draftable) returns the base state when no changes are made" time="0.001">
    </testcase>
    <testcase classname="base functionality - auto-freeze=false:shallow-copy=true:use-listener=true base state type class instance (draftable) returns a copy when changes are made" name="base functionality - auto-freeze=false:shallow-copy=true:use-listener=true base state type class instance (draftable) returns a copy when changes are made" time="0.001">
    </testcase>
    <testcase classname="base functionality - auto-freeze=false:shallow-copy=true:use-listener=true base state type class instance (draftable) (frozen) creates a draft" name="base functionality - auto-freeze=false:shallow-copy=true:use-listener=true base state type class instance (draftable) (frozen) creates a draft" time="0.001">
    </testcase>
    <testcase classname="base functionality - auto-freeze=false:shallow-copy=true:use-listener=true base state type class instance (draftable) (frozen) preserves the prototype" name="base functionality - auto-freeze=false:shallow-copy=true:use-listener=true base state type class instance (draftable) (frozen) preserves the prototype" time="0.001">
    </testcase>
    <testcase classname="base functionality - auto-freeze=false:shallow-copy=true:use-listener=true base state type class instance (draftable) (frozen) returns the base state when no changes are made" name="base functionality - auto-freeze=false:shallow-copy=true:use-listener=true base state type class instance (draftable) (frozen) returns the base state when no changes are made" time="0.005">
    </testcase>
    <testcase classname="base functionality - auto-freeze=false:shallow-copy=true:use-listener=true base state type class instance (draftable) (frozen) returns a copy when changes are made" name="base functionality - auto-freeze=false:shallow-copy=true:use-listener=true base state type class instance (draftable) (frozen) returns a copy when changes are made" time="0.003">
    </testcase>
    <testcase classname="base functionality - auto-freeze=false:shallow-copy=true:use-listener=true base state type class with getters should use a method to assing a field using a getter that return a non primitive object" name="base functionality - auto-freeze=false:shallow-copy=true:use-listener=true base state type class with getters should use a method to assing a field using a getter that return a non primitive object" time="0.007">
    </testcase>
    <testcase classname="base functionality - auto-freeze=false:shallow-copy=true:use-listener=true base state type super class with getters should use a method to assing a field using a getter that return a non primitive object" name="base functionality - auto-freeze=false:shallow-copy=true:use-listener=true base state type super class with getters should use a method to assing a field using a getter that return a non primitive object" time="0.004">
    </testcase>
    <testcase classname="base functionality - auto-freeze=false:shallow-copy=true:use-listener=true base state type class with setters should define a field with a setter" name="base functionality - auto-freeze=false:shallow-copy=true:use-listener=true base state type class with setters should define a field with a setter" time="0.004">
    </testcase>
    <testcase classname="base functionality - auto-freeze=false:shallow-copy=true:use-listener=true base state type falsy number does not create a draft" name="base functionality - auto-freeze=false:shallow-copy=true:use-listener=true base state type falsy number does not create a draft" time="0.002">
    </testcase>
    <testcase classname="base functionality - auto-freeze=false:shallow-copy=true:use-listener=true base state type falsy number returns the base state when no changes are made" name="base functionality - auto-freeze=false:shallow-copy=true:use-listener=true base state type falsy number returns the base state when no changes are made" time="0.001">
    </testcase>
    <testcase classname="base functionality - auto-freeze=false:shallow-copy=true:use-listener=true base state type truthy number does not create a draft" name="base functionality - auto-freeze=false:shallow-copy=true:use-listener=true base state type truthy number does not create a draft" time="0.001">
    </testcase>
    <testcase classname="base functionality - auto-freeze=false:shallow-copy=true:use-listener=true base state type truthy number returns the base state when no changes are made" name="base functionality - auto-freeze=false:shallow-copy=true:use-listener=true base state type truthy number returns the base state when no changes are made" time="0.004">
    </testcase>
    <testcase classname="base functionality - auto-freeze=false:shallow-copy=true:use-listener=true base state type negative number does not create a draft" name="base functionality - auto-freeze=false:shallow-copy=true:use-listener=true base state type negative number does not create a draft" time="0.001">
    </testcase>
    <testcase classname="base functionality - auto-freeze=false:shallow-copy=true:use-listener=true base state type negative number returns the base state when no changes are made" name="base functionality - auto-freeze=false:shallow-copy=true:use-listener=true base state type negative number returns the base state when no changes are made" time="0.001">
    </testcase>
    <testcase classname="base functionality - auto-freeze=false:shallow-copy=true:use-listener=true base state type NaN does not create a draft" name="base functionality - auto-freeze=false:shallow-copy=true:use-listener=true base state type NaN does not create a draft" time="0.002">
    </testcase>
    <testcase classname="base functionality - auto-freeze=false:shallow-copy=true:use-listener=true base state type NaN returns the base state when no changes are made" name="base functionality - auto-freeze=false:shallow-copy=true:use-listener=true base state type NaN returns the base state when no changes are made" time="0.001">
    </testcase>
    <testcase classname="base functionality - auto-freeze=false:shallow-copy=true:use-listener=true base state type infinity does not create a draft" name="base functionality - auto-freeze=false:shallow-copy=true:use-listener=true base state type infinity does not create a draft" time="0.001">
    </testcase>
    <testcase classname="base functionality - auto-freeze=false:shallow-copy=true:use-listener=true base state type infinity returns the base state when no changes are made" name="base functionality - auto-freeze=false:shallow-copy=true:use-listener=true base state type infinity returns the base state when no changes are made" time="0.001">
    </testcase>
    <testcase classname="base functionality - auto-freeze=false:shallow-copy=true:use-listener=true base state type true does not create a draft" name="base functionality - auto-freeze=false:shallow-copy=true:use-listener=true base state type true does not create a draft" time="0.004">
    </testcase>
    <testcase classname="base functionality - auto-freeze=false:shallow-copy=true:use-listener=true base state type true returns the base state when no changes are made" name="base functionality - auto-freeze=false:shallow-copy=true:use-listener=true base state type true returns the base state when no changes are made" time="0.002">
    </testcase>
    <testcase classname="base functionality - auto-freeze=false:shallow-copy=true:use-listener=true base state type false does not create a draft" name="base functionality - auto-freeze=false:shallow-copy=true:use-listener=true base state type false does not create a draft" time="0.002">
    </testcase>
    <testcase classname="base functionality - auto-freeze=false:shallow-copy=true:use-listener=true base state type false returns the base state when no changes are made" name="base functionality - auto-freeze=false:shallow-copy=true:use-listener=true base state type false returns the base state when no changes are made" time="0.002">
    </testcase>
    <testcase classname="base functionality - auto-freeze=false:shallow-copy=true:use-listener=true base state type empty string does not create a draft" name="base functionality - auto-freeze=false:shallow-copy=true:use-listener=true base state type empty string does not create a draft" time="0.002">
    </testcase>
    <testcase classname="base functionality - auto-freeze=false:shallow-copy=true:use-listener=true base state type empty string returns the base state when no changes are made" name="base functionality - auto-freeze=false:shallow-copy=true:use-listener=true base state type empty string returns the base state when no changes are made" time="0.001">
    </testcase>
    <testcase classname="base functionality - auto-freeze=false:shallow-copy=true:use-listener=true base state type truthy string does not create a draft" name="base functionality - auto-freeze=false:shallow-copy=true:use-listener=true base state type truthy string does not create a draft" time="0.001">
    </testcase>
    <testcase classname="base functionality - auto-freeze=false:shallow-copy=true:use-listener=true base state type truthy string returns the base state when no changes are made" name="base functionality - auto-freeze=false:shallow-copy=true:use-listener=true base state type truthy string returns the base state when no changes are made" time="0.001">
    </testcase>
    <testcase classname="base functionality - auto-freeze=false:shallow-copy=true:use-listener=true base state type null does not create a draft" name="base functionality - auto-freeze=false:shallow-copy=true:use-listener=true base state type null does not create a draft" time="0.002">
    </testcase>
    <testcase classname="base functionality - auto-freeze=false:shallow-copy=true:use-listener=true base state type null returns the base state when no changes are made" name="base functionality - auto-freeze=false:shallow-copy=true:use-listener=true base state type null returns the base state when no changes are made" time="0.003">
    </testcase>
    <testcase classname="base functionality - auto-freeze=false:shallow-copy=true:use-listener=true base state type undefined does not create a draft" name="base functionality - auto-freeze=false:shallow-copy=true:use-listener=true base state type undefined does not create a draft" time="0.002">
    </testcase>
    <testcase classname="base functionality - auto-freeze=false:shallow-copy=true:use-listener=true base state type undefined returns the base state when no changes are made" name="base functionality - auto-freeze=false:shallow-copy=true:use-listener=true base state type undefined returns the base state when no changes are made" time="0.002">
    </testcase>
    <testcase classname="base functionality - auto-freeze=false:shallow-copy=true:use-listener=true base state type function does not create a draft" name="base functionality - auto-freeze=false:shallow-copy=true:use-listener=true base state type function does not create a draft" time="0.001">
    </testcase>
    <testcase classname="base functionality - auto-freeze=false:shallow-copy=true:use-listener=true base state type function returns the base state when no changes are made" name="base functionality - auto-freeze=false:shallow-copy=true:use-listener=true base state type function returns the base state when no changes are made" time="0">
    </testcase>
    <testcase classname="base functionality - auto-freeze=false:shallow-copy=true:use-listener=true base state type regexp object does not return a copy when changes are made" name="base functionality - auto-freeze=false:shallow-copy=true:use-listener=true base state type regexp object does not return a copy when changes are made" time="0.002">
    </testcase>
    <testcase classname="base functionality - auto-freeze=false:shallow-copy=true:use-listener=true base state type boxed number does not return a copy when changes are made" name="base functionality - auto-freeze=false:shallow-copy=true:use-listener=true base state type boxed number does not return a copy when changes are made" time="0.006">
    </testcase>
    <testcase classname="base functionality - auto-freeze=false:shallow-copy=true:use-listener=true base state type boxed string does not return a copy when changes are made" name="base functionality - auto-freeze=false:shallow-copy=true:use-listener=true base state type boxed string does not return a copy when changes are made" time="0.004">
    </testcase>
    <testcase classname="base functionality - auto-freeze=false:shallow-copy=true:use-listener=true base state type boxed boolean does not return a copy when changes are made" name="base functionality - auto-freeze=false:shallow-copy=true:use-listener=true base state type boxed boolean does not return a copy when changes are made" time="0.004">
    </testcase>
    <testcase classname="base functionality - auto-freeze=false:shallow-copy=true:use-listener=true base state type date object does not return a copy when changes are made" name="base functionality - auto-freeze=false:shallow-copy=true:use-listener=true base state type date object does not return a copy when changes are made" time="0.003">
    </testcase>
    <testcase classname="base functionality - auto-freeze=false:shallow-copy=true:use-listener=true base state type class instance (not draftable) does not return a copy when changes are made" name="base functionality - auto-freeze=false:shallow-copy=true:use-listener=true base state type class instance (not draftable) does not return a copy when changes are made" time="0.005">
    </testcase>
    <testcase classname=" works with spread #524 - auto-freeze=false:shallow-copy=true:use-listener=true" name=" works with spread #524 - auto-freeze=false:shallow-copy=true:use-listener=true" time="0.003">
    </testcase>
    <testcase classname=" Something with nested producers #522 auto-freeze=false:shallow-copy=true:use-listener=true" name=" Something with nested producers #522 auto-freeze=false:shallow-copy=true:use-listener=true" time="0.004">
    </testcase>
    <testcase classname="isDraft - auto-freeze=false:shallow-copy=true:use-listener=true returns true for object drafts" name="isDraft - auto-freeze=false:shallow-copy=true:use-listener=true returns true for object drafts" time="0">
    </testcase>
    <testcase classname="isDraft - auto-freeze=false:shallow-copy=true:use-listener=true returns true for array drafts" name="isDraft - auto-freeze=false:shallow-copy=true:use-listener=true returns true for array drafts" time="0.001">
    </testcase>
    <testcase classname="isDraft - auto-freeze=false:shallow-copy=true:use-listener=true returns true for objects nested in object drafts" name="isDraft - auto-freeze=false:shallow-copy=true:use-listener=true returns true for objects nested in object drafts" time="0">
    </testcase>
    <testcase classname="isDraft - auto-freeze=false:shallow-copy=true:use-listener=true returns false for new objects added to a draft" name="isDraft - auto-freeze=false:shallow-copy=true:use-listener=true returns false for new objects added to a draft" time="0.001">
    </testcase>
    <testcase classname="isDraft - auto-freeze=false:shallow-copy=true:use-listener=true returns false for objects returned by the producer" name="isDraft - auto-freeze=false:shallow-copy=true:use-listener=true returns false for objects returned by the producer" time="0.001">
    </testcase>
    <testcase classname="isDraft - auto-freeze=false:shallow-copy=true:use-listener=true returns false for arrays returned by the producer" name="isDraft - auto-freeze=false:shallow-copy=true:use-listener=true returns false for arrays returned by the producer" time="0.001">
    </testcase>
    <testcase classname="isDraft - auto-freeze=false:shallow-copy=true:use-listener=true returns false for object drafts returned by the producer" name="isDraft - auto-freeze=false:shallow-copy=true:use-listener=true returns false for object drafts returned by the producer" time="0">
    </testcase>
    <testcase classname="isDraft - auto-freeze=false:shallow-copy=true:use-listener=true returns false for array drafts returned by the producer" name="isDraft - auto-freeze=false:shallow-copy=true:use-listener=true returns false for array drafts returned by the producer" time="0.001">
    </testcase>
    <testcase classname="complex nesting map / set / object modify deep object" name="complex nesting map / set / object modify deep object" time="0.007">
    </testcase>
    <testcase classname="complex nesting map / set / object modify deep object - keep value" name="complex nesting map / set / object modify deep object - keep value" time="0.002">
    </testcase>
    <testcase classname="base functionality - auto-freeze=false:shallow-copy=true:use-listener=false returns the original state when no changes are made" name="base functionality - auto-freeze=false:shallow-copy=true:use-listener=false returns the original state when no changes are made" time="0.001">
    </testcase>
    <testcase classname="base functionality - auto-freeze=false:shallow-copy=true:use-listener=false does structural sharing" name="base functionality - auto-freeze=false:shallow-copy=true:use-listener=false does structural sharing" time="0.002">
    </testcase>
    <testcase classname="base functionality - auto-freeze=false:shallow-copy=true:use-listener=false deep change bubbles up" name="base functionality - auto-freeze=false:shallow-copy=true:use-listener=false deep change bubbles up" time="0.002">
    </testcase>
    <testcase classname="base functionality - auto-freeze=false:shallow-copy=true:use-listener=false can add props" name="base functionality - auto-freeze=false:shallow-copy=true:use-listener=false can add props" time="0.003">
    </testcase>
    <testcase classname="base functionality - auto-freeze=false:shallow-copy=true:use-listener=false can delete props" name="base functionality - auto-freeze=false:shallow-copy=true:use-listener=false can delete props" time="0.002">
    </testcase>
    <testcase classname="base functionality - auto-freeze=false:shallow-copy=true:use-listener=false can delete props - 2" name="base functionality - auto-freeze=false:shallow-copy=true:use-listener=false can delete props - 2" time="0.001">
    </testcase>
    <testcase classname="base functionality - auto-freeze=false:shallow-copy=true:use-listener=false can delete props added in the producer" name="base functionality - auto-freeze=false:shallow-copy=true:use-listener=false can delete props added in the producer" time="0.002">
    </testcase>
    <testcase classname="base functionality - auto-freeze=false:shallow-copy=true:use-listener=false can set a property that was just deleted" name="base functionality - auto-freeze=false:shallow-copy=true:use-listener=false can set a property that was just deleted" time="0.001">
    </testcase>
    <testcase classname="base functionality - auto-freeze=false:shallow-copy=true:use-listener=false can set a property to its original value after deleting it" name="base functionality - auto-freeze=false:shallow-copy=true:use-listener=false can set a property to its original value after deleting it" time="0.002">
    </testcase>
    <testcase classname="base functionality - auto-freeze=false:shallow-copy=true:use-listener=false can get property descriptors" name="base functionality - auto-freeze=false:shallow-copy=true:use-listener=false can get property descriptors" time="0.001">
    </testcase>
    <testcase classname="base functionality - auto-freeze=false:shallow-copy=true:use-listener=false array drafts supports Array.isArray()" name="base functionality - auto-freeze=false:shallow-copy=true:use-listener=false array drafts supports Array.isArray()" time="0.003">
    </testcase>
    <testcase classname="base functionality - auto-freeze=false:shallow-copy=true:use-listener=false array drafts supports index access" name="base functionality - auto-freeze=false:shallow-copy=true:use-listener=false array drafts supports index access" time="0.003">
    </testcase>
    <testcase classname="base functionality - auto-freeze=false:shallow-copy=true:use-listener=false array drafts supports iteration" name="base functionality - auto-freeze=false:shallow-copy=true:use-listener=false array drafts supports iteration" time="0.001">
    </testcase>
    <testcase classname="base functionality - auto-freeze=false:shallow-copy=true:use-listener=false array drafts can assign an index via bracket notation" name="base functionality - auto-freeze=false:shallow-copy=true:use-listener=false array drafts can assign an index via bracket notation" time="0.002">
    </testcase>
    <testcase classname="base functionality - auto-freeze=false:shallow-copy=true:use-listener=false array drafts can use splice() to both add and remove items" name="base functionality - auto-freeze=false:shallow-copy=true:use-listener=false array drafts can use splice() to both add and remove items" time="0.001">
    </testcase>
    <testcase classname="base functionality - auto-freeze=false:shallow-copy=true:use-listener=false array drafts can truncate via the length property" name="base functionality - auto-freeze=false:shallow-copy=true:use-listener=false array drafts can truncate via the length property" time="0.001">
    </testcase>
    <testcase classname="base functionality - auto-freeze=false:shallow-copy=true:use-listener=false array drafts can extend via the length property" name="base functionality - auto-freeze=false:shallow-copy=true:use-listener=false array drafts can extend via the length property" time="0.001">
    </testcase>
    <testcase classname="base functionality - auto-freeze=false:shallow-copy=true:use-listener=false array drafts can pop then push" name="base functionality - auto-freeze=false:shallow-copy=true:use-listener=false array drafts can pop then push" time="0.001">
    </testcase>
    <testcase classname="base functionality - auto-freeze=false:shallow-copy=true:use-listener=false array drafts can be sorted" name="base functionality - auto-freeze=false:shallow-copy=true:use-listener=false array drafts can be sorted" time="0.001">
    </testcase>
    <testcase classname="base functionality - auto-freeze=false:shallow-copy=true:use-listener=false array drafts supports modifying nested objects" name="base functionality - auto-freeze=false:shallow-copy=true:use-listener=false array drafts supports modifying nested objects" time="0.001">
    </testcase>
    <testcase classname="base functionality - auto-freeze=false:shallow-copy=true:use-listener=false array drafts never preserves non-numeric properties" name="base functionality - auto-freeze=false:shallow-copy=true:use-listener=false array drafts never preserves non-numeric properties" time="0.001">
    </testcase>
    <testcase classname="base functionality - auto-freeze=false:shallow-copy=true:use-listener=false array drafts throws when a non-numeric property is added" name="base functionality - auto-freeze=false:shallow-copy=true:use-listener=false array drafts throws when a non-numeric property is added" time="0.003">
    </testcase>
    <testcase classname="base functionality - auto-freeze=false:shallow-copy=true:use-listener=false array drafts throws when a non-numeric property is deleted" name="base functionality - auto-freeze=false:shallow-copy=true:use-listener=false array drafts throws when a non-numeric property is deleted" time="0.001">
    </testcase>
    <testcase classname="base functionality - auto-freeze=false:shallow-copy=true:use-listener=false map drafts supports key access" name="base functionality - auto-freeze=false:shallow-copy=true:use-listener=false map drafts supports key access" time="0.001">
    </testcase>
    <testcase classname="base functionality - auto-freeze=false:shallow-copy=true:use-listener=false map drafts supports key access for non-primitive keys" name="base functionality - auto-freeze=false:shallow-copy=true:use-listener=false map drafts supports key access for non-primitive keys" time="0.002">
    </testcase>
    <testcase classname="base functionality - auto-freeze=false:shallow-copy=true:use-listener=false map drafts supports iteration" name="base functionality - auto-freeze=false:shallow-copy=true:use-listener=false map drafts supports iteration" time="0.001">
    </testcase>
    <testcase classname="base functionality - auto-freeze=false:shallow-copy=true:use-listener=false map drafts supports &apos;entries&apos;" name="base functionality - auto-freeze=false:shallow-copy=true:use-listener=false map drafts supports &apos;entries&apos;" time="0.001">
    </testcase>
    <testcase classname="base functionality - auto-freeze=false:shallow-copy=true:use-listener=false map drafts supports &apos;values&apos;" name="base functionality - auto-freeze=false:shallow-copy=true:use-listener=false map drafts supports &apos;values&apos;" time="0.002">
    </testcase>
    <testcase classname="base functionality - auto-freeze=false:shallow-copy=true:use-listener=false map drafts supports &apos;keys" name="base functionality - auto-freeze=false:shallow-copy=true:use-listener=false map drafts supports &apos;keys" time="0.002">
    </testcase>
    <testcase classname="base functionality - auto-freeze=false:shallow-copy=true:use-listener=false map drafts supports forEach" name="base functionality - auto-freeze=false:shallow-copy=true:use-listener=false map drafts supports forEach" time="0.006">
    </testcase>
    <testcase classname="base functionality - auto-freeze=false:shallow-copy=true:use-listener=false map drafts supports forEach mutation" name="base functionality - auto-freeze=false:shallow-copy=true:use-listener=false map drafts supports forEach mutation" time="0.002">
    </testcase>
    <testcase classname="base functionality - auto-freeze=false:shallow-copy=true:use-listener=false map drafts can assign by key" name="base functionality - auto-freeze=false:shallow-copy=true:use-listener=false map drafts can assign by key" time="0.001">
    </testcase>
    <testcase classname="base functionality - auto-freeze=false:shallow-copy=true:use-listener=false map drafts can assign by a non-primitive key" name="base functionality - auto-freeze=false:shallow-copy=true:use-listener=false map drafts can assign by a non-primitive key" time="0.001">
    </testcase>
    <testcase classname="base functionality - auto-freeze=false:shallow-copy=true:use-listener=false map drafts state stays the same if the the same item is assigned by key" name="base functionality - auto-freeze=false:shallow-copy=true:use-listener=false map drafts state stays the same if the the same item is assigned by key" time="0.001">
    </testcase>
    <testcase classname="base functionality - auto-freeze=false:shallow-copy=true:use-listener=false map drafts returns &apos;size&apos;" name="base functionality - auto-freeze=false:shallow-copy=true:use-listener=false map drafts returns &apos;size&apos;" time="0.002">
    </testcase>
    <testcase classname="base functionality - auto-freeze=false:shallow-copy=true:use-listener=false map drafts can use &apos;delete&apos; to remove items" name="base functionality - auto-freeze=false:shallow-copy=true:use-listener=false map drafts can use &apos;delete&apos; to remove items" time="0.003">
    </testcase>
    <testcase classname="base functionality - auto-freeze=false:shallow-copy=true:use-listener=false map drafts can use &apos;clear&apos; to remove items" name="base functionality - auto-freeze=false:shallow-copy=true:use-listener=false map drafts can use &apos;clear&apos; to remove items" time="0.006">
    </testcase>
    <testcase classname="base functionality - auto-freeze=false:shallow-copy=true:use-listener=false map drafts support &apos;has&apos;" name="base functionality - auto-freeze=false:shallow-copy=true:use-listener=false map drafts support &apos;has&apos;" time="0.004">
    </testcase>
    <testcase classname="base functionality - auto-freeze=false:shallow-copy=true:use-listener=false map drafts supports nested maps" name="base functionality - auto-freeze=false:shallow-copy=true:use-listener=false map drafts supports nested maps" time="0.003">
    </testcase>
    <testcase classname="base functionality - auto-freeze=false:shallow-copy=true:use-listener=false map drafts treats void deletes as no-op" name="base functionality - auto-freeze=false:shallow-copy=true:use-listener=false map drafts treats void deletes as no-op" time="0.001">
    </testcase>
    <testcase classname="base functionality - auto-freeze=false:shallow-copy=true:use-listener=false map drafts revokes map proxies" name="base functionality - auto-freeze=false:shallow-copy=true:use-listener=false map drafts revokes map proxies" time="0.002">
    </testcase>
    <testcase classname="base functionality - auto-freeze=false:shallow-copy=true:use-listener=false map drafts does not draft map keys" name="base functionality - auto-freeze=false:shallow-copy=true:use-listener=false map drafts does not draft map keys" time="0.006">
    </testcase>
    <testcase classname="base functionality - auto-freeze=false:shallow-copy=true:use-listener=false map drafts does support instanceof Map" name="base functionality - auto-freeze=false:shallow-copy=true:use-listener=false map drafts does support instanceof Map" time="0.002">
    </testcase>
    <testcase classname="base functionality - auto-freeze=false:shallow-copy=true:use-listener=false map drafts handles clear correctly" name="base functionality - auto-freeze=false:shallow-copy=true:use-listener=false map drafts handles clear correctly" time="0.003">
    </testcase>
    <testcase classname="base functionality - auto-freeze=false:shallow-copy=true:use-listener=false set drafts supports iteration" name="base functionality - auto-freeze=false:shallow-copy=true:use-listener=false set drafts supports iteration" time="0.004">
    </testcase>
    <testcase classname="base functionality - auto-freeze=false:shallow-copy=true:use-listener=false set drafts supports &apos;entries&apos;" name="base functionality - auto-freeze=false:shallow-copy=true:use-listener=false set drafts supports &apos;entries&apos;" time="0.008">
    </testcase>
    <testcase classname="base functionality - auto-freeze=false:shallow-copy=true:use-listener=false set drafts supports &apos;values&apos;" name="base functionality - auto-freeze=false:shallow-copy=true:use-listener=false set drafts supports &apos;values&apos;" time="0.005">
    </testcase>
    <testcase classname="base functionality - auto-freeze=false:shallow-copy=true:use-listener=false set drafts supports &apos;keys&apos;" name="base functionality - auto-freeze=false:shallow-copy=true:use-listener=false set drafts supports &apos;keys&apos;" time="0.004">
    </testcase>
    <testcase classname="base functionality - auto-freeze=false:shallow-copy=true:use-listener=false set drafts supports forEach with mutation after reads" name="base functionality - auto-freeze=false:shallow-copy=true:use-listener=false set drafts supports forEach with mutation after reads" time="0.005">
    </testcase>
    <testcase classname="base functionality - auto-freeze=false:shallow-copy=true:use-listener=false set drafts state stays the same if the same item is added" name="base functionality - auto-freeze=false:shallow-copy=true:use-listener=false set drafts state stays the same if the same item is added" time="0.002">
    </testcase>
    <testcase classname="base functionality - auto-freeze=false:shallow-copy=true:use-listener=false set drafts can add new items" name="base functionality - auto-freeze=false:shallow-copy=true:use-listener=false set drafts can add new items" time="0.003">
    </testcase>
    <testcase classname="base functionality - auto-freeze=false:shallow-copy=true:use-listener=false set drafts returns &apos;size&apos;" name="base functionality - auto-freeze=false:shallow-copy=true:use-listener=false set drafts returns &apos;size&apos;" time="0.004">
    </testcase>
    <testcase classname="base functionality - auto-freeze=false:shallow-copy=true:use-listener=false set drafts can use &apos;delete&apos; to remove items" name="base functionality - auto-freeze=false:shallow-copy=true:use-listener=false set drafts can use &apos;delete&apos; to remove items" time="0.004">
    </testcase>
    <testcase classname="base functionality - auto-freeze=false:shallow-copy=true:use-listener=false set drafts can use &apos;clear&apos; to remove items" name="base functionality - auto-freeze=false:shallow-copy=true:use-listener=false set drafts can use &apos;clear&apos; to remove items" time="0.002">
    </testcase>
    <testcase classname="base functionality - auto-freeze=false:shallow-copy=true:use-listener=false set drafts supports &apos;has&apos;" name="base functionality - auto-freeze=false:shallow-copy=true:use-listener=false set drafts supports &apos;has&apos;" time="0.007">
    </testcase>
    <testcase classname="base functionality - auto-freeze=false:shallow-copy=true:use-listener=false set drafts supports nested sets" name="base functionality - auto-freeze=false:shallow-copy=true:use-listener=false set drafts supports nested sets" time="0.003">
    </testcase>
    <testcase classname="base functionality - auto-freeze=false:shallow-copy=true:use-listener=false set drafts supports has / delete on elements from the original" name="base functionality - auto-freeze=false:shallow-copy=true:use-listener=false set drafts supports has / delete on elements from the original" time="0.005">
    </testcase>
    <testcase classname="base functionality - auto-freeze=false:shallow-copy=true:use-listener=false set drafts revokes sets" name="base functionality - auto-freeze=false:shallow-copy=true:use-listener=false set drafts revokes sets" time="0.005">
    </testcase>
    <testcase classname="base functionality - auto-freeze=false:shallow-copy=true:use-listener=false set drafts does support instanceof Set" name="base functionality - auto-freeze=false:shallow-copy=true:use-listener=false set drafts does support instanceof Set" time="0.002">
    </testcase>
    <testcase classname="base functionality - auto-freeze=false:shallow-copy=true:use-listener=false supports `immerable` symbol on constructor" name="base functionality - auto-freeze=false:shallow-copy=true:use-listener=false supports `immerable` symbol on constructor" time="0.002">
    </testcase>
    <testcase classname="base functionality - auto-freeze=false:shallow-copy=true:use-listener=false preserves symbol properties" name="base functionality - auto-freeze=false:shallow-copy=true:use-listener=false preserves symbol properties" time="0.004">
    </testcase>
    <testcase classname="base functionality - auto-freeze=false:shallow-copy=true:use-listener=false preserves non-enumerable properties" name="base functionality - auto-freeze=false:shallow-copy=true:use-listener=false preserves non-enumerable properties" time="0.003">
    </testcase>
    <testcase classname="base functionality - auto-freeze=false:shallow-copy=true:use-listener=false can work with own computed props" name="base functionality - auto-freeze=false:shallow-copy=true:use-listener=false can work with own computed props" time="0.006">
    </testcase>
    <testcase classname="base functionality - auto-freeze=false:shallow-copy=true:use-listener=false can work with class with computed props" name="base functionality - auto-freeze=false:shallow-copy=true:use-listener=false can work with class with computed props" time="0.005">
    </testcase>
    <testcase classname="base functionality - auto-freeze=false:shallow-copy=true:use-listener=false allows inherited computed properties" name="base functionality - auto-freeze=false:shallow-copy=true:use-listener=false allows inherited computed properties" time="0.003">
    </testcase>
    <testcase classname="base functionality - auto-freeze=false:shallow-copy=true:use-listener=false optimization: does not visit properties of new data structures if autofreeze is disabled and no drafts are unfinalized" name="base functionality - auto-freeze=false:shallow-copy=true:use-listener=false optimization: does not visit properties of new data structures if autofreeze is disabled and no drafts are unfinalized" time="0.002">
    </testcase>
    <testcase classname="base functionality - auto-freeze=false:shallow-copy=true:use-listener=false same optimization doesn&apos;t cause draft from nested producers to be unfinished" name="base functionality - auto-freeze=false:shallow-copy=true:use-listener=false same optimization doesn&apos;t cause draft from nested producers to be unfinished" time="0.003">
    </testcase>
    <testcase classname="base functionality - auto-freeze=false:shallow-copy=true:use-listener=false supports a base state with multiple references to an object" name="base functionality - auto-freeze=false:shallow-copy=true:use-listener=false supports a base state with multiple references to an object" time="0.004">
    </testcase>
    <testcase classname="base functionality - auto-freeze=false:shallow-copy=true:use-listener=false supports multiple references to any modified draft" name="base functionality - auto-freeze=false:shallow-copy=true:use-listener=false supports multiple references to any modified draft" time="0.003">
    </testcase>
    <testcase classname="base functionality - auto-freeze=false:shallow-copy=true:use-listener=false can rename nested objects (no changes)" name="base functionality - auto-freeze=false:shallow-copy=true:use-listener=false can rename nested objects (no changes)" time="0.004">
    </testcase>
    <testcase classname="base functionality - auto-freeze=false:shallow-copy=true:use-listener=false can rename nested objects (with changes)" name="base functionality - auto-freeze=false:shallow-copy=true:use-listener=false can rename nested objects (with changes)" time="0.003">
    </testcase>
    <testcase classname="base functionality - auto-freeze=false:shallow-copy=true:use-listener=false can nest a draft in a new object (no changes)" name="base functionality - auto-freeze=false:shallow-copy=true:use-listener=false can nest a draft in a new object (no changes)" time="0.002">
    </testcase>
    <testcase classname="base functionality - auto-freeze=false:shallow-copy=true:use-listener=false can nest a modified draft in a new object" name="base functionality - auto-freeze=false:shallow-copy=true:use-listener=false can nest a modified draft in a new object" time="0.002">
    </testcase>
    <testcase classname="base functionality - auto-freeze=false:shallow-copy=true:use-listener=false supports assigning undefined to an existing property" name="base functionality - auto-freeze=false:shallow-copy=true:use-listener=false supports assigning undefined to an existing property" time="0.002">
    </testcase>
    <testcase classname="base functionality - auto-freeze=false:shallow-copy=true:use-listener=false supports assigning undefined to a new property" name="base functionality - auto-freeze=false:shallow-copy=true:use-listener=false supports assigning undefined to a new property" time="0.002">
    </testcase>
    <testcase classname="base functionality - auto-freeze=false:shallow-copy=true:use-listener=false revokes the draft once produce returns" name="base functionality - auto-freeze=false:shallow-copy=true:use-listener=false revokes the draft once produce returns" time="0.008">
    </testcase>
    <testcase classname="base functionality - auto-freeze=false:shallow-copy=true:use-listener=false can access a child draft that was created before the draft was modified" name="base functionality - auto-freeze=false:shallow-copy=true:use-listener=false can access a child draft that was created before the draft was modified" time="0.002">
    </testcase>
    <testcase classname="base functionality - auto-freeze=false:shallow-copy=true:use-listener=false should reflect all changes made in the draft immediately" name="base functionality - auto-freeze=false:shallow-copy=true:use-listener=false should reflect all changes made in the draft immediately" time="0.003">
    </testcase>
    <testcase classname="base functionality - auto-freeze=false:shallow-copy=true:use-listener=false throws when Object.defineProperty() is used on drafts" name="base functionality - auto-freeze=false:shallow-copy=true:use-listener=false throws when Object.defineProperty() is used on drafts" time="0.002">
    </testcase>
    <testcase classname="base functionality - auto-freeze=false:shallow-copy=true:use-listener=false should handle constructor correctly" name="base functionality - auto-freeze=false:shallow-copy=true:use-listener=false should handle constructor correctly" time="0.001">
    </testcase>
    <testcase classname="base functionality - auto-freeze=false:shallow-copy=true:use-listener=false should handle equality correctly - 1" name="base functionality - auto-freeze=false:shallow-copy=true:use-listener=false should handle equality correctly - 1" time="0.002">
    </testcase>
    <testcase classname="base functionality - auto-freeze=false:shallow-copy=true:use-listener=false should handle equality correctly - 2" name="base functionality - auto-freeze=false:shallow-copy=true:use-listener=false should handle equality correctly - 2" time="0.004">
    </testcase>
    <testcase classname="base functionality - auto-freeze=false:shallow-copy=true:use-listener=false should handle equality correctly - 3" name="base functionality - auto-freeze=false:shallow-copy=true:use-listener=false should handle equality correctly - 3" time="0.001">
    </testcase>
    <testcase classname="base functionality - auto-freeze=false:shallow-copy=true:use-listener=false nested producers when base state is not a draft never affects its parent producer implicitly" name="base functionality - auto-freeze=false:shallow-copy=true:use-listener=false nested producers when base state is not a draft never affects its parent producer implicitly" time="0.002">
    </testcase>
    <testcase classname="base functionality - auto-freeze=false:shallow-copy=true:use-listener=false nested producers when base state is a draft always wraps the draft in a new draft" name="base functionality - auto-freeze=false:shallow-copy=true:use-listener=false nested producers when base state is a draft always wraps the draft in a new draft" time="0.002">
    </testcase>
    <testcase classname="base functionality - auto-freeze=false:shallow-copy=true:use-listener=false nested producers when base state is a draft ensures each property is drafted" name="base functionality - auto-freeze=false:shallow-copy=true:use-listener=false nested producers when base state is a draft ensures each property is drafted" time="0.002">
    </testcase>
    <testcase classname="base functionality - auto-freeze=false:shallow-copy=true:use-listener=false nested producers when base state is a draft preserves any pending changes" name="base functionality - auto-freeze=false:shallow-copy=true:use-listener=false nested producers when base state is a draft preserves any pending changes" time="0.003">
    </testcase>
    <testcase classname="base functionality - auto-freeze=false:shallow-copy=true:use-listener=false nested producers when base state contains a draft wraps unowned draft with its own draft" name="base functionality - auto-freeze=false:shallow-copy=true:use-listener=false nested producers when base state contains a draft wraps unowned draft with its own draft" time="0.004">
    </testcase>
    <testcase classname="base functionality - auto-freeze=false:shallow-copy=true:use-listener=false nested producers when base state contains a draft returns unowned draft if no changes were made" name="base functionality - auto-freeze=false:shallow-copy=true:use-listener=false nested producers when base state contains a draft returns unowned draft if no changes were made" time="0.003">
    </testcase>
    <testcase classname="base functionality - auto-freeze=false:shallow-copy=true:use-listener=false nested producers when base state contains a draft clones the unowned draft when changes are made" name="base functionality - auto-freeze=false:shallow-copy=true:use-listener=false nested producers when base state contains a draft clones the unowned draft when changes are made" time="0.004">
    </testcase>
    <testcase classname="base functionality - auto-freeze=false:shallow-copy=true:use-listener=false nested producers when base state contains a draft never auto-freezes the result" name="base functionality - auto-freeze=false:shallow-copy=true:use-listener=false nested producers when base state contains a draft never auto-freezes the result" time="0.003">
    </testcase>
    <testcase classname="base functionality - auto-freeze=false:shallow-copy=true:use-listener=false nested producers does not finalize upvalue drafts" name="base functionality - auto-freeze=false:shallow-copy=true:use-listener=false nested producers does not finalize upvalue drafts" time="0.011">
    </testcase>
    <testcase classname="base functionality - auto-freeze=false:shallow-copy=true:use-listener=false nested producers works with interweaved Immer instances" name="base functionality - auto-freeze=false:shallow-copy=true:use-listener=false nested producers works with interweaved Immer instances" time="0.001">
    </testcase>
    <testcase classname="base functionality - auto-freeze=false:shallow-copy=true:use-listener=false throws when Object.setPrototypeOf() is used on a draft" name="base functionality - auto-freeze=false:shallow-copy=true:use-listener=false throws when Object.setPrototypeOf() is used on a draft" time="0.002">
    </testcase>
    <testcase classname="base functionality - auto-freeze=false:shallow-copy=true:use-listener=false supports the &apos;in&apos; operator" name="base functionality - auto-freeze=false:shallow-copy=true:use-listener=false supports the &apos;in&apos; operator" time="0.005">
    </testcase>
    <testcase classname="base functionality - auto-freeze=false:shallow-copy=true:use-listener=false &apos;this&apos; should not be bound anymore - 1" name="base functionality - auto-freeze=false:shallow-copy=true:use-listener=false &apos;this&apos; should not be bound anymore - 1" time="0.002">
    </testcase>
    <testcase classname="base functionality - auto-freeze=false:shallow-copy=true:use-listener=false &apos;this&apos; should not be bound anymore - 2" name="base functionality - auto-freeze=false:shallow-copy=true:use-listener=false &apos;this&apos; should not be bound anymore - 2" time="0.002">
    </testcase>
    <testcase classname="base functionality - auto-freeze=false:shallow-copy=true:use-listener=false should be possible to use dynamic bound this" name="base functionality - auto-freeze=false:shallow-copy=true:use-listener=false should be possible to use dynamic bound this" time="0.001">
    </testcase>
    <testcase classname="base functionality - auto-freeze=false:shallow-copy=true:use-listener=false doesnt recurse into frozen structures if external data is frozen" name="base functionality - auto-freeze=false:shallow-copy=true:use-listener=false doesnt recurse into frozen structures if external data is frozen" time="0.002">
    </testcase>
    <testcase classname="base functionality - auto-freeze=false:shallow-copy=true:use-listener=false supports the spread operator" name="base functionality - auto-freeze=false:shallow-copy=true:use-listener=false supports the spread operator" time="0.002">
    </testcase>
    <testcase classname="base functionality - auto-freeze=false:shallow-copy=true:use-listener=false processes with lodash.set" name="base functionality - auto-freeze=false:shallow-copy=true:use-listener=false processes with lodash.set" time="0.004">
    </testcase>
    <testcase classname="base functionality - auto-freeze=false:shallow-copy=true:use-listener=false processes with lodash.find" name="base functionality - auto-freeze=false:shallow-copy=true:use-listener=false processes with lodash.find" time="0.005">
    </testcase>
    <testcase classname="base functionality - auto-freeze=false:shallow-copy=true:use-listener=false does not draft external data" name="base functionality - auto-freeze=false:shallow-copy=true:use-listener=false does not draft external data" time="0.003">
    </testcase>
    <testcase classname="base functionality - auto-freeze=false:shallow-copy=true:use-listener=false does not create new state unnecessary, #491" name="base functionality - auto-freeze=false:shallow-copy=true:use-listener=false does not create new state unnecessary, #491" time="0.002">
    </testcase>
    <testcase classname="base functionality - auto-freeze=false:shallow-copy=true:use-listener=false recipe functions can return a new object" name="base functionality - auto-freeze=false:shallow-copy=true:use-listener=false recipe functions can return a new object" time="0.006">
    </testcase>
    <testcase classname="base functionality - auto-freeze=false:shallow-copy=true:use-listener=false recipe functions can return the draft" name="base functionality - auto-freeze=false:shallow-copy=true:use-listener=false recipe functions can return the draft" time="0.004">
    </testcase>
    <testcase classname="base functionality - auto-freeze=false:shallow-copy=true:use-listener=false recipe functions can return an unmodified child draft" name="base functionality - auto-freeze=false:shallow-copy=true:use-listener=false recipe functions can return an unmodified child draft" time="0.002">
    </testcase>
    <testcase classname="base functionality - auto-freeze=false:shallow-copy=true:use-listener=false recipe functions cannot return a modified child draft" name="base functionality - auto-freeze=false:shallow-copy=true:use-listener=false recipe functions cannot return a modified child draft" time="0.001">
    </testcase>
    <testcase classname="base functionality - auto-freeze=false:shallow-copy=true:use-listener=false recipe functions can return a frozen object" name="base functionality - auto-freeze=false:shallow-copy=true:use-listener=false recipe functions can return a frozen object" time="0.003">
    </testcase>
    <testcase classname="base functionality - auto-freeze=false:shallow-copy=true:use-listener=false recipe functions can return an object with two references to another object" name="base functionality - auto-freeze=false:shallow-copy=true:use-listener=false recipe functions can return an object with two references to another object" time="0.002">
    </testcase>
    <testcase classname="base functionality - auto-freeze=false:shallow-copy=true:use-listener=false recipe functions can return an object with two references to an unmodified draft" name="base functionality - auto-freeze=false:shallow-copy=true:use-listener=false recipe functions can return an object with two references to an unmodified draft" time="0.003">
    </testcase>
    <testcase classname="base functionality - auto-freeze=false:shallow-copy=true:use-listener=false recipe functions cannot return an object that references itself" name="base functionality - auto-freeze=false:shallow-copy=true:use-listener=false recipe functions cannot return an object that references itself" time="0.011">
    </testcase>
    <testcase classname="base functionality - auto-freeze=false:shallow-copy=true:use-listener=false throws when the draft is modified and another object is returned" name="base functionality - auto-freeze=false:shallow-copy=true:use-listener=false throws when the draft is modified and another object is returned" time="0.001">
    </testcase>
    <testcase classname="base functionality - auto-freeze=false:shallow-copy=true:use-listener=false should fix #117 - 1" name="base functionality - auto-freeze=false:shallow-copy=true:use-listener=false should fix #117 - 1" time="0.003">
    </testcase>
    <testcase classname="base functionality - auto-freeze=false:shallow-copy=true:use-listener=false should fix #117 - 2" name="base functionality - auto-freeze=false:shallow-copy=true:use-listener=false should fix #117 - 2" time="0.003">
    </testcase>
    <testcase classname="base functionality - auto-freeze=false:shallow-copy=true:use-listener=false cannot always detect noop assignments - 0" name="base functionality - auto-freeze=false:shallow-copy=true:use-listener=false cannot always detect noop assignments - 0" time="0.001">
    </testcase>
    <testcase classname="base functionality - auto-freeze=false:shallow-copy=true:use-listener=false cannot always detect noop assignments - 1" name="base functionality - auto-freeze=false:shallow-copy=true:use-listener=false cannot always detect noop assignments - 1" time="0.001">
    </testcase>
    <testcase classname="base functionality - auto-freeze=false:shallow-copy=true:use-listener=false cannot always detect noop assignments - 2" name="base functionality - auto-freeze=false:shallow-copy=true:use-listener=false cannot always detect noop assignments - 2" time="0.001">
    </testcase>
    <testcase classname="base functionality - auto-freeze=false:shallow-copy=true:use-listener=false cannot always detect noop assignments - 3" name="base functionality - auto-freeze=false:shallow-copy=true:use-listener=false cannot always detect noop assignments - 3" time="0.002">
    </testcase>
    <testcase classname="base functionality - auto-freeze=false:shallow-copy=true:use-listener=false cannot always detect noop assignments - 4" name="base functionality - auto-freeze=false:shallow-copy=true:use-listener=false cannot always detect noop assignments - 4" time="0.001">
    </testcase>
    <testcase classname="base functionality - auto-freeze=false:shallow-copy=true:use-listener=false cannot always detect noop assignments - 4" name="base functionality - auto-freeze=false:shallow-copy=true:use-listener=false cannot always detect noop assignments - 4" time="0.002">
    </testcase>
    <testcase classname="base functionality - auto-freeze=false:shallow-copy=true:use-listener=false cannot produce undefined by returning undefined" name="base functionality - auto-freeze=false:shallow-copy=true:use-listener=false cannot produce undefined by returning undefined" time="0.006">
    </testcase>
    <testcase classname="base functionality - auto-freeze=false:shallow-copy=true:use-listener=false base state type empty object creates a draft" name="base functionality - auto-freeze=false:shallow-copy=true:use-listener=false base state type empty object creates a draft" time="0.002">
    </testcase>
    <testcase classname="base functionality - auto-freeze=false:shallow-copy=true:use-listener=false base state type empty object preserves the prototype" name="base functionality - auto-freeze=false:shallow-copy=true:use-listener=false base state type empty object preserves the prototype" time="0.001">
    </testcase>
    <testcase classname="base functionality - auto-freeze=false:shallow-copy=true:use-listener=false base state type empty object returns the base state when no changes are made" name="base functionality - auto-freeze=false:shallow-copy=true:use-listener=false base state type empty object returns the base state when no changes are made" time="0.002">
    </testcase>
    <testcase classname="base functionality - auto-freeze=false:shallow-copy=true:use-listener=false base state type empty object returns a copy when changes are made" name="base functionality - auto-freeze=false:shallow-copy=true:use-listener=false base state type empty object returns a copy when changes are made" time="0.002">
    </testcase>
    <testcase classname="base functionality - auto-freeze=false:shallow-copy=true:use-listener=false base state type empty object (frozen) creates a draft" name="base functionality - auto-freeze=false:shallow-copy=true:use-listener=false base state type empty object (frozen) creates a draft" time="0.002">
    </testcase>
    <testcase classname="base functionality - auto-freeze=false:shallow-copy=true:use-listener=false base state type empty object (frozen) preserves the prototype" name="base functionality - auto-freeze=false:shallow-copy=true:use-listener=false base state type empty object (frozen) preserves the prototype" time="0.002">
    </testcase>
    <testcase classname="base functionality - auto-freeze=false:shallow-copy=true:use-listener=false base state type empty object (frozen) returns the base state when no changes are made" name="base functionality - auto-freeze=false:shallow-copy=true:use-listener=false base state type empty object (frozen) returns the base state when no changes are made" time="0.001">
    </testcase>
    <testcase classname="base functionality - auto-freeze=false:shallow-copy=true:use-listener=false base state type empty object (frozen) returns a copy when changes are made" name="base functionality - auto-freeze=false:shallow-copy=true:use-listener=false base state type empty object (frozen) returns a copy when changes are made" time="0.004">
    </testcase>
    <testcase classname="base functionality - auto-freeze=false:shallow-copy=true:use-listener=false base state type plain object creates a draft" name="base functionality - auto-freeze=false:shallow-copy=true:use-listener=false base state type plain object creates a draft" time="0.003">
    </testcase>
    <testcase classname="base functionality - auto-freeze=false:shallow-copy=true:use-listener=false base state type plain object preserves the prototype" name="base functionality - auto-freeze=false:shallow-copy=true:use-listener=false base state type plain object preserves the prototype" time="0.002">
    </testcase>
    <testcase classname="base functionality - auto-freeze=false:shallow-copy=true:use-listener=false base state type plain object returns the base state when no changes are made" name="base functionality - auto-freeze=false:shallow-copy=true:use-listener=false base state type plain object returns the base state when no changes are made" time="0.001">
    </testcase>
    <testcase classname="base functionality - auto-freeze=false:shallow-copy=true:use-listener=false base state type plain object returns a copy when changes are made" name="base functionality - auto-freeze=false:shallow-copy=true:use-listener=false base state type plain object returns a copy when changes are made" time="0.002">
    </testcase>
    <testcase classname="base functionality - auto-freeze=false:shallow-copy=true:use-listener=false base state type plain object (frozen) creates a draft" name="base functionality - auto-freeze=false:shallow-copy=true:use-listener=false base state type plain object (frozen) creates a draft" time="0.002">
    </testcase>
    <testcase classname="base functionality - auto-freeze=false:shallow-copy=true:use-listener=false base state type plain object (frozen) preserves the prototype" name="base functionality - auto-freeze=false:shallow-copy=true:use-listener=false base state type plain object (frozen) preserves the prototype" time="0.001">
    </testcase>
    <testcase classname="base functionality - auto-freeze=false:shallow-copy=true:use-listener=false base state type plain object (frozen) returns the base state when no changes are made" name="base functionality - auto-freeze=false:shallow-copy=true:use-listener=false base state type plain object (frozen) returns the base state when no changes are made" time="0.003">
    </testcase>
    <testcase classname="base functionality - auto-freeze=false:shallow-copy=true:use-listener=false base state type plain object (frozen) returns a copy when changes are made" name="base functionality - auto-freeze=false:shallow-copy=true:use-listener=false base state type plain object (frozen) returns a copy when changes are made" time="0.003">
    </testcase>
    <testcase classname="base functionality - auto-freeze=false:shallow-copy=true:use-listener=false base state type empty array creates a draft" name="base functionality - auto-freeze=false:shallow-copy=true:use-listener=false base state type empty array creates a draft" time="0.002">
    </testcase>
    <testcase classname="base functionality - auto-freeze=false:shallow-copy=true:use-listener=false base state type empty array preserves the prototype" name="base functionality - auto-freeze=false:shallow-copy=true:use-listener=false base state type empty array preserves the prototype" time="0.001">
    </testcase>
    <testcase classname="base functionality - auto-freeze=false:shallow-copy=true:use-listener=false base state type empty array returns the base state when no changes are made" name="base functionality - auto-freeze=false:shallow-copy=true:use-listener=false base state type empty array returns the base state when no changes are made" time="0.002">
    </testcase>
    <testcase classname="base functionality - auto-freeze=false:shallow-copy=true:use-listener=false base state type empty array returns a copy when changes are made" name="base functionality - auto-freeze=false:shallow-copy=true:use-listener=false base state type empty array returns a copy when changes are made" time="0.002">
    </testcase>
    <testcase classname="base functionality - auto-freeze=false:shallow-copy=true:use-listener=false base state type empty array (frozen) creates a draft" name="base functionality - auto-freeze=false:shallow-copy=true:use-listener=false base state type empty array (frozen) creates a draft" time="0.002">
    </testcase>
    <testcase classname="base functionality - auto-freeze=false:shallow-copy=true:use-listener=false base state type empty array (frozen) preserves the prototype" name="base functionality - auto-freeze=false:shallow-copy=true:use-listener=false base state type empty array (frozen) preserves the prototype" time="0.003">
    </testcase>
    <testcase classname="base functionality - auto-freeze=false:shallow-copy=true:use-listener=false base state type empty array (frozen) returns the base state when no changes are made" name="base functionality - auto-freeze=false:shallow-copy=true:use-listener=false base state type empty array (frozen) returns the base state when no changes are made" time="0.002">
    </testcase>
    <testcase classname="base functionality - auto-freeze=false:shallow-copy=true:use-listener=false base state type empty array (frozen) returns a copy when changes are made" name="base functionality - auto-freeze=false:shallow-copy=true:use-listener=false base state type empty array (frozen) returns a copy when changes are made" time="0.002">
    </testcase>
    <testcase classname="base functionality - auto-freeze=false:shallow-copy=true:use-listener=false base state type plain array creates a draft" name="base functionality - auto-freeze=false:shallow-copy=true:use-listener=false base state type plain array creates a draft" time="0.003">
    </testcase>
    <testcase classname="base functionality - auto-freeze=false:shallow-copy=true:use-listener=false base state type plain array preserves the prototype" name="base functionality - auto-freeze=false:shallow-copy=true:use-listener=false base state type plain array preserves the prototype" time="0.001">
    </testcase>
    <testcase classname="base functionality - auto-freeze=false:shallow-copy=true:use-listener=false base state type plain array returns the base state when no changes are made" name="base functionality - auto-freeze=false:shallow-copy=true:use-listener=false base state type plain array returns the base state when no changes are made" time="0.002">
    </testcase>
    <testcase classname="base functionality - auto-freeze=false:shallow-copy=true:use-listener=false base state type plain array returns a copy when changes are made" name="base functionality - auto-freeze=false:shallow-copy=true:use-listener=false base state type plain array returns a copy when changes are made" time="0.002">
    </testcase>
    <testcase classname="base functionality - auto-freeze=false:shallow-copy=true:use-listener=false base state type plain array (frozen) creates a draft" name="base functionality - auto-freeze=false:shallow-copy=true:use-listener=false base state type plain array (frozen) creates a draft" time="0.001">
    </testcase>
    <testcase classname="base functionality - auto-freeze=false:shallow-copy=true:use-listener=false base state type plain array (frozen) preserves the prototype" name="base functionality - auto-freeze=false:shallow-copy=true:use-listener=false base state type plain array (frozen) preserves the prototype" time="0.002">
    </testcase>
    <testcase classname="base functionality - auto-freeze=false:shallow-copy=true:use-listener=false base state type plain array (frozen) returns the base state when no changes are made" name="base functionality - auto-freeze=false:shallow-copy=true:use-listener=false base state type plain array (frozen) returns the base state when no changes are made" time="0.002">
    </testcase>
    <testcase classname="base functionality - auto-freeze=false:shallow-copy=true:use-listener=false base state type plain array (frozen) returns a copy when changes are made" name="base functionality - auto-freeze=false:shallow-copy=true:use-listener=false base state type plain array (frozen) returns a copy when changes are made" time="0.002">
    </testcase>
    <testcase classname="base functionality - auto-freeze=false:shallow-copy=true:use-listener=false base state type class instance (draftable) creates a draft" name="base functionality - auto-freeze=false:shallow-copy=true:use-listener=false base state type class instance (draftable) creates a draft" time="0.002">
    </testcase>
    <testcase classname="base functionality - auto-freeze=false:shallow-copy=true:use-listener=false base state type class instance (draftable) preserves the prototype" name="base functionality - auto-freeze=false:shallow-copy=true:use-listener=false base state type class instance (draftable) preserves the prototype" time="0.001">
    </testcase>
    <testcase classname="base functionality - auto-freeze=false:shallow-copy=true:use-listener=false base state type class instance (draftable) returns the base state when no changes are made" name="base functionality - auto-freeze=false:shallow-copy=true:use-listener=false base state type class instance (draftable) returns the base state when no changes are made" time="0.002">
    </testcase>
    <testcase classname="base functionality - auto-freeze=false:shallow-copy=true:use-listener=false base state type class instance (draftable) returns a copy when changes are made" name="base functionality - auto-freeze=false:shallow-copy=true:use-listener=false base state type class instance (draftable) returns a copy when changes are made" time="0.002">
    </testcase>
    <testcase classname="base functionality - auto-freeze=false:shallow-copy=true:use-listener=false base state type class instance (draftable) (frozen) creates a draft" name="base functionality - auto-freeze=false:shallow-copy=true:use-listener=false base state type class instance (draftable) (frozen) creates a draft" time="0.002">
    </testcase>
    <testcase classname="base functionality - auto-freeze=false:shallow-copy=true:use-listener=false base state type class instance (draftable) (frozen) preserves the prototype" name="base functionality - auto-freeze=false:shallow-copy=true:use-listener=false base state type class instance (draftable) (frozen) preserves the prototype" time="0.004">
    </testcase>
    <testcase classname="base functionality - auto-freeze=false:shallow-copy=true:use-listener=false base state type class instance (draftable) (frozen) returns the base state when no changes are made" name="base functionality - auto-freeze=false:shallow-copy=true:use-listener=false base state type class instance (draftable) (frozen) returns the base state when no changes are made" time="0.003">
    </testcase>
    <testcase classname="base functionality - auto-freeze=false:shallow-copy=true:use-listener=false base state type class instance (draftable) (frozen) returns a copy when changes are made" name="base functionality - auto-freeze=false:shallow-copy=true:use-listener=false base state type class instance (draftable) (frozen) returns a copy when changes are made" time="0.004">
    </testcase>
    <testcase classname="base functionality - auto-freeze=false:shallow-copy=true:use-listener=false base state type class with getters should use a method to assing a field using a getter that return a non primitive object" name="base functionality - auto-freeze=false:shallow-copy=true:use-listener=false base state type class with getters should use a method to assing a field using a getter that return a non primitive object" time="0.003">
    </testcase>
    <testcase classname="base functionality - auto-freeze=false:shallow-copy=true:use-listener=false base state type super class with getters should use a method to assing a field using a getter that return a non primitive object" name="base functionality - auto-freeze=false:shallow-copy=true:use-listener=false base state type super class with getters should use a method to assing a field using a getter that return a non primitive object" time="0.003">
    </testcase>
    <testcase classname="base functionality - auto-freeze=false:shallow-copy=true:use-listener=false base state type class with setters should define a field with a setter" name="base functionality - auto-freeze=false:shallow-copy=true:use-listener=false base state type class with setters should define a field with a setter" time="0.004">
    </testcase>
    <testcase classname="base functionality - auto-freeze=false:shallow-copy=true:use-listener=false base state type falsy number does not create a draft" name="base functionality - auto-freeze=false:shallow-copy=true:use-listener=false base state type falsy number does not create a draft" time="0.002">
    </testcase>
    <testcase classname="base functionality - auto-freeze=false:shallow-copy=true:use-listener=false base state type falsy number returns the base state when no changes are made" name="base functionality - auto-freeze=false:shallow-copy=true:use-listener=false base state type falsy number returns the base state when no changes are made" time="0.002">
    </testcase>
    <testcase classname="base functionality - auto-freeze=false:shallow-copy=true:use-listener=false base state type truthy number does not create a draft" name="base functionality - auto-freeze=false:shallow-copy=true:use-listener=false base state type truthy number does not create a draft" time="0.002">
    </testcase>
    <testcase classname="base functionality - auto-freeze=false:shallow-copy=true:use-listener=false base state type truthy number returns the base state when no changes are made" name="base functionality - auto-freeze=false:shallow-copy=true:use-listener=false base state type truthy number returns the base state when no changes are made" time="0.001">
    </testcase>
    <testcase classname="base functionality - auto-freeze=false:shallow-copy=true:use-listener=false base state type negative number does not create a draft" name="base functionality - auto-freeze=false:shallow-copy=true:use-listener=false base state type negative number does not create a draft" time="0.001">
    </testcase>
    <testcase classname="base functionality - auto-freeze=false:shallow-copy=true:use-listener=false base state type negative number returns the base state when no changes are made" name="base functionality - auto-freeze=false:shallow-copy=true:use-listener=false base state type negative number returns the base state when no changes are made" time="0.003">
    </testcase>
    <testcase classname="base functionality - auto-freeze=false:shallow-copy=true:use-listener=false base state type NaN does not create a draft" name="base functionality - auto-freeze=false:shallow-copy=true:use-listener=false base state type NaN does not create a draft" time="0.003">
    </testcase>
    <testcase classname="base functionality - auto-freeze=false:shallow-copy=true:use-listener=false base state type NaN returns the base state when no changes are made" name="base functionality - auto-freeze=false:shallow-copy=true:use-listener=false base state type NaN returns the base state when no changes are made" time="0.002">
    </testcase>
    <testcase classname="base functionality - auto-freeze=false:shallow-copy=true:use-listener=false base state type infinity does not create a draft" name="base functionality - auto-freeze=false:shallow-copy=true:use-listener=false base state type infinity does not create a draft" time="0.002">
    </testcase>
    <testcase classname="base functionality - auto-freeze=false:shallow-copy=true:use-listener=false base state type infinity returns the base state when no changes are made" name="base functionality - auto-freeze=false:shallow-copy=true:use-listener=false base state type infinity returns the base state when no changes are made" time="0.002">
    </testcase>
    <testcase classname="base functionality - auto-freeze=false:shallow-copy=true:use-listener=false base state type true does not create a draft" name="base functionality - auto-freeze=false:shallow-copy=true:use-listener=false base state type true does not create a draft" time="0.003">
    </testcase>
    <testcase classname="base functionality - auto-freeze=false:shallow-copy=true:use-listener=false base state type true returns the base state when no changes are made" name="base functionality - auto-freeze=false:shallow-copy=true:use-listener=false base state type true returns the base state when no changes are made" time="0.006">
    </testcase>
    <testcase classname="base functionality - auto-freeze=false:shallow-copy=true:use-listener=false base state type false does not create a draft" name="base functionality - auto-freeze=false:shallow-copy=true:use-listener=false base state type false does not create a draft" time="0.003">
    </testcase>
    <testcase classname="base functionality - auto-freeze=false:shallow-copy=true:use-listener=false base state type false returns the base state when no changes are made" name="base functionality - auto-freeze=false:shallow-copy=true:use-listener=false base state type false returns the base state when no changes are made" time="0.003">
    </testcase>
    <testcase classname="base functionality - auto-freeze=false:shallow-copy=true:use-listener=false base state type empty string does not create a draft" name="base functionality - auto-freeze=false:shallow-copy=true:use-listener=false base state type empty string does not create a draft" time="0.002">
    </testcase>
    <testcase classname="base functionality - auto-freeze=false:shallow-copy=true:use-listener=false base state type empty string returns the base state when no changes are made" name="base functionality - auto-freeze=false:shallow-copy=true:use-listener=false base state type empty string returns the base state when no changes are made" time="0.003">
    </testcase>
    <testcase classname="base functionality - auto-freeze=false:shallow-copy=true:use-listener=false base state type truthy string does not create a draft" name="base functionality - auto-freeze=false:shallow-copy=true:use-listener=false base state type truthy string does not create a draft" time="0.002">
    </testcase>
    <testcase classname="base functionality - auto-freeze=false:shallow-copy=true:use-listener=false base state type truthy string returns the base state when no changes are made" name="base functionality - auto-freeze=false:shallow-copy=true:use-listener=false base state type truthy string returns the base state when no changes are made" time="0.002">
    </testcase>
    <testcase classname="base functionality - auto-freeze=false:shallow-copy=true:use-listener=false base state type null does not create a draft" name="base functionality - auto-freeze=false:shallow-copy=true:use-listener=false base state type null does not create a draft" time="0.002">
    </testcase>
    <testcase classname="base functionality - auto-freeze=false:shallow-copy=true:use-listener=false base state type null returns the base state when no changes are made" name="base functionality - auto-freeze=false:shallow-copy=true:use-listener=false base state type null returns the base state when no changes are made" time="0.002">
    </testcase>
    <testcase classname="base functionality - auto-freeze=false:shallow-copy=true:use-listener=false base state type undefined does not create a draft" name="base functionality - auto-freeze=false:shallow-copy=true:use-listener=false base state type undefined does not create a draft" time="0.003">
    </testcase>
    <testcase classname="base functionality - auto-freeze=false:shallow-copy=true:use-listener=false base state type undefined returns the base state when no changes are made" name="base functionality - auto-freeze=false:shallow-copy=true:use-listener=false base state type undefined returns the base state when no changes are made" time="0.002">
    </testcase>
    <testcase classname="base functionality - auto-freeze=false:shallow-copy=true:use-listener=false base state type function does not create a draft" name="base functionality - auto-freeze=false:shallow-copy=true:use-listener=false base state type function does not create a draft" time="0.006">
    </testcase>
    <testcase classname="base functionality - auto-freeze=false:shallow-copy=true:use-listener=false base state type function returns the base state when no changes are made" name="base functionality - auto-freeze=false:shallow-copy=true:use-listener=false base state type function returns the base state when no changes are made" time="0.003">
    </testcase>
    <testcase classname="base functionality - auto-freeze=false:shallow-copy=true:use-listener=false base state type regexp object does not return a copy when changes are made" name="base functionality - auto-freeze=false:shallow-copy=true:use-listener=false base state type regexp object does not return a copy when changes are made" time="0.003">
    </testcase>
    <testcase classname="base functionality - auto-freeze=false:shallow-copy=true:use-listener=false base state type boxed number does not return a copy when changes are made" name="base functionality - auto-freeze=false:shallow-copy=true:use-listener=false base state type boxed number does not return a copy when changes are made" time="0.003">
    </testcase>
    <testcase classname="base functionality - auto-freeze=false:shallow-copy=true:use-listener=false base state type boxed string does not return a copy when changes are made" name="base functionality - auto-freeze=false:shallow-copy=true:use-listener=false base state type boxed string does not return a copy when changes are made" time="0.007">
    </testcase>
    <testcase classname="base functionality - auto-freeze=false:shallow-copy=true:use-listener=false base state type boxed boolean does not return a copy when changes are made" name="base functionality - auto-freeze=false:shallow-copy=true:use-listener=false base state type boxed boolean does not return a copy when changes are made" time="0.005">
    </testcase>
    <testcase classname="base functionality - auto-freeze=false:shallow-copy=true:use-listener=false base state type date object does not return a copy when changes are made" name="base functionality - auto-freeze=false:shallow-copy=true:use-listener=false base state type date object does not return a copy when changes are made" time="0.003">
    </testcase>
    <testcase classname="base functionality - auto-freeze=false:shallow-copy=true:use-listener=false base state type class instance (not draftable) does not return a copy when changes are made" name="base functionality - auto-freeze=false:shallow-copy=true:use-listener=false base state type class instance (not draftable) does not return a copy when changes are made" time="0.002">
    </testcase>
    <testcase classname=" works with spread #524 - auto-freeze=false:shallow-copy=true:use-listener=false" name=" works with spread #524 - auto-freeze=false:shallow-copy=true:use-listener=false" time="0.004">
    </testcase>
    <testcase classname=" Something with nested producers #522 auto-freeze=false:shallow-copy=true:use-listener=false" name=" Something with nested producers #522 auto-freeze=false:shallow-copy=true:use-listener=false" time="0.003">
    </testcase>
    <testcase classname="isDraft - auto-freeze=false:shallow-copy=true:use-listener=false returns true for object drafts" name="isDraft - auto-freeze=false:shallow-copy=true:use-listener=false returns true for object drafts" time="0">
    </testcase>
    <testcase classname="isDraft - auto-freeze=false:shallow-copy=true:use-listener=false returns true for array drafts" name="isDraft - auto-freeze=false:shallow-copy=true:use-listener=false returns true for array drafts" time="0.001">
    </testcase>
    <testcase classname="isDraft - auto-freeze=false:shallow-copy=true:use-listener=false returns true for objects nested in object drafts" name="isDraft - auto-freeze=false:shallow-copy=true:use-listener=false returns true for objects nested in object drafts" time="0">
    </testcase>
    <testcase classname="isDraft - auto-freeze=false:shallow-copy=true:use-listener=false returns false for new objects added to a draft" name="isDraft - auto-freeze=false:shallow-copy=true:use-listener=false returns false for new objects added to a draft" time="0">
    </testcase>
    <testcase classname="isDraft - auto-freeze=false:shallow-copy=true:use-listener=false returns false for objects returned by the producer" name="isDraft - auto-freeze=false:shallow-copy=true:use-listener=false returns false for objects returned by the producer" time="0.001">
    </testcase>
    <testcase classname="isDraft - auto-freeze=false:shallow-copy=true:use-listener=false returns false for arrays returned by the producer" name="isDraft - auto-freeze=false:shallow-copy=true:use-listener=false returns false for arrays returned by the producer" time="0.001">
    </testcase>
    <testcase classname="isDraft - auto-freeze=false:shallow-copy=true:use-listener=false returns false for object drafts returned by the producer" name="isDraft - auto-freeze=false:shallow-copy=true:use-listener=false returns false for object drafts returned by the producer" time="0.001">
    </testcase>
    <testcase classname="isDraft - auto-freeze=false:shallow-copy=true:use-listener=false returns false for array drafts returned by the producer" name="isDraft - auto-freeze=false:shallow-copy=true:use-listener=false returns false for array drafts returned by the producer" time="0">
    </testcase>
    <testcase classname="complex nesting map / set / object modify deep object" name="complex nesting map / set / object modify deep object" time="0.01">
    </testcase>
    <testcase classname="complex nesting map / set / object modify deep object - keep value" name="complex nesting map / set / object modify deep object - keep value" time="0.003">
    </testcase>
    <testcase classname="base functionality - auto-freeze=false:shallow-copy=false:use-listener=true returns the original state when no changes are made" name="base functionality - auto-freeze=false:shallow-copy=false:use-listener=true returns the original state when no changes are made" time="0.001">
    </testcase>
    <testcase classname="base functionality - auto-freeze=false:shallow-copy=false:use-listener=true does structural sharing" name="base functionality - auto-freeze=false:shallow-copy=false:use-listener=true does structural sharing" time="0.002">
    </testcase>
    <testcase classname="base functionality - auto-freeze=false:shallow-copy=false:use-listener=true deep change bubbles up" name="base functionality - auto-freeze=false:shallow-copy=false:use-listener=true deep change bubbles up" time="0.001">
    </testcase>
    <testcase classname="base functionality - auto-freeze=false:shallow-copy=false:use-listener=true can add props" name="base functionality - auto-freeze=false:shallow-copy=false:use-listener=true can add props" time="0.002">
    </testcase>
    <testcase classname="base functionality - auto-freeze=false:shallow-copy=false:use-listener=true can delete props" name="base functionality - auto-freeze=false:shallow-copy=false:use-listener=true can delete props" time="0.002">
    </testcase>
    <testcase classname="base functionality - auto-freeze=false:shallow-copy=false:use-listener=true can delete props - 2" name="base functionality - auto-freeze=false:shallow-copy=false:use-listener=true can delete props - 2" time="0.003">
    </testcase>
    <testcase classname="base functionality - auto-freeze=false:shallow-copy=false:use-listener=true can delete props added in the producer" name="base functionality - auto-freeze=false:shallow-copy=false:use-listener=true can delete props added in the producer" time="0.002">
    </testcase>
    <testcase classname="base functionality - auto-freeze=false:shallow-copy=false:use-listener=true can set a property that was just deleted" name="base functionality - auto-freeze=false:shallow-copy=false:use-listener=true can set a property that was just deleted" time="0.002">
    </testcase>
    <testcase classname="base functionality - auto-freeze=false:shallow-copy=false:use-listener=true can set a property to its original value after deleting it" name="base functionality - auto-freeze=false:shallow-copy=false:use-listener=true can set a property to its original value after deleting it" time="0.002">
    </testcase>
    <testcase classname="base functionality - auto-freeze=false:shallow-copy=false:use-listener=true can get property descriptors" name="base functionality - auto-freeze=false:shallow-copy=false:use-listener=true can get property descriptors" time="0.003">
    </testcase>
    <testcase classname="base functionality - auto-freeze=false:shallow-copy=false:use-listener=true array drafts supports Array.isArray()" name="base functionality - auto-freeze=false:shallow-copy=false:use-listener=true array drafts supports Array.isArray()" time="0.003">
    </testcase>
    <testcase classname="base functionality - auto-freeze=false:shallow-copy=false:use-listener=true array drafts supports index access" name="base functionality - auto-freeze=false:shallow-copy=false:use-listener=true array drafts supports index access" time="0.001">
    </testcase>
    <testcase classname="base functionality - auto-freeze=false:shallow-copy=false:use-listener=true array drafts supports iteration" name="base functionality - auto-freeze=false:shallow-copy=false:use-listener=true array drafts supports iteration" time="0.001">
    </testcase>
    <testcase classname="base functionality - auto-freeze=false:shallow-copy=false:use-listener=true array drafts can assign an index via bracket notation" name="base functionality - auto-freeze=false:shallow-copy=false:use-listener=true array drafts can assign an index via bracket notation" time="0.001">
    </testcase>
    <testcase classname="base functionality - auto-freeze=false:shallow-copy=false:use-listener=true array drafts can use splice() to both add and remove items" name="base functionality - auto-freeze=false:shallow-copy=false:use-listener=true array drafts can use splice() to both add and remove items" time="0.001">
    </testcase>
    <testcase classname="base functionality - auto-freeze=false:shallow-copy=false:use-listener=true array drafts can truncate via the length property" name="base functionality - auto-freeze=false:shallow-copy=false:use-listener=true array drafts can truncate via the length property" time="0.001">
    </testcase>
    <testcase classname="base functionality - auto-freeze=false:shallow-copy=false:use-listener=true array drafts can extend via the length property" name="base functionality - auto-freeze=false:shallow-copy=false:use-listener=true array drafts can extend via the length property" time="0.002">
    </testcase>
    <testcase classname="base functionality - auto-freeze=false:shallow-copy=false:use-listener=true array drafts can pop then push" name="base functionality - auto-freeze=false:shallow-copy=false:use-listener=true array drafts can pop then push" time="0.001">
    </testcase>
    <testcase classname="base functionality - auto-freeze=false:shallow-copy=false:use-listener=true array drafts can be sorted" name="base functionality - auto-freeze=false:shallow-copy=false:use-listener=true array drafts can be sorted" time="0.001">
    </testcase>
    <testcase classname="base functionality - auto-freeze=false:shallow-copy=false:use-listener=true array drafts supports modifying nested objects" name="base functionality - auto-freeze=false:shallow-copy=false:use-listener=true array drafts supports modifying nested objects" time="0.002">
    </testcase>
    <testcase classname="base functionality - auto-freeze=false:shallow-copy=false:use-listener=true array drafts never preserves non-numeric properties" name="base functionality - auto-freeze=false:shallow-copy=false:use-listener=true array drafts never preserves non-numeric properties" time="0.002">
    </testcase>
    <testcase classname="base functionality - auto-freeze=false:shallow-copy=false:use-listener=true array drafts throws when a non-numeric property is added" name="base functionality - auto-freeze=false:shallow-copy=false:use-listener=true array drafts throws when a non-numeric property is added" time="0.001">
    </testcase>
    <testcase classname="base functionality - auto-freeze=false:shallow-copy=false:use-listener=true array drafts throws when a non-numeric property is deleted" name="base functionality - auto-freeze=false:shallow-copy=false:use-listener=true array drafts throws when a non-numeric property is deleted" time="0.001">
    </testcase>
    <testcase classname="base functionality - auto-freeze=false:shallow-copy=false:use-listener=true map drafts supports key access" name="base functionality - auto-freeze=false:shallow-copy=false:use-listener=true map drafts supports key access" time="0.002">
    </testcase>
    <testcase classname="base functionality - auto-freeze=false:shallow-copy=false:use-listener=true map drafts supports key access for non-primitive keys" name="base functionality - auto-freeze=false:shallow-copy=false:use-listener=true map drafts supports key access for non-primitive keys" time="0.001">
    </testcase>
    <testcase classname="base functionality - auto-freeze=false:shallow-copy=false:use-listener=true map drafts supports iteration" name="base functionality - auto-freeze=false:shallow-copy=false:use-listener=true map drafts supports iteration" time="0.002">
    </testcase>
    <testcase classname="base functionality - auto-freeze=false:shallow-copy=false:use-listener=true map drafts supports &apos;entries&apos;" name="base functionality - auto-freeze=false:shallow-copy=false:use-listener=true map drafts supports &apos;entries&apos;" time="0.003">
    </testcase>
    <testcase classname="base functionality - auto-freeze=false:shallow-copy=false:use-listener=true map drafts supports &apos;values&apos;" name="base functionality - auto-freeze=false:shallow-copy=false:use-listener=true map drafts supports &apos;values&apos;" time="0.003">
    </testcase>
    <testcase classname="base functionality - auto-freeze=false:shallow-copy=false:use-listener=true map drafts supports &apos;keys" name="base functionality - auto-freeze=false:shallow-copy=false:use-listener=true map drafts supports &apos;keys" time="0.002">
    </testcase>
    <testcase classname="base functionality - auto-freeze=false:shallow-copy=false:use-listener=true map drafts supports forEach" name="base functionality - auto-freeze=false:shallow-copy=false:use-listener=true map drafts supports forEach" time="0.005">
    </testcase>
    <testcase classname="base functionality - auto-freeze=false:shallow-copy=false:use-listener=true map drafts supports forEach mutation" name="base functionality - auto-freeze=false:shallow-copy=false:use-listener=true map drafts supports forEach mutation" time="0.001">
    </testcase>
    <testcase classname="base functionality - auto-freeze=false:shallow-copy=false:use-listener=true map drafts can assign by key" name="base functionality - auto-freeze=false:shallow-copy=false:use-listener=true map drafts can assign by key" time="0.001">
    </testcase>
    <testcase classname="base functionality - auto-freeze=false:shallow-copy=false:use-listener=true map drafts can assign by a non-primitive key" name="base functionality - auto-freeze=false:shallow-copy=false:use-listener=true map drafts can assign by a non-primitive key" time="0.002">
    </testcase>
    <testcase classname="base functionality - auto-freeze=false:shallow-copy=false:use-listener=true map drafts state stays the same if the the same item is assigned by key" name="base functionality - auto-freeze=false:shallow-copy=false:use-listener=true map drafts state stays the same if the the same item is assigned by key" time="0.003">
    </testcase>
    <testcase classname="base functionality - auto-freeze=false:shallow-copy=false:use-listener=true map drafts returns &apos;size&apos;" name="base functionality - auto-freeze=false:shallow-copy=false:use-listener=true map drafts returns &apos;size&apos;" time="0.004">
    </testcase>
    <testcase classname="base functionality - auto-freeze=false:shallow-copy=false:use-listener=true map drafts can use &apos;delete&apos; to remove items" name="base functionality - auto-freeze=false:shallow-copy=false:use-listener=true map drafts can use &apos;delete&apos; to remove items" time="0.003">
    </testcase>
    <testcase classname="base functionality - auto-freeze=false:shallow-copy=false:use-listener=true map drafts can use &apos;clear&apos; to remove items" name="base functionality - auto-freeze=false:shallow-copy=false:use-listener=true map drafts can use &apos;clear&apos; to remove items" time="0.003">
    </testcase>
    <testcase classname="base functionality - auto-freeze=false:shallow-copy=false:use-listener=true map drafts support &apos;has&apos;" name="base functionality - auto-freeze=false:shallow-copy=false:use-listener=true map drafts support &apos;has&apos;" time="0.003">
    </testcase>
    <testcase classname="base functionality - auto-freeze=false:shallow-copy=false:use-listener=true map drafts supports nested maps" name="base functionality - auto-freeze=false:shallow-copy=false:use-listener=true map drafts supports nested maps" time="0.004">
    </testcase>
    <testcase classname="base functionality - auto-freeze=false:shallow-copy=false:use-listener=true map drafts treats void deletes as no-op" name="base functionality - auto-freeze=false:shallow-copy=false:use-listener=true map drafts treats void deletes as no-op" time="0.004">
    </testcase>
    <testcase classname="base functionality - auto-freeze=false:shallow-copy=false:use-listener=true map drafts revokes map proxies" name="base functionality - auto-freeze=false:shallow-copy=false:use-listener=true map drafts revokes map proxies" time="0.002">
    </testcase>
    <testcase classname="base functionality - auto-freeze=false:shallow-copy=false:use-listener=true map drafts does not draft map keys" name="base functionality - auto-freeze=false:shallow-copy=false:use-listener=true map drafts does not draft map keys" time="0.002">
    </testcase>
    <testcase classname="base functionality - auto-freeze=false:shallow-copy=false:use-listener=true map drafts does support instanceof Map" name="base functionality - auto-freeze=false:shallow-copy=false:use-listener=true map drafts does support instanceof Map" time="0.001">
    </testcase>
    <testcase classname="base functionality - auto-freeze=false:shallow-copy=false:use-listener=true map drafts handles clear correctly" name="base functionality - auto-freeze=false:shallow-copy=false:use-listener=true map drafts handles clear correctly" time="0.001">
    </testcase>
    <testcase classname="base functionality - auto-freeze=false:shallow-copy=false:use-listener=true set drafts supports iteration" name="base functionality - auto-freeze=false:shallow-copy=false:use-listener=true set drafts supports iteration" time="0.002">
    </testcase>
    <testcase classname="base functionality - auto-freeze=false:shallow-copy=false:use-listener=true set drafts supports &apos;entries&apos;" name="base functionality - auto-freeze=false:shallow-copy=false:use-listener=true set drafts supports &apos;entries&apos;" time="0.008">
    </testcase>
    <testcase classname="base functionality - auto-freeze=false:shallow-copy=false:use-listener=true set drafts supports &apos;values&apos;" name="base functionality - auto-freeze=false:shallow-copy=false:use-listener=true set drafts supports &apos;values&apos;" time="0.001">
    </testcase>
    <testcase classname="base functionality - auto-freeze=false:shallow-copy=false:use-listener=true set drafts supports &apos;keys&apos;" name="base functionality - auto-freeze=false:shallow-copy=false:use-listener=true set drafts supports &apos;keys&apos;" time="0.001">
    </testcase>
    <testcase classname="base functionality - auto-freeze=false:shallow-copy=false:use-listener=true set drafts supports forEach with mutation after reads" name="base functionality - auto-freeze=false:shallow-copy=false:use-listener=true set drafts supports forEach with mutation after reads" time="0.003">
    </testcase>
    <testcase classname="base functionality - auto-freeze=false:shallow-copy=false:use-listener=true set drafts state stays the same if the same item is added" name="base functionality - auto-freeze=false:shallow-copy=false:use-listener=true set drafts state stays the same if the same item is added" time="0.004">
    </testcase>
    <testcase classname="base functionality - auto-freeze=false:shallow-copy=false:use-listener=true set drafts can add new items" name="base functionality - auto-freeze=false:shallow-copy=false:use-listener=true set drafts can add new items" time="0.003">
    </testcase>
    <testcase classname="base functionality - auto-freeze=false:shallow-copy=false:use-listener=true set drafts returns &apos;size&apos;" name="base functionality - auto-freeze=false:shallow-copy=false:use-listener=true set drafts returns &apos;size&apos;" time="0.004">
    </testcase>
    <testcase classname="base functionality - auto-freeze=false:shallow-copy=false:use-listener=true set drafts can use &apos;delete&apos; to remove items" name="base functionality - auto-freeze=false:shallow-copy=false:use-listener=true set drafts can use &apos;delete&apos; to remove items" time="0.002">
    </testcase>
    <testcase classname="base functionality - auto-freeze=false:shallow-copy=false:use-listener=true set drafts can use &apos;clear&apos; to remove items" name="base functionality - auto-freeze=false:shallow-copy=false:use-listener=true set drafts can use &apos;clear&apos; to remove items" time="0.005">
    </testcase>
    <testcase classname="base functionality - auto-freeze=false:shallow-copy=false:use-listener=true set drafts supports &apos;has&apos;" name="base functionality - auto-freeze=false:shallow-copy=false:use-listener=true set drafts supports &apos;has&apos;" time="0.004">
    </testcase>
    <testcase classname="base functionality - auto-freeze=false:shallow-copy=false:use-listener=true set drafts supports nested sets" name="base functionality - auto-freeze=false:shallow-copy=false:use-listener=true set drafts supports nested sets" time="0.003">
    </testcase>
    <testcase classname="base functionality - auto-freeze=false:shallow-copy=false:use-listener=true set drafts supports has / delete on elements from the original" name="base functionality - auto-freeze=false:shallow-copy=false:use-listener=true set drafts supports has / delete on elements from the original" time="0.002">
    </testcase>
    <testcase classname="base functionality - auto-freeze=false:shallow-copy=false:use-listener=true set drafts revokes sets" name="base functionality - auto-freeze=false:shallow-copy=false:use-listener=true set drafts revokes sets" time="0.004">
    </testcase>
    <testcase classname="base functionality - auto-freeze=false:shallow-copy=false:use-listener=true set drafts does support instanceof Set" name="base functionality - auto-freeze=false:shallow-copy=false:use-listener=true set drafts does support instanceof Set" time="0.001">
    </testcase>
    <testcase classname="base functionality - auto-freeze=false:shallow-copy=false:use-listener=true supports `immerable` symbol on constructor" name="base functionality - auto-freeze=false:shallow-copy=false:use-listener=true supports `immerable` symbol on constructor" time="0.005">
    </testcase>
    <testcase classname="base functionality - auto-freeze=false:shallow-copy=false:use-listener=true preserves symbol properties" name="base functionality - auto-freeze=false:shallow-copy=false:use-listener=true preserves symbol properties" time="0.001">
    </testcase>
    <testcase classname="base functionality - auto-freeze=false:shallow-copy=false:use-listener=true preserves non-enumerable properties" name="base functionality - auto-freeze=false:shallow-copy=false:use-listener=true preserves non-enumerable properties" time="0.001">
    </testcase>
    <testcase classname="base functionality - auto-freeze=false:shallow-copy=false:use-listener=true can work with own computed props" name="base functionality - auto-freeze=false:shallow-copy=false:use-listener=true can work with own computed props" time="0.002">
    </testcase>
    <testcase classname="base functionality - auto-freeze=false:shallow-copy=false:use-listener=true can work with class with computed props" name="base functionality - auto-freeze=false:shallow-copy=false:use-listener=true can work with class with computed props" time="0.003">
    </testcase>
    <testcase classname="base functionality - auto-freeze=false:shallow-copy=false:use-listener=true allows inherited computed properties" name="base functionality - auto-freeze=false:shallow-copy=false:use-listener=true allows inherited computed properties" time="0.001">
    </testcase>
    <testcase classname="base functionality - auto-freeze=false:shallow-copy=false:use-listener=true optimization: does not visit properties of new data structures if autofreeze is disabled and no drafts are unfinalized" name="base functionality - auto-freeze=false:shallow-copy=false:use-listener=true optimization: does not visit properties of new data structures if autofreeze is disabled and no drafts are unfinalized" time="0.001">
    </testcase>
    <testcase classname="base functionality - auto-freeze=false:shallow-copy=false:use-listener=true same optimization doesn&apos;t cause draft from nested producers to be unfinished" name="base functionality - auto-freeze=false:shallow-copy=false:use-listener=true same optimization doesn&apos;t cause draft from nested producers to be unfinished" time="0.002">
    </testcase>
    <testcase classname="base functionality - auto-freeze=false:shallow-copy=false:use-listener=true supports a base state with multiple references to an object" name="base functionality - auto-freeze=false:shallow-copy=false:use-listener=true supports a base state with multiple references to an object" time="0.003">
    </testcase>
    <testcase classname="base functionality - auto-freeze=false:shallow-copy=false:use-listener=true supports multiple references to any modified draft" name="base functionality - auto-freeze=false:shallow-copy=false:use-listener=true supports multiple references to any modified draft" time="0.002">
    </testcase>
    <testcase classname="base functionality - auto-freeze=false:shallow-copy=false:use-listener=true can rename nested objects (no changes)" name="base functionality - auto-freeze=false:shallow-copy=false:use-listener=true can rename nested objects (no changes)" time="0.001">
    </testcase>
    <testcase classname="base functionality - auto-freeze=false:shallow-copy=false:use-listener=true can rename nested objects (with changes)" name="base functionality - auto-freeze=false:shallow-copy=false:use-listener=true can rename nested objects (with changes)" time="0.001">
    </testcase>
    <testcase classname="base functionality - auto-freeze=false:shallow-copy=false:use-listener=true can nest a draft in a new object (no changes)" name="base functionality - auto-freeze=false:shallow-copy=false:use-listener=true can nest a draft in a new object (no changes)" time="0.001">
    </testcase>
    <testcase classname="base functionality - auto-freeze=false:shallow-copy=false:use-listener=true can nest a modified draft in a new object" name="base functionality - auto-freeze=false:shallow-copy=false:use-listener=true can nest a modified draft in a new object" time="0.002">
    </testcase>
    <testcase classname="base functionality - auto-freeze=false:shallow-copy=false:use-listener=true supports assigning undefined to an existing property" name="base functionality - auto-freeze=false:shallow-copy=false:use-listener=true supports assigning undefined to an existing property" time="0.002">
    </testcase>
    <testcase classname="base functionality - auto-freeze=false:shallow-copy=false:use-listener=true supports assigning undefined to a new property" name="base functionality - auto-freeze=false:shallow-copy=false:use-listener=true supports assigning undefined to a new property" time="0.001">
    </testcase>
    <testcase classname="base functionality - auto-freeze=false:shallow-copy=false:use-listener=true revokes the draft once produce returns" name="base functionality - auto-freeze=false:shallow-copy=false:use-listener=true revokes the draft once produce returns" time="0.007">
    </testcase>
    <testcase classname="base functionality - auto-freeze=false:shallow-copy=false:use-listener=true can access a child draft that was created before the draft was modified" name="base functionality - auto-freeze=false:shallow-copy=false:use-listener=true can access a child draft that was created before the draft was modified" time="0.002">
    </testcase>
    <testcase classname="base functionality - auto-freeze=false:shallow-copy=false:use-listener=true should reflect all changes made in the draft immediately" name="base functionality - auto-freeze=false:shallow-copy=false:use-listener=true should reflect all changes made in the draft immediately" time="0.001">
    </testcase>
    <testcase classname="base functionality - auto-freeze=false:shallow-copy=false:use-listener=true throws when Object.defineProperty() is used on drafts" name="base functionality - auto-freeze=false:shallow-copy=false:use-listener=true throws when Object.defineProperty() is used on drafts" time="0.001">
    </testcase>
    <testcase classname="base functionality - auto-freeze=false:shallow-copy=false:use-listener=true should handle constructor correctly" name="base functionality - auto-freeze=false:shallow-copy=false:use-listener=true should handle constructor correctly" time="0.001">
    </testcase>
    <testcase classname="base functionality - auto-freeze=false:shallow-copy=false:use-listener=true should handle equality correctly - 1" name="base functionality - auto-freeze=false:shallow-copy=false:use-listener=true should handle equality correctly - 1" time="0.001">
    </testcase>
    <testcase classname="base functionality - auto-freeze=false:shallow-copy=false:use-listener=true should handle equality correctly - 2" name="base functionality - auto-freeze=false:shallow-copy=false:use-listener=true should handle equality correctly - 2" time="0.001">
    </testcase>
    <testcase classname="base functionality - auto-freeze=false:shallow-copy=false:use-listener=true should handle equality correctly - 3" name="base functionality - auto-freeze=false:shallow-copy=false:use-listener=true should handle equality correctly - 3" time="0.002">
    </testcase>
    <testcase classname="base functionality - auto-freeze=false:shallow-copy=false:use-listener=true nested producers when base state is not a draft never affects its parent producer implicitly" name="base functionality - auto-freeze=false:shallow-copy=false:use-listener=true nested producers when base state is not a draft never affects its parent producer implicitly" time="0.003">
    </testcase>
    <testcase classname="base functionality - auto-freeze=false:shallow-copy=false:use-listener=true nested producers when base state is a draft always wraps the draft in a new draft" name="base functionality - auto-freeze=false:shallow-copy=false:use-listener=true nested producers when base state is a draft always wraps the draft in a new draft" time="0.002">
    </testcase>
    <testcase classname="base functionality - auto-freeze=false:shallow-copy=false:use-listener=true nested producers when base state is a draft ensures each property is drafted" name="base functionality - auto-freeze=false:shallow-copy=false:use-listener=true nested producers when base state is a draft ensures each property is drafted" time="0.002">
    </testcase>
    <testcase classname="base functionality - auto-freeze=false:shallow-copy=false:use-listener=true nested producers when base state is a draft preserves any pending changes" name="base functionality - auto-freeze=false:shallow-copy=false:use-listener=true nested producers when base state is a draft preserves any pending changes" time="0.001">
    </testcase>
    <testcase classname="base functionality - auto-freeze=false:shallow-copy=false:use-listener=true nested producers when base state contains a draft wraps unowned draft with its own draft" name="base functionality - auto-freeze=false:shallow-copy=false:use-listener=true nested producers when base state contains a draft wraps unowned draft with its own draft" time="0.001">
    </testcase>
    <testcase classname="base functionality - auto-freeze=false:shallow-copy=false:use-listener=true nested producers when base state contains a draft returns unowned draft if no changes were made" name="base functionality - auto-freeze=false:shallow-copy=false:use-listener=true nested producers when base state contains a draft returns unowned draft if no changes were made" time="0.001">
    </testcase>
    <testcase classname="base functionality - auto-freeze=false:shallow-copy=false:use-listener=true nested producers when base state contains a draft clones the unowned draft when changes are made" name="base functionality - auto-freeze=false:shallow-copy=false:use-listener=true nested producers when base state contains a draft clones the unowned draft when changes are made" time="0.002">
    </testcase>
    <testcase classname="base functionality - auto-freeze=false:shallow-copy=false:use-listener=true nested producers when base state contains a draft never auto-freezes the result" name="base functionality - auto-freeze=false:shallow-copy=false:use-listener=true nested producers when base state contains a draft never auto-freezes the result" time="0.001">
    </testcase>
    <testcase classname="base functionality - auto-freeze=false:shallow-copy=false:use-listener=true nested producers does not finalize upvalue drafts" name="base functionality - auto-freeze=false:shallow-copy=false:use-listener=true nested producers does not finalize upvalue drafts" time="0.008">
    </testcase>
    <testcase classname="base functionality - auto-freeze=false:shallow-copy=false:use-listener=true nested producers works with interweaved Immer instances" name="base functionality - auto-freeze=false:shallow-copy=false:use-listener=true nested producers works with interweaved Immer instances" time="0.001">
    </testcase>
    <testcase classname="base functionality - auto-freeze=false:shallow-copy=false:use-listener=true throws when Object.setPrototypeOf() is used on a draft" name="base functionality - auto-freeze=false:shallow-copy=false:use-listener=true throws when Object.setPrototypeOf() is used on a draft" time="0.002">
    </testcase>
    <testcase classname="base functionality - auto-freeze=false:shallow-copy=false:use-listener=true supports the &apos;in&apos; operator" name="base functionality - auto-freeze=false:shallow-copy=false:use-listener=true supports the &apos;in&apos; operator" time="0.002">
    </testcase>
    <testcase classname="base functionality - auto-freeze=false:shallow-copy=false:use-listener=true &apos;this&apos; should not be bound anymore - 1" name="base functionality - auto-freeze=false:shallow-copy=false:use-listener=true &apos;this&apos; should not be bound anymore - 1" time="0">
    </testcase>
    <testcase classname="base functionality - auto-freeze=false:shallow-copy=false:use-listener=true &apos;this&apos; should not be bound anymore - 2" name="base functionality - auto-freeze=false:shallow-copy=false:use-listener=true &apos;this&apos; should not be bound anymore - 2" time="0">
    </testcase>
    <testcase classname="base functionality - auto-freeze=false:shallow-copy=false:use-listener=true should be possible to use dynamic bound this" name="base functionality - auto-freeze=false:shallow-copy=false:use-listener=true should be possible to use dynamic bound this" time="0.001">
    </testcase>
    <testcase classname="base functionality - auto-freeze=false:shallow-copy=false:use-listener=true doesnt recurse into frozen structures if external data is frozen" name="base functionality - auto-freeze=false:shallow-copy=false:use-listener=true doesnt recurse into frozen structures if external data is frozen" time="0.002">
    </testcase>
    <testcase classname="base functionality - auto-freeze=false:shallow-copy=false:use-listener=true supports the spread operator" name="base functionality - auto-freeze=false:shallow-copy=false:use-listener=true supports the spread operator" time="0.003">
    </testcase>
    <testcase classname="base functionality - auto-freeze=false:shallow-copy=false:use-listener=true processes with lodash.set" name="base functionality - auto-freeze=false:shallow-copy=false:use-listener=true processes with lodash.set" time="0.003">
    </testcase>
    <testcase classname="base functionality - auto-freeze=false:shallow-copy=false:use-listener=true processes with lodash.find" name="base functionality - auto-freeze=false:shallow-copy=false:use-listener=true processes with lodash.find" time="0.002">
    </testcase>
    <testcase classname="base functionality - auto-freeze=false:shallow-copy=false:use-listener=true does not draft external data" name="base functionality - auto-freeze=false:shallow-copy=false:use-listener=true does not draft external data" time="0.002">
    </testcase>
    <testcase classname="base functionality - auto-freeze=false:shallow-copy=false:use-listener=true does not create new state unnecessary, #491" name="base functionality - auto-freeze=false:shallow-copy=false:use-listener=true does not create new state unnecessary, #491" time="0.004">
    </testcase>
    <testcase classname="base functionality - auto-freeze=false:shallow-copy=false:use-listener=true recipe functions can return a new object" name="base functionality - auto-freeze=false:shallow-copy=false:use-listener=true recipe functions can return a new object" time="0.009">
    </testcase>
    <testcase classname="base functionality - auto-freeze=false:shallow-copy=false:use-listener=true recipe functions can return the draft" name="base functionality - auto-freeze=false:shallow-copy=false:use-listener=true recipe functions can return the draft" time="0.003">
    </testcase>
    <testcase classname="base functionality - auto-freeze=false:shallow-copy=false:use-listener=true recipe functions can return an unmodified child draft" name="base functionality - auto-freeze=false:shallow-copy=false:use-listener=true recipe functions can return an unmodified child draft" time="0.003">
    </testcase>
    <testcase classname="base functionality - auto-freeze=false:shallow-copy=false:use-listener=true recipe functions cannot return a modified child draft" name="base functionality - auto-freeze=false:shallow-copy=false:use-listener=true recipe functions cannot return a modified child draft" time="0.002">
    </testcase>
    <testcase classname="base functionality - auto-freeze=false:shallow-copy=false:use-listener=true recipe functions can return a frozen object" name="base functionality - auto-freeze=false:shallow-copy=false:use-listener=true recipe functions can return a frozen object" time="0.004">
    </testcase>
    <testcase classname="base functionality - auto-freeze=false:shallow-copy=false:use-listener=true recipe functions can return an object with two references to another object" name="base functionality - auto-freeze=false:shallow-copy=false:use-listener=true recipe functions can return an object with two references to another object" time="0.003">
    </testcase>
    <testcase classname="base functionality - auto-freeze=false:shallow-copy=false:use-listener=true recipe functions can return an object with two references to an unmodified draft" name="base functionality - auto-freeze=false:shallow-copy=false:use-listener=true recipe functions can return an object with two references to an unmodified draft" time="0.002">
    </testcase>
    <testcase classname="base functionality - auto-freeze=false:shallow-copy=false:use-listener=true recipe functions cannot return an object that references itself" name="base functionality - auto-freeze=false:shallow-copy=false:use-listener=true recipe functions cannot return an object that references itself" time="0.013">
    </testcase>
    <testcase classname="base functionality - auto-freeze=false:shallow-copy=false:use-listener=true throws when the draft is modified and another object is returned" name="base functionality - auto-freeze=false:shallow-copy=false:use-listener=true throws when the draft is modified and another object is returned" time="0.002">
    </testcase>
    <testcase classname="base functionality - auto-freeze=false:shallow-copy=false:use-listener=true should fix #117 - 1" name="base functionality - auto-freeze=false:shallow-copy=false:use-listener=true should fix #117 - 1" time="0.002">
    </testcase>
    <testcase classname="base functionality - auto-freeze=false:shallow-copy=false:use-listener=true should fix #117 - 2" name="base functionality - auto-freeze=false:shallow-copy=false:use-listener=true should fix #117 - 2" time="0.002">
    </testcase>
    <testcase classname="base functionality - auto-freeze=false:shallow-copy=false:use-listener=true cannot always detect noop assignments - 0" name="base functionality - auto-freeze=false:shallow-copy=false:use-listener=true cannot always detect noop assignments - 0" time="0.001">
    </testcase>
    <testcase classname="base functionality - auto-freeze=false:shallow-copy=false:use-listener=true cannot always detect noop assignments - 1" name="base functionality - auto-freeze=false:shallow-copy=false:use-listener=true cannot always detect noop assignments - 1" time="0.001">
    </testcase>
    <testcase classname="base functionality - auto-freeze=false:shallow-copy=false:use-listener=true cannot always detect noop assignments - 2" name="base functionality - auto-freeze=false:shallow-copy=false:use-listener=true cannot always detect noop assignments - 2" time="0.001">
    </testcase>
    <testcase classname="base functionality - auto-freeze=false:shallow-copy=false:use-listener=true cannot always detect noop assignments - 3" name="base functionality - auto-freeze=false:shallow-copy=false:use-listener=true cannot always detect noop assignments - 3" time="0.002">
    </testcase>
    <testcase classname="base functionality - auto-freeze=false:shallow-copy=false:use-listener=true cannot always detect noop assignments - 4" name="base functionality - auto-freeze=false:shallow-copy=false:use-listener=true cannot always detect noop assignments - 4" time="0.001">
    </testcase>
    <testcase classname="base functionality - auto-freeze=false:shallow-copy=false:use-listener=true cannot always detect noop assignments - 4" name="base functionality - auto-freeze=false:shallow-copy=false:use-listener=true cannot always detect noop assignments - 4" time="0.003">
    </testcase>
    <testcase classname="base functionality - auto-freeze=false:shallow-copy=false:use-listener=true cannot produce undefined by returning undefined" name="base functionality - auto-freeze=false:shallow-copy=false:use-listener=true cannot produce undefined by returning undefined" time="0.002">
    </testcase>
    <testcase classname="base functionality - auto-freeze=false:shallow-copy=false:use-listener=true base state type empty object creates a draft" name="base functionality - auto-freeze=false:shallow-copy=false:use-listener=true base state type empty object creates a draft" time="0.002">
    </testcase>
    <testcase classname="base functionality - auto-freeze=false:shallow-copy=false:use-listener=true base state type empty object preserves the prototype" name="base functionality - auto-freeze=false:shallow-copy=false:use-listener=true base state type empty object preserves the prototype" time="0.001">
    </testcase>
    <testcase classname="base functionality - auto-freeze=false:shallow-copy=false:use-listener=true base state type empty object returns the base state when no changes are made" name="base functionality - auto-freeze=false:shallow-copy=false:use-listener=true base state type empty object returns the base state when no changes are made" time="0.001">
    </testcase>
    <testcase classname="base functionality - auto-freeze=false:shallow-copy=false:use-listener=true base state type empty object returns a copy when changes are made" name="base functionality - auto-freeze=false:shallow-copy=false:use-listener=true base state type empty object returns a copy when changes are made" time="0.001">
    </testcase>
    <testcase classname="base functionality - auto-freeze=false:shallow-copy=false:use-listener=true base state type empty object (frozen) creates a draft" name="base functionality - auto-freeze=false:shallow-copy=false:use-listener=true base state type empty object (frozen) creates a draft" time="0.001">
    </testcase>
    <testcase classname="base functionality - auto-freeze=false:shallow-copy=false:use-listener=true base state type empty object (frozen) preserves the prototype" name="base functionality - auto-freeze=false:shallow-copy=false:use-listener=true base state type empty object (frozen) preserves the prototype" time="0.002">
    </testcase>
    <testcase classname="base functionality - auto-freeze=false:shallow-copy=false:use-listener=true base state type empty object (frozen) returns the base state when no changes are made" name="base functionality - auto-freeze=false:shallow-copy=false:use-listener=true base state type empty object (frozen) returns the base state when no changes are made" time="0.002">
    </testcase>
    <testcase classname="base functionality - auto-freeze=false:shallow-copy=false:use-listener=true base state type empty object (frozen) returns a copy when changes are made" name="base functionality - auto-freeze=false:shallow-copy=false:use-listener=true base state type empty object (frozen) returns a copy when changes are made" time="0.004">
    </testcase>
    <testcase classname="base functionality - auto-freeze=false:shallow-copy=false:use-listener=true base state type plain object creates a draft" name="base functionality - auto-freeze=false:shallow-copy=false:use-listener=true base state type plain object creates a draft" time="0.001">
    </testcase>
    <testcase classname="base functionality - auto-freeze=false:shallow-copy=false:use-listener=true base state type plain object preserves the prototype" name="base functionality - auto-freeze=false:shallow-copy=false:use-listener=true base state type plain object preserves the prototype" time="0.001">
    </testcase>
    <testcase classname="base functionality - auto-freeze=false:shallow-copy=false:use-listener=true base state type plain object returns the base state when no changes are made" name="base functionality - auto-freeze=false:shallow-copy=false:use-listener=true base state type plain object returns the base state when no changes are made" time="0.001">
    </testcase>
    <testcase classname="base functionality - auto-freeze=false:shallow-copy=false:use-listener=true base state type plain object returns a copy when changes are made" name="base functionality - auto-freeze=false:shallow-copy=false:use-listener=true base state type plain object returns a copy when changes are made" time="0.001">
    </testcase>
    <testcase classname="base functionality - auto-freeze=false:shallow-copy=false:use-listener=true base state type plain object (frozen) creates a draft" name="base functionality - auto-freeze=false:shallow-copy=false:use-listener=true base state type plain object (frozen) creates a draft" time="0.001">
    </testcase>
    <testcase classname="base functionality - auto-freeze=false:shallow-copy=false:use-listener=true base state type plain object (frozen) preserves the prototype" name="base functionality - auto-freeze=false:shallow-copy=false:use-listener=true base state type plain object (frozen) preserves the prototype" time="0.001">
    </testcase>
    <testcase classname="base functionality - auto-freeze=false:shallow-copy=false:use-listener=true base state type plain object (frozen) returns the base state when no changes are made" name="base functionality - auto-freeze=false:shallow-copy=false:use-listener=true base state type plain object (frozen) returns the base state when no changes are made" time="0.001">
    </testcase>
    <testcase classname="base functionality - auto-freeze=false:shallow-copy=false:use-listener=true base state type plain object (frozen) returns a copy when changes are made" name="base functionality - auto-freeze=false:shallow-copy=false:use-listener=true base state type plain object (frozen) returns a copy when changes are made" time="0.001">
    </testcase>
    <testcase classname="base functionality - auto-freeze=false:shallow-copy=false:use-listener=true base state type empty array creates a draft" name="base functionality - auto-freeze=false:shallow-copy=false:use-listener=true base state type empty array creates a draft" time="0.003">
    </testcase>
    <testcase classname="base functionality - auto-freeze=false:shallow-copy=false:use-listener=true base state type empty array preserves the prototype" name="base functionality - auto-freeze=false:shallow-copy=false:use-listener=true base state type empty array preserves the prototype" time="0.002">
    </testcase>
    <testcase classname="base functionality - auto-freeze=false:shallow-copy=false:use-listener=true base state type empty array returns the base state when no changes are made" name="base functionality - auto-freeze=false:shallow-copy=false:use-listener=true base state type empty array returns the base state when no changes are made" time="0.001">
    </testcase>
    <testcase classname="base functionality - auto-freeze=false:shallow-copy=false:use-listener=true base state type empty array returns a copy when changes are made" name="base functionality - auto-freeze=false:shallow-copy=false:use-listener=true base state type empty array returns a copy when changes are made" time="0.003">
    </testcase>
    <testcase classname="base functionality - auto-freeze=false:shallow-copy=false:use-listener=true base state type empty array (frozen) creates a draft" name="base functionality - auto-freeze=false:shallow-copy=false:use-listener=true base state type empty array (frozen) creates a draft" time="0.002">
    </testcase>
    <testcase classname="base functionality - auto-freeze=false:shallow-copy=false:use-listener=true base state type empty array (frozen) preserves the prototype" name="base functionality - auto-freeze=false:shallow-copy=false:use-listener=true base state type empty array (frozen) preserves the prototype" time="0.003">
    </testcase>
    <testcase classname="base functionality - auto-freeze=false:shallow-copy=false:use-listener=true base state type empty array (frozen) returns the base state when no changes are made" name="base functionality - auto-freeze=false:shallow-copy=false:use-listener=true base state type empty array (frozen) returns the base state when no changes are made" time="0.003">
    </testcase>
    <testcase classname="base functionality - auto-freeze=false:shallow-copy=false:use-listener=true base state type empty array (frozen) returns a copy when changes are made" name="base functionality - auto-freeze=false:shallow-copy=false:use-listener=true base state type empty array (frozen) returns a copy when changes are made" time="0.004">
    </testcase>
    <testcase classname="base functionality - auto-freeze=false:shallow-copy=false:use-listener=true base state type plain array creates a draft" name="base functionality - auto-freeze=false:shallow-copy=false:use-listener=true base state type plain array creates a draft" time="0.002">
    </testcase>
    <testcase classname="base functionality - auto-freeze=false:shallow-copy=false:use-listener=true base state type plain array preserves the prototype" name="base functionality - auto-freeze=false:shallow-copy=false:use-listener=true base state type plain array preserves the prototype" time="0.001">
    </testcase>
    <testcase classname="base functionality - auto-freeze=false:shallow-copy=false:use-listener=true base state type plain array returns the base state when no changes are made" name="base functionality - auto-freeze=false:shallow-copy=false:use-listener=true base state type plain array returns the base state when no changes are made" time="0.002">
    </testcase>
    <testcase classname="base functionality - auto-freeze=false:shallow-copy=false:use-listener=true base state type plain array returns a copy when changes are made" name="base functionality - auto-freeze=false:shallow-copy=false:use-listener=true base state type plain array returns a copy when changes are made" time="0.002">
    </testcase>
    <testcase classname="base functionality - auto-freeze=false:shallow-copy=false:use-listener=true base state type plain array (frozen) creates a draft" name="base functionality - auto-freeze=false:shallow-copy=false:use-listener=true base state type plain array (frozen) creates a draft" time="0.002">
    </testcase>
    <testcase classname="base functionality - auto-freeze=false:shallow-copy=false:use-listener=true base state type plain array (frozen) preserves the prototype" name="base functionality - auto-freeze=false:shallow-copy=false:use-listener=true base state type plain array (frozen) preserves the prototype" time="0.004">
    </testcase>
    <testcase classname="base functionality - auto-freeze=false:shallow-copy=false:use-listener=true base state type plain array (frozen) returns the base state when no changes are made" name="base functionality - auto-freeze=false:shallow-copy=false:use-listener=true base state type plain array (frozen) returns the base state when no changes are made" time="0.002">
    </testcase>
    <testcase classname="base functionality - auto-freeze=false:shallow-copy=false:use-listener=true base state type plain array (frozen) returns a copy when changes are made" name="base functionality - auto-freeze=false:shallow-copy=false:use-listener=true base state type plain array (frozen) returns a copy when changes are made" time="0.003">
    </testcase>
    <testcase classname="base functionality - auto-freeze=false:shallow-copy=false:use-listener=true base state type class instance (draftable) creates a draft" name="base functionality - auto-freeze=false:shallow-copy=false:use-listener=true base state type class instance (draftable) creates a draft" time="0.002">
    </testcase>
    <testcase classname="base functionality - auto-freeze=false:shallow-copy=false:use-listener=true base state type class instance (draftable) preserves the prototype" name="base functionality - auto-freeze=false:shallow-copy=false:use-listener=true base state type class instance (draftable) preserves the prototype" time="0.002">
    </testcase>
    <testcase classname="base functionality - auto-freeze=false:shallow-copy=false:use-listener=true base state type class instance (draftable) returns the base state when no changes are made" name="base functionality - auto-freeze=false:shallow-copy=false:use-listener=true base state type class instance (draftable) returns the base state when no changes are made" time="0.002">
    </testcase>
    <testcase classname="base functionality - auto-freeze=false:shallow-copy=false:use-listener=true base state type class instance (draftable) returns a copy when changes are made" name="base functionality - auto-freeze=false:shallow-copy=false:use-listener=true base state type class instance (draftable) returns a copy when changes are made" time="0.002">
    </testcase>
    <testcase classname="base functionality - auto-freeze=false:shallow-copy=false:use-listener=true base state type class instance (draftable) (frozen) creates a draft" name="base functionality - auto-freeze=false:shallow-copy=false:use-listener=true base state type class instance (draftable) (frozen) creates a draft" time="0.002">
    </testcase>
    <testcase classname="base functionality - auto-freeze=false:shallow-copy=false:use-listener=true base state type class instance (draftable) (frozen) preserves the prototype" name="base functionality - auto-freeze=false:shallow-copy=false:use-listener=true base state type class instance (draftable) (frozen) preserves the prototype" time="0.001">
    </testcase>
    <testcase classname="base functionality - auto-freeze=false:shallow-copy=false:use-listener=true base state type class instance (draftable) (frozen) returns the base state when no changes are made" name="base functionality - auto-freeze=false:shallow-copy=false:use-listener=true base state type class instance (draftable) (frozen) returns the base state when no changes are made" time="0.003">
    </testcase>
    <testcase classname="base functionality - auto-freeze=false:shallow-copy=false:use-listener=true base state type class instance (draftable) (frozen) returns a copy when changes are made" name="base functionality - auto-freeze=false:shallow-copy=false:use-listener=true base state type class instance (draftable) (frozen) returns a copy when changes are made" time="0.003">
    </testcase>
    <testcase classname="base functionality - auto-freeze=false:shallow-copy=false:use-listener=true base state type class with getters should use a method to assing a field using a getter that return a non primitive object" name="base functionality - auto-freeze=false:shallow-copy=false:use-listener=true base state type class with getters should use a method to assing a field using a getter that return a non primitive object" time="0.008">
    </testcase>
    <testcase classname="base functionality - auto-freeze=false:shallow-copy=false:use-listener=true base state type super class with getters should use a method to assing a field using a getter that return a non primitive object" name="base functionality - auto-freeze=false:shallow-copy=false:use-listener=true base state type super class with getters should use a method to assing a field using a getter that return a non primitive object" time="0.003">
    </testcase>
    <testcase classname="base functionality - auto-freeze=false:shallow-copy=false:use-listener=true base state type class with setters should define a field with a setter" name="base functionality - auto-freeze=false:shallow-copy=false:use-listener=true base state type class with setters should define a field with a setter" time="0.005">
    </testcase>
    <testcase classname="base functionality - auto-freeze=false:shallow-copy=false:use-listener=true base state type falsy number does not create a draft" name="base functionality - auto-freeze=false:shallow-copy=false:use-listener=true base state type falsy number does not create a draft" time="0.002">
    </testcase>
    <testcase classname="base functionality - auto-freeze=false:shallow-copy=false:use-listener=true base state type falsy number returns the base state when no changes are made" name="base functionality - auto-freeze=false:shallow-copy=false:use-listener=true base state type falsy number returns the base state when no changes are made" time="0.003">
    </testcase>
    <testcase classname="base functionality - auto-freeze=false:shallow-copy=false:use-listener=true base state type truthy number does not create a draft" name="base functionality - auto-freeze=false:shallow-copy=false:use-listener=true base state type truthy number does not create a draft" time="0.003">
    </testcase>
    <testcase classname="base functionality - auto-freeze=false:shallow-copy=false:use-listener=true base state type truthy number returns the base state when no changes are made" name="base functionality - auto-freeze=false:shallow-copy=false:use-listener=true base state type truthy number returns the base state when no changes are made" time="0.002">
    </testcase>
    <testcase classname="base functionality - auto-freeze=false:shallow-copy=false:use-listener=true base state type negative number does not create a draft" name="base functionality - auto-freeze=false:shallow-copy=false:use-listener=true base state type negative number does not create a draft" time="0.001">
    </testcase>
    <testcase classname="base functionality - auto-freeze=false:shallow-copy=false:use-listener=true base state type negative number returns the base state when no changes are made" name="base functionality - auto-freeze=false:shallow-copy=false:use-listener=true base state type negative number returns the base state when no changes are made" time="0.002">
    </testcase>
    <testcase classname="base functionality - auto-freeze=false:shallow-copy=false:use-listener=true base state type NaN does not create a draft" name="base functionality - auto-freeze=false:shallow-copy=false:use-listener=true base state type NaN does not create a draft" time="0.003">
    </testcase>
    <testcase classname="base functionality - auto-freeze=false:shallow-copy=false:use-listener=true base state type NaN returns the base state when no changes are made" name="base functionality - auto-freeze=false:shallow-copy=false:use-listener=true base state type NaN returns the base state when no changes are made" time="0.002">
    </testcase>
    <testcase classname="base functionality - auto-freeze=false:shallow-copy=false:use-listener=true base state type infinity does not create a draft" name="base functionality - auto-freeze=false:shallow-copy=false:use-listener=true base state type infinity does not create a draft" time="0.002">
    </testcase>
    <testcase classname="base functionality - auto-freeze=false:shallow-copy=false:use-listener=true base state type infinity returns the base state when no changes are made" name="base functionality - auto-freeze=false:shallow-copy=false:use-listener=true base state type infinity returns the base state when no changes are made" time="0.002">
    </testcase>
    <testcase classname="base functionality - auto-freeze=false:shallow-copy=false:use-listener=true base state type true does not create a draft" name="base functionality - auto-freeze=false:shallow-copy=false:use-listener=true base state type true does not create a draft" time="0.001">
    </testcase>
    <testcase classname="base functionality - auto-freeze=false:shallow-copy=false:use-listener=true base state type true returns the base state when no changes are made" name="base functionality - auto-freeze=false:shallow-copy=false:use-listener=true base state type true returns the base state when no changes are made" time="0.004">
    </testcase>
    <testcase classname="base functionality - auto-freeze=false:shallow-copy=false:use-listener=true base state type false does not create a draft" name="base functionality - auto-freeze=false:shallow-copy=false:use-listener=true base state type false does not create a draft" time="0.003">
    </testcase>
    <testcase classname="base functionality - auto-freeze=false:shallow-copy=false:use-listener=true base state type false returns the base state when no changes are made" name="base functionality - auto-freeze=false:shallow-copy=false:use-listener=true base state type false returns the base state when no changes are made" time="0.006">
    </testcase>
    <testcase classname="base functionality - auto-freeze=false:shallow-copy=false:use-listener=true base state type empty string does not create a draft" name="base functionality - auto-freeze=false:shallow-copy=false:use-listener=true base state type empty string does not create a draft" time="0.002">
    </testcase>
    <testcase classname="base functionality - auto-freeze=false:shallow-copy=false:use-listener=true base state type empty string returns the base state when no changes are made" name="base functionality - auto-freeze=false:shallow-copy=false:use-listener=true base state type empty string returns the base state when no changes are made" time="0.002">
    </testcase>
    <testcase classname="base functionality - auto-freeze=false:shallow-copy=false:use-listener=true base state type truthy string does not create a draft" name="base functionality - auto-freeze=false:shallow-copy=false:use-listener=true base state type truthy string does not create a draft" time="0.002">
    </testcase>
    <testcase classname="base functionality - auto-freeze=false:shallow-copy=false:use-listener=true base state type truthy string returns the base state when no changes are made" name="base functionality - auto-freeze=false:shallow-copy=false:use-listener=true base state type truthy string returns the base state when no changes are made" time="0.001">
    </testcase>
    <testcase classname="base functionality - auto-freeze=false:shallow-copy=false:use-listener=true base state type null does not create a draft" name="base functionality - auto-freeze=false:shallow-copy=false:use-listener=true base state type null does not create a draft" time="0.002">
    </testcase>
    <testcase classname="base functionality - auto-freeze=false:shallow-copy=false:use-listener=true base state type null returns the base state when no changes are made" name="base functionality - auto-freeze=false:shallow-copy=false:use-listener=true base state type null returns the base state when no changes are made" time="0.001">
    </testcase>
    <testcase classname="base functionality - auto-freeze=false:shallow-copy=false:use-listener=true base state type undefined does not create a draft" name="base functionality - auto-freeze=false:shallow-copy=false:use-listener=true base state type undefined does not create a draft" time="0.001">
    </testcase>
    <testcase classname="base functionality - auto-freeze=false:shallow-copy=false:use-listener=true base state type undefined returns the base state when no changes are made" name="base functionality - auto-freeze=false:shallow-copy=false:use-listener=true base state type undefined returns the base state when no changes are made" time="0.002">
    </testcase>
    <testcase classname="base functionality - auto-freeze=false:shallow-copy=false:use-listener=true base state type function does not create a draft" name="base functionality - auto-freeze=false:shallow-copy=false:use-listener=true base state type function does not create a draft" time="0.002">
    </testcase>
    <testcase classname="base functionality - auto-freeze=false:shallow-copy=false:use-listener=true base state type function returns the base state when no changes are made" name="base functionality - auto-freeze=false:shallow-copy=false:use-listener=true base state type function returns the base state when no changes are made" time="0.001">
    </testcase>
    <testcase classname="base functionality - auto-freeze=false:shallow-copy=false:use-listener=true base state type regexp object does not return a copy when changes are made" name="base functionality - auto-freeze=false:shallow-copy=false:use-listener=true base state type regexp object does not return a copy when changes are made" time="0.002">
    </testcase>
    <testcase classname="base functionality - auto-freeze=false:shallow-copy=false:use-listener=true base state type boxed number does not return a copy when changes are made" name="base functionality - auto-freeze=false:shallow-copy=false:use-listener=true base state type boxed number does not return a copy when changes are made" time="0.001">
    </testcase>
    <testcase classname="base functionality - auto-freeze=false:shallow-copy=false:use-listener=true base state type boxed string does not return a copy when changes are made" name="base functionality - auto-freeze=false:shallow-copy=false:use-listener=true base state type boxed string does not return a copy when changes are made" time="0.003">
    </testcase>
    <testcase classname="base functionality - auto-freeze=false:shallow-copy=false:use-listener=true base state type boxed boolean does not return a copy when changes are made" name="base functionality - auto-freeze=false:shallow-copy=false:use-listener=true base state type boxed boolean does not return a copy when changes are made" time="0.002">
    </testcase>
    <testcase classname="base functionality - auto-freeze=false:shallow-copy=false:use-listener=true base state type date object does not return a copy when changes are made" name="base functionality - auto-freeze=false:shallow-copy=false:use-listener=true base state type date object does not return a copy when changes are made" time="0.002">
    </testcase>
    <testcase classname="base functionality - auto-freeze=false:shallow-copy=false:use-listener=true base state type class instance (not draftable) does not return a copy when changes are made" name="base functionality - auto-freeze=false:shallow-copy=false:use-listener=true base state type class instance (not draftable) does not return a copy when changes are made" time="0.004">
    </testcase>
    <testcase classname=" works with spread #524 - auto-freeze=false:shallow-copy=false:use-listener=true" name=" works with spread #524 - auto-freeze=false:shallow-copy=false:use-listener=true" time="0.003">
    </testcase>
    <testcase classname=" Something with nested producers #522 auto-freeze=false:shallow-copy=false:use-listener=true" name=" Something with nested producers #522 auto-freeze=false:shallow-copy=false:use-listener=true" time="0.002">
    </testcase>
    <testcase classname="isDraft - auto-freeze=false:shallow-copy=false:use-listener=true returns true for object drafts" name="isDraft - auto-freeze=false:shallow-copy=false:use-listener=true returns true for object drafts" time="0.001">
    </testcase>
    <testcase classname="isDraft - auto-freeze=false:shallow-copy=false:use-listener=true returns true for array drafts" name="isDraft - auto-freeze=false:shallow-copy=false:use-listener=true returns true for array drafts" time="0.001">
    </testcase>
    <testcase classname="isDraft - auto-freeze=false:shallow-copy=false:use-listener=true returns true for objects nested in object drafts" name="isDraft - auto-freeze=false:shallow-copy=false:use-listener=true returns true for objects nested in object drafts" time="0.001">
    </testcase>
    <testcase classname="isDraft - auto-freeze=false:shallow-copy=false:use-listener=true returns false for new objects added to a draft" name="isDraft - auto-freeze=false:shallow-copy=false:use-listener=true returns false for new objects added to a draft" time="0">
    </testcase>
    <testcase classname="isDraft - auto-freeze=false:shallow-copy=false:use-listener=true returns false for objects returned by the producer" name="isDraft - auto-freeze=false:shallow-copy=false:use-listener=true returns false for objects returned by the producer" time="0.003">
    </testcase>
    <testcase classname="isDraft - auto-freeze=false:shallow-copy=false:use-listener=true returns false for arrays returned by the producer" name="isDraft - auto-freeze=false:shallow-copy=false:use-listener=true returns false for arrays returned by the producer" time="0.002">
    </testcase>
    <testcase classname="isDraft - auto-freeze=false:shallow-copy=false:use-listener=true returns false for object drafts returned by the producer" name="isDraft - auto-freeze=false:shallow-copy=false:use-listener=true returns false for object drafts returned by the producer" time="0.001">
    </testcase>
    <testcase classname="isDraft - auto-freeze=false:shallow-copy=false:use-listener=true returns false for array drafts returned by the producer" name="isDraft - auto-freeze=false:shallow-copy=false:use-listener=true returns false for array drafts returned by the producer" time="0">
    </testcase>
    <testcase classname="complex nesting map / set / object modify deep object" name="complex nesting map / set / object modify deep object" time="0.004">
    </testcase>
    <testcase classname="complex nesting map / set / object modify deep object - keep value" name="complex nesting map / set / object modify deep object - keep value" time="0.003">
    </testcase>
    <testcase classname="base functionality - auto-freeze=false:shallow-copy=false:use-listener=false returns the original state when no changes are made" name="base functionality - auto-freeze=false:shallow-copy=false:use-listener=false returns the original state when no changes are made" time="0.001">
    </testcase>
    <testcase classname="base functionality - auto-freeze=false:shallow-copy=false:use-listener=false does structural sharing" name="base functionality - auto-freeze=false:shallow-copy=false:use-listener=false does structural sharing" time="0.001">
    </testcase>
    <testcase classname="base functionality - auto-freeze=false:shallow-copy=false:use-listener=false deep change bubbles up" name="base functionality - auto-freeze=false:shallow-copy=false:use-listener=false deep change bubbles up" time="0.002">
    </testcase>
    <testcase classname="base functionality - auto-freeze=false:shallow-copy=false:use-listener=false can add props" name="base functionality - auto-freeze=false:shallow-copy=false:use-listener=false can add props" time="0.003">
    </testcase>
    <testcase classname="base functionality - auto-freeze=false:shallow-copy=false:use-listener=false can delete props" name="base functionality - auto-freeze=false:shallow-copy=false:use-listener=false can delete props" time="0.002">
    </testcase>
    <testcase classname="base functionality - auto-freeze=false:shallow-copy=false:use-listener=false can delete props - 2" name="base functionality - auto-freeze=false:shallow-copy=false:use-listener=false can delete props - 2" time="0.001">
    </testcase>
    <testcase classname="base functionality - auto-freeze=false:shallow-copy=false:use-listener=false can delete props added in the producer" name="base functionality - auto-freeze=false:shallow-copy=false:use-listener=false can delete props added in the producer" time="0.005">
    </testcase>
    <testcase classname="base functionality - auto-freeze=false:shallow-copy=false:use-listener=false can set a property that was just deleted" name="base functionality - auto-freeze=false:shallow-copy=false:use-listener=false can set a property that was just deleted" time="0.001">
    </testcase>
    <testcase classname="base functionality - auto-freeze=false:shallow-copy=false:use-listener=false can set a property to its original value after deleting it" name="base functionality - auto-freeze=false:shallow-copy=false:use-listener=false can set a property to its original value after deleting it" time="0.001">
    </testcase>
    <testcase classname="base functionality - auto-freeze=false:shallow-copy=false:use-listener=false can get property descriptors" name="base functionality - auto-freeze=false:shallow-copy=false:use-listener=false can get property descriptors" time="0.005">
    </testcase>
    <testcase classname="base functionality - auto-freeze=false:shallow-copy=false:use-listener=false array drafts supports Array.isArray()" name="base functionality - auto-freeze=false:shallow-copy=false:use-listener=false array drafts supports Array.isArray()" time="0.002">
    </testcase>
    <testcase classname="base functionality - auto-freeze=false:shallow-copy=false:use-listener=false array drafts supports index access" name="base functionality - auto-freeze=false:shallow-copy=false:use-listener=false array drafts supports index access" time="0.002">
    </testcase>
    <testcase classname="base functionality - auto-freeze=false:shallow-copy=false:use-listener=false array drafts supports iteration" name="base functionality - auto-freeze=false:shallow-copy=false:use-listener=false array drafts supports iteration" time="0.003">
    </testcase>
    <testcase classname="base functionality - auto-freeze=false:shallow-copy=false:use-listener=false array drafts can assign an index via bracket notation" name="base functionality - auto-freeze=false:shallow-copy=false:use-listener=false array drafts can assign an index via bracket notation" time="0.002">
    </testcase>
    <testcase classname="base functionality - auto-freeze=false:shallow-copy=false:use-listener=false array drafts can use splice() to both add and remove items" name="base functionality - auto-freeze=false:shallow-copy=false:use-listener=false array drafts can use splice() to both add and remove items" time="0.002">
    </testcase>
    <testcase classname="base functionality - auto-freeze=false:shallow-copy=false:use-listener=false array drafts can truncate via the length property" name="base functionality - auto-freeze=false:shallow-copy=false:use-listener=false array drafts can truncate via the length property" time="0.001">
    </testcase>
    <testcase classname="base functionality - auto-freeze=false:shallow-copy=false:use-listener=false array drafts can extend via the length property" name="base functionality - auto-freeze=false:shallow-copy=false:use-listener=false array drafts can extend via the length property" time="0.001">
    </testcase>
    <testcase classname="base functionality - auto-freeze=false:shallow-copy=false:use-listener=false array drafts can pop then push" name="base functionality - auto-freeze=false:shallow-copy=false:use-listener=false array drafts can pop then push" time="0.002">
    </testcase>
    <testcase classname="base functionality - auto-freeze=false:shallow-copy=false:use-listener=false array drafts can be sorted" name="base functionality - auto-freeze=false:shallow-copy=false:use-listener=false array drafts can be sorted" time="0.002">
    </testcase>
    <testcase classname="base functionality - auto-freeze=false:shallow-copy=false:use-listener=false array drafts supports modifying nested objects" name="base functionality - auto-freeze=false:shallow-copy=false:use-listener=false array drafts supports modifying nested objects" time="0.005">
    </testcase>
    <testcase classname="base functionality - auto-freeze=false:shallow-copy=false:use-listener=false array drafts never preserves non-numeric properties" name="base functionality - auto-freeze=false:shallow-copy=false:use-listener=false array drafts never preserves non-numeric properties" time="0.002">
    </testcase>
    <testcase classname="base functionality - auto-freeze=false:shallow-copy=false:use-listener=false array drafts throws when a non-numeric property is added" name="base functionality - auto-freeze=false:shallow-copy=false:use-listener=false array drafts throws when a non-numeric property is added" time="0.002">
    </testcase>
    <testcase classname="base functionality - auto-freeze=false:shallow-copy=false:use-listener=false array drafts throws when a non-numeric property is deleted" name="base functionality - auto-freeze=false:shallow-copy=false:use-listener=false array drafts throws when a non-numeric property is deleted" time="0.003">
    </testcase>
    <testcase classname="base functionality - auto-freeze=false:shallow-copy=false:use-listener=false map drafts supports key access" name="base functionality - auto-freeze=false:shallow-copy=false:use-listener=false map drafts supports key access" time="0.002">
    </testcase>
    <testcase classname="base functionality - auto-freeze=false:shallow-copy=false:use-listener=false map drafts supports key access for non-primitive keys" name="base functionality - auto-freeze=false:shallow-copy=false:use-listener=false map drafts supports key access for non-primitive keys" time="0.001">
    </testcase>
    <testcase classname="base functionality - auto-freeze=false:shallow-copy=false:use-listener=false map drafts supports iteration" name="base functionality - auto-freeze=false:shallow-copy=false:use-listener=false map drafts supports iteration" time="0.004">
    </testcase>
    <testcase classname="base functionality - auto-freeze=false:shallow-copy=false:use-listener=false map drafts supports &apos;entries&apos;" name="base functionality - auto-freeze=false:shallow-copy=false:use-listener=false map drafts supports &apos;entries&apos;" time="0.003">
    </testcase>
    <testcase classname="base functionality - auto-freeze=false:shallow-copy=false:use-listener=false map drafts supports &apos;values&apos;" name="base functionality - auto-freeze=false:shallow-copy=false:use-listener=false map drafts supports &apos;values&apos;" time="0.004">
    </testcase>
    <testcase classname="base functionality - auto-freeze=false:shallow-copy=false:use-listener=false map drafts supports &apos;keys" name="base functionality - auto-freeze=false:shallow-copy=false:use-listener=false map drafts supports &apos;keys" time="0.002">
    </testcase>
    <testcase classname="base functionality - auto-freeze=false:shallow-copy=false:use-listener=false map drafts supports forEach" name="base functionality - auto-freeze=false:shallow-copy=false:use-listener=false map drafts supports forEach" time="0.003">
    </testcase>
    <testcase classname="base functionality - auto-freeze=false:shallow-copy=false:use-listener=false map drafts supports forEach mutation" name="base functionality - auto-freeze=false:shallow-copy=false:use-listener=false map drafts supports forEach mutation" time="0.004">
    </testcase>
    <testcase classname="base functionality - auto-freeze=false:shallow-copy=false:use-listener=false map drafts can assign by key" name="base functionality - auto-freeze=false:shallow-copy=false:use-listener=false map drafts can assign by key" time="0.003">
    </testcase>
    <testcase classname="base functionality - auto-freeze=false:shallow-copy=false:use-listener=false map drafts can assign by a non-primitive key" name="base functionality - auto-freeze=false:shallow-copy=false:use-listener=false map drafts can assign by a non-primitive key" time="0.002">
    </testcase>
    <testcase classname="base functionality - auto-freeze=false:shallow-copy=false:use-listener=false map drafts state stays the same if the the same item is assigned by key" name="base functionality - auto-freeze=false:shallow-copy=false:use-listener=false map drafts state stays the same if the the same item is assigned by key" time="0.001">
    </testcase>
    <testcase classname="base functionality - auto-freeze=false:shallow-copy=false:use-listener=false map drafts returns &apos;size&apos;" name="base functionality - auto-freeze=false:shallow-copy=false:use-listener=false map drafts returns &apos;size&apos;" time="0.002">
    </testcase>
    <testcase classname="base functionality - auto-freeze=false:shallow-copy=false:use-listener=false map drafts can use &apos;delete&apos; to remove items" name="base functionality - auto-freeze=false:shallow-copy=false:use-listener=false map drafts can use &apos;delete&apos; to remove items" time="0.003">
    </testcase>
    <testcase classname="base functionality - auto-freeze=false:shallow-copy=false:use-listener=false map drafts can use &apos;clear&apos; to remove items" name="base functionality - auto-freeze=false:shallow-copy=false:use-listener=false map drafts can use &apos;clear&apos; to remove items" time="0.002">
    </testcase>
    <testcase classname="base functionality - auto-freeze=false:shallow-copy=false:use-listener=false map drafts support &apos;has&apos;" name="base functionality - auto-freeze=false:shallow-copy=false:use-listener=false map drafts support &apos;has&apos;" time="0.001">
    </testcase>
    <testcase classname="base functionality - auto-freeze=false:shallow-copy=false:use-listener=false map drafts supports nested maps" name="base functionality - auto-freeze=false:shallow-copy=false:use-listener=false map drafts supports nested maps" time="0.002">
    </testcase>
    <testcase classname="base functionality - auto-freeze=false:shallow-copy=false:use-listener=false map drafts treats void deletes as no-op" name="base functionality - auto-freeze=false:shallow-copy=false:use-listener=false map drafts treats void deletes as no-op" time="0.001">
    </testcase>
    <testcase classname="base functionality - auto-freeze=false:shallow-copy=false:use-listener=false map drafts revokes map proxies" name="base functionality - auto-freeze=false:shallow-copy=false:use-listener=false map drafts revokes map proxies" time="0.002">
    </testcase>
    <testcase classname="base functionality - auto-freeze=false:shallow-copy=false:use-listener=false map drafts does not draft map keys" name="base functionality - auto-freeze=false:shallow-copy=false:use-listener=false map drafts does not draft map keys" time="0.002">
    </testcase>
    <testcase classname="base functionality - auto-freeze=false:shallow-copy=false:use-listener=false map drafts does support instanceof Map" name="base functionality - auto-freeze=false:shallow-copy=false:use-listener=false map drafts does support instanceof Map" time="0.002">
    </testcase>
    <testcase classname="base functionality - auto-freeze=false:shallow-copy=false:use-listener=false map drafts handles clear correctly" name="base functionality - auto-freeze=false:shallow-copy=false:use-listener=false map drafts handles clear correctly" time="0.003">
    </testcase>
    <testcase classname="base functionality - auto-freeze=false:shallow-copy=false:use-listener=false set drafts supports iteration" name="base functionality - auto-freeze=false:shallow-copy=false:use-listener=false set drafts supports iteration" time="0.002">
    </testcase>
    <testcase classname="base functionality - auto-freeze=false:shallow-copy=false:use-listener=false set drafts supports &apos;entries&apos;" name="base functionality - auto-freeze=false:shallow-copy=false:use-listener=false set drafts supports &apos;entries&apos;" time="0.002">
    </testcase>
    <testcase classname="base functionality - auto-freeze=false:shallow-copy=false:use-listener=false set drafts supports &apos;values&apos;" name="base functionality - auto-freeze=false:shallow-copy=false:use-listener=false set drafts supports &apos;values&apos;" time="0.004">
    </testcase>
    <testcase classname="base functionality - auto-freeze=false:shallow-copy=false:use-listener=false set drafts supports &apos;keys&apos;" name="base functionality - auto-freeze=false:shallow-copy=false:use-listener=false set drafts supports &apos;keys&apos;" time="0.004">
    </testcase>
    <testcase classname="base functionality - auto-freeze=false:shallow-copy=false:use-listener=false set drafts supports forEach with mutation after reads" name="base functionality - auto-freeze=false:shallow-copy=false:use-listener=false set drafts supports forEach with mutation after reads" time="0.004">
    </testcase>
    <testcase classname="base functionality - auto-freeze=false:shallow-copy=false:use-listener=false set drafts state stays the same if the same item is added" name="base functionality - auto-freeze=false:shallow-copy=false:use-listener=false set drafts state stays the same if the same item is added" time="0.002">
    </testcase>
    <testcase classname="base functionality - auto-freeze=false:shallow-copy=false:use-listener=false set drafts can add new items" name="base functionality - auto-freeze=false:shallow-copy=false:use-listener=false set drafts can add new items" time="0.003">
    </testcase>
    <testcase classname="base functionality - auto-freeze=false:shallow-copy=false:use-listener=false set drafts returns &apos;size&apos;" name="base functionality - auto-freeze=false:shallow-copy=false:use-listener=false set drafts returns &apos;size&apos;" time="0.002">
    </testcase>
    <testcase classname="base functionality - auto-freeze=false:shallow-copy=false:use-listener=false set drafts can use &apos;delete&apos; to remove items" name="base functionality - auto-freeze=false:shallow-copy=false:use-listener=false set drafts can use &apos;delete&apos; to remove items" time="0.002">
    </testcase>
    <testcase classname="base functionality - auto-freeze=false:shallow-copy=false:use-listener=false set drafts can use &apos;clear&apos; to remove items" name="base functionality - auto-freeze=false:shallow-copy=false:use-listener=false set drafts can use &apos;clear&apos; to remove items" time="0.006">
    </testcase>
    <testcase classname="base functionality - auto-freeze=false:shallow-copy=false:use-listener=false set drafts supports &apos;has&apos;" name="base functionality - auto-freeze=false:shallow-copy=false:use-listener=false set drafts supports &apos;has&apos;" time="0.003">
    </testcase>
    <testcase classname="base functionality - auto-freeze=false:shallow-copy=false:use-listener=false set drafts supports nested sets" name="base functionality - auto-freeze=false:shallow-copy=false:use-listener=false set drafts supports nested sets" time="0.003">
    </testcase>
    <testcase classname="base functionality - auto-freeze=false:shallow-copy=false:use-listener=false set drafts supports has / delete on elements from the original" name="base functionality - auto-freeze=false:shallow-copy=false:use-listener=false set drafts supports has / delete on elements from the original" time="0.003">
    </testcase>
    <testcase classname="base functionality - auto-freeze=false:shallow-copy=false:use-listener=false set drafts revokes sets" name="base functionality - auto-freeze=false:shallow-copy=false:use-listener=false set drafts revokes sets" time="0.003">
    </testcase>
    <testcase classname="base functionality - auto-freeze=false:shallow-copy=false:use-listener=false set drafts does support instanceof Set" name="base functionality - auto-freeze=false:shallow-copy=false:use-listener=false set drafts does support instanceof Set" time="0.004">
    </testcase>
    <testcase classname="base functionality - auto-freeze=false:shallow-copy=false:use-listener=false supports `immerable` symbol on constructor" name="base functionality - auto-freeze=false:shallow-copy=false:use-listener=false supports `immerable` symbol on constructor" time="0.002">
    </testcase>
    <testcase classname="base functionality - auto-freeze=false:shallow-copy=false:use-listener=false preserves symbol properties" name="base functionality - auto-freeze=false:shallow-copy=false:use-listener=false preserves symbol properties" time="0.002">
    </testcase>
    <testcase classname="base functionality - auto-freeze=false:shallow-copy=false:use-listener=false preserves non-enumerable properties" name="base functionality - auto-freeze=false:shallow-copy=false:use-listener=false preserves non-enumerable properties" time="0.002">
    </testcase>
    <testcase classname="base functionality - auto-freeze=false:shallow-copy=false:use-listener=false can work with own computed props" name="base functionality - auto-freeze=false:shallow-copy=false:use-listener=false can work with own computed props" time="0.002">
    </testcase>
    <testcase classname="base functionality - auto-freeze=false:shallow-copy=false:use-listener=false can work with class with computed props" name="base functionality - auto-freeze=false:shallow-copy=false:use-listener=false can work with class with computed props" time="0.002">
    </testcase>
    <testcase classname="base functionality - auto-freeze=false:shallow-copy=false:use-listener=false allows inherited computed properties" name="base functionality - auto-freeze=false:shallow-copy=false:use-listener=false allows inherited computed properties" time="0.001">
    </testcase>
    <testcase classname="base functionality - auto-freeze=false:shallow-copy=false:use-listener=false optimization: does not visit properties of new data structures if autofreeze is disabled and no drafts are unfinalized" name="base functionality - auto-freeze=false:shallow-copy=false:use-listener=false optimization: does not visit properties of new data structures if autofreeze is disabled and no drafts are unfinalized" time="0.005">
    </testcase>
    <testcase classname="base functionality - auto-freeze=false:shallow-copy=false:use-listener=false same optimization doesn&apos;t cause draft from nested producers to be unfinished" name="base functionality - auto-freeze=false:shallow-copy=false:use-listener=false same optimization doesn&apos;t cause draft from nested producers to be unfinished" time="0.002">
    </testcase>
    <testcase classname="base functionality - auto-freeze=false:shallow-copy=false:use-listener=false supports a base state with multiple references to an object" name="base functionality - auto-freeze=false:shallow-copy=false:use-listener=false supports a base state with multiple references to an object" time="0.002">
    </testcase>
    <testcase classname="base functionality - auto-freeze=false:shallow-copy=false:use-listener=false supports multiple references to any modified draft" name="base functionality - auto-freeze=false:shallow-copy=false:use-listener=false supports multiple references to any modified draft" time="0.001">
    </testcase>
    <testcase classname="base functionality - auto-freeze=false:shallow-copy=false:use-listener=false can rename nested objects (no changes)" name="base functionality - auto-freeze=false:shallow-copy=false:use-listener=false can rename nested objects (no changes)" time="0.001">
    </testcase>
    <testcase classname="base functionality - auto-freeze=false:shallow-copy=false:use-listener=false can rename nested objects (with changes)" name="base functionality - auto-freeze=false:shallow-copy=false:use-listener=false can rename nested objects (with changes)" time="0.002">
    </testcase>
    <testcase classname="base functionality - auto-freeze=false:shallow-copy=false:use-listener=false can nest a draft in a new object (no changes)" name="base functionality - auto-freeze=false:shallow-copy=false:use-listener=false can nest a draft in a new object (no changes)" time="0.002">
    </testcase>
    <testcase classname="base functionality - auto-freeze=false:shallow-copy=false:use-listener=false can nest a modified draft in a new object" name="base functionality - auto-freeze=false:shallow-copy=false:use-listener=false can nest a modified draft in a new object" time="0.005">
    </testcase>
    <testcase classname="base functionality - auto-freeze=false:shallow-copy=false:use-listener=false supports assigning undefined to an existing property" name="base functionality - auto-freeze=false:shallow-copy=false:use-listener=false supports assigning undefined to an existing property" time="0.003">
    </testcase>
    <testcase classname="base functionality - auto-freeze=false:shallow-copy=false:use-listener=false supports assigning undefined to a new property" name="base functionality - auto-freeze=false:shallow-copy=false:use-listener=false supports assigning undefined to a new property" time="0.002">
    </testcase>
    <testcase classname="base functionality - auto-freeze=false:shallow-copy=false:use-listener=false revokes the draft once produce returns" name="base functionality - auto-freeze=false:shallow-copy=false:use-listener=false revokes the draft once produce returns" time="0.004">
    </testcase>
    <testcase classname="base functionality - auto-freeze=false:shallow-copy=false:use-listener=false can access a child draft that was created before the draft was modified" name="base functionality - auto-freeze=false:shallow-copy=false:use-listener=false can access a child draft that was created before the draft was modified" time="0.001">
    </testcase>
    <testcase classname="base functionality - auto-freeze=false:shallow-copy=false:use-listener=false should reflect all changes made in the draft immediately" name="base functionality - auto-freeze=false:shallow-copy=false:use-listener=false should reflect all changes made in the draft immediately" time="0.002">
    </testcase>
    <testcase classname="base functionality - auto-freeze=false:shallow-copy=false:use-listener=false throws when Object.defineProperty() is used on drafts" name="base functionality - auto-freeze=false:shallow-copy=false:use-listener=false throws when Object.defineProperty() is used on drafts" time="0.005">
    </testcase>
    <testcase classname="base functionality - auto-freeze=false:shallow-copy=false:use-listener=false should handle constructor correctly" name="base functionality - auto-freeze=false:shallow-copy=false:use-listener=false should handle constructor correctly" time="0.001">
    </testcase>
    <testcase classname="base functionality - auto-freeze=false:shallow-copy=false:use-listener=false should handle equality correctly - 1" name="base functionality - auto-freeze=false:shallow-copy=false:use-listener=false should handle equality correctly - 1" time="0.002">
    </testcase>
    <testcase classname="base functionality - auto-freeze=false:shallow-copy=false:use-listener=false should handle equality correctly - 2" name="base functionality - auto-freeze=false:shallow-copy=false:use-listener=false should handle equality correctly - 2" time="0.002">
    </testcase>
    <testcase classname="base functionality - auto-freeze=false:shallow-copy=false:use-listener=false should handle equality correctly - 3" name="base functionality - auto-freeze=false:shallow-copy=false:use-listener=false should handle equality correctly - 3" time="0.002">
    </testcase>
    <testcase classname="base functionality - auto-freeze=false:shallow-copy=false:use-listener=false nested producers when base state is not a draft never affects its parent producer implicitly" name="base functionality - auto-freeze=false:shallow-copy=false:use-listener=false nested producers when base state is not a draft never affects its parent producer implicitly" time="0.001">
    </testcase>
    <testcase classname="base functionality - auto-freeze=false:shallow-copy=false:use-listener=false nested producers when base state is a draft always wraps the draft in a new draft" name="base functionality - auto-freeze=false:shallow-copy=false:use-listener=false nested producers when base state is a draft always wraps the draft in a new draft" time="0.002">
    </testcase>
    <testcase classname="base functionality - auto-freeze=false:shallow-copy=false:use-listener=false nested producers when base state is a draft ensures each property is drafted" name="base functionality - auto-freeze=false:shallow-copy=false:use-listener=false nested producers when base state is a draft ensures each property is drafted" time="0.006">
    </testcase>
    <testcase classname="base functionality - auto-freeze=false:shallow-copy=false:use-listener=false nested producers when base state is a draft preserves any pending changes" name="base functionality - auto-freeze=false:shallow-copy=false:use-listener=false nested producers when base state is a draft preserves any pending changes" time="0.003">
    </testcase>
    <testcase classname="base functionality - auto-freeze=false:shallow-copy=false:use-listener=false nested producers when base state contains a draft wraps unowned draft with its own draft" name="base functionality - auto-freeze=false:shallow-copy=false:use-listener=false nested producers when base state contains a draft wraps unowned draft with its own draft" time="0.002">
    </testcase>
    <testcase classname="base functionality - auto-freeze=false:shallow-copy=false:use-listener=false nested producers when base state contains a draft returns unowned draft if no changes were made" name="base functionality - auto-freeze=false:shallow-copy=false:use-listener=false nested producers when base state contains a draft returns unowned draft if no changes were made" time="0.001">
    </testcase>
    <testcase classname="base functionality - auto-freeze=false:shallow-copy=false:use-listener=false nested producers when base state contains a draft clones the unowned draft when changes are made" name="base functionality - auto-freeze=false:shallow-copy=false:use-listener=false nested producers when base state contains a draft clones the unowned draft when changes are made" time="0.001">
    </testcase>
    <testcase classname="base functionality - auto-freeze=false:shallow-copy=false:use-listener=false nested producers when base state contains a draft never auto-freezes the result" name="base functionality - auto-freeze=false:shallow-copy=false:use-listener=false nested producers when base state contains a draft never auto-freezes the result" time="0.001">
    </testcase>
    <testcase classname="base functionality - auto-freeze=false:shallow-copy=false:use-listener=false nested producers does not finalize upvalue drafts" name="base functionality - auto-freeze=false:shallow-copy=false:use-listener=false nested producers does not finalize upvalue drafts" time="0.005">
    </testcase>
    <testcase classname="base functionality - auto-freeze=false:shallow-copy=false:use-listener=false nested producers works with interweaved Immer instances" name="base functionality - auto-freeze=false:shallow-copy=false:use-listener=false nested producers works with interweaved Immer instances" time="0.002">
    </testcase>
    <testcase classname="base functionality - auto-freeze=false:shallow-copy=false:use-listener=false throws when Object.setPrototypeOf() is used on a draft" name="base functionality - auto-freeze=false:shallow-copy=false:use-listener=false throws when Object.setPrototypeOf() is used on a draft" time="0.002">
    </testcase>
    <testcase classname="base functionality - auto-freeze=false:shallow-copy=false:use-listener=false supports the &apos;in&apos; operator" name="base functionality - auto-freeze=false:shallow-copy=false:use-listener=false supports the &apos;in&apos; operator" time="0.003">
    </testcase>
    <testcase classname="base functionality - auto-freeze=false:shallow-copy=false:use-listener=false &apos;this&apos; should not be bound anymore - 1" name="base functionality - auto-freeze=false:shallow-copy=false:use-listener=false &apos;this&apos; should not be bound anymore - 1" time="0.002">
    </testcase>
    <testcase classname="base functionality - auto-freeze=false:shallow-copy=false:use-listener=false &apos;this&apos; should not be bound anymore - 2" name="base functionality - auto-freeze=false:shallow-copy=false:use-listener=false &apos;this&apos; should not be bound anymore - 2" time="0.001">
    </testcase>
    <testcase classname="base functionality - auto-freeze=false:shallow-copy=false:use-listener=false should be possible to use dynamic bound this" name="base functionality - auto-freeze=false:shallow-copy=false:use-listener=false should be possible to use dynamic bound this" time="0.001">
    </testcase>
    <testcase classname="base functionality - auto-freeze=false:shallow-copy=false:use-listener=false doesnt recurse into frozen structures if external data is frozen" name="base functionality - auto-freeze=false:shallow-copy=false:use-listener=false doesnt recurse into frozen structures if external data is frozen" time="0.001">
    </testcase>
    <testcase classname="base functionality - auto-freeze=false:shallow-copy=false:use-listener=false supports the spread operator" name="base functionality - auto-freeze=false:shallow-copy=false:use-listener=false supports the spread operator" time="0.001">
    </testcase>
    <testcase classname="base functionality - auto-freeze=false:shallow-copy=false:use-listener=false processes with lodash.set" name="base functionality - auto-freeze=false:shallow-copy=false:use-listener=false processes with lodash.set" time="0.002">
    </testcase>
    <testcase classname="base functionality - auto-freeze=false:shallow-copy=false:use-listener=false processes with lodash.find" name="base functionality - auto-freeze=false:shallow-copy=false:use-listener=false processes with lodash.find" time="0.006">
    </testcase>
    <testcase classname="base functionality - auto-freeze=false:shallow-copy=false:use-listener=false does not draft external data" name="base functionality - auto-freeze=false:shallow-copy=false:use-listener=false does not draft external data" time="0.002">
    </testcase>
    <testcase classname="base functionality - auto-freeze=false:shallow-copy=false:use-listener=false does not create new state unnecessary, #491" name="base functionality - auto-freeze=false:shallow-copy=false:use-listener=false does not create new state unnecessary, #491" time="0.002">
    </testcase>
    <testcase classname="base functionality - auto-freeze=false:shallow-copy=false:use-listener=false recipe functions can return a new object" name="base functionality - auto-freeze=false:shallow-copy=false:use-listener=false recipe functions can return a new object" time="0.004">
    </testcase>
    <testcase classname="base functionality - auto-freeze=false:shallow-copy=false:use-listener=false recipe functions can return the draft" name="base functionality - auto-freeze=false:shallow-copy=false:use-listener=false recipe functions can return the draft" time="0.001">
    </testcase>
    <testcase classname="base functionality - auto-freeze=false:shallow-copy=false:use-listener=false recipe functions can return an unmodified child draft" name="base functionality - auto-freeze=false:shallow-copy=false:use-listener=false recipe functions can return an unmodified child draft" time="0.001">
    </testcase>
    <testcase classname="base functionality - auto-freeze=false:shallow-copy=false:use-listener=false recipe functions cannot return a modified child draft" name="base functionality - auto-freeze=false:shallow-copy=false:use-listener=false recipe functions cannot return a modified child draft" time="0.005">
    </testcase>
    <testcase classname="base functionality - auto-freeze=false:shallow-copy=false:use-listener=false recipe functions can return a frozen object" name="base functionality - auto-freeze=false:shallow-copy=false:use-listener=false recipe functions can return a frozen object" time="0.002">
    </testcase>
    <testcase classname="base functionality - auto-freeze=false:shallow-copy=false:use-listener=false recipe functions can return an object with two references to another object" name="base functionality - auto-freeze=false:shallow-copy=false:use-listener=false recipe functions can return an object with two references to another object" time="0.002">
    </testcase>
    <testcase classname="base functionality - auto-freeze=false:shallow-copy=false:use-listener=false recipe functions can return an object with two references to an unmodified draft" name="base functionality - auto-freeze=false:shallow-copy=false:use-listener=false recipe functions can return an object with two references to an unmodified draft" time="0.001">
    </testcase>
    <testcase classname="base functionality - auto-freeze=false:shallow-copy=false:use-listener=false recipe functions cannot return an object that references itself" name="base functionality - auto-freeze=false:shallow-copy=false:use-listener=false recipe functions cannot return an object that references itself" time="0.011">
    </testcase>
    <testcase classname="base functionality - auto-freeze=false:shallow-copy=false:use-listener=false throws when the draft is modified and another object is returned" name="base functionality - auto-freeze=false:shallow-copy=false:use-listener=false throws when the draft is modified and another object is returned" time="0.001">
    </testcase>
    <testcase classname="base functionality - auto-freeze=false:shallow-copy=false:use-listener=false should fix #117 - 1" name="base functionality - auto-freeze=false:shallow-copy=false:use-listener=false should fix #117 - 1" time="0.002">
    </testcase>
    <testcase classname="base functionality - auto-freeze=false:shallow-copy=false:use-listener=false should fix #117 - 2" name="base functionality - auto-freeze=false:shallow-copy=false:use-listener=false should fix #117 - 2" time="0.001">
    </testcase>
    <testcase classname="base functionality - auto-freeze=false:shallow-copy=false:use-listener=false cannot always detect noop assignments - 0" name="base functionality - auto-freeze=false:shallow-copy=false:use-listener=false cannot always detect noop assignments - 0" time="0.002">
    </testcase>
    <testcase classname="base functionality - auto-freeze=false:shallow-copy=false:use-listener=false cannot always detect noop assignments - 1" name="base functionality - auto-freeze=false:shallow-copy=false:use-listener=false cannot always detect noop assignments - 1" time="0.001">
    </testcase>
    <testcase classname="base functionality - auto-freeze=false:shallow-copy=false:use-listener=false cannot always detect noop assignments - 2" name="base functionality - auto-freeze=false:shallow-copy=false:use-listener=false cannot always detect noop assignments - 2" time="0.002">
    </testcase>
    <testcase classname="base functionality - auto-freeze=false:shallow-copy=false:use-listener=false cannot always detect noop assignments - 3" name="base functionality - auto-freeze=false:shallow-copy=false:use-listener=false cannot always detect noop assignments - 3" time="0.004">
    </testcase>
    <testcase classname="base functionality - auto-freeze=false:shallow-copy=false:use-listener=false cannot always detect noop assignments - 4" name="base functionality - auto-freeze=false:shallow-copy=false:use-listener=false cannot always detect noop assignments - 4" time="0.002">
    </testcase>
    <testcase classname="base functionality - auto-freeze=false:shallow-copy=false:use-listener=false cannot always detect noop assignments - 4" name="base functionality - auto-freeze=false:shallow-copy=false:use-listener=false cannot always detect noop assignments - 4" time="0.003">
    </testcase>
    <testcase classname="base functionality - auto-freeze=false:shallow-copy=false:use-listener=false cannot produce undefined by returning undefined" name="base functionality - auto-freeze=false:shallow-copy=false:use-listener=false cannot produce undefined by returning undefined" time="0.004">
    </testcase>
    <testcase classname="base functionality - auto-freeze=false:shallow-copy=false:use-listener=false base state type empty object creates a draft" name="base functionality - auto-freeze=false:shallow-copy=false:use-listener=false base state type empty object creates a draft" time="0.002">
    </testcase>
    <testcase classname="base functionality - auto-freeze=false:shallow-copy=false:use-listener=false base state type empty object preserves the prototype" name="base functionality - auto-freeze=false:shallow-copy=false:use-listener=false base state type empty object preserves the prototype" time="0.004">
    </testcase>
    <testcase classname="base functionality - auto-freeze=false:shallow-copy=false:use-listener=false base state type empty object returns the base state when no changes are made" name="base functionality - auto-freeze=false:shallow-copy=false:use-listener=false base state type empty object returns the base state when no changes are made" time="0.004">
    </testcase>
    <testcase classname="base functionality - auto-freeze=false:shallow-copy=false:use-listener=false base state type empty object returns a copy when changes are made" name="base functionality - auto-freeze=false:shallow-copy=false:use-listener=false base state type empty object returns a copy when changes are made" time="0.003">
    </testcase>
    <testcase classname="base functionality - auto-freeze=false:shallow-copy=false:use-listener=false base state type empty object (frozen) creates a draft" name="base functionality - auto-freeze=false:shallow-copy=false:use-listener=false base state type empty object (frozen) creates a draft" time="0.001">
    </testcase>
    <testcase classname="base functionality - auto-freeze=false:shallow-copy=false:use-listener=false base state type empty object (frozen) preserves the prototype" name="base functionality - auto-freeze=false:shallow-copy=false:use-listener=false base state type empty object (frozen) preserves the prototype" time="0.001">
    </testcase>
    <testcase classname="base functionality - auto-freeze=false:shallow-copy=false:use-listener=false base state type empty object (frozen) returns the base state when no changes are made" name="base functionality - auto-freeze=false:shallow-copy=false:use-listener=false base state type empty object (frozen) returns the base state when no changes are made" time="0.001">
    </testcase>
    <testcase classname="base functionality - auto-freeze=false:shallow-copy=false:use-listener=false base state type empty object (frozen) returns a copy when changes are made" name="base functionality - auto-freeze=false:shallow-copy=false:use-listener=false base state type empty object (frozen) returns a copy when changes are made" time="0.001">
    </testcase>
    <testcase classname="base functionality - auto-freeze=false:shallow-copy=false:use-listener=false base state type plain object creates a draft" name="base functionality - auto-freeze=false:shallow-copy=false:use-listener=false base state type plain object creates a draft" time="0.003">
    </testcase>
    <testcase classname="base functionality - auto-freeze=false:shallow-copy=false:use-listener=false base state type plain object preserves the prototype" name="base functionality - auto-freeze=false:shallow-copy=false:use-listener=false base state type plain object preserves the prototype" time="0.003">
    </testcase>
    <testcase classname="base functionality - auto-freeze=false:shallow-copy=false:use-listener=false base state type plain object returns the base state when no changes are made" name="base functionality - auto-freeze=false:shallow-copy=false:use-listener=false base state type plain object returns the base state when no changes are made" time="0.002">
    </testcase>
    <testcase classname="base functionality - auto-freeze=false:shallow-copy=false:use-listener=false base state type plain object returns a copy when changes are made" name="base functionality - auto-freeze=false:shallow-copy=false:use-listener=false base state type plain object returns a copy when changes are made" time="0.002">
    </testcase>
    <testcase classname="base functionality - auto-freeze=false:shallow-copy=false:use-listener=false base state type plain object (frozen) creates a draft" name="base functionality - auto-freeze=false:shallow-copy=false:use-listener=false base state type plain object (frozen) creates a draft" time="0.001">
    </testcase>
    <testcase classname="base functionality - auto-freeze=false:shallow-copy=false:use-listener=false base state type plain object (frozen) preserves the prototype" name="base functionality - auto-freeze=false:shallow-copy=false:use-listener=false base state type plain object (frozen) preserves the prototype" time="0.001">
    </testcase>
    <testcase classname="base functionality - auto-freeze=false:shallow-copy=false:use-listener=false base state type plain object (frozen) returns the base state when no changes are made" name="base functionality - auto-freeze=false:shallow-copy=false:use-listener=false base state type plain object (frozen) returns the base state when no changes are made" time="0.001">
    </testcase>
    <testcase classname="base functionality - auto-freeze=false:shallow-copy=false:use-listener=false base state type plain object (frozen) returns a copy when changes are made" name="base functionality - auto-freeze=false:shallow-copy=false:use-listener=false base state type plain object (frozen) returns a copy when changes are made" time="0.001">
    </testcase>
    <testcase classname="base functionality - auto-freeze=false:shallow-copy=false:use-listener=false base state type empty array creates a draft" name="base functionality - auto-freeze=false:shallow-copy=false:use-listener=false base state type empty array creates a draft" time="0.002">
    </testcase>
    <testcase classname="base functionality - auto-freeze=false:shallow-copy=false:use-listener=false base state type empty array preserves the prototype" name="base functionality - auto-freeze=false:shallow-copy=false:use-listener=false base state type empty array preserves the prototype" time="0.002">
    </testcase>
    <testcase classname="base functionality - auto-freeze=false:shallow-copy=false:use-listener=false base state type empty array returns the base state when no changes are made" name="base functionality - auto-freeze=false:shallow-copy=false:use-listener=false base state type empty array returns the base state when no changes are made" time="0.004">
    </testcase>
    <testcase classname="base functionality - auto-freeze=false:shallow-copy=false:use-listener=false base state type empty array returns a copy when changes are made" name="base functionality - auto-freeze=false:shallow-copy=false:use-listener=false base state type empty array returns a copy when changes are made" time="0.001">
    </testcase>
    <testcase classname="base functionality - auto-freeze=false:shallow-copy=false:use-listener=false base state type empty array (frozen) creates a draft" name="base functionality - auto-freeze=false:shallow-copy=false:use-listener=false base state type empty array (frozen) creates a draft" time="0.001">
    </testcase>
    <testcase classname="base functionality - auto-freeze=false:shallow-copy=false:use-listener=false base state type empty array (frozen) preserves the prototype" name="base functionality - auto-freeze=false:shallow-copy=false:use-listener=false base state type empty array (frozen) preserves the prototype" time="0.001">
    </testcase>
    <testcase classname="base functionality - auto-freeze=false:shallow-copy=false:use-listener=false base state type empty array (frozen) returns the base state when no changes are made" name="base functionality - auto-freeze=false:shallow-copy=false:use-listener=false base state type empty array (frozen) returns the base state when no changes are made" time="0">
    </testcase>
    <testcase classname="base functionality - auto-freeze=false:shallow-copy=false:use-listener=false base state type empty array (frozen) returns a copy when changes are made" name="base functionality - auto-freeze=false:shallow-copy=false:use-listener=false base state type empty array (frozen) returns a copy when changes are made" time="0.001">
    </testcase>
    <testcase classname="base functionality - auto-freeze=false:shallow-copy=false:use-listener=false base state type plain array creates a draft" name="base functionality - auto-freeze=false:shallow-copy=false:use-listener=false base state type plain array creates a draft" time="0.001">
    </testcase>
    <testcase classname="base functionality - auto-freeze=false:shallow-copy=false:use-listener=false base state type plain array preserves the prototype" name="base functionality - auto-freeze=false:shallow-copy=false:use-listener=false base state type plain array preserves the prototype" time="0.001">
    </testcase>
    <testcase classname="base functionality - auto-freeze=false:shallow-copy=false:use-listener=false base state type plain array returns the base state when no changes are made" name="base functionality - auto-freeze=false:shallow-copy=false:use-listener=false base state type plain array returns the base state when no changes are made" time="0.001">
    </testcase>
    <testcase classname="base functionality - auto-freeze=false:shallow-copy=false:use-listener=false base state type plain array returns a copy when changes are made" name="base functionality - auto-freeze=false:shallow-copy=false:use-listener=false base state type plain array returns a copy when changes are made" time="0.001">
    </testcase>
    <testcase classname="base functionality - auto-freeze=false:shallow-copy=false:use-listener=false base state type plain array (frozen) creates a draft" name="base functionality - auto-freeze=false:shallow-copy=false:use-listener=false base state type plain array (frozen) creates a draft" time="0.001">
    </testcase>
    <testcase classname="base functionality - auto-freeze=false:shallow-copy=false:use-listener=false base state type plain array (frozen) preserves the prototype" name="base functionality - auto-freeze=false:shallow-copy=false:use-listener=false base state type plain array (frozen) preserves the prototype" time="0.002">
    </testcase>
    <testcase classname="base functionality - auto-freeze=false:shallow-copy=false:use-listener=false base state type plain array (frozen) returns the base state when no changes are made" name="base functionality - auto-freeze=false:shallow-copy=false:use-listener=false base state type plain array (frozen) returns the base state when no changes are made" time="0.003">
    </testcase>
    <testcase classname="base functionality - auto-freeze=false:shallow-copy=false:use-listener=false base state type plain array (frozen) returns a copy when changes are made" name="base functionality - auto-freeze=false:shallow-copy=false:use-listener=false base state type plain array (frozen) returns a copy when changes are made" time="0.002">
    </testcase>
    <testcase classname="base functionality - auto-freeze=false:shallow-copy=false:use-listener=false base state type class instance (draftable) creates a draft" name="base functionality - auto-freeze=false:shallow-copy=false:use-listener=false base state type class instance (draftable) creates a draft" time="0.001">
    </testcase>
    <testcase classname="base functionality - auto-freeze=false:shallow-copy=false:use-listener=false base state type class instance (draftable) preserves the prototype" name="base functionality - auto-freeze=false:shallow-copy=false:use-listener=false base state type class instance (draftable) preserves the prototype" time="0.001">
    </testcase>
    <testcase classname="base functionality - auto-freeze=false:shallow-copy=false:use-listener=false base state type class instance (draftable) returns the base state when no changes are made" name="base functionality - auto-freeze=false:shallow-copy=false:use-listener=false base state type class instance (draftable) returns the base state when no changes are made" time="0.001">
    </testcase>
    <testcase classname="base functionality - auto-freeze=false:shallow-copy=false:use-listener=false base state type class instance (draftable) returns a copy when changes are made" name="base functionality - auto-freeze=false:shallow-copy=false:use-listener=false base state type class instance (draftable) returns a copy when changes are made" time="0.001">
    </testcase>
    <testcase classname="base functionality - auto-freeze=false:shallow-copy=false:use-listener=false base state type class instance (draftable) (frozen) creates a draft" name="base functionality - auto-freeze=false:shallow-copy=false:use-listener=false base state type class instance (draftable) (frozen) creates a draft" time="0.001">
    </testcase>
    <testcase classname="base functionality - auto-freeze=false:shallow-copy=false:use-listener=false base state type class instance (draftable) (frozen) preserves the prototype" name="base functionality - auto-freeze=false:shallow-copy=false:use-listener=false base state type class instance (draftable) (frozen) preserves the prototype" time="0.002">
    </testcase>
    <testcase classname="base functionality - auto-freeze=false:shallow-copy=false:use-listener=false base state type class instance (draftable) (frozen) returns the base state when no changes are made" name="base functionality - auto-freeze=false:shallow-copy=false:use-listener=false base state type class instance (draftable) (frozen) returns the base state when no changes are made" time="0.003">
    </testcase>
    <testcase classname="base functionality - auto-freeze=false:shallow-copy=false:use-listener=false base state type class instance (draftable) (frozen) returns a copy when changes are made" name="base functionality - auto-freeze=false:shallow-copy=false:use-listener=false base state type class instance (draftable) (frozen) returns a copy when changes are made" time="0.004">
    </testcase>
    <testcase classname="base functionality - auto-freeze=false:shallow-copy=false:use-listener=false base state type class with getters should use a method to assing a field using a getter that return a non primitive object" name="base functionality - auto-freeze=false:shallow-copy=false:use-listener=false base state type class with getters should use a method to assing a field using a getter that return a non primitive object" time="0.002">
    </testcase>
    <testcase classname="base functionality - auto-freeze=false:shallow-copy=false:use-listener=false base state type super class with getters should use a method to assing a field using a getter that return a non primitive object" name="base functionality - auto-freeze=false:shallow-copy=false:use-listener=false base state type super class with getters should use a method to assing a field using a getter that return a non primitive object" time="0.001">
    </testcase>
    <testcase classname="base functionality - auto-freeze=false:shallow-copy=false:use-listener=false base state type class with setters should define a field with a setter" name="base functionality - auto-freeze=false:shallow-copy=false:use-listener=false base state type class with setters should define a field with a setter" time="0.002">
    </testcase>
    <testcase classname="base functionality - auto-freeze=false:shallow-copy=false:use-listener=false base state type falsy number does not create a draft" name="base functionality - auto-freeze=false:shallow-copy=false:use-listener=false base state type falsy number does not create a draft" time="0.001">
    </testcase>
    <testcase classname="base functionality - auto-freeze=false:shallow-copy=false:use-listener=false base state type falsy number returns the base state when no changes are made" name="base functionality - auto-freeze=false:shallow-copy=false:use-listener=false base state type falsy number returns the base state when no changes are made" time="0.001">
    </testcase>
    <testcase classname="base functionality - auto-freeze=false:shallow-copy=false:use-listener=false base state type truthy number does not create a draft" name="base functionality - auto-freeze=false:shallow-copy=false:use-listener=false base state type truthy number does not create a draft" time="0.001">
    </testcase>
    <testcase classname="base functionality - auto-freeze=false:shallow-copy=false:use-listener=false base state type truthy number returns the base state when no changes are made" name="base functionality - auto-freeze=false:shallow-copy=false:use-listener=false base state type truthy number returns the base state when no changes are made" time="0.001">
    </testcase>
    <testcase classname="base functionality - auto-freeze=false:shallow-copy=false:use-listener=false base state type negative number does not create a draft" name="base functionality - auto-freeze=false:shallow-copy=false:use-listener=false base state type negative number does not create a draft" time="0.002">
    </testcase>
    <testcase classname="base functionality - auto-freeze=false:shallow-copy=false:use-listener=false base state type negative number returns the base state when no changes are made" name="base functionality - auto-freeze=false:shallow-copy=false:use-listener=false base state type negative number returns the base state when no changes are made" time="0.002">
    </testcase>
    <testcase classname="base functionality - auto-freeze=false:shallow-copy=false:use-listener=false base state type NaN does not create a draft" name="base functionality - auto-freeze=false:shallow-copy=false:use-listener=false base state type NaN does not create a draft" time="0.001">
    </testcase>
    <testcase classname="base functionality - auto-freeze=false:shallow-copy=false:use-listener=false base state type NaN returns the base state when no changes are made" name="base functionality - auto-freeze=false:shallow-copy=false:use-listener=false base state type NaN returns the base state when no changes are made" time="0.001">
    </testcase>
    <testcase classname="base functionality - auto-freeze=false:shallow-copy=false:use-listener=false base state type infinity does not create a draft" name="base functionality - auto-freeze=false:shallow-copy=false:use-listener=false base state type infinity does not create a draft" time="0.001">
    </testcase>
    <testcase classname="base functionality - auto-freeze=false:shallow-copy=false:use-listener=false base state type infinity returns the base state when no changes are made" name="base functionality - auto-freeze=false:shallow-copy=false:use-listener=false base state type infinity returns the base state when no changes are made" time="0.001">
    </testcase>
    <testcase classname="base functionality - auto-freeze=false:shallow-copy=false:use-listener=false base state type true does not create a draft" name="base functionality - auto-freeze=false:shallow-copy=false:use-listener=false base state type true does not create a draft" time="0.001">
    </testcase>
    <testcase classname="base functionality - auto-freeze=false:shallow-copy=false:use-listener=false base state type true returns the base state when no changes are made" name="base functionality - auto-freeze=false:shallow-copy=false:use-listener=false base state type true returns the base state when no changes are made" time="0.002">
    </testcase>
    <testcase classname="base functionality - auto-freeze=false:shallow-copy=false:use-listener=false base state type false does not create a draft" name="base functionality - auto-freeze=false:shallow-copy=false:use-listener=false base state type false does not create a draft" time="0.001">
    </testcase>
    <testcase classname="base functionality - auto-freeze=false:shallow-copy=false:use-listener=false base state type false returns the base state when no changes are made" name="base functionality - auto-freeze=false:shallow-copy=false:use-listener=false base state type false returns the base state when no changes are made" time="0.001">
    </testcase>
    <testcase classname="base functionality - auto-freeze=false:shallow-copy=false:use-listener=false base state type empty string does not create a draft" name="base functionality - auto-freeze=false:shallow-copy=false:use-listener=false base state type empty string does not create a draft" time="0.001">
    </testcase>
    <testcase classname="base functionality - auto-freeze=false:shallow-copy=false:use-listener=false base state type empty string returns the base state when no changes are made" name="base functionality - auto-freeze=false:shallow-copy=false:use-listener=false base state type empty string returns the base state when no changes are made" time="0.001">
    </testcase>
    <testcase classname="base functionality - auto-freeze=false:shallow-copy=false:use-listener=false base state type truthy string does not create a draft" name="base functionality - auto-freeze=false:shallow-copy=false:use-listener=false base state type truthy string does not create a draft" time="0.001">
    </testcase>
    <testcase classname="base functionality - auto-freeze=false:shallow-copy=false:use-listener=false base state type truthy string returns the base state when no changes are made" name="base functionality - auto-freeze=false:shallow-copy=false:use-listener=false base state type truthy string returns the base state when no changes are made" time="0.002">
    </testcase>
    <testcase classname="base functionality - auto-freeze=false:shallow-copy=false:use-listener=false base state type null does not create a draft" name="base functionality - auto-freeze=false:shallow-copy=false:use-listener=false base state type null does not create a draft" time="0.001">
    </testcase>
    <testcase classname="base functionality - auto-freeze=false:shallow-copy=false:use-listener=false base state type null returns the base state when no changes are made" name="base functionality - auto-freeze=false:shallow-copy=false:use-listener=false base state type null returns the base state when no changes are made" time="0.002">
    </testcase>
    <testcase classname="base functionality - auto-freeze=false:shallow-copy=false:use-listener=false base state type undefined does not create a draft" name="base functionality - auto-freeze=false:shallow-copy=false:use-listener=false base state type undefined does not create a draft" time="0.001">
    </testcase>
    <testcase classname="base functionality - auto-freeze=false:shallow-copy=false:use-listener=false base state type undefined returns the base state when no changes are made" name="base functionality - auto-freeze=false:shallow-copy=false:use-listener=false base state type undefined returns the base state when no changes are made" time="0.002">
    </testcase>
    <testcase classname="base functionality - auto-freeze=false:shallow-copy=false:use-listener=false base state type function does not create a draft" name="base functionality - auto-freeze=false:shallow-copy=false:use-listener=false base state type function does not create a draft" time="0.001">
    </testcase>
    <testcase classname="base functionality - auto-freeze=false:shallow-copy=false:use-listener=false base state type function returns the base state when no changes are made" name="base functionality - auto-freeze=false:shallow-copy=false:use-listener=false base state type function returns the base state when no changes are made" time="0.003">
    </testcase>
    <testcase classname="base functionality - auto-freeze=false:shallow-copy=false:use-listener=false base state type regexp object does not return a copy when changes are made" name="base functionality - auto-freeze=false:shallow-copy=false:use-listener=false base state type regexp object does not return a copy when changes are made" time="0.007">
    </testcase>
    <testcase classname="base functionality - auto-freeze=false:shallow-copy=false:use-listener=false base state type boxed number does not return a copy when changes are made" name="base functionality - auto-freeze=false:shallow-copy=false:use-listener=false base state type boxed number does not return a copy when changes are made" time="0.003">
    </testcase>
    <testcase classname="base functionality - auto-freeze=false:shallow-copy=false:use-listener=false base state type boxed string does not return a copy when changes are made" name="base functionality - auto-freeze=false:shallow-copy=false:use-listener=false base state type boxed string does not return a copy when changes are made" time="0.002">
    </testcase>
    <testcase classname="base functionality - auto-freeze=false:shallow-copy=false:use-listener=false base state type boxed boolean does not return a copy when changes are made" name="base functionality - auto-freeze=false:shallow-copy=false:use-listener=false base state type boxed boolean does not return a copy when changes are made" time="0.002">
    </testcase>
    <testcase classname="base functionality - auto-freeze=false:shallow-copy=false:use-listener=false base state type date object does not return a copy when changes are made" name="base functionality - auto-freeze=false:shallow-copy=false:use-listener=false base state type date object does not return a copy when changes are made" time="0.007">
    </testcase>
    <testcase classname="base functionality - auto-freeze=false:shallow-copy=false:use-listener=false base state type class instance (not draftable) does not return a copy when changes are made" name="base functionality - auto-freeze=false:shallow-copy=false:use-listener=false base state type class instance (not draftable) does not return a copy when changes are made" time="0.004">
    </testcase>
    <testcase classname=" works with spread #524 - auto-freeze=false:shallow-copy=false:use-listener=false" name=" works with spread #524 - auto-freeze=false:shallow-copy=false:use-listener=false" time="0.005">
    </testcase>
    <testcase classname=" Something with nested producers #522 auto-freeze=false:shallow-copy=false:use-listener=false" name=" Something with nested producers #522 auto-freeze=false:shallow-copy=false:use-listener=false" time="0.009">
    </testcase>
    <testcase classname="isDraft - auto-freeze=false:shallow-copy=false:use-listener=false returns true for object drafts" name="isDraft - auto-freeze=false:shallow-copy=false:use-listener=false returns true for object drafts" time="0.001">
    </testcase>
    <testcase classname="isDraft - auto-freeze=false:shallow-copy=false:use-listener=false returns true for array drafts" name="isDraft - auto-freeze=false:shallow-copy=false:use-listener=false returns true for array drafts" time="0.001">
    </testcase>
    <testcase classname="isDraft - auto-freeze=false:shallow-copy=false:use-listener=false returns true for objects nested in object drafts" name="isDraft - auto-freeze=false:shallow-copy=false:use-listener=false returns true for objects nested in object drafts" time="0.001">
    </testcase>
    <testcase classname="isDraft - auto-freeze=false:shallow-copy=false:use-listener=false returns false for new objects added to a draft" name="isDraft - auto-freeze=false:shallow-copy=false:use-listener=false returns false for new objects added to a draft" time="0.001">
    </testcase>
    <testcase classname="isDraft - auto-freeze=false:shallow-copy=false:use-listener=false returns false for objects returned by the producer" name="isDraft - auto-freeze=false:shallow-copy=false:use-listener=false returns false for objects returned by the producer" time="0.002">
    </testcase>
    <testcase classname="isDraft - auto-freeze=false:shallow-copy=false:use-listener=false returns false for arrays returned by the producer" name="isDraft - auto-freeze=false:shallow-copy=false:use-listener=false returns false for arrays returned by the producer" time="0.003">
    </testcase>
    <testcase classname="isDraft - auto-freeze=false:shallow-copy=false:use-listener=false returns false for object drafts returned by the producer" name="isDraft - auto-freeze=false:shallow-copy=false:use-listener=false returns false for object drafts returned by the producer" time="0.003">
    </testcase>
    <testcase classname="isDraft - auto-freeze=false:shallow-copy=false:use-listener=false returns false for array drafts returned by the producer" name="isDraft - auto-freeze=false:shallow-copy=false:use-listener=false returns false for array drafts returned by the producer" time="0.001">
    </testcase>
    <testcase classname="complex nesting map / set / object modify deep object" name="complex nesting map / set / object modify deep object" time="0.008">
    </testcase>
    <testcase classname="complex nesting map / set / object modify deep object - keep value" name="complex nesting map / set / object modify deep object - keep value" time="0.005">
    </testcase>
  </testsuite>
</testsuites>